07-13 05:16:35.305 28108 28108 E AndroidRuntime: - Property 'BPData.countMeasurementErrorNightMode' has been added.
07-13 05:16:35.305 28108 28108 E AndroidRuntime: - Property 'BPData.measurementStartDateNightMode' has been added.
07-13 05:16:35.305 28108 28108 E AndroidRuntime: - Property 'BPData.displayedErrorCodeNightMode' has been added.
07-13 05:16:35.305 28108 28108 E AndroidRuntime: - Property 'BPData.createdDate' has been added.
07-13 05:16:35.305 28108 28108 E AndroidRuntime: - Property 'ConnectedDeviceData.sequenceNumber' has been added.
07-13 05:16:35.305 28108 28108 E AndroidRuntime: - Property 'EKGRecording.createdDate' has been added.
07-13 05:16:35.305 28108 28108 E AndroidRuntime: - Property 'Record.createdDate' has been added.
07-13 05:16:35.305 28108 28108 E AndroidRuntime: - Primary Key for class 'ReminderData' has been removed.
07-13 05:16:35.305 28108 28108 E AndroidRuntime: - Property 'ReminderTime.isEnabled' has been added.
07-13 05:16:35.305 28108 28108 E AndroidRuntime: - Property 'SleepData.createdDate' has been added.
07-13 05:16:35.305 28108 28108 E AndroidRuntime: - Property 'Subscription.subscriptionPackage' has been added.
07-13 05:16:35.305 28108 28108 E AndroidRuntime: - Property 'Symptoms.creationDate' has been added.
07-13 05:16:35.305 28108 28108 E AndroidRuntime: - Property 'TruReadBloodPressure.createdDate' has been added.
07-13 05:16:35.305 28108 28108 E AndroidRuntime: - Property 'UserProfile.isFullOffline' has been added.
07-13 05:16:35.305 28108 28108 E AndroidRuntime: - Property 'UserProfile.pushToken' has been added.
07-13 05:16:35.305 28108 28108 E AndroidRuntime: - Property 'UserProfile.partnerSettings' has been added.
07-13 05:16:35.305 28108 28108 E AndroidRuntime: - Property 'UserProfile.studyPolicy' has been added.
07-13 05:16:35.305 28108 28108 E AndroidRuntime: - Property 'UserProfile.isCloudUser' has been added.
07-13 05:16:35.305 28108 28108 E AndroidRuntime: - Property 'UserProfile.temperatureUnit' has been added.
07-13 05:16:35.305 28108 28108 E AndroidRuntime: - Property 'UserProfile.isWeightFilteringActive' has been added.
07-13 05:16:35.305 28108 28108 E AndroidRuntime: - Property 'UserProfile.weightRange' has been added.
07-13 05:16:35.305 28108 28108 E AndroidRuntime: - Property 'UserProfile.optInDate' has been added.
07-13 05:16:35.305 28108 28108 E AndroidRuntime: - Property 'UserProfile.acEkgDataShare' has been added.
07-13 05:16:35.305 28108 28108 E AndroidRuntime: - Property 'WeightData.createdDate' has been added.
07-13 05:16:35.305 28108 28108 E AndroidRuntime: - Property 'WeightData.isDiscarded' has been added.
07-13 05:16:35.305 28108 28108 E AndroidRuntime: - Property 'WeightData.restingMetabolism' has been changed from 'int' to 'double'.
07-13 05:16:35.305 28108 28108 E AndroidRuntime: - Property 'WeightData.visceralFatLevel' has been changed from 'int' to 'double'.
07-13 05:16:35.305 28108 28108 E AndroidRuntime: - Property 'WeightData.sequenceNumber' has been added.
07-13 05:16:35.305 28108 28108 E AndroidRuntime: - Property 'WeightData.weightInLbs' has been added.
07-13 05:16:35.305 28108 28108 E AndroidRuntime: - Property 'ReminderData.isSynced' has been removed.
07-13 05:16:35.305 28108 28108 E AndroidRuntime: - Property 'ReminderData.id' has been removed.
07-13 05:16:35.305 28108 28108 E AndroidRuntime: 	at io.realm.internal.OsSharedRealm.nativeGetSharedRealm(Native Method)
07-13 05:16:35.305 28108 28108 E AndroidRuntime: 	at io.realm.internal.OsSharedRealm.<init>(OsSharedRealm.java:9)
07-13 05:16:35.305 28108 28108 E AndroidRuntime: 	at io.realm.internal.OsSharedRealm.getInstance(OsSharedRealm.java:5)
07-13 05:16:35.305 28108 28108 E AndroidRuntime: 	at io.realm.a.<init>(BaseRealm.java:18)
07-13 05:16:35.305 28108 28108 E AndroidRuntime: 	at io.realm.a.<init>(BaseRealm.java:1)
07-13 05:16:35.305 28108 28108 E AndroidRuntime: 	at io.realm.t.<init>(Realm.java:1)
07-13 05:16:35.305 28108 28108 E AndroidRuntime: 	at io.realm.t.a(Realm.java:23)
07-13 05:16:35.305 28108 28108 E AndroidRuntime: 	at io.realm.u.b(RealmCache.java:23)
07-13 05:16:35.305 28108 28108 E AndroidRuntime: 	at io.realm.u.a(RealmCache.java:12)
07-13 05:16:35.305 28108 28108 E AndroidRuntime: 	at io.realm.t.B(Realm.java:5)
07-13 05:16:35.305 28108 28108 E AndroidRuntime: 	at com.omronhealthcare.foresight.datamanagers.database.d.b(DatabaseManager.kt:1)
07-13 05:16:35.305 28108 28108 E AndroidRuntime: 	at com.omronhealthcare.foresight.datamanagers.m.p(UserProfileDataManager.kt:1)
07-13 05:16:35.305 28108 28108 E AndroidRuntime: 	at j.h.b.h.a0.a.U(RegionSettingsManager.kt:1)
07-13 05:16:35.305 28108 28108 E AndroidRuntime: 	at com.omronhealthcare.foresight.app.ForesightApplication.onCreate(ForesightApplication.kt:10)
07-13 05:16:35.305 28108 28108 E AndroidRuntime: 	at android.app.Instrumentation.callApplicationOnCreate(Instrumentation.java:1223)
07-13 05:16:35.305 28108 28108 E AndroidRuntime: 	at android.app.ActivityThread.handleBindApplication(ActivityThread.java:6762)
07-13 05:16:35.305 28108 28108 E AndroidRuntime: 	... 9 more
07-13 05:16:37.146 28163 28163 E AndroidRuntime: FATAL EXCEPTION: main
07-13 05:16:37.146 28163 28163 E AndroidRuntime: Process: com.omronhealthcare.omronconnect, PID: 28163
07-13 05:16:37.146 28163 28163 E AndroidRuntime: java.lang.RuntimeException: Unable to create application com.omronhealthcare.foresight.app.ForesightApplication: io.realm.exceptions.RealmMigrationNeededException: Migration is required due to the following errors:
07-13 05:16:37.146 28163 28163 E AndroidRuntime: - Class 'ActivityCaloriesGF' has been added.
07-13 05:16:37.146 28163 28163 E AndroidRuntime: - Class 'CareTeamMember' has been added.
07-13 05:16:37.146 28163 28163 E AndroidRuntime: - Class 'CareTeamSupportedFeatures' has been added.
07-13 05:16:37.146 28163 28163 E AndroidRuntime: - Class 'CareTeamVitalOption' has been added.
07-13 05:16:37.146 28163 28163 E AndroidRuntime: - Class 'Oxygen' has been added.
07-13 05:16:37.146 28163 28163 E AndroidRuntime: - Class 'PKBDataSettings' has been added.
07-13 05:16:37.146 28163 28163 E AndroidRuntime: - Class 'PartnerSettings' has been added.
07-13 05:16:37.146 28163 28163 E AndroidRuntime: - Class 'Reminder' has been added.
07-13 05:16:37.146 28163 28163 E AndroidRuntime: - Class 'SequenceNumber' has been added.
07-13 05:16:37.146 28163 28163 E AndroidRuntime: - Class 'Temperature' has been added.
07-13 05:16:37.146 28163 28163 E AndroidRuntime: - Property 'ActivityModel.createdDate' has been added.
07-13 05:16:37.146 28163 28163 E AndroidRuntime: - Property 'ActivityModelGF.calories' has been added.
07-13 05:16:37.146 28163 28163 E AndroidRuntime: - Property 'ActivityModelGF.createdDate' has been added.
07-13 05:16:37.146 28163 28163 E AndroidRuntime: - Property 'AppSettings.isInsightsNotificationEnabled' has been added.
07-13 05:16:37.146 28163 28163 E AndroidRuntime: - Property 'AppSettings.isTemperatureEnabled' has been added.
07-13 05:16:37.146 28163 28163 E AndroidRuntime: - Property 'AppSettings.isOxygenEnabled' has been added.
07-13 05:16:37.146 28163 28163 E AndroidRuntime: - Property 'BPData.symptoms' has been added.
07-13 05:16:37.146 28163 28163 E AndroidRuntime: - Property 'BPData.consumed' has been added.
07-13 05:16:37.146 28163 28163 E AndroidRuntime: - Property 'BPData.errorCodeNightMode' has been added.
07-13 05:16:37.146 28163 28163 E AndroidRuntime: - Property 'BPData.measurementMode' has been added.
07-13 05:16:37.146 28163 28163 E AndroidRuntime: - Property 'BPData.atrialFibrillationMode' has been added.
07-13 05:16:37.146 28163 28163 E AndroidRuntime: - Property 'BPData.measurementKindNightMode' has been added.
07-13 05:16:37.146 28163 28163 E AndroidRuntime: - Property 'BPData.countMeasurementSuccessNightMode' has been added.
07-13 05:16:37.146 28163 28163 E AndroidRuntime: - Property 'BPData.countMeasurementErrorNightMode' has been added.
07-13 05:16:37.146 28163 28163 E AndroidRuntime: - Property 'BPData.measurementStartDateNightMode' has been added.
07-13 05:16:37.146 28163 28163 E AndroidRuntime: - Property 'BPData.displayedErrorCodeNightMode' has been added.
07-13 05:16:37.146 28163 28163 E AndroidRuntime: - Property 'BPData.createdDate' has been added.
07-13 05:16:37.146 28163 28163 E AndroidRuntime: - Property 'ConnectedDeviceData.sequenceNumber' has been added.
07-13 05:16:37.146 28163 28163 E AndroidRuntime: - Property 'EKGRecording.createdDate' has been added.
07-13 05:16:37.146 28163 28163 E AndroidRuntime: - Property 'Record.createdDate' has been added.
07-13 05:16:37.146 28163 28163 E AndroidRuntime: - Primary Key for class 'ReminderData' has been removed.
07-13 05:16:37.146 28163 28163 E AndroidRuntime: - Property 'ReminderTime.isEnabled' has been added.
07-13 05:16:37.146 28163 28163 E AndroidRuntime: - Property 'SleepData.createdDate' has been added.
07-13 05:16:37.146 28163 28163 E AndroidRuntime: - Property 'Subscription.subscriptionPackage' has been added.
07-13 05:16:37.146 28163 28163 E AndroidRuntime: - Property 'Symptoms.creationDate' has been added.
07-13 05:16:37.146 28163 28163 E AndroidRuntime: - Property 'TruReadBloodPressure.createdDate' has been added.
07-13 05:16:37.146 28163 28163 E AndroidRuntime: - Property 'UserProfile.isFullOffline' has been added.
07-13 05:16:37.146 28163 28163 E AndroidRuntime: - Property 'UserProfile.pushToken' has been added.
07-13 05:16:37.146 28163 28163 E AndroidRuntime: - Property 'UserProfile.partnerSettings' has been added.
07-13 05:16:37.146 28163 28163 E AndroidRuntime: - Property 'UserProfile.studyPolicy' has been added.
07-13 05:16:37.146 28163 28163 E AndroidRuntime: - Property 'UserProfile.isCloudUser' has been added.
07-13 05:16:37.146 28163 28163 E AndroidRuntime: - Property 'UserProfile.temperatureUnit' has been added.
07-13 05:16:37.146 28163 28163 E AndroidRuntime: - Property 'UserProfile.isWeightFilteringActive' has been added.
07-13 05:16:37.146 28163 28163 E AndroidRuntime: - Property 'UserProfile.weightRange' has been added.
07-13 05:16:37.146 28163 28163 E AndroidRuntime: - Property 'UserProfile.optInDate' has been added.
07-13 05:16:37.146 28163 28163 E AndroidRuntime: - Property 'UserProfile.acEkgDataShare' has been added.
07-13 05:16:37.146 28163 28163 E AndroidRuntime: - Property 'WeightData.createdDate' has been added.
07-13 05:16:37.146 28163 28163 E AndroidRuntime: - Property 'WeightData.isDiscarded' has been added.
07-13 05:16:37.146 28163 28163 E AndroidRuntime: - Property 'WeightData.restingMetabolism' has been changed from 'int' to 'double'.
07-13 05:16:37.146 28163 28163 E AndroidRuntime: - Property 'WeightData.visceralFatLevel' has been changed from 'int' to 'double'.
07-13 05:16:37.146 28163 28163 E AndroidRuntime: - Property 'WeightData.sequenceNumber' has been added.
07-13 05:16:37.146 28163 28163 E AndroidRuntime: - Property 'WeightData.weightInLbs' has been added.
07-13 05:16:37.146 28163 28163 E AndroidRuntime: - Property 'ReminderData.isSynced' has been removed.
07-13 05:16:37.146 28163 28163 E AndroidRuntime: - Property 'ReminderData.id' has been removed.
07-13 05:16:37.146 28163 28163 E AndroidRuntime: 	at android.app.ActivityThread.handleBindApplication(ActivityThread.java:6767)
07-13 05:16:37.146 28163 28163 E AndroidRuntime: 	at android.app.ActivityThread.access$1500(ActivityThread.java:256)
07-13 05:16:37.146 28163 28163 E AndroidRuntime: 	at android.app.ActivityThread$H.handleMessage(ActivityThread.java:2091)
07-13 05:16:37.146 28163 28163 E AndroidRuntime: 	at android.os.Handler.dispatchMessage(Handler.java:106)
07-13 05:16:37.146 28163 28163 E AndroidRuntime: 	at android.os.Looper.loopOnce(Looper.java:201)
07-13 05:16:37.146 28163 28163 E AndroidRuntime: 	at android.os.Looper.loop(Looper.java:288)
07-13 05:16:37.146 28163 28163 E AndroidRuntime: 	at android.app.ActivityThread.main(ActivityThread.java:7870)
07-13 05:16:37.146 28163 28163 E AndroidRuntime: 	at java.lang.reflect.Method.invoke(Native Method)
07-13 05:16:37.146 28163 28163 E AndroidRuntime: 	at com.android.internal.os.RuntimeInit$MethodAndArgsCaller.run(RuntimeInit.java:548)
07-13 05:16:37.146 28163 28163 E AndroidRuntime: 	at com.android.internal.os.ZygoteInit.main(ZygoteInit.java:1003)
07-13 05:16:37.146 28163 28163 E AndroidRuntime: Caused by: io.realm.exceptions.RealmMigrationNeededException: Migration is required due to the following errors:
07-13 05:16:37.146 28163 28163 E AndroidRuntime: - Class 'ActivityCaloriesGF' has been added.
07-13 05:16:37.147 28163 28163 E AndroidRuntime: - Class 'CareTeamMember' has been added.
07-13 05:16:37.147 28163 28163 E AndroidRuntime: - Class 'CareTeamSupportedFeatures' has been added.
07-13 05:16:37.147 28163 28163 E AndroidRuntime: - Class 'CareTeamVitalOption' has been added.
07-13 05:16:37.147 28163 28163 E AndroidRuntime: - Class 'Oxygen' has been added.
07-13 05:16:37.147 28163 28163 E AndroidRuntime: - Class 'PKBDataSettings' has been added.
07-13 05:16:37.147 28163 28163 E AndroidRuntime: - Class 'PartnerSettings' has been added.
07-13 05:16:37.147 28163 28163 E AndroidRuntime: - Class 'Reminder' has been added.
07-13 05:16:37.147 28163 28163 E AndroidRuntime: - Class 'SequenceNumber' has been added.
07-13 05:16:37.147 28163 28163 E AndroidRuntime: - Class 'Temperature' has been added.
07-13 05:16:37.147 28163 28163 E AndroidRuntime: - Property 'ActivityModel.createdDate' has been added.
07-13 05:16:37.147 28163 28163 E AndroidRuntime: - Property 'ActivityModelGF.calories' has been added.
07-13 05:16:37.147 28163 28163 E AndroidRuntime: - Property 'ActivityModelGF.createdDate' has been added.
07-13 05:16:37.147 28163 28163 E AndroidRuntime: - Property 'AppSettings.isInsightsNotificationEnabled' has been added.
07-13 05:16:37.147 28163 28163 E AndroidRuntime: - Property 'AppSettings.isTemperatureEnabled' has been added.
07-13 05:16:37.147 28163 28163 E AndroidRuntime: - Property 'AppSettings.isOxygenEnabled' has been added.
07-13 05:16:37.147 28163 28163 E AndroidRuntime: - Property 'BPData.symptoms' has been added.
07-13 05:16:37.147 28163 28163 E AndroidRuntime: - Property 'BPData.consumed' has been added.
07-13 05:16:37.147 28163 28163 E AndroidRuntime: - Property 'BPData.errorCodeNightMode' has been added.
07-13 05:16:37.147 28163 28163 E AndroidRuntime: - Property 'BPData.measurementMode' has been added.
07-13 05:16:37.147 28163 28163 E AndroidRuntime: - Property 'BPData.atrialFibrillationMode' has been added.
07-13 05:16:37.147 28163 28163 E AndroidRuntime: - Property 'BPData.measurementKindNightMode' has been added.
07-13 05:16:37.147 28163 28163 E AndroidRuntime: - Property 'BPData.countMeasurementSuccessNightMode' has been added.
07-13 05:16:37.147 28163 28163 E AndroidRuntime: - Property 'BPData.countMeasurementErrorNightMode' has been added.
07-13 05:16:37.147 28163 28163 E AndroidRuntime: - Property 'BPData.measurementStartDateNightMode' has been added.
07-13 05:16:37.147 28163 28163 E AndroidRuntime: - Property 'BPData.displayedErrorCodeNightMode' has been added.
07-13 05:16:37.147 28163 28163 E AndroidRuntime: - Property 'BPData.createdDate' has been added.
07-13 05:16:37.147 28163 28163 E AndroidRuntime: - Property 'ConnectedDeviceData.sequenceNumber' has been added.
07-13 05:16:37.147 28163 28163 E AndroidRuntime: - Property 'EKGRecording.createdDate' has been added.
07-13 05:16:37.147 28163 28163 E AndroidRuntime: - Property 'Record.createdDate' has been added.
07-13 05:16:37.147 28163 28163 E AndroidRuntime: - Primary Key for class 'ReminderData' has been removed.
07-13 05:16:37.147 28163 28163 E AndroidRuntime: - Property 'ReminderTime.isEnabled' has been added.
07-13 05:16:37.147 28163 28163 E AndroidRuntime: - Property 'SleepData.createdDate' has been added.
07-13 05:16:37.147 28163 28163 E AndroidRuntime: - Property 'Subscription.subscriptionPackage' has been added.
07-13 05:16:37.147 28163 28163 E AndroidRuntime: - Property 'Symptoms.creationDate' has been added.
07-13 05:16:37.147 28163 28163 E AndroidRuntime: - Property 'TruReadBloodPressure.createdDate' has been added.
07-13 05:16:37.147 28163 28163 E AndroidRuntime: - Property 'UserProfile.isFullOffline' has been added.
07-13 05:16:37.147 28163 28163 E AndroidRuntime: - Property 'UserProfile.pushToken' has been added.
07-13 05:16:37.147 28163 28163 E AndroidRuntime: - Property 'UserProfile.partnerSettings' has been added.
07-13 05:16:37.147 28163 28163 E AndroidRuntime: - Property 'UserProfile.studyPolicy' has been added.
07-13 05:16:37.147 28163 28163 E AndroidRuntime: - Property 'UserProfile.isCloudUser' has been added.
07-13 05:16:37.147 28163 28163 E AndroidRuntime: - Property 'UserProfile.temperatureUnit' has been added.
07-13 05:16:37.147 28163 28163 E AndroidRuntime: - Property 'UserProfile.isWeightFilteringActive' has been added.
07-13 05:16:37.147 28163 28163 E AndroidRuntime: - Property 'UserProfile.weightRange' has been added.
07-13 05:16:37.147 28163 28163 E AndroidRuntime: - Property 'UserProfile.optInDate' has been added.
07-13 05:16:37.147 28163 28163 E AndroidRuntime: - Property 'UserProfile.acEkgDataShare' has been added.
07-13 05:16:37.147 28163 28163 E AndroidRuntime: - Property 'WeightData.createdDate' has been added.
07-13 05:16:37.147 28163 28163 E AndroidRuntime: - Property 'WeightData.isDiscarded' has been added.
07-13 05:16:37.147 28163 28163 E AndroidRuntime: - Property 'WeightData.restingMetabolism' has been changed from 'int' to 'double'.
07-13 05:16:37.147 28163 28163 E AndroidRuntime: - Property 'WeightData.visceralFatLevel' has been changed from 'int' to 'double'.
07-13 05:16:37.147 28163 28163 E AndroidRuntime: - Property 'WeightData.sequenceNumber' has been added.
07-13 05:16:37.147 28163 28163 E AndroidRuntime: - Property 'WeightData.weightInLbs' has been added.
07-13 05:16:37.147 28163 28163 E AndroidRuntime: - Property 'ReminderData.isSynced' has been removed.
07-13 05:16:37.147 28163 28163 E AndroidRuntime: - Property 'ReminderData.id' has been removed.
07-13 05:16:37.147 28163 28163 E AndroidRuntime: 	at io.realm.internal.OsSharedRealm.nativeGetSharedRealm(Native Method)
07-13 05:16:37.147 28163 28163 E AndroidRuntime: 	at io.realm.internal.OsSharedRealm.<init>(OsSharedRealm.java:9)
07-13 05:16:37.147 28163 28163 E AndroidRuntime: 	at io.realm.internal.OsSharedRealm.getInstance(OsSharedRealm.java:5)
07-13 05:16:37.147 28163 28163 E AndroidRuntime: 	at io.realm.a.<init>(BaseRealm.java:18)
07-13 05:16:37.147 28163 28163 E AndroidRuntime: 	at io.realm.a.<init>(BaseRealm.java:1)
07-13 05:16:37.147 28163 28163 E AndroidRuntime: 	at io.realm.t.<init>(Realm.java:1)
07-13 05:16:37.147 28163 28163 E AndroidRuntime: 	at io.realm.t.a(Realm.java:23)
07-13 05:16:37.147 28163 28163 E AndroidRuntime: 	at io.realm.u.b(RealmCache.java:23)
07-13 05:16:37.147 28163 28163 E AndroidRuntime: 	at io.realm.u.a(RealmCache.java:12)
07-13 05:16:37.147 28163 28163 E AndroidRuntime: 	at io.realm.t.B(Realm.java:5)
07-13 05:16:37.147 28163 28163 E AndroidRuntime: 	at com.omronhealthcare.foresight.datamanagers.database.d.b(DatabaseManager.kt:1)
07-13 05:16:37.147 28163 28163 E AndroidRuntime: 	at com.omronhealthcare.foresight.datamanagers.m.p(UserProfileDataManager.kt:1)
07-13 05:16:37.147 28163 28163 E AndroidRuntime: 	at j.h.b.h.a0.a.U(RegionSettingsManager.kt:1)
07-13 05:16:37.147 28163 28163 E AndroidRuntime: 	at com.omronhealthcare.foresight.app.ForesightApplication.onCreate(ForesightApplication.kt:10)
07-13 05:16:37.147 28163 28163 E AndroidRuntime: 	at android.app.Instrumentation.callApplicationOnCreate(Instrumentation.java:1223)
07-13 05:16:37.147 28163 28163 E AndroidRuntime: 	at android.app.ActivityThread.handleBindApplication(ActivityThread.java:6762)
07-13 05:16:37.147 28163 28163 E AndroidRuntime: 	... 9 more
07-13 19:34:35.943 10606 10606 E AndroidRuntime: FATAL EXCEPTION: main
07-13 19:34:35.943 10606 10606 E AndroidRuntime: Process: com.google.android.apps.nexuslauncher, PID: 10606
07-13 19:34:35.943 10606 10606 E AndroidRuntime: java.lang.NullPointerException: Attempt to read from field 'android.content.res.Configuration android.app.TaskInfo.configuration' on a null object reference
07-13 19:34:35.943 10606 10606 E AndroidRuntime: 	at com.android.systemui.shared.system.ActivityManagerWrapper.isHomeTask(SourceFile:1)
07-13 19:34:35.943 10606 10606 E AndroidRuntime: 	at com.android.quickstep.FallbackSwipeHandler.<init>(SourceFile:4)
07-13 19:34:35.943 10606 10606 E AndroidRuntime: 	at com.android.quickstep.TouchInteractionService.createFallbackSwipeHandler(SourceFile:2)
07-13 19:34:35.943 10606 10606 E AndroidRuntime: 	at com.android.quickstep.TouchInteractionService.e(Unknown Source:0)
07-13 19:34:35.943 10606 10606 E AndroidRuntime: 	at u1.A2.newHandler(Unknown Source:2)
07-13 19:34:35.943 10606 10606 E AndroidRuntime: 	at com.android.quickstep.OverviewCommandHelper.executeCommand(SourceFile:15)
07-13 19:34:35.943 10606 10606 E AndroidRuntime: 	at com.android.quickstep.OverviewCommandHelper.executeNext(SourceFile:3)
07-13 19:34:35.943 10606 10606 E AndroidRuntime: 	at com.android.quickstep.OverviewCommandHelper.addCommand(SourceFile:3)
07-13 19:34:35.943 10606 10606 E AndroidRuntime: 	at com.android.quickstep.OverviewCommandHelper.lambda$addCommand$0(SourceFile:1)
07-13 19:34:35.943 10606 10606 E AndroidRuntime: 	at com.android.quickstep.OverviewCommandHelper.a(Unknown Source:0)
07-13 19:34:35.943 10606 10606 E AndroidRuntime: 	at u1.B0.run(Unknown Source:4)
07-13 19:34:35.943 10606 10606 E AndroidRuntime: 	at android.os.Handler.handleCallback(Handler.java:938)
07-13 19:34:35.943 10606 10606 E AndroidRuntime: 	at android.os.Handler.dispatchMessage(Handler.java:99)
07-13 19:34:35.943 10606 10606 E AndroidRuntime: 	at android.os.Looper.loopOnce(Looper.java:201)
07-13 19:34:35.943 10606 10606 E AndroidRuntime: 	at android.os.Looper.loop(Looper.java:288)
07-13 19:34:35.943 10606 10606 E AndroidRuntime: 	at android.app.ActivityThread.main(ActivityThread.java:7870)
07-13 19:34:35.943 10606 10606 E AndroidRuntime: 	at java.lang.reflect.Method.invoke(Native Method)
07-13 19:34:35.943 10606 10606 E AndroidRuntime: 	at com.android.internal.os.RuntimeInit$MethodAndArgsCaller.run(RuntimeInit.java:548)
07-13 19:34:35.943 10606 10606 E AndroidRuntime: 	at com.android.internal.os.ZygoteInit.main(ZygoteInit.java:1003)
--------- beginning of system
07-13 22:24:27.092  1750  4057 W ContextImpl: Calling a method in the system process without a qualified user: android.app.ContextImpl.sendBroadcastMultiplePermissions:1214 com.android.server.TelephonyRegistry.broadcastServiceStateChanged:2911 com.android.server.TelephonyRegistry.notifyServiceStateForPhoneId:1613 com.android.internal.telephony.ITelephonyRegistry$Stub.onTransact:455 android.os.Binder.execTransactInternal:1179 
07-13 22:24:27.092  1750  2068 W BroadcastQueue: Permission Denial: receiving Intent { act=android.intent.action.SERVICE_STATE flg=0x1000010 (has extras) } to ProcessRecord{b767ac8 2380:com.android.systemui/u0a245} (pid=2380, uid=10245) requires android.permission.READ_PHONE_STATE due to sender android (uid 1001)
07-13 22:24:27.092  1750  4057 W ContextImpl: Calling a method in the system process without a qualified user: android.app.ContextImpl.sendBroadcastMultiplePermissions:1264 com.android.server.TelephonyRegistry.broadcastServiceStateChanged:2914 com.android.server.TelephonyRegistry.notifyServiceStateForPhoneId:1613 com.android.internal.telephony.ITelephonyRegistry$Stub.onTransact:455 android.os.Binder.execTransactInternal:1179 
07-13 22:24:27.093  1750  2068 W BroadcastQueue: Permission Denial: receiving Intent { act=android.intent.action.SERVICE_STATE flg=0x1000010 (has extras) } to ProcessRecord{9c88137 5094:com.google.android.wearable.app:background/u0a552} (pid=5094, uid=10552) requires android.permission.READ_PHONE_STATE due to sender android (uid 1001)
07-13 22:24:27.093  1750  2068 W BroadcastQueue: Permission Denial: receiving Intent { act=android.intent.action.SERVICE_STATE flg=0x1000010 (has extras) } to com.google.android.cellbroadcastreceiver/com.android.cellbroadcastreceiver.CellBroadcastReceiver requires android.permission.READ_PHONE_STATE due to sender android (uid 1001)
07-13 22:24:27.095  1750  2068 W BroadcastQueue: Permission Denial: receiving Intent { act=android.intent.action.SERVICE_STATE flg=0x1000010 (has extras) } to ProcessRecord{b767ac8 2380:com.android.systemui/u0a245} (pid=2380, uid=10245) requires android.permission.ACCESS_FINE_LOCATION due to sender android (uid 1001)
07-13 22:24:27.096  1750  2068 W BroadcastQueue: Permission Denial: receiving Intent { act=android.intent.action.SERVICE_STATE flg=0x1000010 (has extras) } to ProcessRecord{9c88137 5094:com.google.android.wearable.app:background/u0a552} (pid=5094, uid=10552) requires android.permission.READ_PRIVILEGED_PHONE_STATE due to sender android (uid 1001)
07-13 22:24:27.096  1750  2068 W BroadcastQueue: Permission Denial: receiving Intent { act=android.intent.action.SERVICE_STATE flg=0x1000010 (has extras) } to com.google.android.cellbroadcastreceiver/com.android.cellbroadcastreceiver.CellBroadcastReceiver requires android.permission.ACCESS_FINE_LOCATION due to sender android (uid 1001)
07-13 22:24:27.096  1750  4057 W ContextImpl: Calling a method in the system process without a qualified user: android.app.ContextImpl.sendBroadcastMultiplePermissions:1264 com.android.server.TelephonyRegistry.broadcastServiceStateChanged:2923 com.android.server.TelephonyRegistry.notifyServiceStateForPhoneId:1613 com.android.internal.telephony.ITelephonyRegistry$Stub.onTransact:455 android.os.Binder.execTransactInternal:1179 
07-13 22:24:27.097  1750  2068 W BroadcastQueue: Permission Denial: receiving Intent { act=android.intent.action.SERVICE_STATE flg=0x1000010 (has extras) } to ProcessRecord{b767ac8 2380:com.android.systemui/u0a245} (pid=2380, uid=10245) requires android.permission.READ_PHONE_STATE due to sender android (uid 1001)
07-13 22:24:27.097  1750  4057 W ContextImpl: Calling a method in the system process without a qualified user: android.app.ContextImpl.sendBroadcastMultiplePermissions:1264 com.android.server.TelephonyRegistry.broadcastServiceStateChanged:2926 com.android.server.TelephonyRegistry.notifyServiceStateForPhoneId:1613 com.android.internal.telephony.ITelephonyRegistry$Stub.onTransact:455 android.os.Binder.execTransactInternal:1179 
07-13 22:24:27.097  1750  2068 W BroadcastQueue: Permission Denial: receiving Intent { act=android.intent.action.SERVICE_STATE flg=0x1000010 (has extras) } to ProcessRecord{9c88137 5094:com.google.android.wearable.app:background/u0a552} (pid=5094, uid=10552) requires android.permission.READ_PHONE_STATE due to sender android (uid 1001)
07-13 22:24:27.097  1750  2068 W BroadcastQueue: Permission Denial: receiving Intent { act=android.intent.action.SERVICE_STATE flg=0x1000010 (has extras) } to com.google.android.cellbroadcastreceiver/com.android.cellbroadcastreceiver.CellBroadcastReceiver requires android.permission.READ_PHONE_STATE due to sender android (uid 1001)
07-13 22:24:27.099  1750  2068 W BroadcastQueue: Permission Denial: receiving Intent { act=android.intent.action.SERVICE_STATE flg=0x1000010 (has extras) } to ProcessRecord{9c88137 5094:com.google.android.wearable.app:background/u0a552} (pid=5094, uid=10552) requires android.permission.READ_PRIVILEGED_PHONE_STATE due to sender android (uid 1001)
07-13 22:24:27.163  1750  4232 W ContextImpl: Calling a method in the system process without a qualified user: android.app.ContextImpl.sendBroadcastMultiplePermissions:1214 com.android.server.TelephonyRegistry.broadcastServiceStateChanged:2911 com.android.server.TelephonyRegistry.notifyServiceStateForPhoneId:1613 com.android.internal.telephony.ITelephonyRegistry$Stub.onTransact:455 android.os.Binder.execTransactInternal:1179 
07-13 22:24:27.163  1750  2068 W BroadcastQueue: Permission Denial: receiving Intent { act=android.intent.action.SERVICE_STATE flg=0x1000010 (has extras) } to ProcessRecord{b767ac8 2380:com.android.systemui/u0a245} (pid=2380, uid=10245) requires android.permission.READ_PHONE_STATE due to sender android (uid 1001)
07-13 22:24:27.163  1750  4232 W ContextImpl: Calling a method in the system process without a qualified user: android.app.ContextImpl.sendBroadcastMultiplePermissions:1264 com.android.server.TelephonyRegistry.broadcastServiceStateChanged:2914 com.android.server.TelephonyRegistry.notifyServiceStateForPhoneId:1613 com.android.internal.telephony.ITelephonyRegistry$Stub.onTransact:455 android.os.Binder.execTransactInternal:1179 
07-13 22:24:27.164  1750  2068 W BroadcastQueue: Permission Denial: receiving Intent { act=android.intent.action.SERVICE_STATE flg=0x1000010 (has extras) } to ProcessRecord{9c88137 5094:com.google.android.wearable.app:background/u0a552} (pid=5094, uid=10552) requires android.permission.READ_PHONE_STATE due to sender android (uid 1001)
07-13 22:24:27.164  1750  2068 W BroadcastQueue: Permission Denial: receiving Intent { act=android.intent.action.SERVICE_STATE flg=0x1000010 (has extras) } to com.google.android.cellbroadcastreceiver/com.android.cellbroadcastreceiver.CellBroadcastReceiver requires android.permission.READ_PHONE_STATE due to sender android (uid 1001)
07-13 22:24:27.164  1750  2068 W BroadcastQueue: Permission Denial: receiving Intent { act=android.intent.action.SERVICE_STATE flg=0x1000010 (has extras) } to ProcessRecord{b767ac8 2380:com.android.systemui/u0a245} (pid=2380, uid=10245) requires android.permission.ACCESS_FINE_LOCATION due to sender android (uid 1001)
07-13 22:24:27.164  1750  4232 W ContextImpl: Calling a method in the system process without a qualified user: android.app.ContextImpl.sendBroadcastMultiplePermissions:1264 com.android.server.TelephonyRegistry.broadcastServiceStateChanged:2923 com.android.server.TelephonyRegistry.notifyServiceStateForPhoneId:1613 com.android.internal.telephony.ITelephonyRegistry$Stub.onTransact:455 android.os.Binder.execTransactInternal:1179 
07-13 22:24:27.165  1750  2068 W BroadcastQueue: Permission Denial: receiving Intent { act=android.intent.action.SERVICE_STATE flg=0x1000010 (has extras) } to ProcessRecord{9c88137 5094:com.google.android.wearable.app:background/u0a552} (pid=5094, uid=10552) requires android.permission.READ_PRIVILEGED_PHONE_STATE due to sender android (uid 1001)
07-13 22:24:27.165  1750  2068 W BroadcastQueue: Permission Denial: receiving Intent { act=android.intent.action.SERVICE_STATE flg=0x1000010 (has extras) } to com.google.android.cellbroadcastreceiver/com.android.cellbroadcastreceiver.CellBroadcastReceiver requires android.permission.ACCESS_FINE_LOCATION due to sender android (uid 1001)
07-13 22:24:27.165  1750  2068 W BroadcastQueue: Permission Denial: receiving Intent { act=android.intent.action.SERVICE_STATE flg=0x1000010 (has extras) } to ProcessRecord{b767ac8 2380:com.android.systemui/u0a245} (pid=2380, uid=10245) requires android.permission.READ_PHONE_STATE due to sender android (uid 1001)
07-13 22:24:27.165  1750  4232 W ContextImpl: Calling a method in the system process without a qualified user: android.app.ContextImpl.sendBroadcastMultiplePermissions:1264 com.android.server.TelephonyRegistry.broadcastServiceStateChanged:2926 com.android.server.TelephonyRegistry.notifyServiceStateForPhoneId:1613 com.android.internal.telephony.ITelephonyRegistry$Stub.onTransact:455 android.os.Binder.execTransactInternal:1179 
07-13 22:24:27.165  1750  2068 W BroadcastQueue: Permission Denial: receiving Intent { act=android.intent.action.SERVICE_STATE flg=0x1000010 (has extras) } to ProcessRecord{9c88137 5094:com.google.android.wearable.app:background/u0a552} (pid=5094, uid=10552) requires android.permission.READ_PHONE_STATE due to sender android (uid 1001)
07-13 22:24:27.165  1750  2068 W BroadcastQueue: Permission Denial: receiving Intent { act=android.intent.action.SERVICE_STATE flg=0x1000010 (has extras) } to com.google.android.cellbroadcastreceiver/com.android.cellbroadcastreceiver.CellBroadcastReceiver requires android.permission.READ_PHONE_STATE due to sender android (uid 1001)
07-13 22:24:27.166  1750  2068 W BroadcastQueue: Permission Denial: receiving Intent { act=android.intent.action.SERVICE_STATE flg=0x1000010 (has extras) } to ProcessRecord{9c88137 5094:com.google.android.wearable.app:background/u0a552} (pid=5094, uid=10552) requires android.permission.READ_PRIVILEGED_PHONE_STATE due to sender android (uid 1001)
07-13 22:24:28.083  1750  2258 W NetworkPolicy: shared quota unsupported; generating rule for each iface
07-13 22:24:29.443  1750  4057 W ContextImpl: Calling a method in the system process without a qualified user: android.app.ContextImpl.sendBroadcastMultiplePermissions:1214 com.android.server.TelephonyRegistry.broadcastServiceStateChanged:2911 com.android.server.TelephonyRegistry.notifyServiceStateForPhoneId:1613 com.android.internal.telephony.ITelephonyRegistry$Stub.onTransact:455 android.os.Binder.execTransactInternal:1179 
07-13 22:24:29.444  1750  2068 W BroadcastQueue: Permission Denial: receiving Intent { act=android.intent.action.SERVICE_STATE flg=0x1000010 (has extras) } to ProcessRecord{b767ac8 2380:com.android.systemui/u0a245} (pid=2380, uid=10245) requires android.permission.READ_PHONE_STATE due to sender android (uid 1001)
07-13 22:24:29.444  1750  4057 W ContextImpl: Calling a method in the system process without a qualified user: android.app.ContextImpl.sendBroadcastMultiplePermissions:1264 com.android.server.TelephonyRegistry.broadcastServiceStateChanged:2914 com.android.server.TelephonyRegistry.notifyServiceStateForPhoneId:1613 com.android.internal.telephony.ITelephonyRegistry$Stub.onTransact:455 android.os.Binder.execTransactInternal:1179 
07-13 22:24:29.444  1750  2068 W BroadcastQueue: Permission Denial: receiving Intent { act=android.intent.action.SERVICE_STATE flg=0x1000010 (has extras) } to ProcessRecord{9c88137 5094:com.google.android.wearable.app:background/u0a552} (pid=5094, uid=10552) requires android.permission.READ_PHONE_STATE due to sender android (uid 1001)
07-13 22:24:29.445  1750  2068 W BroadcastQueue: Permission Denial: receiving Intent { act=android.intent.action.SERVICE_STATE flg=0x1000010 (has extras) } to com.google.android.cellbroadcastreceiver/com.android.cellbroadcastreceiver.CellBroadcastReceiver requires android.permission.READ_PHONE_STATE due to sender android (uid 1001)
07-13 22:24:29.445  1750  2068 W BroadcastQueue: Permission Denial: receiving Intent { act=android.intent.action.SERVICE_STATE flg=0x1000010 (has extras) } to ProcessRecord{b767ac8 2380:com.android.systemui/u0a245} (pid=2380, uid=10245) requires android.permission.ACCESS_FINE_LOCATION due to sender android (uid 1001)
07-13 22:24:29.446  1750  4057 W ContextImpl: Calling a method in the system process without a qualified user: android.app.ContextImpl.sendBroadcastMultiplePermissions:1264 com.android.server.TelephonyRegistry.broadcastServiceStateChanged:2923 com.android.server.TelephonyRegistry.notifyServiceStateForPhoneId:1613 com.android.internal.telephony.ITelephonyRegistry$Stub.onTransact:455 android.os.Binder.execTransactInternal:1179 
07-13 22:24:29.446  1750  2068 W BroadcastQueue: Permission Denial: receiving Intent { act=android.intent.action.SERVICE_STATE flg=0x1000010 (has extras) } to ProcessRecord{9c88137 5094:com.google.android.wearable.app:background/u0a552} (pid=5094, uid=10552) requires android.permission.READ_PRIVILEGED_PHONE_STATE due to sender android (uid 1001)
07-13 22:24:29.446  1750  2068 W BroadcastQueue: Permission Denial: receiving Intent { act=android.intent.action.SERVICE_STATE flg=0x1000010 (has extras) } to com.google.android.cellbroadcastreceiver/com.android.cellbroadcastreceiver.CellBroadcastReceiver requires android.permission.ACCESS_FINE_LOCATION due to sender android (uid 1001)
07-13 22:24:29.447  1750  2068 W BroadcastQueue: Permission Denial: receiving Intent { act=android.intent.action.SERVICE_STATE flg=0x1000010 (has extras) } to ProcessRecord{b767ac8 2380:com.android.systemui/u0a245} (pid=2380, uid=10245) requires android.permission.READ_PHONE_STATE due to sender android (uid 1001)
07-13 22:24:29.447  1750  4057 W ContextImpl: Calling a method in the system process without a qualified user: android.app.ContextImpl.sendBroadcastMultiplePermissions:1264 com.android.server.TelephonyRegistry.broadcastServiceStateChanged:2926 com.android.server.TelephonyRegistry.notifyServiceStateForPhoneId:1613 com.android.internal.telephony.ITelephonyRegistry$Stub.onTransact:455 android.os.Binder.execTransactInternal:1179 
07-13 22:24:29.447  1750  2068 W BroadcastQueue: Permission Denial: receiving Intent { act=android.intent.action.SERVICE_STATE flg=0x1000010 (has extras) } to ProcessRecord{9c88137 5094:com.google.android.wearable.app:background/u0a552} (pid=5094, uid=10552) requires android.permission.READ_PHONE_STATE due to sender android (uid 1001)
07-13 22:24:29.448  1750  2068 W BroadcastQueue: Permission Denial: receiving Intent { act=android.intent.action.SERVICE_STATE flg=0x1000010 (has extras) } to com.google.android.cellbroadcastreceiver/com.android.cellbroadcastreceiver.CellBroadcastReceiver requires android.permission.READ_PHONE_STATE due to sender android (uid 1001)
07-13 22:24:29.449  1750  2068 W BroadcastQueue: Permission Denial: receiving Intent { act=android.intent.action.SERVICE_STATE flg=0x1000010 (has extras) } to ProcessRecord{9c88137 5094:com.google.android.wearable.app:background/u0a552} (pid=5094, uid=10552) requires android.permission.READ_PRIVILEGED_PHONE_STATE due to sender android (uid 1001)
07-13 22:24:36.227  2380 14871 D PowerUI : can't show warning due to - plugged: true status unknown: false
07-13 22:24:42.721  1750  4230 W ProcessStats: Tracking association SourceState{584cdb3 system/1000 BTopFgs #2277155} whose proc state 2 is better than process ProcessState{baa4f70 net.dinglisch.android.taskerm/10289 pkg=net.dinglisch.android.taskerm} proc state 3 (16 skipped)
07-13 22:24:56.304  1750  2211 W ProcessStats: Tracking association SourceState{584cdb3 system/1000 BTopFgs #2277164} whose proc state 2 is better than process ProcessState{baa4f70 net.dinglisch.android.taskerm/10289 pkg=net.dinglisch.android.taskerm} proc state 3 (8 skipped)
07-13 22:25:11.845  1750  4230 W ProcessStats: Tracking association SourceState{584cdb3 system/1000 BTopFgs #2277167} whose proc state 2 is better than process ProcessState{baa4f70 net.dinglisch.android.taskerm/10289 pkg=net.dinglisch.android.taskerm} proc state 3 (2 skipped)
07-13 22:25:23.548  2380  3536 D PowerUI : can't show warning due to - plugged: true status unknown: false
07-13 22:25:23.553  1750  4099 W ProcessStats: Tracking association SourceState{584cdb3 system/1000 BTopFgs #2277171} whose proc state 2 is better than process ProcessState{baa4f70 net.dinglisch.android.taskerm/10289 pkg=net.dinglisch.android.taskerm} proc state 3 (3 skipped)
07-13 22:25:24.459  1750  4232 W AppOps  : Noting op not finished: uid 10190 pkg com.google.android.gms code 113 startTime of in progress event=1657764290062
07-13 22:25:24.467  1750  4230 W AppOps  : Noting op not finished: uid 10202 pkg com.google.android.apps.maps code 79 startTime of in progress event=1657765464406
07-13 22:25:24.473  1750  4232 W AppOps  : Noting op not finished: uid 10190 pkg com.google.android.gms code 113 startTime of in progress event=1657764290062
07-13 22:25:24.480  1750  4232 W AppOps  : Noting op not finished: uid 10223 pkg com.google.android.gms.location.history code 79 startTime of in progress event=1657703118539
07-13 22:25:24.487  1750  4232 W AppOps  : Noting op not finished: uid 10190 pkg com.google.android.gms code 113 startTime of in progress event=1657764290062
07-13 22:25:24.493  1750  4230 W AppOps  : Noting op not finished: uid 10447 pkg com.urbandroid.sleep code 79 startTime of in progress event=1657765464449
07-13 22:25:24.496  1750  4230 W AppOps  : Noting op not finished: uid 10190 pkg com.google.android.gms code 113 startTime of in progress event=1657764290062
07-13 22:25:24.520  1750  4230 W AppOps  : Noting op not finished: uid 10190 pkg com.google.android.gms code 113 startTime of in progress event=1657764290062
07-13 22:25:24.525  1750  4099 W AppOps  : Noting op not finished: uid 10202 pkg com.google.android.apps.maps code 79 startTime of in progress event=1657765524482
07-13 22:25:24.528  1750  4099 W AppOps  : Noting op not finished: uid 10190 pkg com.google.android.gms code 113 startTime of in progress event=1657764290062
07-13 22:25:24.533  1750  4099 W AppOps  : Noting op not finished: uid 10223 pkg com.google.android.gms.location.history code 79 startTime of in progress event=1657703118539
07-13 22:25:24.537  1750  4099 W AppOps  : Noting op not finished: uid 10190 pkg com.google.android.gms code 113 startTime of in progress event=1657764290062
07-13 22:25:24.545  1750  4230 W AppOps  : Noting op not finished: uid 10447 pkg com.urbandroid.sleep code 79 startTime of in progress event=1657765524521
07-13 22:25:24.550  1750  4057 W AppOps  : Noting op not finished: uid 10190 pkg com.google.android.gms code 113 startTime of in progress event=1657764290062
07-13 22:25:24.558  1750  4099 W AppOps  : Noting op not finished: uid 10202 pkg com.google.android.apps.maps code 79 startTime of in progress event=1657765524555
07-13 22:25:24.592  1750  4057 W AppOps  : Noting op not finished: uid 10202 pkg com.google.android.apps.maps code 79 startTime of in progress event=1657765524590
07-13 22:25:39.683  1750  4230 W ProcessStats: Tracking association SourceState{584cdb3 system/1000 BTopFgs #2277275} whose proc state 2 is better than process ProcessState{baa4f70 net.dinglisch.android.taskerm/10289 pkg=net.dinglisch.android.taskerm} proc state 3 (100 skipped)
07-13 22:25:40.137  1750  1750 I ContentCaptureManagerService: Content capture data sharing session terminated successfully for package 'com.google.android.googlequicksearchbox'
07-13 22:25:42.819  1750  1750 I ContentCaptureManagerService: Content capture data sharing session terminated successfully for package 'com.google.android.googlequicksearchbox'
07-13 22:25:45.677  1750  2068 D CompatibilityChangeReporter: Compat change id reported: 135634846; UID 10297; state: DISABLED
07-13 22:25:45.678  1750  2068 D CompatibilityChangeReporter: Compat change id reported: 177438394; UID 10297; state: DISABLED
07-13 22:25:45.678  1750  2068 D CompatibilityChangeReporter: Compat change id reported: 135772972; UID 10297; state: DISABLED
07-13 22:25:45.678  1750  2068 D CompatibilityChangeReporter: Compat change id reported: 135754954; UID 10297; state: ENABLED
07-13 22:25:45.679  1750  2069 D CompatibilityChangeReporter: Compat change id reported: 143937733; UID 10297; state: ENABLED
07-13 22:25:45.694  1750  2069 I ActivityManager: Start proc 19212:com.instagram.android/u0a297 for broadcast {com.instagram.android/com.instagram.analytics.uploadscheduler.AnalyticsUploadAlarmReceiver}
07-13 22:25:47.030  1750  4264 I ActivityManager: Killing 16825:org.xbmc.kodi/u0a406 (adj 985): empty #33
07-13 22:25:47.036  1750  4230 D CompatibilityChangeReporter: Compat change id reported: 183164979; UID 10297; state: ENABLED
07-13 22:25:47.093  1750  4264 W ActivityManager: Background start not allowed: service Intent { act=Orca.START cmp=com.instagram.android/com.facebook.rti.push.service.FbnsService (has extras) } to com.instagram.android/com.facebook.rti.push.service.FbnsService from pid=19212 uid=10297 pkg=com.instagram.android startFg?=false
07-13 22:25:47.103  1750  4264 W ActivityManager: Background start not allowed: service Intent { act=Orca.START cmp=com.instagram.android/com.facebook.rti.push.service.FbnsService (has extras) } to com.instagram.android/com.facebook.rti.push.service.FbnsService from pid=19212 uid=10297 pkg=com.instagram.android startFg?=false
07-13 22:25:51.410  1750  4246 W ProcessStats: Tracking association SourceState{584cdb3 system/1000 BTopFgs #2277296} whose proc state 2 is better than process ProcessState{baa4f70 net.dinglisch.android.taskerm/10289 pkg=net.dinglisch.android.taskerm} proc state 3 (17 skipped)
07-13 22:25:57.782  1750  2096 D KernelCpuUidUserSysTimeReader: Removing uids 99909-99909
07-13 22:26:11.813  1750  4057 W ProcessStats: Tracking association SourceState{584cdb3 system/1000 BTopFgs #2277299} whose proc state 2 is better than process ProcessState{baa4f70 net.dinglisch.android.taskerm/10289 pkg=net.dinglisch.android.taskerm} proc state 3 (1 skipped)
07-13 22:26:13.339  1278  1278 I wificond: Regulatory domain changed to country: US on wiphy_index: 0
07-13 22:26:13.341  1278  1278 I wificond: 2.4Ghz frequencies: 2412 2417 2422 2427 2432 2437 2442 2447 2452 2457 2462
07-13 22:26:13.341  1278  1278 I wificond: 5Ghz non-DFS frequencies: 5180 5200 5220 5240 5745 5765 5785 5805 5825
07-13 22:26:13.341  1278  1278 I wificond: 5Ghz DFS frequencies: 5260 5280 5300 5320 5500 5520 5540 5560 5580 5600 5620 5640 5660 5680 5700 5720
07-13 22:26:13.341  1278  1278 I wificond: 6Ghz frequencies:
07-13 22:26:13.341  1278  1278 I wificond: 60Ghz frequencies:
07-13 22:26:18.631  1750  4057 W ContextImpl: Calling a method in the system process without a qualified user: android.app.ContextImpl.sendBroadcastMultiplePermissions:1214 com.android.server.TelephonyRegistry.broadcastServiceStateChanged:2911 com.android.server.TelephonyRegistry.notifyServiceStateForPhoneId:1613 com.android.internal.telephony.ITelephonyRegistry$Stub.onTransact:455 android.os.Binder.execTransactInternal:1179 
07-13 22:26:18.631  1750  2068 W BroadcastQueue: Permission Denial: receiving Intent { act=android.intent.action.SERVICE_STATE flg=0x1000010 (has extras) } to ProcessRecord{b767ac8 2380:com.android.systemui/u0a245} (pid=2380, uid=10245) requires android.permission.READ_PHONE_STATE due to sender android (uid 1001)
07-13 22:26:18.632  1750  4057 W ContextImpl: Calling a method in the system process without a qualified user: android.app.ContextImpl.sendBroadcastMultiplePermissions:1264 com.android.server.TelephonyRegistry.broadcastServiceStateChanged:2914 com.android.server.TelephonyRegistry.notifyServiceStateForPhoneId:1613 com.android.internal.telephony.ITelephonyRegistry$Stub.onTransact:455 android.os.Binder.execTransactInternal:1179 
07-13 22:26:18.632  1750  2068 W BroadcastQueue: Permission Denial: receiving Intent { act=android.intent.action.SERVICE_STATE flg=0x1000010 (has extras) } to ProcessRecord{9c88137 5094:com.google.android.wearable.app:background/u0a552} (pid=5094, uid=10552) requires android.permission.READ_PHONE_STATE due to sender android (uid 1001)
07-13 22:26:18.632  1750  2068 W BroadcastQueue: Permission Denial: receiving Intent { act=android.intent.action.SERVICE_STATE flg=0x1000010 (has extras) } to com.google.android.cellbroadcastreceiver/com.android.cellbroadcastreceiver.CellBroadcastReceiver requires android.permission.READ_PHONE_STATE due to sender android (uid 1001)
07-13 22:26:18.633  1750  2068 W BroadcastQueue: Permission Denial: receiving Intent { act=android.intent.action.SERVICE_STATE flg=0x1000010 (has extras) } to ProcessRecord{b767ac8 2380:com.android.systemui/u0a245} (pid=2380, uid=10245) requires android.permission.ACCESS_FINE_LOCATION due to sender android (uid 1001)
07-13 22:26:18.635  1750  2068 W BroadcastQueue: Permission Denial: receiving Intent { act=android.intent.action.SERVICE_STATE flg=0x1000010 (has extras) } to ProcessRecord{9c88137 5094:com.google.android.wearable.app:background/u0a552} (pid=5094, uid=10552) requires android.permission.READ_PRIVILEGED_PHONE_STATE due to sender android (uid 1001)
07-13 22:26:18.635  1750  2068 W BroadcastQueue: Permission Denial: receiving Intent { act=android.intent.action.SERVICE_STATE flg=0x1000010 (has extras) } to com.google.android.cellbroadcastreceiver/com.android.cellbroadcastreceiver.CellBroadcastReceiver requires android.permission.ACCESS_FINE_LOCATION due to sender android (uid 1001)
07-13 22:26:18.645  1750  4057 W ContextImpl: Calling a method in the system process without a qualified user: android.app.ContextImpl.sendBroadcastMultiplePermissions:1264 com.android.server.TelephonyRegistry.broadcastServiceStateChanged:2923 com.android.server.TelephonyRegistry.notifyServiceStateForPhoneId:1613 com.android.internal.telephony.ITelephonyRegistry$Stub.onTransact:455 android.os.Binder.execTransactInternal:1179 
07-13 22:26:18.651  1750  2068 W BroadcastQueue: Permission Denial: receiving Intent { act=android.intent.action.SERVICE_STATE flg=0x1000010 (has extras) } to ProcessRecord{b767ac8 2380:com.android.systemui/u0a245} (pid=2380, uid=10245) requires android.permission.READ_PHONE_STATE due to sender android (uid 1001)
07-13 22:26:18.651  1750  4057 W ContextImpl: Calling a method in the system process without a qualified user: android.app.ContextImpl.sendBroadcastMultiplePermissions:1264 com.android.server.TelephonyRegistry.broadcastServiceStateChanged:2926 com.android.server.TelephonyRegistry.notifyServiceStateForPhoneId:1613 com.android.internal.telephony.ITelephonyRegistry$Stub.onTransact:455 android.os.Binder.execTransactInternal:1179 
07-13 22:26:18.651  1750  2068 W BroadcastQueue: Permission Denial: receiving Intent { act=android.intent.action.SERVICE_STATE flg=0x1000010 (has extras) } to ProcessRecord{9c88137 5094:com.google.android.wearable.app:background/u0a552} (pid=5094, uid=10552) requires android.permission.READ_PHONE_STATE due to sender android (uid 1001)
07-13 22:26:18.652  1750  2068 W BroadcastQueue: Permission Denial: receiving Intent { act=android.intent.action.SERVICE_STATE flg=0x1000010 (has extras) } to com.google.android.cellbroadcastreceiver/com.android.cellbroadcastreceiver.CellBroadcastReceiver requires android.permission.READ_PHONE_STATE due to sender android (uid 1001)
