07-13 22:20:45.308  1750  2096 E KernelCpuUidActiveTimeReader: Negative delta from active time for uid: 10404, delta: -24
07-13 22:20:45.308  1750  2096 E KernelCpuUidActiveTimeReader: Negative delta from active time for uid: 10281, delta: -44
07-13 22:20:46.229  1750  3117 I ContentCaptureManagerService: Data share request rejected by Content Capture service
07-13 22:20:48.185  1750  1750 I Telecom : BluetoothStateReceiver: Device A0:14:3D:52:75:21 changed state to 1: BSR.oR@Heg
07-13 22:20:48.316  1750  1750 I Telecom : BluetoothStateReceiver: Device A0:14:3D:52:75:21 changed state to 0: BSR.oR@Hek
07-13 22:20:48.342  1750  3029 D CompatibilityChangeReporter: Compat change id reported: 157233955; UID 10190; state: ENABLED
07-13 22:20:48.405  1750  1750 D CompanionDeviceManagerService: TriggerDeviceDisappearedRunnable.run(address = A0:14:3D:52:75:21)
07-13 22:20:49.285  1750  4060 I ContentCaptureManagerService: Data share request rejected by Content Capture service
07-13 22:20:49.483  1750  1750 D CompatibilityChangeReporter: Compat change id reported: 135634846; UID 10323; state: DISABLED
07-13 22:20:49.483  1750  1750 D CompatibilityChangeReporter: Compat change id reported: 177438394; UID 10323; state: DISABLED
07-13 22:20:49.483  1750  1750 D CompatibilityChangeReporter: Compat change id reported: 135772972; UID 10323; state: DISABLED
07-13 22:20:49.484  1750  1750 D CompatibilityChangeReporter: Compat change id reported: 135754954; UID 10323; state: ENABLED
07-13 22:20:49.484  1750  2069 D CompatibilityChangeReporter: Compat change id reported: 143937733; UID 10323; state: ENABLED
07-13 22:20:49.493  1750  4060 D CompatibilityChangeReporter: Compat change id reported: 177438394; UID 10208; state: DISABLED
07-13 22:20:49.493  1750  4060 D CompatibilityChangeReporter: Compat change id reported: 135772972; UID 10208; state: DISABLED
07-13 22:20:49.494  1750  4060 D CompatibilityChangeReporter: Compat change id reported: 135754954; UID 10208; state: ENABLED
07-13 22:20:49.497  1750  2069 I ActivityManager: Start proc 16174:com.pandora.android/u0a323 for service {com.pandora.android/com.evernote.android.job.v21.PlatformJobService}
07-13 22:20:49.497  1750  2069 D CompatibilityChangeReporter: Compat change id reported: 143937733; UID 10208; state: ENABLED
07-13 22:20:49.511  1750  2069 I ActivityManager: Start proc 16176:com.google.android.youtube/u0a208 for service {com.google.android.youtube/androidx.work.impl.background.systemjob.SystemJobService}
07-13 22:20:49.876  1750  4060 D CompatibilityChangeReporter: Compat change id reported: 197654537; UID 10208; state: ENABLED
07-13 22:20:50.244  1750  3029 D CompatibilityChangeReporter: Compat change id reported: 157233955; UID 10323; state: DISABLED
07-13 22:20:50.464  1750  4309 D CompatibilityChangeReporter: Compat change id reported: 168419799; UID 10539; state: DISABLED
07-13 22:20:50.519  1750  3129 D CompatibilityChangeReporter: Compat change id reported: 183164979; UID 10208; state: ENABLED
07-13 22:20:50.637  1750  3129 W BroadcastQueue: Permission Denial: receiving Intent { act=android.bluetooth.device.action.ACL_CONNECTED flg=0x5000010 (has extras) } to com.ifttt.ifttt/com.ifttt.nativeservices.bluetooth.BluetoothBroadcastReceiver requires android.permission.BLUETOOTH_CONNECT due to sender com.android.bluetooth (uid 1002)
07-13 22:20:50.819  1750  4060 D CompatibilityChangeReporter: Compat change id reported: 135634846; UID 10321; state: DISABLED
07-13 22:20:50.819  1750  4060 D CompatibilityChangeReporter: Compat change id reported: 177438394; UID 10321; state: DISABLED
07-13 22:20:50.820  1750  4060 D CompatibilityChangeReporter: Compat change id reported: 135772972; UID 10321; state: DISABLED
07-13 22:20:50.820  1750  4060 D CompatibilityChangeReporter: Compat change id reported: 135754954; UID 10321; state: ENABLED
07-13 22:20:50.820  1750  2069 D CompatibilityChangeReporter: Compat change id reported: 143937733; UID 10321; state: ENABLED
07-13 22:20:50.830  1750  2069 I ActivityManager: Start proc 16424:com.spotify.music/u0a321 for broadcast {com.spotify.music/com.spotify.interapp.service.service.BluetoothAclReceiver}
07-13 22:20:51.128  1750  2042 D CompanionDeviceManagerService: onPackageModified(packageName = com.pandora.android)
07-13 22:20:51.156  1750  1750 I Telecom : DefaultDialerCache: Refreshing default dialer for user 0: now com.google.android.dialer: DDC.oR@Hes
07-13 22:20:51.156  1750  1750 I Telecom : DefaultDialerCache: Refreshing default dialer for user 11: now com.google.android.dialer: DDC.oR@Hes
07-13 22:20:52.493  1750  4230 W ProcessStats: Tracking association SourceState{584cdb3 system/1000 BTopFgs #2275182} whose proc state 2 is better than process ProcessState{baa4f70 net.dinglisch.android.taskerm/10289 pkg=net.dinglisch.android.taskerm} proc state 3 (212 skipped)
07-13 22:20:52.991  1750  4230 I ActivityManager: Process com.nextdoor (pid 10030) has died: cch+75 CEM 
07-13 22:20:52.995  1750  2133 E VerityUtils: Failed to measure fs-verity, errno 1: /data/app/~~E-7-VlKT6XOJdNm5eGEO1Q==/com.google.android.youtube-298N0QPD1JXfRRRwXtqJVA==/base.apk
07-13 22:20:53.726  1750  2996 D CompatibilityChangeReporter: Compat change id reported: 135634846; UID 10270; state: DISABLED
07-13 22:20:53.726  1750  2996 D CompatibilityChangeReporter: Compat change id reported: 177438394; UID 10270; state: DISABLED
07-13 22:20:53.726  1750  2996 D CompatibilityChangeReporter: Compat change id reported: 135772972; UID 10270; state: DISABLED
07-13 22:20:53.726  1750  2996 D CompatibilityChangeReporter: Compat change id reported: 135754954; UID 10270; state: ENABLED
07-13 22:20:53.727  1750  2069 D CompatibilityChangeReporter: Compat change id reported: 143937733; UID 10270; state: ENABLED
07-13 22:20:53.736  1750  2069 I ActivityManager: Start proc 16646:com.maxmpz.audioplayer/u0a270 for broadcast {com.maxmpz.audioplayer/com.maxmpz.audioplayer.player.BTReceiver}
07-13 22:20:54.864  1750  4231 D CompatibilityChangeReporter: Compat change id reported: 168419799; UID 10144; state: DISABLED
07-13 22:20:55.031  1750  1787 D CompatibilityChangeReporter: Compat change id reported: 135634846; UID 10262; state: DISABLED
07-13 22:20:55.031  1750  1787 D CompatibilityChangeReporter: Compat change id reported: 177438394; UID 10262; state: DISABLED
07-13 22:20:55.031  1750  1787 D CompatibilityChangeReporter: Compat change id reported: 135772972; UID 10262; state: DISABLED
07-13 22:20:55.031  1750  1787 D CompatibilityChangeReporter: Compat change id reported: 135754954; UID 10262; state: ENABLED
07-13 22:20:55.032  1750  2069 D CompatibilityChangeReporter: Compat change id reported: 143937733; UID 10262; state: ENABLED
07-13 22:20:55.042  1750  2069 I ActivityManager: Start proc 16682:com.amazon.mp3/u0a262 for broadcast {com.amazon.mp3/com.amazon.podcast.media.playback.BluetoothActionsReceiver}
07-13 22:20:55.076  1750  2996 D CompatibilityChangeReporter: Compat change id reported: 168419799; UID 10262; state: DISABLED
07-13 22:20:55.793  1750  1787 I ActivityManager: Process com.amazon.mShop.android.shopping (pid 12379) has died: cch+75 CEM 
07-13 22:20:55.815  1278  1278 I wificond: Regulatory domain changed to country: US on wiphy_index: 0
07-13 22:20:55.816  1278  1278 I wificond: 2.4Ghz frequencies: 2412 2417 2422 2427 2432 2437 2442 2447 2452 2457 2462
07-13 22:20:55.816  1278  1278 I wificond: 5Ghz non-DFS frequencies: 5180 5200 5220 5240 5745 5765 5785 5805 5825
07-13 22:20:55.816  1278  1278 I wificond: 5Ghz DFS frequencies: 5260 5280 5300 5320 5500 5520 5540 5560 5580 5600 5620 5640 5660 5680 5700 5720
07-13 22:20:55.816  1278  1278 I wificond: 6Ghz frequencies:
07-13 22:20:55.816  1278  1278 I wificond: 60Ghz frequencies:
07-13 22:20:57.909  1750  1786 D CompatibilityChangeReporter: Compat change id reported: 168419799; UID 10323; state: DISABLED
07-13 22:20:58.017  1750  2996 D CompatibilityChangeReporter: Compat change id reported: 135634846; UID 10406; state: DISABLED
07-13 22:20:58.017  1750  2996 D CompatibilityChangeReporter: Compat change id reported: 177438394; UID 10406; state: DISABLED
07-13 22:20:58.017  1750  2996 D CompatibilityChangeReporter: Compat change id reported: 135772972; UID 10406; state: DISABLED
07-13 22:20:58.017  1750  2996 D CompatibilityChangeReporter: Compat change id reported: 135754954; UID 10406; state: DISABLED
07-13 22:20:58.017  1750  2069 D CompatibilityChangeReporter: Compat change id reported: 143937733; UID 10406; state: DISABLED
07-13 22:20:58.027  1750  2069 I ActivityManager: Start proc 16825:org.xbmc.kodi/u0a406 for broadcast {org.xbmc.kodi/org.xbmc.kodi.XBMCBroadcastReceiver}
07-13 22:20:58.049  1750  2996 D CompatibilityChangeReporter: Compat change id reported: 168419799; UID 10406; state: DISABLED
07-13 22:20:58.682  1750  2996 E PackageDexUsage: Unsupported context?
07-13 22:20:59.418  1750  1787 D CompatibilityChangeReporter: Compat change id reported: 168419799; UID 10169; state: DISABLED
07-13 22:20:59.526  1750  4231 W BroadcastQueue: Background execution not allowed: receiving Intent { act=android.bluetooth.device.action.UUID flg=0x10 (has extras) } to com.google.android.gms/.chimera.GmsIntentOperationService$PersistentTrustedReceiver
07-13 22:20:59.531  1750  2068 W BroadcastQueue: Background execution not allowed: receiving Intent { act=android.bluetooth.device.action.UUID flg=0x10 (has extras) } to com.google.android.googlequicksearchbox/com.google.android.apps.gsa.broadcastreceiver.external.ExternalCommonBroadcastReceiver
07-13 22:20:59.531  1750  2068 W BroadcastQueue: Background execution not allowed: receiving Intent { act=android.bluetooth.device.action.UUID flg=0x10 (has extras) } to com.google.android.projection.gearhead/com.google.android.apps.auto.carservice.gmscorecompat.CarBluetoothReceiver
07-13 22:20:59.537  1750  4231 W BroadcastQueue: Background execution not allowed: receiving Intent { act=android.bluetooth.device.action.UUID flg=0x10 (has extras) } to com.google.android.gms/.chimera.GmsIntentOperationService$PersistentTrustedReceiver
07-13 22:20:59.540  1750  2068 W BroadcastQueue: Background execution not allowed: receiving Intent { act=android.bluetooth.device.action.UUID flg=0x10 (has extras) } to com.google.android.googlequicksearchbox/com.google.android.apps.gsa.broadcastreceiver.external.ExternalCommonBroadcastReceiver
07-13 22:20:59.540  1750  2068 W BroadcastQueue: Background execution not allowed: receiving Intent { act=android.bluetooth.device.action.UUID flg=0x10 (has extras) } to com.google.android.projection.gearhead/com.google.android.apps.auto.carservice.gmscorecompat.CarBluetoothReceiver
07-13 22:21:02.769  1750  1786 W ProcessStats: Tracking association SourceState{584cdb3 system/1000 BTopFgs #2275388} whose proc state 2 is better than process ProcessState{baa4f70 net.dinglisch.android.taskerm/10289 pkg=net.dinglisch.android.taskerm} proc state 3 (166 skipped)
07-13 22:21:05.827   968  1039 E NetlinkEvent: NetlinkEvent::FindParam(): Parameter 'INTERFACE' not found
07-13 22:21:05.828   968  1039 E NetlinkEvent: NetlinkEvent::FindParam(): Parameter 'STATE' not found
07-13 22:21:05.828   968  1039 E NetlinkEvent: NetlinkEvent::FindParam(): Parameter 'TIME_NS' not found
07-13 22:21:05.828   968  1039 E NetlinkEvent: NetlinkEvent::FindParam(): Parameter 'UID' not found
07-13 22:21:05.891  1750  2258 W NetworkPolicy: shared quota unsupported; generating rule for each iface
07-13 22:21:05.924  1750  2270 W ContextImpl: Calling a method in the system process without a qualified user: android.app.ContextImpl.sendStickyBroadcast:1567 com.android.server.ConnectivityService.sendStickyBroadcast:3058 com.android.server.ConnectivityService.sendLegacyNetworkBroadcast:9383 com.android.server.ConnectivityService$LegacyTypeTracker.remove:1073 com.android.server.ConnectivityService.updateLegacyTypeTrackerAndVpnLockdownForRematch:8924 
07-13 22:21:05.927  1750  2270 W ContextImpl: Calling a method in the system process without a qualified user: android.app.ContextImpl.sendStickyBroadcast:1567 com.android.server.ConnectivityService.sendStickyBroadcast:3058 com.android.server.ConnectivityService.sendGeneralBroadcast:3031 com.android.server.ConnectivityService.sendConnectedBroadcast:3004 com.android.server.ConnectivityService.sendLegacyNetworkBroadcast:9355 
07-13 22:21:05.933  1750  2068 W BroadcastQueue: Target SDK mismatch: receiver ActivityInfo{9aed0df com.ss.android.ugc.aweme.common.net.NetWorkStateReceiver} targets 30 but delivery restricted to [0, 23] broadcasting Intent { act=android.net.conn.CONNECTIVITY_CHANGE flg=0x4200010 (has extras) } from android (pid=1750, uid=1000) to com.zhiliaoapp.musically/com.ss.android.ugc.aweme.common.net.NetWorkStateReceiver
07-13 22:21:05.934  1750  2068 W BroadcastQueue: Target SDK mismatch: receiver ActivityInfo{e8d112c com.google.android.apps.photos.actionqueue.impl.SystemReceiver} targets 33 but delivery restricted to [0, 23] broadcasting Intent { act=android.net.conn.CONNECTIVITY_CHANGE flg=0x4200010 (has extras) } from android (pid=1750, uid=1000) to com.google.android.apps.photos/.actionqueue.impl.SystemReceiver
07-13 22:21:05.934  1750  2068 W BroadcastQueue: Target SDK mismatch: receiver ActivityInfo{153e7f5 com.google.android.apps.photos.jobqueue.JobServiceBroadcastReceiver} targets 33 but delivery restricted to [0, 23] broadcasting Intent { act=android.net.conn.CONNECTIVITY_CHANGE flg=0x4200010 (has extras) } from android (pid=1750, uid=1000) to com.google.android.apps.photos/.jobqueue.JobServiceBroadcastReceiver
07-13 22:21:05.934  1750  2068 W BroadcastQueue: Target SDK mismatch: receiver ActivityInfo{de4998a com.google.android.gms.gcm.ServiceAutoStarter} targets 33 but delivery restricted to [0, 23] broadcasting Intent { act=android.net.conn.CONNECTIVITY_CHANGE flg=0x4200010 (has extras) } from android (pid=1750, uid=1000) to com.google.android.gms/.gcm.ServiceAutoStarter
07-13 22:21:05.934  1750  2068 W BroadcastQueue: Target SDK mismatch: receiver ActivityInfo{bd99bfb com.amazon.deecomms.remoteConfig.ConfigurationSyncReceiver} targets 30 but delivery restricted to [0, 23] broadcasting Intent { act=android.net.conn.CONNECTIVITY_CHANGE flg=0x4200010 (has extras) } from android (pid=1750, uid=1000) to com.amazon.dee.app/com.amazon.deecomms.remoteConfig.ConfigurationSyncReceiver
07-13 22:21:05.934  1750  2068 W BroadcastQueue: Target SDK mismatch: receiver ActivityInfo{8501418 com.baidu.android.pushservice.PushServiceReceiver} targets 30 but delivery restricted to [0, 23] broadcasting Intent { act=android.net.conn.CONNECTIVITY_CHANGE flg=0x4200010 (has extras) } from android (pid=1750, uid=1000) to com.asus.aihome/com.baidu.android.pushservice.PushServiceReceiver
07-13 22:21:05.934  1750  2068 W BroadcastQueue: Target SDK mismatch: receiver ActivityInfo{2c80e71 com.launchdarkly.android.ConnectivityReceiver} targets 30 but delivery restricted to [0, 23] broadcasting Intent { act=android.net.conn.CONNECTIVITY_CHANGE flg=0x4200010 (has extras) } from android (pid=1750, uid=1000) to com.cigna.mobile.mycigna/com.launchdarkly.android.ConnectivityReceiver
07-13 22:21:05.934  1750  2068 W BroadcastQueue: Target SDK mismatch: receiver ActivityInfo{ffac456 com.instagram.push.FbnsInitBroadcastReceiver} targets 31 but delivery restricted to [0, 23] broadcasting Intent { act=android.net.conn.CONNECTIVITY_CHANGE flg=0x4200010 (has extras) } from android (pid=1750, uid=1000) to com.instagram.android/com.instagram.push.FbnsInitBroadcastReceiver
07-13 22:21:05.934  1750  2068 W BroadcastQueue: Target SDK mismatch: receiver ActivityInfo{61bfcd7 com.pubmatic.sdk.common.network.PMNetworkMonitor$POBNetworkUpdateReceiver} targets 30 but delivery restricted to [0, 23] broadcasting Intent { act=android.net.conn.CONNECTIVITY_CHANGE flg=0x4200010 (has extras) } from android (pid=1750, uid=1000) to com.melodis.midomiMusicIdentifier.freemium/com.pubmatic.sdk.common.network.PMNetworkMonitor$POBNetworkUpdateReceiver
07-13 22:21:05.934  1750  2068 W BroadcastQueue: Target SDK mismatch: receiver ActivityInfo{63e59c4 com.microsoft.skydrive.receiver.BatteryConnectivityPowerReceiver} targets 30 but delivery restricted to [0, 23] broadcasting Intent { act=android.net.conn.CONNECTIVITY_CHANGE flg=0x4200010 (has extras) } from android (pid=1750, uid=1000) to com.microsoft.skydrive/.receiver.BatteryConnectivityPowerReceiver
07-13 22:21:05.934  1750  2068 W BroadcastQueue: Target SDK mismatch: receiver ActivityInfo{97e20ad com.ss.android.ugc.aweme.common.net.NetworkReceiver} targets 30 but delivery restricted to [0, 23] broadcasting Intent { act=android.net.conn.CONNECTIVITY_CHANGE flg=0x4200010 (has extras) } from android (pid=1750, uid=1000) to com.zhiliaoapp.musically/com.ss.android.ugc.aweme.common.net.NetworkReceiver
07-13 22:21:05.934  1750  2068 W BroadcastQueue: Target SDK mismatch: receiver ActivityInfo{b76cfe2 com.ss.android.message.MessageReceiver} targets 30 but delivery restricted to [0, 23] broadcasting Intent { act=android.net.conn.CONNECTIVITY_CHANGE flg=0x4200010 (has extras) } from android (pid=1750, uid=1000) to com.zhiliaoapp.musically/com.ss.android.message.MessageReceiver
07-13 22:21:05.934  1750  2068 W BroadcastQueue: Target SDK mismatch: receiver ActivityInfo{fb98f73 de.android.telnet2.MyWidgetProviderMobile21} targets 30 but delivery restricted to [0, 23] broadcasting Intent { act=android.net.conn.CONNECTIVITY_CHANGE flg=0x4200010 (has extras) } from android (pid=1750, uid=1000) to de.android.telnet2/.MyWidgetProviderMobile21
07-13 22:21:05.934  1750  2068 W BroadcastQueue: Target SDK mismatch: receiver ActivityInfo{1a94e30 de.android.telnet2.MyWidgetProviderMobile22} targets 30 but delivery restricted to [0, 23] broadcasting Intent { act=android.net.conn.CONNECTIVITY_CHANGE flg=0x4200010 (has extras) } from android (pid=1750, uid=1000) to de.android.telnet2/.MyWidgetProviderMobile22
07-13 22:21:05.965  1750  2068 W BroadcastQueue: Target SDK mismatch: receiver ActivityInfo{5b6082e com.ss.android.ugc.aweme.common.net.NetWorkStateReceiver} targets 30 but delivery restricted to [0, 23] broadcasting Intent { act=android.net.conn.CONNECTIVITY_CHANGE flg=0x4200010 (has extras) } from android (pid=1750, uid=1000) to com.zhiliaoapp.musically/com.ss.android.ugc.aweme.common.net.NetWorkStateReceiver
07-13 22:21:05.966  1750  1750 D CompatibilityChangeReporter: Compat change id reported: 135634846; UID 10017; state: DISABLED
07-13 22:21:05.966  1750  1750 D CompatibilityChangeReporter: Compat change id reported: 177438394; UID 10017; state: DISABLED
07-13 22:21:05.966  1750  1750 D CompatibilityChangeReporter: Compat change id reported: 135772972; UID 10017; state: DISABLED
07-13 22:21:05.967  1750  1750 D CompatibilityChangeReporter: Compat change id reported: 135754954; UID 10017; state: ENABLED
07-13 22:21:05.967  1750  2069 D CompatibilityChangeReporter: Compat change id reported: 143937733; UID 10017; state: ENABLED
07-13 22:21:05.969  1750  1750 D CompatibilityChangeReporter: Compat change id reported: 135634846; UID 10296; state: DISABLED
07-13 22:21:05.969  1750  1750 D CompatibilityChangeReporter: Compat change id reported: 177438394; UID 10296; state: DISABLED
07-13 22:21:05.969  1750  1750 D CompatibilityChangeReporter: Compat change id reported: 135772972; UID 10296; state: DISABLED
07-13 22:21:05.969  1750  1750 D CompatibilityChangeReporter: Compat change id reported: 135754954; UID 10296; state: ENABLED
07-13 22:21:05.971  1750  2068 W BroadcastQueue: Target SDK mismatch: receiver ActivityInfo{b6875e1 com.google.android.apps.photos.actionqueue.impl.SystemReceiver} targets 33 but delivery restricted to [0, 23] broadcasting Intent { act=android.net.conn.CONNECTIVITY_CHANGE flg=0x4200010 (has extras) } from android (pid=1750, uid=1000) to com.google.android.apps.photos/.actionqueue.impl.SystemReceiver
07-13 22:21:05.971  1750  2068 W BroadcastQueue: Target SDK mismatch: receiver ActivityInfo{c6aef06 com.google.android.apps.photos.jobqueue.JobServiceBroadcastReceiver} targets 33 but delivery restricted to [0, 23] broadcasting Intent { act=android.net.conn.CONNECTIVITY_CHANGE flg=0x4200010 (has extras) } from android (pid=1750, uid=1000) to com.google.android.apps.photos/.jobqueue.JobServiceBroadcastReceiver
07-13 22:21:05.971  1750  2068 W BroadcastQueue: Target SDK mismatch: receiver ActivityInfo{2ffc9c7 com.google.android.gms.gcm.ServiceAutoStarter} targets 33 but delivery restricted to [0, 23] broadcasting Intent { act=android.net.conn.CONNECTIVITY_CHANGE flg=0x4200010 (has extras) } from android (pid=1750, uid=1000) to com.google.android.gms/.gcm.ServiceAutoStarter
07-13 22:21:05.973  1750  2068 W BroadcastQueue: Target SDK mismatch: receiver ActivityInfo{d4dbbf4 com.amazon.deecomms.remoteConfig.ConfigurationSyncReceiver} targets 30 but delivery restricted to [0, 23] broadcasting Intent { act=android.net.conn.CONNECTIVITY_CHANGE flg=0x4200010 (has extras) } from android (pid=1750, uid=1000) to com.amazon.dee.app/com.amazon.deecomms.remoteConfig.ConfigurationSyncReceiver
07-13 22:21:05.973  1750  2068 W BroadcastQueue: Target SDK mismatch: receiver ActivityInfo{c158f1d com.baidu.android.pushservice.PushServiceReceiver} targets 30 but delivery restricted to [0, 23] broadcasting Intent { act=android.net.conn.CONNECTIVITY_CHANGE flg=0x4200010 (has extras) } from android (pid=1750, uid=1000) to com.asus.aihome/com.baidu.android.pushservice.PushServiceReceiver
07-13 22:21:05.973  1750  2068 W BroadcastQueue: Target SDK mismatch: receiver ActivityInfo{436f592 com.launchdarkly.android.ConnectivityReceiver} targets 30 but delivery restricted to [0, 23] broadcasting Intent { act=android.net.conn.CONNECTIVITY_CHANGE flg=0x4200010 (has extras) } from android (pid=1750, uid=1000) to com.cigna.mobile.mycigna/com.launchdarkly.android.ConnectivityReceiver
07-13 22:21:05.973  1750  2068 W BroadcastQueue: Target SDK mismatch: receiver ActivityInfo{b253b63 com.instagram.push.FbnsInitBroadcastReceiver} targets 31 but delivery restricted to [0, 23] broadcasting Intent { act=android.net.conn.CONNECTIVITY_CHANGE flg=0x4200010 (has extras) } from android (pid=1750, uid=1000) to com.instagram.android/com.instagram.push.FbnsInitBroadcastReceiver
07-13 22:21:05.973  1750  2068 W BroadcastQueue: Target SDK mismatch: receiver ActivityInfo{884a360 com.pubmatic.sdk.common.network.PMNetworkMonitor$POBNetworkUpdateReceiver} targets 30 but delivery restricted to [0, 23] broadcasting Intent { act=android.net.conn.CONNECTIVITY_CHANGE flg=0x4200010 (has extras) } from android (pid=1750, uid=1000) to com.melodis.midomiMusicIdentifier.freemium/com.pubmatic.sdk.common.network.PMNetworkMonitor$POBNetworkUpdateReceiver
07-13 22:21:05.973  1750  2068 W BroadcastQueue: Target SDK mismatch: receiver ActivityInfo{6810019 com.microsoft.skydrive.receiver.BatteryConnectivityPowerReceiver} targets 30 but delivery restricted to [0, 23] broadcasting Intent { act=android.net.conn.CONNECTIVITY_CHANGE flg=0x4200010 (has extras) } from android (pid=1750, uid=1000) to com.microsoft.skydrive/.receiver.BatteryConnectivityPowerReceiver
07-13 22:21:05.973  1750  2068 W BroadcastQueue: Target SDK mismatch: receiver ActivityInfo{f4ad8de com.ss.android.ugc.aweme.common.net.NetworkReceiver} targets 30 but delivery restricted to [0, 23] broadcasting Intent { act=android.net.conn.CONNECTIVITY_CHANGE flg=0x4200010 (has extras) } from android (pid=1750, uid=1000) to com.zhiliaoapp.musically/com.ss.android.ugc.aweme.common.net.NetworkReceiver
07-13 22:21:05.977  1750  2068 W BroadcastQueue: Target SDK mismatch: receiver ActivityInfo{aa62abf com.ss.android.message.MessageReceiver} targets 30 but delivery restricted to [0, 23] broadcasting Intent { act=android.net.conn.CONNECTIVITY_CHANGE flg=0x4200010 (has extras) } from android (pid=1750, uid=1000) to com.zhiliaoapp.musically/com.ss.android.message.MessageReceiver
07-13 22:21:05.977  1750  2068 W BroadcastQueue: Target SDK mismatch: receiver ActivityInfo{880958c de.android.telnet2.MyWidgetProviderMobile21} targets 30 but delivery restricted to [0, 23] broadcasting Intent { act=android.net.conn.CONNECTIVITY_CHANGE flg=0x4200010 (has extras) } from android (pid=1750, uid=1000) to de.android.telnet2/.MyWidgetProviderMobile21
07-13 22:21:05.978  1750  2068 W BroadcastQueue: Target SDK mismatch: receiver ActivityInfo{29884d5 de.android.telnet2.MyWidgetProviderMobile22} targets 30 but delivery restricted to [0, 23] broadcasting Intent { act=android.net.conn.CONNECTIVITY_CHANGE flg=0x4200010 (has extras) } from android (pid=1750, uid=1000) to de.android.telnet2/.MyWidgetProviderMobile22
07-13 22:21:05.993  1750  2069 I ActivityManager: Start proc 16980:com.tmobile.digits/u0a17 for service {com.tmobile.digits/androidx.work.impl.background.systemjob.SystemJobService}
07-13 22:21:05.993  1750  2069 D CompatibilityChangeReporter: Compat change id reported: 143937733; UID 10296; state: ENABLED
07-13 22:21:06.002  1750  2069 I ActivityManager: Start proc 16981:com.tmobile.pr.mytmobile/u0a296 for service {com.tmobile.pr.mytmobile/androidx.work.impl.background.systemjob.SystemJobService}
07-13 22:21:06.030  1750  2068 D CompatibilityChangeReporter: Compat change id reported: 135634846; UID 10160; state: DISABLED
07-13 22:21:06.030  1750  2068 D CompatibilityChangeReporter: Compat change id reported: 177438394; UID 10160; state: DISABLED
07-13 22:21:06.030  1750  2068 D CompatibilityChangeReporter: Compat change id reported: 135772972; UID 10160; state: DISABLED
07-13 22:21:06.030  1750  2068 D CompatibilityChangeReporter: Compat change id reported: 135754954; UID 10160; state: ENABLED
07-13 22:21:06.030  1750  2069 D CompatibilityChangeReporter: Compat change id reported: 143937733; UID 10160; state: ENABLED
07-13 22:21:06.038  1750  2069 I ActivityManager: Start proc 17003:com.google.android.settings.intelligence/u0a160 for broadcast {com.google.android.settings.intelligence/com.google.android.settings.intelligence.modules.routines.impl.WifiBroadcastReceiver}
07-13 22:21:06.048  1750  2258 W NetworkPolicy: shared quota unsupported; generating rule for each iface
07-13 22:21:06.066  1750  4230 D CompatibilityChangeReporter: Compat change id reported: 168419799; UID 10017; state: DISABLED
07-13 22:21:06.082  1750  4264 D CompatibilityChangeReporter: Compat change id reported: 168419799; UID 10296; state: DISABLED
07-13 22:21:06.100  1750  4230 D CompatibilityChangeReporter: Compat change id reported: 168419799; UID 10160; state: DISABLED
07-13 22:21:06.156  1750  2285 I ActivityManager: Process com.google.android.turboadapter (pid 8870) has died: cch+85 CEM 
07-13 22:21:06.162  1750  2258 W NetworkPolicy: shared quota unsupported; generating rule for each iface
07-13 22:21:06.206  1750  2394 W ContextImpl: Calling a method in the system process without a qualified user: android.app.ContextImpl.sendBroadcastMultiplePermissions:1214 com.android.server.TelephonyRegistry.broadcastServiceStateChanged:2911 com.android.server.TelephonyRegistry.notifyServiceStateForPhoneId:1613 com.android.internal.telephony.ITelephonyRegistry$Stub.onTransact:455 android.os.Binder.execTransactInternal:1179 
07-13 22:21:06.207  1750  2068 W BroadcastQueue: Permission Denial: receiving Intent { act=android.intent.action.SERVICE_STATE flg=0x1000010 (has extras) } to ProcessRecord{b767ac8 2380:com.android.systemui/u0a245} (pid=2380, uid=10245) requires android.permission.READ_PHONE_STATE due to sender android (uid 1001)
07-13 22:21:06.207  1750  2394 W ContextImpl: Calling a method in the system process without a qualified user: android.app.ContextImpl.sendBroadcastMultiplePermissions:1264 com.android.server.TelephonyRegistry.broadcastServiceStateChanged:2914 com.android.server.TelephonyRegistry.notifyServiceStateForPhoneId:1613 com.android.internal.telephony.ITelephonyRegistry$Stub.onTransact:455 android.os.Binder.execTransactInternal:1179 
07-13 22:21:06.208  1750  2068 W BroadcastQueue: Permission Denial: receiving Intent { act=android.intent.action.SERVICE_STATE flg=0x1000010 (has extras) } to ProcessRecord{9c88137 5094:com.google.android.wearable.app:background/u0a552} (pid=5094, uid=10552) requires android.permission.READ_PHONE_STATE due to sender android (uid 1001)
07-13 22:21:06.208  1750  2068 W BroadcastQueue: Permission Denial: receiving Intent { act=android.intent.action.SERVICE_STATE flg=0x1000010 (has extras) } to ProcessRecord{b767ac8 2380:com.android.systemui/u0a245} (pid=2380, uid=10245) requires android.permission.ACCESS_FINE_LOCATION due to sender android (uid 1001)
07-13 22:21:06.208  1750  2394 W ContextImpl: Calling a method in the system process without a qualified user: android.app.ContextImpl.sendBroadcastMultiplePermissions:1264 com.android.server.TelephonyRegistry.broadcastServiceStateChanged:2923 com.android.server.TelephonyRegistry.notifyServiceStateForPhoneId:1613 com.android.internal.telephony.ITelephonyRegistry$Stub.onTransact:455 android.os.Binder.execTransactInternal:1179 
07-13 22:21:06.208  1750  2068 W BroadcastQueue: Permission Denial: receiving Intent { act=android.intent.action.SERVICE_STATE flg=0x1000010 (has extras) } to ProcessRecord{9c88137 5094:com.google.android.wearable.app:background/u0a552} (pid=5094, uid=10552) requires android.permission.READ_PRIVILEGED_PHONE_STATE due to sender android (uid 1001)
07-13 22:21:06.209  1750  2068 W BroadcastQueue: Permission Denial: receiving Intent { act=android.intent.action.SERVICE_STATE flg=0x1000010 (has extras) } to ProcessRecord{b767ac8 2380:com.android.systemui/u0a245} (pid=2380, uid=10245) requires android.permission.READ_PHONE_STATE due to sender android (uid 1001)
07-13 22:21:06.209  1750  2394 W ContextImpl: Calling a method in the system process without a qualified user: android.app.ContextImpl.sendBroadcastMultiplePermissions:1264 com.android.server.TelephonyRegistry.broadcastServiceStateChanged:2926 com.android.server.TelephonyRegistry.notifyServiceStateForPhoneId:1613 com.android.internal.telephony.ITelephonyRegistry$Stub.onTransact:455 android.os.Binder.execTransactInternal:1179 
07-13 22:21:06.209  1750  2068 W BroadcastQueue: Permission Denial: receiving Intent { act=android.intent.action.SERVICE_STATE flg=0x1000010 (has extras) } to ProcessRecord{9c88137 5094:com.google.android.wearable.app:background/u0a552} (pid=5094, uid=10552) requires android.permission.READ_PHONE_STATE due to sender android (uid 1001)
07-13 22:21:06.216  1750  2068 W BroadcastQueue: Permission Denial: receiving Intent { act=android.intent.action.SERVICE_STATE flg=0x1000010 (has extras) } to ProcessRecord{9c88137 5094:com.google.android.wearable.app:background/u0a552} (pid=5094, uid=10552) requires android.permission.READ_PRIVILEGED_PHONE_STATE due to sender android (uid 1001)
07-13 22:21:06.563  1750  2490 I ActivityManager: Process com.sec.android.app.shealth (pid 11920) has died: cch+95 CEM 
07-13 22:21:06.668  1750  4309 W ContextImpl: Calling a method in the system process without a qualified user: android.app.ContextImpl.sendBroadcastMultiplePermissions:1214 com.android.server.TelephonyRegistry.broadcastServiceStateChanged:2911 com.android.server.TelephonyRegistry.notifyServiceStateForPhoneId:1613 com.android.internal.telephony.ITelephonyRegistry$Stub.onTransact:455 android.os.Binder.execTransactInternal:1179 
07-13 22:21:06.669  1750  4309 W ContextImpl: Calling a method in the system process without a qualified user: android.app.ContextImpl.sendBroadcastMultiplePermissions:1264 com.android.server.TelephonyRegistry.broadcastServiceStateChanged:2914 com.android.server.TelephonyRegistry.notifyServiceStateForPhoneId:1613 com.android.internal.telephony.ITelephonyRegistry$Stub.onTransact:455 android.os.Binder.execTransactInternal:1179 
07-13 22:21:06.669  1750  2068 W BroadcastQueue: Permission Denial: receiving Intent { act=android.intent.action.SERVICE_STATE flg=0x1000010 (has extras) } to ProcessRecord{b767ac8 2380:com.android.systemui/u0a245} (pid=2380, uid=10245) requires android.permission.READ_PHONE_STATE due to sender android (uid 1001)
07-13 22:21:06.669  1750  2068 W BroadcastQueue: Permission Denial: receiving Intent { act=android.intent.action.SERVICE_STATE flg=0x1000010 (has extras) } to ProcessRecord{9c88137 5094:com.google.android.wearable.app:background/u0a552} (pid=5094, uid=10552) requires android.permission.READ_PHONE_STATE due to sender android (uid 1001)
07-13 22:21:06.670  1750  2068 W BroadcastQueue: Permission Denial: receiving Intent { act=android.intent.action.SERVICE_STATE flg=0x1000010 (has extras) } to ProcessRecord{b767ac8 2380:com.android.systemui/u0a245} (pid=2380, uid=10245) requires android.permission.ACCESS_FINE_LOCATION due to sender android (uid 1001)
07-13 22:21:06.670  1750  2068 W BroadcastQueue: Permission Denial: receiving Intent { act=android.intent.action.SERVICE_STATE flg=0x1000010 (has extras) } to ProcessRecord{9c88137 5094:com.google.android.wearable.app:background/u0a552} (pid=5094, uid=10552) requires android.permission.READ_PRIVILEGED_PHONE_STATE due to sender android (uid 1001)
07-13 22:21:06.671  1750  4309 W ContextImpl: Calling a method in the system process without a qualified user: android.app.ContextImpl.sendBroadcastMultiplePermissions:1264 com.android.server.TelephonyRegistry.broadcastServiceStateChanged:2923 com.android.server.TelephonyRegistry.notifyServiceStateForPhoneId:1613 com.android.internal.telephony.ITelephonyRegistry$Stub.onTransact:455 android.os.Binder.execTransactInternal:1179 
07-13 22:21:06.671  1750  2068 W BroadcastQueue: Permission Denial: receiving Intent { act=android.intent.action.SERVICE_STATE flg=0x1000010 (has extras) } to ProcessRecord{b767ac8 2380:com.android.systemui/u0a245} (pid=2380, uid=10245) requires android.permission.READ_PHONE_STATE due to sender android (uid 1001)
07-13 22:21:06.671  1750  4309 W ContextImpl: Calling a method in the system process without a qualified user: android.app.ContextImpl.sendBroadcastMultiplePermissions:1264 com.android.server.TelephonyRegistry.broadcastServiceStateChanged:2926 com.android.server.TelephonyRegistry.notifyServiceStateForPhoneId:1613 com.android.internal.telephony.ITelephonyRegistry$Stub.onTransact:455 android.os.Binder.execTransactInternal:1179 
07-13 22:21:06.672  1750  2068 W BroadcastQueue: Permission Denial: receiving Intent { act=android.intent.action.SERVICE_STATE flg=0x1000010 (has extras) } to ProcessRecord{9c88137 5094:com.google.android.wearable.app:background/u0a552} (pid=5094, uid=10552) requires android.permission.READ_PHONE_STATE due to sender android (uid 1001)
07-13 22:21:06.677  1750  2068 W BroadcastQueue: Permission Denial: receiving Intent { act=android.intent.action.SERVICE_STATE flg=0x1000010 (has extras) } to ProcessRecord{9c88137 5094:com.google.android.wearable.app:background/u0a552} (pid=5094, uid=10552) requires android.permission.READ_PRIVILEGED_PHONE_STATE due to sender android (uid 1001)
07-13 22:21:06.719  1750  2258 W NetworkPolicy: shared quota unsupported; generating rule for each iface
07-13 22:21:06.742  1750  4246 D CompatibilityChangeReporter: Compat change id reported: 183164979; UID 10170; state: ENABLED
07-13 22:21:06.823  1750  1786 W AlarmManager: Window length 587603456ms too long; limiting to 1 day
07-13 22:21:06.858  1750  4264 W ActivityManager: Background start not allowed: service Intent { act=Orca.START cmp=com.instagram.android/com.facebook.rti.push.service.FbnsService (has extras) } to com.instagram.android/com.facebook.rti.push.service.FbnsService from pid=9223 uid=10297 pkg=com.instagram.android startFg?=false
07-13 22:21:06.886  1750  3029 I ActivityManager: Process com.amazon.avod.thirdpartyclient (pid 12188) has died: cch+95 CEM 
07-13 22:21:06.891  1750  4309 W ActivityManager: Background start not allowed: service Intent { act=Orca.START cmp=com.instagram.android/com.facebook.rti.push.service.FbnsService (has extras) } to com.instagram.android/com.facebook.rti.push.service.FbnsService from pid=9223 uid=10297 pkg=com.instagram.android startFg?=false
07-13 22:21:06.914  1750  3192 D CompatibilityChangeReporter: Compat change id reported: 183407956; UID 10017; state: DISABLED
07-13 22:21:06.931  1750  3192 W Telecom : : registerPhoneAccount - attempt to set a group from a non-system caller.: TSI.rPA@Hfs
07-13 22:21:06.932  1750  3192 I Telecom : PhoneAccountRegistrar: Modify account: [ComponentInfo{com.tmobile.digits/com.tmobile.digits.services.DigitsCallConnectionService}, ***, UserHandle{0}(lbl: ja450n@gmail.com -> DIGITS)]: TSI.rPA@Hfs
07-13 22:21:06.938  1750  3192 I Telecom : AppLabelProxy: package com.tmobile.digits: name is DIGITS: TSI.rPA@Hfs
07-13 22:21:06.941  1750  3192 I Telecom : CallsManager: handlePhoneAccountChanged: phoneAccount=[[X] PhoneAccount: ComponentInfo{com.tmobile.digits/com.tmobile.digits.services.DigitsCallConnectionService}, ***, UserHandle{0} Capabilities: SelfManaged SuppVideo Video  Audio Routes: BESW Schemes: tel sip  Extras: null GroupId: ***]: TSI.rPA@Hfs
07-13 22:21:07.110  1750  4309 D CompatibilityChangeReporter: Compat change id reported: 135634846; UID 10296; state: DISABLED
07-13 22:21:07.111  1750  4309 D CompatibilityChangeReporter: Compat change id reported: 177438394; UID 10296; state: DISABLED
07-13 22:21:07.111  1750  4309 D CompatibilityChangeReporter: Compat change id reported: 135772972; UID 10296; state: DISABLED
07-13 22:21:07.111  1750  4309 D CompatibilityChangeReporter: Compat change id reported: 135754954; UID 10296; state: ENABLED
07-13 22:21:07.111  1750  2069 D CompatibilityChangeReporter: Compat change id reported: 143937733; UID 10296; state: ENABLED
07-13 22:21:07.123  1750  2069 I ActivityManager: Start proc 17189:com.google.android.webview:sandboxed_process0:org.chromium.content.app.SandboxedProcessService0:0/u0i913 for  {com.tmobile.pr.mytmobile/org.chromium.content.app.SandboxedProcessService0:0}
07-13 22:21:07.728  1750  2258 W NetworkPolicy: shared quota unsupported; generating rule for each iface
07-13 22:21:07.764  1750  3029 W BroadcastQueue: Permission Denial: receiving Intent { act=android.intent.action.SERVICE_STATE flg=0x1000010 (has extras) } to com.google.android.cellbroadcastreceiver/com.android.cellbroadcastreceiver.CellBroadcastReceiver requires android.permission.READ_PHONE_STATE due to sender android (uid 1001)
07-13 22:21:07.767  1750  2068 W BroadcastQueue: Permission Denial: receiving Intent { act=android.intent.action.SERVICE_STATE flg=0x1000010 (has extras) } to com.google.android.cellbroadcastreceiver/com.android.cellbroadcastreceiver.CellBroadcastReceiver requires android.permission.ACCESS_FINE_LOCATION due to sender android (uid 1001)
07-13 22:21:07.767  1750  2068 W BroadcastQueue: Permission Denial: receiving Intent { act=android.intent.action.SERVICE_STATE flg=0x1000010 (has extras) } to com.google.android.cellbroadcastreceiver/com.android.cellbroadcastreceiver.CellBroadcastReceiver requires android.permission.READ_PHONE_STATE due to sender android (uid 1001)
07-13 22:21:07.767  1750  2068 D CompatibilityChangeReporter: Compat change id reported: 135634846; UID 10252; state: DISABLED
07-13 22:21:07.768  1750  2068 D CompatibilityChangeReporter: Compat change id reported: 177438394; UID 10252; state: DISABLED
07-13 22:21:07.768  1750  2068 D CompatibilityChangeReporter: Compat change id reported: 135772972; UID 10252; state: DISABLED
07-13 22:21:07.768  1750  2068 D CompatibilityChangeReporter: Compat change id reported: 135754954; UID 10252; state: ENABLED
07-13 22:21:07.768  1750  2069 D CompatibilityChangeReporter: Compat change id reported: 143937733; UID 10252; state: ENABLED
07-13 22:21:07.781  1750  2069 I ActivityManager: Start proc 17305:com.google.android.cellbroadcastreceiver/u0a252 for broadcast {com.google.android.cellbroadcastreceiver/com.android.cellbroadcastreceiver.CellBroadcastReceiver}
07-13 22:21:07.971  1750  1750 D CompatibilityChangeReporter: Compat change id reported: 168419799; UID 10584; state: DISABLED
07-13 22:21:08.103  1750  4246 W BroadcastQueue: Permission Denial: receiving Intent { act=android.intent.action.SERVICE_STATE flg=0x1000010 (has extras) } to com.google.android.cellbroadcastreceiver/com.android.cellbroadcastreceiver.CellBroadcastReceiver requires android.permission.READ_PHONE_STATE due to sender android (uid 1001)
07-13 22:21:08.106  1750  2068 W BroadcastQueue: Permission Denial: receiving Intent { act=android.intent.action.SERVICE_STATE flg=0x1000010 (has extras) } to com.google.android.cellbroadcastreceiver/com.android.cellbroadcastreceiver.CellBroadcastReceiver requires android.permission.ACCESS_FINE_LOCATION due to sender android (uid 1001)
07-13 22:21:08.106  1750  2068 W BroadcastQueue: Permission Denial: receiving Intent { act=android.intent.action.SERVICE_STATE flg=0x1000010 (has extras) } to com.google.android.cellbroadcastreceiver/com.android.cellbroadcastreceiver.CellBroadcastReceiver requires android.permission.READ_PHONE_STATE due to sender android (uid 1001)
07-13 22:21:10.320  1750  3029 D CompatibilityChangeReporter: Compat change id reported: 135634846; UID 10163; state: DISABLED
07-13 22:21:10.320  1750  3029 D CompatibilityChangeReporter: Compat change id reported: 177438394; UID 10163; state: DISABLED
07-13 22:21:10.320  1750  3029 D CompatibilityChangeReporter: Compat change id reported: 135772972; UID 10163; state: DISABLED
07-13 22:21:10.320  1750  3029 D CompatibilityChangeReporter: Compat change id reported: 135754954; UID 10163; state: ENABLED
07-13 22:21:10.320  1750  2069 D CompatibilityChangeReporter: Compat change id reported: 143937733; UID 10163; state: ENABLED
07-13 22:21:10.332  1750  2069 I ActivityManager: Start proc 17413:com.google.android.apps.wellbeing/u0a163 for content provider {com.google.android.apps.wellbeing/com.google.android.apps.wellbeing.api.impl.WellbeingSettingsProvider}
07-13 22:21:10.364  1750  3029 D CompatibilityChangeReporter: Compat change id reported: 168419799; UID 10163; state: DISABLED
07-13 22:21:10.438  1750  3029 D CompatibilityChangeReporter: Compat change id reported: 168419799; UID 10208; state: DISABLED
07-13 22:21:10.634  1750  2068 I ActivityManager: Waited long enough for: ServiceRecord{322388f u0 com.maxmpz.audioplayer/.player.HeadsetMicroService}
07-13 22:21:10.798  1750  2211 I ActivityManager: Killing 11628:com.google.ar.core/u0a218 (adj 985): empty #33
07-13 22:21:10.804  1750  4309 I ActivityManager: Killing 14949:org.wikipedia.beta/u0a271 (adj 985): empty #33
07-13 22:21:12.444  1750  3029 W ContextImpl: Calling a method in the system process without a qualified user: android.app.ContextImpl.sendBroadcastMultiplePermissions:1214 com.android.server.TelephonyRegistry.broadcastServiceStateChanged:2911 com.android.server.TelephonyRegistry.notifyServiceStateForPhoneId:1613 com.android.internal.telephony.ITelephonyRegistry$Stub.onTransact:455 android.os.Binder.execTransactInternal:1179 
07-13 22:21:12.445  1750  2068 W BroadcastQueue: Permission Denial: receiving Intent { act=android.intent.action.SERVICE_STATE flg=0x1000010 (has extras) } to ProcessRecord{b767ac8 2380:com.android.systemui/u0a245} (pid=2380, uid=10245) requires android.permission.READ_PHONE_STATE due to sender android (uid 1001)
07-13 22:21:12.445  1750  3029 W ContextImpl: Calling a method in the system process without a qualified user: android.app.ContextImpl.sendBroadcastMultiplePermissions:1264 com.android.server.TelephonyRegistry.broadcastServiceStateChanged:2914 com.android.server.TelephonyRegistry.notifyServiceStateForPhoneId:1613 com.android.internal.telephony.ITelephonyRegistry$Stub.onTransact:455 android.os.Binder.execTransactInternal:1179 
07-13 22:21:12.445  1750  2068 W BroadcastQueue: Permission Denial: receiving Intent { act=android.intent.action.SERVICE_STATE flg=0x1000010 (has extras) } to ProcessRecord{9c88137 5094:com.google.android.wearable.app:background/u0a552} (pid=5094, uid=10552) requires android.permission.READ_PHONE_STATE due to sender android (uid 1001)
07-13 22:21:12.445  1750  2068 W BroadcastQueue: Permission Denial: receiving Intent { act=android.intent.action.SERVICE_STATE flg=0x1000010 (has extras) } to com.google.android.cellbroadcastreceiver/com.android.cellbroadcastreceiver.CellBroadcastReceiver requires android.permission.READ_PHONE_STATE due to sender android (uid 1001)
07-13 22:21:12.446  1750  2068 W BroadcastQueue: Permission Denial: receiving Intent { act=android.intent.action.SERVICE_STATE flg=0x1000010 (has extras) } to ProcessRecord{b767ac8 2380:com.android.systemui/u0a245} (pid=2380, uid=10245) requires android.permission.ACCESS_FINE_LOCATION due to sender android (uid 1001)
07-13 22:21:12.446  1750  3029 W ContextImpl: Calling a method in the system process without a qualified user: android.app.ContextImpl.sendBroadcastMultiplePermissions:1264 com.android.server.TelephonyRegistry.broadcastServiceStateChanged:2923 com.android.server.TelephonyRegistry.notifyServiceStateForPhoneId:1613 com.android.internal.telephony.ITelephonyRegistry$Stub.onTransact:455 android.os.Binder.execTransactInternal:1179 
07-13 22:21:12.446  1750  2068 W BroadcastQueue: Permission Denial: receiving Intent { act=android.intent.action.SERVICE_STATE flg=0x1000010 (has extras) } to ProcessRecord{9c88137 5094:com.google.android.wearable.app:background/u0a552} (pid=5094, uid=10552) requires android.permission.READ_PRIVILEGED_PHONE_STATE due to sender android (uid 1001)
07-13 22:21:12.446  1750  2068 W BroadcastQueue: Permission Denial: receiving Intent { act=android.intent.action.SERVICE_STATE flg=0x1000010 (has extras) } to com.google.android.cellbroadcastreceiver/com.android.cellbroadcastreceiver.CellBroadcastReceiver requires android.permission.ACCESS_FINE_LOCATION due to sender android (uid 1001)
07-13 22:21:12.447  1750  3029 W ContextImpl: Calling a method in the system process without a qualified user: android.app.ContextImpl.sendBroadcastMultiplePermissions:1264 com.android.server.TelephonyRegistry.broadcastServiceStateChanged:2926 com.android.server.TelephonyRegistry.notifyServiceStateForPhoneId:1613 com.android.internal.telephony.ITelephonyRegistry$Stub.onTransact:455 android.os.Binder.execTransactInternal:1179 
07-13 22:21:12.448  1750  2068 W BroadcastQueue: Permission Denial: receiving Intent { act=android.intent.action.SERVICE_STATE flg=0x1000010 (has extras) } to ProcessRecord{b767ac8 2380:com.android.systemui/u0a245} (pid=2380, uid=10245) requires android.permission.READ_PHONE_STATE due to sender android (uid 1001)
07-13 22:21:12.449  1750  2068 W BroadcastQueue: Permission Denial: receiving Intent { act=android.intent.action.SERVICE_STATE flg=0x1000010 (has extras) } to ProcessRecord{9c88137 5094:com.google.android.wearable.app:background/u0a552} (pid=5094, uid=10552) requires android.permission.READ_PHONE_STATE due to sender android (uid 1001)
07-13 22:21:12.449  1750  2068 W BroadcastQueue: Permission Denial: receiving Intent { act=android.intent.action.SERVICE_STATE flg=0x1000010 (has extras) } to ProcessRecord{9c88137 5094:com.google.android.wearable.app:background/u0a552} (pid=5094, uid=10552) requires android.permission.READ_PRIVILEGED_PHONE_STATE due to sender android (uid 1001)
07-13 22:21:12.449  1750  2068 W BroadcastQueue: Permission Denial: receiving Intent { act=android.intent.action.SERVICE_STATE flg=0x1000010 (has extras) } to com.google.android.cellbroadcastreceiver/com.android.cellbroadcastreceiver.CellBroadcastReceiver requires android.permission.READ_PHONE_STATE due to sender android (uid 1001)
07-13 22:21:12.795  1278  1278 W wificond: Scan aborted
07-13 22:21:12.796  1278  1278 I wificond: Regulatory domain changed to country: US on wiphy_index: 0
07-13 22:21:12.797  1278  1278 I wificond: 2.4Ghz frequencies: 2412 2417 2422 2427 2432 2437 2442 2447 2452 2457 2462
07-13 22:21:12.797  1278  1278 I wificond: 5Ghz non-DFS frequencies: 5180 5200 5220 5240 5745 5765 5785 5805 5825
07-13 22:21:12.797  1278  1278 I wificond: 5Ghz DFS frequencies: 5260 5280 5300 5320 5500 5520 5540 5560 5580 5600 5620 5640 5660 5680 5700 5720
07-13 22:21:12.797  1278  1278 I wificond: 6Ghz frequencies:
07-13 22:21:12.797  1278  1278 I wificond: 60Ghz frequencies:
07-13 22:21:12.840  1750  2068 W BroadcastQueue: Background execution not allowed: receiving Intent { act=android.net.wifi.STATE_CHANGE flg=0x4000010 (has extras) } to com.bestbuy.android/com.swirl.Swirl$DeviceChanged
07-13 22:21:12.841  1750  2068 W BroadcastQueue: Background execution not allowed: receiving Intent { act=android.net.wifi.STATE_CHANGE flg=0x4000010 (has extras) } to com.ifttt.ifttt/com.ifttt.nativeservices.wifi.WifiBroadcastReceiver
07-13 22:21:12.841  1750  2068 W BroadcastQueue: Background execution not allowed: receiving Intent { act=android.net.wifi.STATE_CHANGE flg=0x4000010 (has extras) } to com.verizon.myfios/com.verizon.bhr4.common.NetworkStatusReceiver
07-13 22:21:12.855  1750  4231 W ProcessStats: Tracking association SourceState{584cdb3 system/1000 BTopFgs #2275616} whose proc state 2 is better than process ProcessState{baa4f70 net.dinglisch.android.taskerm/10289 pkg=net.dinglisch.android.taskerm} proc state 3 (165 skipped)
07-13 22:21:12.899  1750  2258 W NetworkPolicy: shared quota unsupported; generating rule for each iface
07-13 22:21:12.947  1018  1018 D vendor.google.wifi_ext@1.0-service-vendor: SetMacAddress succeeded on wlan0
07-13 22:21:12.964  1278  1278 I wificond: Regulatory domain changed to country: US on wiphy_index: 0
07-13 22:21:12.966  1278  1278 I wificond: 2.4Ghz frequencies: 2412 2417 2422 2427 2432 2437 2442 2447 2452 2457 2462
07-13 22:21:12.966  1278  1278 I wificond: 5Ghz non-DFS frequencies: 5180 5200 5220 5240 5745 5765 5785 5805 5825
07-13 22:21:12.966  1278  1278 I wificond: 5Ghz DFS frequencies: 5260 5280 5300 5320 5500 5520 5540 5560 5580 5600 5620 5640 5660 5680 5700 5720
07-13 22:21:12.966  1278  1278 I wificond: 6Ghz frequencies:
07-13 22:21:12.966  1278  1278 I wificond: 60Ghz frequencies:
