07-13 22:20:36.308  1750  2096 E KernelCpuUidActiveTimeReader: Negative delta from active time for uid: 10167, delta: -11
07-13 22:20:36.308  1750  2096 E KernelCpuUidActiveTimeReader: Negative delta from active time for uid: 10521, delta: -19
07-13 22:20:36.308  1750  2096 E KernelCpuUidActiveTimeReader: Negative delta from active time for uid: 10343, delta: -33
07-13 22:20:36.308  1750  2096 E KernelCpuUidActiveTimeReader: Negative delta from active time for uid: 10105, delta: -12
07-13 22:20:36.308  1750  2096 E KernelCpuUidActiveTimeReader: Negative delta from active time for uid: 10236, delta: -2
07-13 22:20:36.309  1750  2096 E KernelCpuUidActiveTimeReader: Negative delta from active time for uid: 10184, delta: -30
07-13 22:20:36.309  1750  2096 E KernelCpuUidActiveTimeReader: Negative delta from active time for uid: 10404, delta: -24
07-13 22:20:36.309  1750  2096 E KernelCpuUidActiveTimeReader: Negative delta from active time for uid: 10281, delta: -44
07-13 22:20:36.359  2380 12694 D PowerUI : can't show warning due to - plugged: true status unknown: false
07-13 22:20:36.363  1021  1021 E vendor.google.wireless_charger@1.3-service-vendor: enable rtx mode
07-13 22:20:36.406  2380 12345 D PowerUI : can't show warning due to - plugged: true status unknown: false
07-13 22:20:36.415  1750  5782 I UsbPortManager: ClientCallback V1_2: port0
07-13 22:20:36.415  1750  2042 I UsbPortManager: USB port changed: port=UsbPort{id=port0, supportedModes=dualsupportedContaminantProtectionModes=1supportsEnableContaminantPresenceProtection=falsesupportsEnableContaminantPresenceDetection=true, status=UsbPortStatus{connected=true, currentMode=ufp, currentPowerRole=sink, currentDataRole=device, supportedRoleCombinations=[source:host, source:device, sink:host, sink:device], contaminantDetectionStatus=2, contaminantProtectionStatus=0}, canChangeMode=true, canChangePowerRole=true, canChangeDataRole=true, connectedAtMillis=585953048, lastConnectDurationMillis=0
07-13 22:20:36.417  1750  5782 I UsbPortManager: ClientCallback V1_2: port0
07-13 22:20:36.428  1750  2297 I UsbPortManager: ClientCallback V1_2: port0
07-13 22:20:36.563  1750  1750 W Looper  : Slow dispatch took 304ms main h=com.android.server.power.Notifier$NotifierHandler c=null m=6
07-13 22:20:36.563  1750  1750 W Looper  : Slow delivery took 320ms main h=com.android.server.power.Notifier$NotifierHandler c=null m=7
07-13 22:20:36.585  2380  9009 D PowerUI : can't show warning due to - plugged: true status unknown: false
07-13 22:20:36.606  1750  1750 W Looper  : Drained
07-13 22:20:36.611  1750  2068 D CompatibilityChangeReporter: Compat change id reported: 135634846; UID 10271; state: DISABLED
07-13 22:20:36.611  1750  2068 D CompatibilityChangeReporter: Compat change id reported: 177438394; UID 10271; state: DISABLED
07-13 22:20:36.611  1750  2068 D CompatibilityChangeReporter: Compat change id reported: 135772972; UID 10271; state: DISABLED
07-13 22:20:36.611  1750  2068 D CompatibilityChangeReporter: Compat change id reported: 135754954; UID 10271; state: ENABLED
07-13 22:20:36.611  1750  2069 D CompatibilityChangeReporter: Compat change id reported: 143937733; UID 10271; state: ENABLED
07-13 22:20:36.629  1750  2069 I ActivityManager: Start proc 14949:org.wikipedia.beta/u0a271 for broadcast {org.wikipedia.beta/org.wikipedia.notifications.NotificationPollBroadcastReceiver}
07-13 22:20:36.632  2380 14871 D PowerUI : can't show warning due to - plugged: true status unknown: false
07-13 22:20:36.709  1750  4308 D CompatibilityChangeReporter: Compat change id reported: 135634846; UID 10180; state: DISABLED
07-13 22:20:36.710  1750  4308 D CompatibilityChangeReporter: Compat change id reported: 177438394; UID 10180; state: DISABLED
07-13 22:20:36.710  1750  4308 D CompatibilityChangeReporter: Compat change id reported: 135772972; UID 10180; state: DISABLED
07-13 22:20:36.710  1750  4308 D CompatibilityChangeReporter: Compat change id reported: 135754954; UID 10180; state: ENABLED
07-13 22:20:36.710  1750  2069 D CompatibilityChangeReporter: Compat change id reported: 143937733; UID 10180; state: ENABLED
07-13 22:20:36.723  1750  4365 D CompatibilityChangeReporter: Compat change id reported: 168419799; UID 10390; state: DISABLED
07-13 22:20:36.728  1750  2069 I ActivityManager: Start proc 14967:com.google.android.dialer/u0a180 for service {com.google.android.dialer/com.android.dialer.spam.inapp.SpamJobService}
07-13 22:20:36.744  1750  4232 D CompatibilityChangeReporter: Compat change id reported: 197654537; UID 10205; state: ENABLED
07-13 22:20:36.747  2380  3536 D PowerUI : can't show warning due to - plugged: true status unknown: false
07-13 22:20:36.758  1750  1750 D CompatibilityChangeReporter: Compat change id reported: 135634846; UID 10277; state: DISABLED
07-13 22:20:36.758  1750  1750 D CompatibilityChangeReporter: Compat change id reported: 177438394; UID 10277; state: DISABLED
07-13 22:20:36.758  1750  1750 D CompatibilityChangeReporter: Compat change id reported: 135772972; UID 10277; state: DISABLED
07-13 22:20:36.758  1750  1750 D CompatibilityChangeReporter: Compat change id reported: 135754954; UID 10277; state: ENABLED
07-13 22:20:36.759  1750  2069 D CompatibilityChangeReporter: Compat change id reported: 143937733; UID 10277; state: ENABLED
07-13 22:20:36.780  1750  2069 I ActivityManager: Start proc 14982:com.soundcloud.android/u0a277 for service {com.soundcloud.android/androidx.work.impl.background.systemjob.SystemJobService}
07-13 22:20:36.825  1750  4232 D CompatibilityChangeReporter: Compat change id reported: 168419799; UID 10277; state: DISABLED
07-13 22:20:36.847  2380  3910 D PowerUI : can't show warning due to - plugged: true status unknown: false
07-13 22:20:36.870  1750  4060 D CompatibilityChangeReporter: Compat change id reported: 135634846; UID 10539; state: DISABLED
07-13 22:20:36.871  1750  4060 D CompatibilityChangeReporter: Compat change id reported: 177438394; UID 10539; state: DISABLED
07-13 22:20:36.871  1750  4060 D CompatibilityChangeReporter: Compat change id reported: 135772972; UID 10539; state: DISABLED
07-13 22:20:36.871  1750  4060 D CompatibilityChangeReporter: Compat change id reported: 135754954; UID 10539; state: ENABLED
07-13 22:20:36.873  1750  2069 D CompatibilityChangeReporter: Compat change id reported: 143937733; UID 10539; state: ENABLED
07-13 22:20:36.891  1750  2069 I ActivityManager: Start proc 14998:com.shopify.arrive/u0a539 for service {com.shopify.arrive/com.transistorsoft.tsbackgroundfetch.FetchJobService}
07-13 22:20:37.089  1750  4232 I ActivityManager: Process com.google.android.apps.docs (pid 9733) has died: cch+95 CEM 
07-13 22:20:37.178  1750  4308 I ActivityManager: Process com.google.android.calendar (pid 10096) has died: cch+85 CEM 
07-13 22:20:37.256  1750  2258 W NetworkPolicy: shared quota unsupported; generating rule for each iface
07-13 22:20:37.270  1750  4231 I ActivityManager: Process com.android.providers.calendar (pid 10151) has died: cch+85 CEM 
07-13 22:20:37.310  1750  4446 D CompatibilityChangeReporter: Compat change id reported: 168419799; UID 10205; state: DISABLED
07-13 22:20:37.323  1750  4308 I ActivityManager: Process com.google.android.apps.wellbeing (pid 11274) has died: cch+75 CEM 
07-13 22:20:37.332 14998 14998 E LoadedApk: Unable to instantiate appComponentFactory
07-13 22:20:37.332 14998 14998 E LoadedApk: java.lang.ClassNotFoundException: Didn't find class "android.support.v4.app.CoreComponentFactory" on path: DexPathList[[zip file "/data/app/~~b4Ug2lFqgzE6bDidorY54A==/com.shopify.arrive-jy2de3xfXG7HBM8aIy85og==/base.apk", zip file "/data/app/~~b4Ug2lFqgzE6bDidorY54A==/com.shopify.arrive-jy2de3xfXG7HBM8aIy85og==/split_config.arm64_v8a.apk", zip file "/data/app/~~b4Ug2lFqgzE6bDidorY54A==/com.shopify.arrive-jy2de3xfXG7HBM8aIy85og==/split_config.en.apk", zip file "/data/app/~~b4Ug2lFqgzE6bDidorY54A==/com.shopify.arrive-jy2de3xfXG7HBM8aIy85og==/split_config.es.apk", zip file "/data/app/~~b4Ug2lFqgzE6bDidorY54A==/com.shopify.arrive-jy2de3xfXG7HBM8aIy85og==/split_config.xxhdpi.apk"],nativeLibraryDirectories=[/data/app/~~b4Ug2lFqgzE6bDidorY54A==/com.shopify.arrive-jy2de3xfXG7HBM8aIy85og==/lib/arm64, /data/app/~~b4Ug2lFqgzE6bDidorY54A==/com.shopify.arrive-jy2de3xfXG7HBM8aIy85og==/base.apk!/lib/arm64-v8a, /data/app/~~b4Ug2lFqgzE6bDidorY54A==/com.shopify.arrive-jy2de3xfXG7HBM8aIy85og==/split_config.arm64_v8a.apk!/lib/arm64-v8a, /data/app/~~b4Ug2lFqgzE6bDidorY54A==/com.shopify.arrive-jy2de3xfXG7HBM8aIy85og==/split_config.en.apk!/lib/arm64-v8a, /data/app/~~b4Ug2lFqgzE6bDidorY54A==/com.shopify.arrive-jy2de3xfXG7HBM8aIy85og==/split_config.es.apk!/lib/arm64-v8a, /data/app/~~b4Ug2lFqgzE6bDidorY54A==/com.shopify.arrive-jy2de3xfXG7HBM8aIy85og==/split_config.xxhdpi.apk!/lib/arm64-v8a, /system/lib64, /system_ext/lib64]]
07-13 22:20:37.332 14998 14998 E LoadedApk: 	at dalvik.system.BaseDexClassLoader.findClass(BaseDexClassLoader.java:218)
07-13 22:20:37.332 14998 14998 E LoadedApk: 	at java.lang.ClassLoader.loadClass(ClassLoader.java:379)
07-13 22:20:37.332 14998 14998 E LoadedApk: 	at java.lang.ClassLoader.loadClass(ClassLoader.java:312)
07-13 22:20:37.332 14998 14998 E LoadedApk: 	at android.app.LoadedApk.createAppFactory(LoadedApk.java:262)
07-13 22:20:37.332 14998 14998 E LoadedApk: 	at android.app.LoadedApk.createOrUpdateClassLoaderLocked(LoadedApk.java:975)
07-13 22:20:37.332 14998 14998 E LoadedApk: 	at android.app.LoadedApk.getClassLoader(LoadedApk.java:1062)
07-13 22:20:37.332 14998 14998 E LoadedApk: 	at android.app.LoadedApk.getResources(LoadedApk.java:1310)
07-13 22:20:37.332 14998 14998 E LoadedApk: 	at android.app.ContextImpl.createAppContext(ContextImpl.java:3036)
07-13 22:20:37.332 14998 14998 E LoadedApk: 	at android.app.ContextImpl.createAppContext(ContextImpl.java:3028)
07-13 22:20:37.332 14998 14998 E LoadedApk: 	at android.app.ActivityThread.handleBindApplication(ActivityThread.java:6660)
07-13 22:20:37.332 14998 14998 E LoadedApk: 	at android.app.ActivityThread.access$1500(ActivityThread.java:256)
07-13 22:20:37.332 14998 14998 E LoadedApk: 	at android.app.ActivityThread$H.handleMessage(ActivityThread.java:2091)
07-13 22:20:37.332 14998 14998 E LoadedApk: 	at android.os.Handler.dispatchMessage(Handler.java:106)
07-13 22:20:37.332 14998 14998 E LoadedApk: 	at android.os.Looper.loopOnce(Looper.java:201)
07-13 22:20:37.332 14998 14998 E LoadedApk: 	at android.os.Looper.loop(Looper.java:288)
07-13 22:20:37.332 14998 14998 E LoadedApk: 	at android.app.ActivityThread.main(ActivityThread.java:7870)
07-13 22:20:37.332 14998 14998 E LoadedApk: 	at java.lang.reflect.Method.invoke(Native Method)
07-13 22:20:37.332 14998 14998 E LoadedApk: 	at com.android.internal.os.RuntimeInit$MethodAndArgsCaller.run(RuntimeInit.java:548)
07-13 22:20:37.332 14998 14998 E LoadedApk: 	at com.android.internal.os.ZygoteInit.main(ZygoteInit.java:1003)
07-13 22:20:37.332 14998 14998 E LoadedApk: 	Suppressed: java.io.IOException: Failed to open dex files from /data/app/~~b4Ug2lFqgzE6bDidorY54A==/com.shopify.arrive-jy2de3xfXG7HBM8aIy85og==/split_config.arm64_v8a.apk because: Entry not found
07-13 22:20:37.332 14998 14998 E LoadedApk: 		at dalvik.system.DexFile.openDexFileNative(Native Method)
07-13 22:20:37.332 14998 14998 E LoadedApk: 		at dalvik.system.DexFile.openDexFile(DexFile.java:371)
07-13 22:20:37.332 14998 14998 E LoadedApk: 		at dalvik.system.DexFile.<init>(DexFile.java:113)
07-13 22:20:37.332 14998 14998 E LoadedApk: 		at dalvik.system.DexFile.<init>(DexFile.java:86)
07-13 22:20:37.332 14998 14998 E LoadedApk: 		at dalvik.system.DexPathList.loadDexFile(DexPathList.java:438)
07-13 22:20:37.332 14998 14998 E LoadedApk: 		at dalvik.system.DexPathList.makeDexElements(DexPathList.java:397)
07-13 22:20:37.332 14998 14998 E LoadedApk: 		at dalvik.system.DexPathList.<init>(DexPathList.java:166)
07-13 22:20:37.332 14998 14998 E LoadedApk: 		at dalvik.system.BaseDexClassLoader.<init>(BaseDexClassLoader.java:134)
07-13 22:20:37.332 14998 14998 E LoadedApk: 		at dalvik.system.BaseDexClassLoader.<init>(BaseDexClassLoader.java:109)
07-13 22:20:37.332 14998 14998 E LoadedApk: 		at dalvik.system.PathClassLoader.<init>(PathClassLoader.java:107)
07-13 22:20:37.332 14998 14998 E LoadedApk: 		at com.android.internal.os.ClassLoaderFactory.createClassLoader(ClassLoaderFactory.java:88)
07-13 22:20:37.332 14998 14998 E LoadedApk: 		at com.android.internal.os.ClassLoaderFactory.createClassLoader(ClassLoaderFactory.java:117)
07-13 22:20:37.332 14998 14998 E LoadedApk: 		at android.app.ApplicationLoaders.getClassLoader(ApplicationLoaders.java:123)
07-13 22:20:37.332 14998 14998 E LoadedApk: 		at android.app.ApplicationLoaders.getClassLoaderWithSharedLibraries(ApplicationLoaders.java:60)
07-13 22:20:37.332 14998 14998 E LoadedApk: 		at android.app.LoadedApk.createOrUpdateClassLoaderLocked(LoadedApk.java:971)
07-13 22:20:37.332 14998 14998 E LoadedApk: 		... 14 more
07-13 22:20:37.333 14998 14998 E LoadedApk: 	Suppressed: java.io.IOException: Failed to open dex files from /data/app/~~b4Ug2lFqgzE6bDidorY54A==/com.shopify.arrive-jy2de3xfXG7HBM8aIy85og==/split_config.en.apk because: Entry not found
07-13 22:20:37.333 14998 14998 E LoadedApk: 		at dalvik.system.DexFile.openDexFileNative(Native Method)
07-13 22:20:37.333 14998 14998 E LoadedApk: 		at dalvik.system.DexFile.openDexFile(DexFile.java:371)
07-13 22:20:37.333 14998 14998 E LoadedApk: 		at dalvik.system.DexFile.<init>(DexFile.java:113)
07-13 22:20:37.333 14998 14998 E LoadedApk: 		at dalvik.system.DexFile.<init>(DexFile.java:86)
07-13 22:20:37.333 14998 14998 E LoadedApk: 		at dalvik.system.DexPathList.loadDexFile(DexPathList.java:438)
07-13 22:20:37.333 14998 14998 E LoadedApk: 		at dalvik.system.DexPathList.makeDexElements(DexPathList.java:397)
07-13 22:20:37.333 14998 14998 E LoadedApk: 		at dalvik.system.DexPathList.<init>(DexPathList.java:166)
07-13 22:20:37.333 14998 14998 E LoadedApk: 		at dalvik.system.BaseDexClassLoader.<init>(BaseDexClassLoader.java:134)
07-13 22:20:37.333 14998 14998 E LoadedApk: 		at dalvik.system.BaseDexClassLoader.<init>(BaseDexClassLoader.java:109)
07-13 22:20:37.333 14998 14998 E LoadedApk: 		at dalvik.system.PathClassLoader.<init>(PathClassLoader.java:107)
07-13 22:20:37.333 14998 14998 E LoadedApk: 		at com.android.internal.os.ClassLoaderFactory.createClassLoader(ClassLoaderFactory.java:88)
07-13 22:20:37.333 14998 14998 E LoadedApk: 		at com.android.internal.os.ClassLoaderFactory.createClassLoader(ClassLoaderFactory.java:117)
07-13 22:20:37.333 14998 14998 E LoadedApk: 		at android.app.ApplicationLoaders.getClassLoader(ApplicationLoaders.java:123)
07-13 22:20:37.333 14998 14998 E LoadedApk: 		at android.app.ApplicationLoaders.getClassLoaderWithSharedLibraries(ApplicationLoaders.java:60)
07-13 22:20:37.333 14998 14998 E LoadedApk: 		at android.app.LoadedApk.createOrUpdateClassLoaderLocked(LoadedApk.java:971)
07-13 22:20:37.333 14998 14998 E LoadedApk: 		... 14 more
07-13 22:20:37.333 14998 14998 E LoadedApk: 	Suppressed: java.io.IOException: Failed to open dex files from /data/app/~~b4Ug2lFqgzE6bDidorY54A==/com.shopify.arrive-jy2de3xfXG7HBM8aIy85og==/split_config.es.apk because: Entry not found
07-13 22:20:37.333 14998 14998 E LoadedApk: 		at dalvik.system.DexFile.openDexFileNative(Native Method)
07-13 22:20:37.333 14998 14998 E LoadedApk: 		at dalvik.system.DexFile.openDexFile(DexFile.java:371)
07-13 22:20:37.333 14998 14998 E LoadedApk: 		at dalvik.system.DexFile.<init>(DexFile.java:113)
07-13 22:20:37.333 14998 14998 E LoadedApk: 		at dalvik.system.DexFile.<init>(DexFile.java:86)
07-13 22:20:37.333 14998 14998 E LoadedApk: 		at dalvik.system.DexPathList.loadDexFile(DexPathList.java:438)
07-13 22:20:37.333 14998 14998 E LoadedApk: 		at dalvik.system.DexPathList.makeDexElements(DexPathList.java:397)
07-13 22:20:37.333 14998 14998 E LoadedApk: 		at dalvik.system.DexPathList.<init>(DexPathList.java:166)
07-13 22:20:37.333 14998 14998 E LoadedApk: 		at dalvik.system.BaseDexClassLoader.<init>(BaseDexClassLoader.java:134)
07-13 22:20:37.333 14998 14998 E LoadedApk: 		at dalvik.system.BaseDexClassLoader.<init>(BaseDexClassLoader.java:109)
07-13 22:20:37.333 14998 14998 E LoadedApk: 		at dalvik.system.PathClassLoader.<init>(PathClassLoader.java:107)
07-13 22:20:37.333 14998 14998 E LoadedApk: 		at com.android.internal.os.ClassLoaderFactory.createClassLoader(ClassLoaderFactory.java:88)
07-13 22:20:37.333 14998 14998 E LoadedApk: 		at com.android.internal.os.ClassLoaderFactory.createClassLoader(ClassLoaderFactory.java:117)
07-13 22:20:37.333 14998 14998 E LoadedApk: 		at android.app.ApplicationLoaders.getClassLoader(ApplicationLoaders.java:123)
07-13 22:20:37.333 14998 14998 E LoadedApk: 		at android.app.ApplicationLoaders.getClassLoaderWithSharedLibraries(ApplicationLoaders.java:60)
07-13 22:20:37.333 14998 14998 E LoadedApk: 		at android.app.LoadedApk.createOrUpdateClassLoaderLocked(LoadedApk.java:971)
07-13 22:20:37.333 14998 14998 E LoadedApk: 		... 14 more
07-13 22:20:37.333 14998 14998 E LoadedApk: 	Suppressed: java.io.IOException: Failed to open dex files from /data/app/~~b4Ug2lFqgzE6bDidorY54A==/com.shopify.arrive-jy2de3xfXG7HBM8aIy85og==/split_config.xxhdpi.apk because: Entry not found
07-13 22:20:37.333 14998 14998 E LoadedApk: 		at dalvik.system.DexFile.openDexFileNative(Native Method)
07-13 22:20:37.333 14998 14998 E LoadedApk: 		at dalvik.system.DexFile.openDexFile(DexFile.java:371)
07-13 22:20:37.333 14998 14998 E LoadedApk: 		at dalvik.system.DexFile.<init>(DexFile.java:113)
07-13 22:20:37.333 14998 14998 E LoadedApk: 		at dalvik.system.DexFile.<init>(DexFile.java:86)
07-13 22:20:37.333 14998 14998 E LoadedApk: 		at dalvik.system.DexPathList.loadDexFile(DexPathList.java:438)
07-13 22:20:37.333 14998 14998 E LoadedApk: 		at dalvik.system.DexPathList.makeDexElements(DexPathList.java:397)
07-13 22:20:37.333 14998 14998 E LoadedApk: 		at dalvik.system.DexPathList.<init>(DexPathList.java:166)
07-13 22:20:37.333 14998 14998 E LoadedApk: 		at dalvik.system.BaseDexClassLoader.<init>(BaseDexClassLoader.java:134)
07-13 22:20:37.333 14998 14998 E LoadedApk: 		at dalvik.system.BaseDexClassLoader.<init>(BaseDexClassLoader.java:109)
07-13 22:20:37.333 14998 14998 E LoadedApk: 		at dalvik.system.PathClassLoader.<init>(PathClassLoader.java:107)
07-13 22:20:37.333 14998 14998 E LoadedApk: 		at com.android.internal.os.ClassLoaderFactory.createClassLoader(ClassLoaderFactory.java:88)
07-13 22:20:37.333 14998 14998 E LoadedApk: 		at com.android.internal.os.ClassLoaderFactory.createClassLoader(ClassLoaderFactory.java:117)
07-13 22:20:37.333 14998 14998 E LoadedApk: 		at android.app.ApplicationLoaders.getClassLoader(ApplicationLoaders.java:123)
07-13 22:20:37.333 14998 14998 E LoadedApk: 		at android.app.ApplicationLoaders.getClassLoaderWithSharedLibraries(ApplicationLoaders.java:60)
07-13 22:20:37.333 14998 14998 E LoadedApk: 		at android.app.LoadedApk.createOrUpdateClassLoaderLocked(LoadedApk.java:971)
07-13 22:20:37.333 14998 14998 E LoadedApk: 		... 14 more
07-13 22:20:37.454  1750  2258 W NetworkPolicy: shared quota unsupported; generating rule for each iface
07-13 22:20:37.592  1750  4057 I ActivityManager: Process com.reddit.frontpage (pid 10917) has died: cch+75 CEM 
07-13 22:20:37.632  1750  4057 D CompatibilityChangeReporter: Compat change id reported: 135634846; UID 10335; state: DISABLED
07-13 22:20:37.633  1750  4057 D CompatibilityChangeReporter: Compat change id reported: 177438394; UID 10335; state: DISABLED
07-13 22:20:37.633  1750  4057 D CompatibilityChangeReporter: Compat change id reported: 135772972; UID 10335; state: DISABLED
07-13 22:20:37.633  1750  4057 D CompatibilityChangeReporter: Compat change id reported: 135754954; UID 10335; state: ENABLED
07-13 22:20:37.633  1750  2069 D CompatibilityChangeReporter: Compat change id reported: 143937733; UID 10335; state: ENABLED
07-13 22:20:37.654  1750  2069 I ActivityManager: Start proc 15082:com.cigna.mobile.mycigna/u0a335 for broadcast {com.cigna.mobile.mycigna/com.launchdarkly.android.PollingUpdater}
07-13 22:20:37.687  1750  2258 W NetworkPolicy: shared quota unsupported; generating rule for each iface
07-13 22:20:37.715  1750  2996 D CompatibilityChangeReporter: Compat change id reported: 168419799; UID 10335; state: DISABLED
07-13 22:20:37.745  1750  4057 I ActivityManager: Process com.gianteagle.apps.grocery (pid 10673) has died: cch+95 CEM 
07-13 22:20:37.923  1750  3129 D CompatibilityChangeReporter: Compat change id reported: 169887240; UID 10180; state: ENABLED
07-13 22:20:37.925  1750  3129 D CompatibilityChangeReporter: Compat change id reported: 168936375; UID 10180; state: ENABLED
07-13 22:20:37.930  1750  3129 D CompatibilityChangeReporter: Compat change id reported: 73144566; UID 10180; state: ENABLED
07-13 22:20:38.123  1750  2043 I ActivityTaskManager: START u0 {act=android.intent.action.MAIN cat=[android.intent.category.HOME] flg=0x10000100 cmp=com.teslacoilsw.launcher/.NovaLauncher (has extras)} from uid 0
07-13 22:20:38.389  1750  3129 I ActivityManager: Process com.google.android.youtube (pid 11058) has died: cch+95 CEM 
07-13 22:20:38.405  1750  1750 D CompanionDeviceManagerService: onDeviceConnected(address = A0:14:3D:52:75:21)
07-13 22:20:38.405  1750  1750 I CompanionDeviceManagerService: onDeviceNearby(justAppeared, address = A0:14:3D:52:75:21)
07-13 22:20:38.661  2380  3014 D PowerUI : can't show warning due to - plugged: true status unknown: false
07-13 22:20:38.750  1750  1787 D CompatibilityChangeReporter: Compat change id reported: 177438394; UID 10144; state: DISABLED
07-13 22:20:38.750  1750  1787 D CompatibilityChangeReporter: Compat change id reported: 135772972; UID 10144; state: DISABLED
07-13 22:20:38.750  1750  1787 D CompatibilityChangeReporter: Compat change id reported: 135754954; UID 10144; state: ENABLED
07-13 22:20:38.750  1750  2069 D CompatibilityChangeReporter: Compat change id reported: 143937733; UID 10144; state: ENABLED
07-13 22:20:38.762  1750  2069 I ActivityManager: Start proc 15299:com.google.android.projection.gearhead:provider/u0a144 for content provider {com.google.android.projection.gearhead/com.google.android.apps.auto.components.projectionstate.ProjectionStateProvider}
07-13 22:20:38.825  1750  1787 D CompatibilityChangeReporter: Compat change id reported: 168419799; UID 10277; state: DISABLED
07-13 22:20:39.006  1750  4230 W AppOps  : Noting op not finished: uid 10170 pkg com.google.android.googlequicksearchbox code 79 startTime of in progress event=1657761246731
07-13 22:20:39.013  1750  1787 W AppOps  : Noting op not finished: uid 10202 pkg com.google.android.apps.maps code 79 startTime of in progress event=1657765235929
07-13 22:20:39.016  1750  1787 W AppOps  : Noting op not finished: uid 10152 pkg com.google.android.apps.scone code 79 startTime of in progress event=1657737840104
07-13 22:20:39.020  1750  1787 W AppOps  : Noting op not finished: uid 10447 pkg com.urbandroid.sleep code 79 startTime of in progress event=1657765235956
07-13 22:20:39.671  1750  2497 D BiometricService: canAuthenticate: User=0, Caller=0, Authenticators=15
07-13 22:20:39.671  1750  2497 D BiometricService/PreAuthInfo: Package: com.shopify.arrive Sensor ID: 0 Modality: 2 Status: 1
07-13 22:20:39.671  1750  2497 D BiometricService/PreAuthInfo: getCanAuthenticateInternal Modality: 2 AuthenticatorStatus: 1
07-13 22:20:39.671  1750  2497 D AuthService: canAuthenticate, userId: 0, callingUserId: 0, authenticators: 15, result: 0
07-13 22:20:40.135  1750  4231 I ContentCaptureManagerService: Data share request accepted by Content Capture service
07-13 22:20:40.145  2380 12694 D PowerUI : can't show warning due to - plugged: true status unknown: false
07-13 22:20:40.426  1750  2285 D CompatibilityChangeReporter: Compat change id reported: 177438394; UID 10144; state: DISABLED
07-13 22:20:40.427  1750  2285 D CompatibilityChangeReporter: Compat change id reported: 135772972; UID 10144; state: DISABLED
07-13 22:20:40.427  1750  2285 D CompatibilityChangeReporter: Compat change id reported: 135754954; UID 10144; state: ENABLED
07-13 22:20:40.427  1750  2069 D CompatibilityChangeReporter: Compat change id reported: 143937733; UID 10144; state: ENABLED
07-13 22:20:40.428  1750  2043 D CompatibilityChangeReporter: Compat change id reported: 171306433; UID 10144; state: ENABLED
07-13 22:20:40.441  1750  2069 I ActivityManager: Start proc 15432:com.google.android.projection.gearhead:shared/u0a144 for broadcast {com.google.android.projection.gearhead/com.google.android.apps.auto.wireless.bluetooth.WifiBluetoothReceiver}
07-13 22:20:40.468  1750  4099 W AppOps  : Noting op not finished: uid 10190 pkg com.google.android.gms code 113 startTime of in progress event=1657764290062
07-13 22:20:40.478  1750  2285 W AppOps  : Noting op not finished: uid 10202 pkg com.google.android.apps.maps code 79 startTime of in progress event=1657765235929
07-13 22:20:40.484  1750  4231 W AppOps  : Noting op not finished: uid 10190 pkg com.google.android.gms code 113 startTime of in progress event=1657764290062
07-13 22:20:40.491  1750  4099 W AppOps  : Noting op not finished: uid 10223 pkg com.google.android.gms.location.history code 79 startTime of in progress event=1657703118539
07-13 22:20:40.499  1750  4231 W AppOps  : Noting op not finished: uid 10447 pkg com.urbandroid.sleep code 79 startTime of in progress event=1657765235956
07-13 22:20:40.508  1750  4231 W AppOps  : Noting op not finished: uid 10190 pkg com.google.android.gms code 113 startTime of in progress event=1657764290062
07-13 22:20:40.928  1750  2285 D CompatibilityChangeReporter: Compat change id reported: 135634846; UID 10169; state: DISABLED
07-13 22:20:40.928  1750  2285 D CompatibilityChangeReporter: Compat change id reported: 177438394; UID 10169; state: DISABLED
07-13 22:20:40.928  1750  2285 D CompatibilityChangeReporter: Compat change id reported: 135772972; UID 10169; state: DISABLED
07-13 22:20:40.928  1750  2285 D CompatibilityChangeReporter: Compat change id reported: 135754954; UID 10169; state: ENABLED
07-13 22:20:40.928  1750  2069 D CompatibilityChangeReporter: Compat change id reported: 143937733; UID 10169; state: ENABLED
07-13 22:20:40.961  1750  2069 I ActivityManager: Start proc 15485:com.google.android.apps.wearables.maestro.companion/u0a169 for broadcast {com.google.android.apps.wearables.maestro.companion/com.google.android.apps.wearables.maestro.companion.connectivity.ClassicBTReceiver}
07-13 22:20:40.991  1750  2285 D CompatibilityChangeReporter: Compat change id reported: 168419799; UID 10169; state: DISABLED
07-13 22:20:41.304  2380  2380 V DeadZone: consuming errant click: (98.0,3.0)
07-13 22:20:41.304  2380  2380 V DeadZone: consuming errant click: (98.0,3.0)
07-13 22:20:42.171  1750  1750 D MediaRouterService: GlobalBluetoothA2dpOn is changed to 'true'
07-13 22:20:42.182  1750  3117 I ActivityTaskManager: START u0 {act=android.intent.action.MAIN cat=[android.intent.category.LAUNCHER] flg=0x10200000 cmp=com.google.android.gm/.ConversationListActivityGmail bnds=[648,2032][864,2208]} from uid 10259
07-13 22:20:42.187  1750  3117 D CompatibilityChangeReporter: Compat change id reported: 168419799; UID 10225; state: DISABLED
07-13 22:20:42.196  1750  3117 D CompatibilityChangeReporter: Compat change id reported: 174042980; UID 10225; state: DISABLED
07-13 22:20:42.197  1750  3117 D CompatibilityChangeReporter: Compat change id reported: 184838306; UID 10225; state: DISABLED
07-13 22:20:42.198  1750  3117 D CompatibilityChangeReporter: Compat change id reported: 185004937; UID 10225; state: DISABLED
07-13 22:20:42.198  1750  3117 D CompatibilityChangeReporter: Compat change id reported: 181136395; UID 10225; state: DISABLED
07-13 22:20:42.198  1750  3117 D CompatibilityChangeReporter: Compat change id reported: 174042936; UID 10225; state: DISABLED
07-13 22:20:42.222  1750  2996 D CompatibilityChangeReporter: Compat change id reported: 168419799; UID 10144; state: DISABLED
07-13 22:20:42.228  1750  4057 D TextToSpeechManagerPerUserService: Trying to start connection to TTS engine: com.google.android.tts
07-13 22:20:42.272  1750  1750 D TextToSpeechManagerPerUserService: Connected successfully to TTS engine: com.google.android.tts
07-13 22:20:42.331  1750  4057 D CompatibilityChangeReporter: Compat change id reported: 177438394; UID 10144; state: DISABLED
07-13 22:20:42.331  1750  4057 D CompatibilityChangeReporter: Compat change id reported: 135772972; UID 10144; state: DISABLED
07-13 22:20:42.331  1750  4057 D CompatibilityChangeReporter: Compat change id reported: 135754954; UID 10144; state: ENABLED
07-13 22:20:42.333  1750  2069 D CompatibilityChangeReporter: Compat change id reported: 143937733; UID 10144; state: ENABLED
07-13 22:20:42.393  1750  2069 W ActivityManager: Slow operation: 62ms so far, now at startProcess: returned from zygote!
07-13 22:20:42.393  1750  2069 W ActivityManager: Slow operation: 62ms so far, now at startProcess: done updating battery stats
07-13 22:20:42.393  1750  2069 W ActivityManager: Slow operation: 62ms so far, now at startProcess: building log message
07-13 22:20:42.393  1750  2069 I ActivityManager: Start proc 15574:com.google.android.projection.gearhead:car/u0a144 for broadcast {com.google.android.projection.gearhead/com.google.android.apps.auto.carservice.gmscorecompat.CarBluetoothReceiver}
07-13 22:20:42.393  1750  2069 W ActivityManager: Slow operation: 62ms so far, now at startProcess: starting to update pids map
07-13 22:20:42.393  1750  2069 W ActivityManager: Slow operation: 62ms so far, now at startProcess: done updating pids map
07-13 22:20:42.448  1750  2996 W ProcessStats: Tracking association SourceState{584cdb3 system/1000 BTopFgs #2274825} whose proc state 2 is better than process ProcessState{baa4f70 net.dinglisch.android.taskerm/10289 pkg=net.dinglisch.android.taskerm} proc state 3 (319 skipped)
07-13 22:20:42.573  1750  4099 I ActivityManager: Process com.amazon.mp3 (pid 12027) has died: cch+75 CEM 
07-13 22:20:42.592  1750  1750 I Telecom : WiredHeadsetManager: ACTION_HEADSET_PLUG event, plugged in: false, : WHC.oADA@Hd8
07-13 22:20:42.717  1750  2996 D CompatibilityChangeReporter: Compat change id reported: 157233955; UID 10144; state: ENABLED
07-13 22:20:42.818  1750  4099 I ContentCaptureManagerService: Data share request accepted by Content Capture service
07-13 22:20:43.002  1750  2996 D CompatibilityChangeReporter: Compat change id reported: 135634846; UID 10305; state: DISABLED
07-13 22:20:43.002  1750  2996 D CompatibilityChangeReporter: Compat change id reported: 177438394; UID 10305; state: DISABLED
07-13 22:20:43.002  1750  2996 D CompatibilityChangeReporter: Compat change id reported: 135772972; UID 10305; state: DISABLED
07-13 22:20:43.002  1750  2996 D CompatibilityChangeReporter: Compat change id reported: 135754954; UID 10305; state: ENABLED
07-13 22:20:43.003  1750  2069 D CompatibilityChangeReporter: Compat change id reported: 143937733; UID 10305; state: ENABLED
07-13 22:20:43.012  1750  2069 I ActivityManager: Start proc 15621:com.amazon.dee.app:alexa_accessories/u0a305 for broadcast {com.amazon.dee.app/com.amazon.alexa.accessory.AccessoryReceiver}
07-13 22:20:43.031  1750  3029 D CompatibilityChangeReporter: Compat change id reported: 168419799; UID 10305; state: DISABLED
07-13 22:20:43.639 15621 15621 E LoadedApk: Unable to instantiate appComponentFactory
07-13 22:20:43.639 15621 15621 E LoadedApk: java.lang.ClassNotFoundException: Didn't find class "com.amazon.dee.app.androidx" on path: DexPathList[[zip file "/data/app/~~agTi38ocr9XiffrQGAdeZg==/com.amazon.dee.app-A11jRAf32Wrc1TxT_mTcSg==/base.apk"],nativeLibraryDirectories=[/data/app/~~agTi38ocr9XiffrQGAdeZg==/com.amazon.dee.app-A11jRAf32Wrc1TxT_mTcSg==/lib/arm64, /data/app/~~agTi38ocr9XiffrQGAdeZg==/com.amazon.dee.app-A11jRAf32Wrc1TxT_mTcSg==/base.apk!/lib/arm64-v8a, /system/lib64, /system_ext/lib64]]
07-13 22:20:43.639 15621 15621 E LoadedApk: 	at dalvik.system.BaseDexClassLoader.findClass(BaseDexClassLoader.java:218)
07-13 22:20:43.639 15621 15621 E LoadedApk: 	at java.lang.ClassLoader.loadClass(ClassLoader.java:379)
07-13 22:20:43.639 15621 15621 E LoadedApk: 	at java.lang.ClassLoader.loadClass(ClassLoader.java:312)
07-13 22:20:43.639 15621 15621 E LoadedApk: 	at android.app.LoadedApk.createAppFactory(LoadedApk.java:262)
07-13 22:20:43.639 15621 15621 E LoadedApk: 	at android.app.LoadedApk.createOrUpdateClassLoaderLocked(LoadedApk.java:975)
07-13 22:20:43.639 15621 15621 E LoadedApk: 	at android.app.LoadedApk.getClassLoader(LoadedApk.java:1062)
07-13 22:20:43.639 15621 15621 E LoadedApk: 	at android.app.LoadedApk.getResources(LoadedApk.java:1310)
07-13 22:20:43.639 15621 15621 E LoadedApk: 	at android.app.ContextImpl.createAppContext(ContextImpl.java:3036)
07-13 22:20:43.639 15621 15621 E LoadedApk: 	at android.app.ContextImpl.createAppContext(ContextImpl.java:3028)
07-13 22:20:43.639 15621 15621 E LoadedApk: 	at android.app.ActivityThread.handleBindApplication(ActivityThread.java:6660)
07-13 22:20:43.639 15621 15621 E LoadedApk: 	at android.app.ActivityThread.access$1500(ActivityThread.java:256)
07-13 22:20:43.639 15621 15621 E LoadedApk: 	at android.app.ActivityThread$H.handleMessage(ActivityThread.java:2091)
07-13 22:20:43.639 15621 15621 E LoadedApk: 	at android.os.Handler.dispatchMessage(Handler.java:106)
07-13 22:20:43.639 15621 15621 E LoadedApk: 	at android.os.Looper.loopOnce(Looper.java:201)
07-13 22:20:43.639 15621 15621 E LoadedApk: 	at android.os.Looper.loop(Looper.java:288)
07-13 22:20:43.639 15621 15621 E LoadedApk: 	at android.app.ActivityThread.main(ActivityThread.java:7870)
07-13 22:20:43.639 15621 15621 E LoadedApk: 	at java.lang.reflect.Method.invoke(Native Method)
07-13 22:20:43.639 15621 15621 E LoadedApk: 	at com.android.internal.os.RuntimeInit$MethodAndArgsCaller.run(RuntimeInit.java:548)
07-13 22:20:43.639 15621 15621 E LoadedApk: 	at com.android.internal.os.ZygoteInit.main(ZygoteInit.java:1003)
07-13 22:20:43.820  1750  3029 D CompatibilityChangeReporter: Compat change id reported: 135634846; UID 10305; state: DISABLED
07-13 22:20:43.820  1750  3029 D CompatibilityChangeReporter: Compat change id reported: 177438394; UID 10305; state: DISABLED
07-13 22:20:43.820  1750  3029 D CompatibilityChangeReporter: Compat change id reported: 135772972; UID 10305; state: DISABLED
07-13 22:20:43.821  1750  3029 D CompatibilityChangeReporter: Compat change id reported: 135754954; UID 10305; state: ENABLED
07-13 22:20:43.821  1750  2069 D CompatibilityChangeReporter: Compat change id reported: 143937733; UID 10305; state: ENABLED
07-13 22:20:43.836  1750  2069 I ActivityManager: Start proc 15683:com.amazon.dee.app:feature/u0a305 for content provider {com.amazon.dee.app/com.amazon.alexa.feature.FeatureFlagContentProvider}
07-13 22:20:43.854  1750  2069 I ActivityManager: Start proc 15690:com.amazon.dee.app:alexa_authservice/u0a305 for service {com.amazon.dee.app/com.amazon.alexa.auth.map.MAPProxyService}
07-13 22:20:43.897  1750  4099 W AppOps  : Noting op not finished: uid 10447 pkg com.urbandroid.sleep code 79 startTime of in progress event=1657765235956
07-13 22:20:44.224  1750  1750 D CompatibilityChangeReporter: Compat change id reported: 135634846; UID 10584; state: DISABLED
07-13 22:20:44.224  1750  1750 D CompatibilityChangeReporter: Compat change id reported: 177438394; UID 10584; state: DISABLED
07-13 22:20:44.225  1750  1750 D CompatibilityChangeReporter: Compat change id reported: 135772972; UID 10584; state: DISABLED
07-13 22:20:44.225  1750  1750 D CompatibilityChangeReporter: Compat change id reported: 135754954; UID 10584; state: ENABLED
07-13 22:20:44.225  1750  2069 D CompatibilityChangeReporter: Compat change id reported: 143937733; UID 10584; state: ENABLED
07-13 22:20:44.241  1750  2069 I ActivityManager: Start proc 15739:com.nytimes.crossword/u0a584 for service {com.nytimes.crossword/androidx.work.impl.background.systemjob.SystemJobService}
07-13 22:20:44.251 15683 15683 E LoadedApk: Unable to instantiate appComponentFactory
07-13 22:20:44.251 15683 15683 E LoadedApk: java.lang.ClassNotFoundException: Didn't find class "com.amazon.dee.app.androidx" on path: DexPathList[[zip file "/data/app/~~agTi38ocr9XiffrQGAdeZg==/com.amazon.dee.app-A11jRAf32Wrc1TxT_mTcSg==/base.apk"],nativeLibraryDirectories=[/data/app/~~agTi38ocr9XiffrQGAdeZg==/com.amazon.dee.app-A11jRAf32Wrc1TxT_mTcSg==/lib/arm64, /data/app/~~agTi38ocr9XiffrQGAdeZg==/com.amazon.dee.app-A11jRAf32Wrc1TxT_mTcSg==/base.apk!/lib/arm64-v8a, /system/lib64, /system_ext/lib64]]
07-13 22:20:44.251 15683 15683 E LoadedApk: 	at dalvik.system.BaseDexClassLoader.findClass(BaseDexClassLoader.java:218)
07-13 22:20:44.251 15683 15683 E LoadedApk: 	at java.lang.ClassLoader.loadClass(ClassLoader.java:379)
07-13 22:20:44.251 15683 15683 E LoadedApk: 	at java.lang.ClassLoader.loadClass(ClassLoader.java:312)
07-13 22:20:44.251 15683 15683 E LoadedApk: 	at android.app.LoadedApk.createAppFactory(LoadedApk.java:262)
07-13 22:20:44.251 15683 15683 E LoadedApk: 	at android.app.LoadedApk.createOrUpdateClassLoaderLocked(LoadedApk.java:975)
07-13 22:20:44.251 15683 15683 E LoadedApk: 	at android.app.LoadedApk.getClassLoader(LoadedApk.java:1062)
07-13 22:20:44.251 15683 15683 E LoadedApk: 	at android.app.LoadedApk.getResources(LoadedApk.java:1310)
07-13 22:20:44.251 15683 15683 E LoadedApk: 	at android.app.ContextImpl.createAppContext(ContextImpl.java:3036)
07-13 22:20:44.251 15683 15683 E LoadedApk: 	at android.app.ContextImpl.createAppContext(ContextImpl.java:3028)
07-13 22:20:44.251 15683 15683 E LoadedApk: 	at android.app.ActivityThread.handleBindApplication(ActivityThread.java:6660)
07-13 22:20:44.251 15683 15683 E LoadedApk: 	at android.app.ActivityThread.access$1500(ActivityThread.java:256)
07-13 22:20:44.251 15683 15683 E LoadedApk: 	at android.app.ActivityThread$H.handleMessage(ActivityThread.java:2091)
07-13 22:20:44.251 15683 15683 E LoadedApk: 	at android.os.Handler.dispatchMessage(Handler.java:106)
07-13 22:20:44.251 15683 15683 E LoadedApk: 	at android.os.Looper.loopOnce(Looper.java:201)
07-13 22:20:44.251 15683 15683 E LoadedApk: 	at android.os.Looper.loop(Looper.java:288)
07-13 22:20:44.251 15683 15683 E LoadedApk: 	at android.app.ActivityThread.main(ActivityThread.java:7870)
07-13 22:20:44.251 15683 15683 E LoadedApk: 	at java.lang.reflect.Method.invoke(Native Method)
07-13 22:20:44.251 15683 15683 E LoadedApk: 	at com.android.internal.os.RuntimeInit$MethodAndArgsCaller.run(RuntimeInit.java:548)
07-13 22:20:44.251 15683 15683 E LoadedApk: 	at com.android.internal.os.ZygoteInit.main(ZygoteInit.java:1003)
07-13 22:20:44.259 15690 15690 E LoadedApk: Unable to instantiate appComponentFactory
07-13 22:20:44.259 15690 15690 E LoadedApk: java.lang.ClassNotFoundException: Didn't find class "com.amazon.dee.app.androidx" on path: DexPathList[[zip file "/data/app/~~agTi38ocr9XiffrQGAdeZg==/com.amazon.dee.app-A11jRAf32Wrc1TxT_mTcSg==/base.apk"],nativeLibraryDirectories=[/data/app/~~agTi38ocr9XiffrQGAdeZg==/com.amazon.dee.app-A11jRAf32Wrc1TxT_mTcSg==/lib/arm64, /data/app/~~agTi38ocr9XiffrQGAdeZg==/com.amazon.dee.app-A11jRAf32Wrc1TxT_mTcSg==/base.apk!/lib/arm64-v8a, /system/lib64, /system_ext/lib64]]
07-13 22:20:44.259 15690 15690 E LoadedApk: 	at dalvik.system.BaseDexClassLoader.findClass(BaseDexClassLoader.java:218)
07-13 22:20:44.259 15690 15690 E LoadedApk: 	at java.lang.ClassLoader.loadClass(ClassLoader.java:379)
07-13 22:20:44.259 15690 15690 E LoadedApk: 	at java.lang.ClassLoader.loadClass(ClassLoader.java:312)
07-13 22:20:44.259 15690 15690 E LoadedApk: 	at android.app.LoadedApk.createAppFactory(LoadedApk.java:262)
07-13 22:20:44.259 15690 15690 E LoadedApk: 	at android.app.LoadedApk.createOrUpdateClassLoaderLocked(LoadedApk.java:975)
07-13 22:20:44.259 15690 15690 E LoadedApk: 	at android.app.LoadedApk.getClassLoader(LoadedApk.java:1062)
07-13 22:20:44.259 15690 15690 E LoadedApk: 	at android.app.LoadedApk.getResources(LoadedApk.java:1310)
07-13 22:20:44.259 15690 15690 E LoadedApk: 	at android.app.ContextImpl.createAppContext(ContextImpl.java:3036)
07-13 22:20:44.259 15690 15690 E LoadedApk: 	at android.app.ContextImpl.createAppContext(ContextImpl.java:3028)
07-13 22:20:44.259 15690 15690 E LoadedApk: 	at android.app.ActivityThread.handleBindApplication(ActivityThread.java:6660)
07-13 22:20:44.259 15690 15690 E LoadedApk: 	at android.app.ActivityThread.access$1500(ActivityThread.java:256)
07-13 22:20:44.259 15690 15690 E LoadedApk: 	at android.app.ActivityThread$H.handleMessage(ActivityThread.java:2091)
07-13 22:20:44.259 15690 15690 E LoadedApk: 	at android.os.Handler.dispatchMessage(Handler.java:106)
07-13 22:20:44.259 15690 15690 E LoadedApk: 	at android.os.Looper.loopOnce(Looper.java:201)
07-13 22:20:44.259 15690 15690 E LoadedApk: 	at android.os.Looper.loop(Looper.java:288)
07-13 22:20:44.259 15690 15690 E LoadedApk: 	at android.app.ActivityThread.main(ActivityThread.java:7870)
07-13 22:20:44.259 15690 15690 E LoadedApk: 	at java.lang.reflect.Method.invoke(Native Method)
07-13 22:20:44.259 15690 15690 E LoadedApk: 	at com.android.internal.os.RuntimeInit$MethodAndArgsCaller.run(RuntimeInit.java:548)
07-13 22:20:44.259 15690 15690 E LoadedApk: 	at com.android.internal.os.ZygoteInit.main(ZygoteInit.java:1003)
07-13 22:20:44.263  1750  4309 D CompatibilityChangeReporter: Compat change id reported: 168419799; UID 10584; state: DISABLED
07-13 22:20:44.595  1750  3029 D CompatibilityChangeReporter: Compat change id reported: 135634846; UID 10217; state: DISABLED
07-13 22:20:44.595  1750  3029 D CompatibilityChangeReporter: Compat change id reported: 177438394; UID 10217; state: DISABLED
07-13 22:20:44.595  1750  3029 D CompatibilityChangeReporter: Compat change id reported: 135772972; UID 10217; state: DISABLED
07-13 22:20:44.595  1750  3029 D CompatibilityChangeReporter: Compat change id reported: 135754954; UID 10217; state: ENABLED
07-13 22:20:44.595  1750  2069 D CompatibilityChangeReporter: Compat change id reported: 143937733; UID 10217; state: ENABLED
07-13 22:20:44.604  1750  2069 I ActivityManager: Start proc 15880:com.google.android.webview:webview_service/u0a217 for service {com.google.android.webview/org.chromium.android_webview.services.VariationsSeedServer}
07-13 22:20:44.679  1750  2045 I ActivityTaskManager: Config changes=20000480 {1.0 310mcc260mnc [en_US] ldltr sw392dp w753dp h340dp 440dpi nrml long hdr widecg land finger -keyb/v/h -nav/h winConfig={ mBounds=Rect(0, 0 - 2340, 1080) mAppBounds=Rect(136, 0 - 2208, 1080) mMaxBounds=Rect(0, 0 - 2340, 1080) mWindowingMode=fullscreen mDisplayWindowingMode=fullscreen mActivityType=undefined mAlwaysOnTop=undefined mRotation=ROTATION_90} as.4 s.57682 fontWeightAdjustment=0}
07-13 22:20:44.688  1750  2045 I WindowManager: Override config changes=20000480 {1.0 310mcc260mnc [en_US] ldltr sw392dp w753dp h340dp 440dpi nrml long hdr widecg land finger -keyb/v/h -nav/h winConfig={ mBounds=Rect(0, 0 - 2340, 1080) mAppBounds=Rect(136, 0 - 2208, 1080) mMaxBounds=Rect(0, 0 - 2340, 1080) mWindowingMode=fullscreen mDisplayWindowingMode=fullscreen mActivityType=undefined mAlwaysOnTop=undefined mRotation=ROTATION_90} as.4 s.57682 fontWeightAdjustment=0} for displayId=0
07-13 22:20:44.705  1750  2045 D CompatibilityChangeReporter: Compat change id reported: 174042980; UID 10205; state: DISABLED
07-13 22:20:44.705  1750  2045 D CompatibilityChangeReporter: Compat change id reported: 184838306; UID 10205; state: DISABLED
07-13 22:20:44.706  1750  2045 D CompatibilityChangeReporter: Compat change id reported: 185004937; UID 10205; state: DISABLED
07-13 22:20:44.727  1750  2045 D CompatibilityChangeReporter: Compat change id reported: 174042980; UID 10208; state: DISABLED
07-13 22:20:44.727  1750  2045 D CompatibilityChangeReporter: Compat change id reported: 184838306; UID 10208; state: DISABLED
07-13 22:20:44.727  1750  2045 D CompatibilityChangeReporter: Compat change id reported: 185004937; UID 10208; state: DISABLED
07-13 22:20:44.727  1750  2045 D CompatibilityChangeReporter: Compat change id reported: 181136395; UID 10208; state: DISABLED
07-13 22:20:44.728  1750  2045 D CompatibilityChangeReporter: Compat change id reported: 174042936; UID 10208; state: DISABLED
07-13 22:20:44.729  1750  2045 D CompatibilityChangeReporter: Compat change id reported: 197654537; UID 10409; state: ENABLED
07-13 22:20:44.729  1750  2045 D CompatibilityChangeReporter: Compat change id reported: 174042980; UID 10409; state: DISABLED
07-13 22:20:44.729  1750  2045 D CompatibilityChangeReporter: Compat change id reported: 184838306; UID 10409; state: DISABLED
07-13 22:20:44.730  1750  2045 D CompatibilityChangeReporter: Compat change id reported: 185004937; UID 10409; state: DISABLED
07-13 22:20:44.730  1750  2045 D CompatibilityChangeReporter: Compat change id reported: 181136395; UID 10409; state: DISABLED
07-13 22:20:44.730  1750  2045 D CompatibilityChangeReporter: Compat change id reported: 174042936; UID 10409; state: DISABLED
07-13 22:20:44.731  1750  2045 D CompatibilityChangeReporter: Compat change id reported: 197654537; UID 10264; state: ENABLED
07-13 22:20:44.731  1750  2045 D CompatibilityChangeReporter: Compat change id reported: 174042980; UID 10264; state: DISABLED
07-13 22:20:44.732  1750  2045 D CompatibilityChangeReporter: Compat change id reported: 184838306; UID 10264; state: DISABLED
07-13 22:20:44.732  1750  2045 D CompatibilityChangeReporter: Compat change id reported: 185004937; UID 10264; state: DISABLED
07-13 22:20:44.732  1750  2045 D CompatibilityChangeReporter: Compat change id reported: 181136395; UID 10264; state: DISABLED
07-13 22:20:44.732  1750  2045 D CompatibilityChangeReporter: Compat change id reported: 174042936; UID 10264; state: DISABLED
07-13 22:20:44.754  1750  3029 W ActivityManager: Slow operation: 117ms so far, now at attachApplicationLocked: immediately after bindApplication
07-13 22:20:44.754  1750  3029 W ActivityManager: Slow operation: 117ms so far, now at attachApplicationLocked: after updateLruProcessLocked
07-13 22:20:44.775  1750  3029 D CompatibilityChangeReporter: Compat change id reported: 168419799; UID 10217; state: DISABLED
07-13 22:20:44.775  1750  1786 D CompatibilityChangeReporter: Compat change id reported: 157929241; UID 1000; state: LOGGED
07-13 22:20:44.777  1750  3029 W ActivityManager: Slow operation: 141ms so far, now at attachApplicationLocked: after mServices.attachApplicationLocked
07-13 22:20:44.830  1750  4246 I WindowManager: finishDrawing of orientation change: Window{1d89de5 u0 ScreenDecorOverlayBottom} 76ms
07-13 22:20:44.843  1750  2497 D CompatibilityChangeReporter: Compat change id reported: 135634846; UID 10584; state: DISABLED
07-13 22:20:44.843  1750  2497 D CompatibilityChangeReporter: Compat change id reported: 177438394; UID 10584; state: DISABLED
07-13 22:20:44.843  1750  2497 D CompatibilityChangeReporter: Compat change id reported: 135772972; UID 10584; state: DISABLED
07-13 22:20:44.843  1750  2497 D CompatibilityChangeReporter: Compat change id reported: 135754954; UID 10584; state: ENABLED
07-13 22:20:44.844  1750  2069 D CompatibilityChangeReporter: Compat change id reported: 143937733; UID 10584; state: ENABLED
07-13 22:20:44.855  1750  3029 I WindowManager: finishDrawing of orientation change: Window{edc1762 u0 ScreenDecorOverlay} 102ms
07-13 22:20:44.870  1750  2497 I WindowManager: finishDrawing of orientation change: Window{becf469 u0 NavigationBar0} 116ms
07-13 22:20:44.889  1750  2069 I ActivityManager: Start proc 15976:com.google.android.webview:sandboxed_process0:org.chromium.content.app.SandboxedProcessService0:0/u0i912 for  {com.nytimes.crossword/org.chromium.content.app.SandboxedProcessService0:0}
07-13 22:20:44.927  1750  2045 V WindowManager: Unknown focus tokens, dropping reportFocusChanged
07-13 22:20:44.956  1750  4446 D CompatibilityChangeReporter: Compat change id reported: 168419799; UID 10584; state: DISABLED
07-13 22:20:45.021  1750  4446 I WindowManager: finishDrawing of orientation change: Window{f099973 u0 StatusBar} 267ms
07-13 22:20:45.148  1750  3129 I WindowManager: finishDrawing of orientation change: Window{39e0814 u0 com.android.systemui} 394ms
07-13 22:20:45.182  1750  4446 I WindowManager: finishDrawing of relaunch: Window{4716259 u0 com.google.android.gm/com.google.android.gm.ConversationListActivityGmail} 439ms
07-13 22:20:45.202  1750  2046 I WindowManager: Screen frozen for +560ms due to Window{4716259 u0 com.google.android.gm/com.google.android.gm.ConversationListActivityGmail}
07-13 22:20:45.236  1750  3029 I ActivityManager: Process com.google.android.cellbroadcastreceiver (pid 10519) has died: cch+65 CEM 
07-13 22:20:45.267  1750  4058 I ActivityManager: Process com.google.android.webview:sandboxed_process0:org.chromium.content.app.SandboxedProcessService0:0 (pid 10317) has died: cch+75 CEM 
07-13 22:20:45.268  1750  4058 W ActivityManager: Scheduling restart of crashed service com.nextdoor/org.chromium.content.app.SandboxedProcessService0:0 in 1000ms for connection
07-13 22:20:45.296  1750  2096 E KernelCpuUidActiveTimeReader: Negative delta from active time for uid: 10229, delta: -12
07-13 22:20:45.296  1750  2096 E KernelCpuUidActiveTimeReader: Negative delta from active time for uid: 10151, delta: -22
07-13 22:20:45.296  1750  2096 E KernelCpuUidActiveTimeReader: Negative delta from active time for uid: 10167, delta: -11
07-13 22:20:45.296  1750  2096 E KernelCpuUidActiveTimeReader: Negative delta from active time for uid: 10521, delta: -19
07-13 22:20:45.296  1750  2096 E KernelCpuUidActiveTimeReader: Negative delta from active time for uid: 10343, delta: -33
07-13 22:20:45.307  1750  2096 E KernelCpuUidActiveTimeReader: Negative delta from active time for uid: 10105, delta: -12
07-13 22:20:45.307  1750  2096 E KernelCpuUidActiveTimeReader: Negative delta from active time for uid: 10236, delta: -2
07-13 22:20:45.308  1750  2096 E KernelCpuUidActiveTimeReader: Negative delta from active time for uid: 10184, delta: -30
