07-13 15:16:07.766  1750  3129 W AppOps  : Noting op not finished: uid 10202 pkg com.google.android.apps.maps code 79 startTime of in progress event=1657739733667
07-13 15:16:07.776  1750  3129 W AppOps  : Noting op not finished: uid 10190 pkg com.google.android.gms code 113 startTime of in progress event=1657737838535
07-13 15:16:07.796  1750  3129 W AppOps  : Noting op not finished: uid 10223 pkg com.google.android.gms.location.history code 79 startTime of in progress event=1657703118539
07-13 15:16:07.809  1750  3029 W AppOps  : Noting op not finished: uid 10447 pkg com.urbandroid.sleep code 79 startTime of in progress event=1657739733940
07-13 15:16:07.818  1750  4309 W AppOps  : Noting op not finished: uid 10190 pkg com.google.android.gms code 113 startTime of in progress event=1657737838535
07-13 15:16:08.110  1750  2043 I ActivityTaskManager: START u0 {act=android.intent.action.MAIN cat=[android.intent.category.HOME] flg=0x10000100 cmp=com.teslacoilsw.launcher/.NovaLauncher (has extras)} from uid 0
07-13 15:16:08.784  1750  4309 I ActivityTaskManager: START u0 {act=android.intent.action.MAIN cat=[android.intent.category.LAUNCHER] flg=0x10200000 cmp=com.google.android.dialer/.extensions.GoogleDialtactsActivity bnds=[0,2032][216,2208]} from uid 10259
07-13 15:16:08.934  1750  2504 D CompatibilityChangeReporter: Compat change id reported: 177438394; UID 10331; state: DISABLED
07-13 15:16:08.934  1750  2504 D CompatibilityChangeReporter: Compat change id reported: 135772972; UID 10331; state: DISABLED
07-13 15:16:08.934  1750  2504 D CompatibilityChangeReporter: Compat change id reported: 135754954; UID 10331; state: ENABLED
07-13 15:16:08.935  1750  2069 D CompatibilityChangeReporter: Compat change id reported: 143937733; UID 10331; state: ENABLED
07-13 15:16:08.949  1750  2069 I ActivityManager: Start proc 15510:com.google.android.apps.tachyon/u0a331 for service {com.google.android.apps.tachyon/com.google.android.apps.tachyon.clientapi.ClientApiService}
07-13 15:16:11.417  1750  2043 D CompatibilityChangeReporter: Compat change id reported: 173031413; UID 1000; state: ENABLED
07-13 15:16:11.520  1750  1750 D WindowManager: powerPress: eventTime=377579485 interactive=true count=0 beganFromNonInteractive=false mShortPressOnPowerBehavior=1
07-13 15:16:11.520  1750  1750 I PowerManagerService: Powering off display group due to power_button (groupId= 0, uid= 1000)...
07-13 15:16:11.520  1750  1750 I PowerManagerService: Going to sleep due to power_button (uid 1000)...
07-13 15:16:11.521  1750  2128 I DreamManagerService: Entering dreamland.
07-13 15:16:11.522  1750  2128 I PowerManagerService: Dozing...
07-13 15:16:11.525  1750  2042 I DreamController: Starting dream: name=ComponentInfo{com.android.systemui/com.android.systemui.doze.DozeService}, isTest=false, canDoze=true, userId=0
07-13 15:16:11.532  1750  4309 D BiometricUtils: isEncrypted: false isLockdown: false
07-13 15:16:11.532  1750  1750 D BiometricScheduler/Fingerprint21: [Added] {[1151] com.android.server.biometrics.sensors.fingerprint.hidl.FingerprintUpdateActiveUserClient, proto=1, owner=android, cookie=0, requestId=-1, userId=0}, new queue size: 1
07-13 15:16:11.532  1750  1750 D BiometricScheduler/Fingerprint21: [Polled] {[1151] com.android.server.biometrics.sensors.fingerprint.hidl.FingerprintUpdateActiveUserClient, proto=1, owner=android, cookie=0, requestId=-1, userId=0}, State: 0
07-13 15:16:11.532  1750  1750 D BiometricScheduler/Fingerprint21: [Started] {[1151] com.android.server.biometrics.sensors.fingerprint.hidl.FingerprintUpdateActiveUserClient, proto=1, owner=android, cookie=0, requestId=-1, userId=0}
07-13 15:16:11.532  1750  1750 D FingerprintUpdateActiveUserClient: Already user: com.android.server.biometrics.sensors.fingerprint.hidl.Fingerprint21$$ExternalSyntheticLambda17@97cc501, returning
07-13 15:16:11.532  1750  1750 D BiometricSchedulerOperation: [Finished / destroy]: {[1151] com.android.server.biometrics.sensors.fingerprint.hidl.FingerprintUpdateActiveUserClient, proto=1, owner=android, cookie=0, requestId=-1, userId=0}
07-13 15:16:11.532  1750  1750 V BiometricSchedulerOperation: started: {[1151] com.android.server.biometrics.sensors.fingerprint.hidl.FingerprintUpdateActiveUserClient, proto=1, owner=android, cookie=0, requestId=-1, userId=0}, State: 5
07-13 15:16:11.539  1750  1750 D BiometricScheduler/Fingerprint21: [Added] {[1152] com.android.server.biometrics.sensors.fingerprint.hidl.FingerprintAuthenticationClient, proto=3, owner=com.android.systemui, cookie=0, requestId=547, userId=0}, new queue size: 1
07-13 15:16:11.539  1750  1750 V BiometricScheduler/Fingerprint21: Not idle, current operation: {[1151] com.android.server.biometrics.sensors.fingerprint.hidl.FingerprintUpdateActiveUserClient, proto=1, owner=android, cookie=0, requestId=-1, userId=0}, State: 5
07-13 15:16:11.539  1750  1750 D BiometricScheduler/Fingerprint21: [Finishing] {[1151] com.android.server.biometrics.sensors.fingerprint.hidl.FingerprintUpdateActiveUserClient, proto=1, owner=android, cookie=0, requestId=-1, userId=0}, success: true
07-13 15:16:11.539  1750  1750 D BiometricScheduler/Fingerprint21: [Polled] {[1152] com.android.server.biometrics.sensors.fingerprint.hidl.FingerprintAuthenticationClient, proto=3, owner=com.android.systemui, cookie=0, requestId=547, userId=0}, State: 0
07-13 15:16:11.539  1750  1750 D GestureAvailabilityTracker: Notifying gesture availability, active=false
07-13 15:16:11.539  1750  1750 D BiometricScheduler/Fingerprint21: [Started] {[1152] com.android.server.biometrics.sensors.fingerprint.hidl.FingerprintAuthenticationClient, proto=3, owner=com.android.systemui, cookie=0, requestId=547, userId=0}
07-13 15:16:11.539  1750  1750 D BiometricCoexCoordinator: addAuthenticationClient(OtherFp), client: {[1152] com.android.server.biometrics.sensors.fingerprint.hidl.FingerprintAuthenticationClient, proto=3, owner=com.android.systemui, cookie=0, requestId=547, userId=0}
07-13 15:16:11.539  1750  1750 D FingerprintService: Fps state updated from 0 to 2, client {[1152] com.android.server.biometrics.sensors.fingerprint.hidl.FingerprintAuthenticationClient, proto=3, owner=com.android.systemui, cookie=0, requestId=547, userId=0}
07-13 15:16:11.539  1750  1750 D Biometrics/AuthenticationClient: Requesting auth for com.android.systemui
07-13 15:16:11.558  1750  1750 V BiometricSchedulerOperation: started: {[1152] com.android.server.biometrics.sensors.fingerprint.hidl.FingerprintAuthenticationClient, proto=3, owner=com.android.systemui, cookie=0, requestId=547, userId=0}, State: 2
07-13 15:16:11.593  1750  2128 V DisplayPowerController[0]: Brightness [0.12992126] reason changing to: 'doze', previous reason: 'automatic'.
07-13 15:16:12.670  1750  4309 D ActivityTaskManager: Top Process State changed to PROCESS_STATE_TOP_SLEEPING
07-13 15:16:12.709  1750  2045 W ProcessStats: Tracking association SourceState{584cdb3 system/1000 BTopFgs #2128335} whose proc state 2 is better than process ProcessState{baa4f70 net.dinglisch.android.taskerm/10289 pkg=net.dinglisch.android.taskerm} proc state 3 (158 skipped)
07-13 15:16:12.714  6713  6835 E ActivityThread: Failed to find provider info for com.teslacoilsw.notifier
07-13 15:16:12.735  1750  3129 I Telecom : MissedCallNotifierImpl: sendNotificationThroughDefaultDialer; count=0, dialerPackage=com.google.android.dialer: TSI.cMCN@Ctc
07-13 15:16:15.429  1750  2045 I DisplayDeviceRepository: Display device changed: DisplayDeviceInfo{"Built-in Screen": uniqueId="local:4630946523002478721", 1080 x 2340, modeId 1, defaultModeId 1, supportedModes [{id=1, width=1080, height=2340, fps=60.000004, alternativeRefreshRates=[90.0]}, {id=2, width=1080, height=2340, fps=90.0, alternativeRefreshRates=[60.000004]}], colorMode 0, supportedColorModes [0, 7, 9], hdrCapabilities HdrCapabilities{mSupportedHdrTypes=[2, 3], mMaxLuminance=500.0, mMaxAverageLuminance=500.0, mMinLuminance=0.0}, allmSupported false, gameContentTypeSupported false, density 440, 435.428 x 433.839 dpi, appVsyncOff 2333332, presDeadline 11500000, cutout DisplayCutout{insets=Rect(0, 136 - 0, 0) waterfall=Insets{left=0, top=0, right=0, bottom=0} boundingRect={Bounds=[Rect(0, 0 - 0, 0), Rect(0, 0 - 145, 136), Rect(0, 0 - 0, 0), Rect(0, 0 - 0, 0)]} cutoutPathParserInfo={CutoutPathParserInfo{displayWidth=1080 displayHeight=2340 density={2.75} cutoutSpec={M 41,77 a 40,40 0 1 0 80,0 40,40 0 1 0 -80,0 Z @left} rotation={0} scale={1.0}}}}, touch INTERNAL, rotation 0, type INTERNAL, address {port=129, model=0x40446d53ad64a0}, deviceProductInfo DeviceProductInfo{name=, manufacturerPnpId=QCM, productId=1, modelYear=null, manufactureDate=ManufactureDate{week=27, year=2006}, connectionToSinkType=0}, state ON, frameRateOverride , brightnessMinimum 0.0, brightnessMaximum 1.0, brightnessDefault 0.2901961, roundedCorners RoundedCorners{[RoundedCorner{position=TopLeft, radius=108, center=Point(108, 108)}, RoundedCorner{position=TopRight, radius=108, center=Point(972, 108)}, RoundedCorner{position=BottomRight, radius=108, center=Point(972, 2232)}, RoundedCorner{position=BottomLeft, radius=108, center=Point(108, 2232)}]}, FLAG_DEFAULT_DISPLAY, FLAG_ROTATES_WITH_CONTENT, FLAG_SECURE, FLAG_SUPPORTS_PROTECTED_BUFFERS}
07-13 15:16:15.462  1750  2045 I DisplayDeviceRepository: Display device changed: DisplayDeviceInfo{"Built-in Screen": uniqueId="local:4630946523002478721", 1080 x 2340, modeId 2, defaultModeId 1, supportedModes [{id=1, width=1080, height=2340, fps=60.000004, alternativeRefreshRates=[90.0]}, {id=2, width=1080, height=2340, fps=90.0, alternativeRefreshRates=[60.000004]}], colorMode 0, supportedColorModes [0, 7, 9], hdrCapabilities HdrCapabilities{mSupportedHdrTypes=[2, 3], mMaxLuminance=500.0, mMaxAverageLuminance=500.0, mMinLuminance=0.0}, allmSupported false, gameContentTypeSupported false, density 440, 435.428 x 433.839 dpi, appVsyncOff 2333333, presDeadline 11500000, cutout DisplayCutout{insets=Rect(0, 136 - 0, 0) waterfall=Insets{left=0, top=0, right=0, bottom=0} boundingRect={Bounds=[Rect(0, 0 - 0, 0), Rect(0, 0 - 145, 136), Rect(0, 0 - 0, 0), Rect(0, 0 - 0, 0)]} cutoutPathParserInfo={CutoutPathParserInfo{displayWidth=1080 displayHeight=2340 density={2.75} cutoutSpec={M 41,77 a 40,40 0 1 0 80,0 40,40 0 1 0 -80,0 Z @left} rotation={0} scale={1.0}}}}, touch INTERNAL, rotation 0, type INTERNAL, address {port=129, model=0x40446d53ad64a0}, deviceProductInfo DeviceProductInfo{name=, manufacturerPnpId=QCM, productId=1, modelYear=null, manufactureDate=ManufactureDate{week=27, year=2006}, connectionToSinkType=0}, state ON, frameRateOverride , brightnessMinimum 0.0, brightnessMaximum 1.0, brightnessDefault 0.2901961, roundedCorners RoundedCorners{[RoundedCorner{position=TopLeft, radius=108, center=Point(108, 108)}, RoundedCorner{position=TopRight, radius=108, center=Point(972, 108)}, RoundedCorner{position=BottomRight, radius=108, center=Point(972, 2232)}, RoundedCorner{position=BottomLeft, radius=108, center=Point(108, 2232)}]}, FLAG_DEFAULT_DISPLAY, FLAG_ROTATES_WITH_CONTENT, FLAG_SECURE, FLAG_SUPPORTS_PROTECTED_BUFFERS}
07-13 15:16:15.594  1750  2045 I DisplayDeviceRepository: Display device changed state: "Built-in Screen", DOZE
07-13 15:16:15.669  1750  2096 E KernelCpuUidActiveTimeReader: Negative delta from active time for uid: 10229, delta: -12
07-13 15:16:15.669  1750  2096 E KernelCpuUidActiveTimeReader: Negative delta from active time for uid: 10151, delta: -22
07-13 15:16:15.670  1750  2096 E KernelCpuUidActiveTimeReader: Negative delta from active time for uid: 10167, delta: -11
07-13 15:16:15.670  1750  2096 E KernelCpuUidActiveTimeReader: Negative delta from active time for uid: 10521, delta: -19
07-13 15:16:15.670  1750  2096 E KernelCpuUidActiveTimeReader: Negative delta from active time for uid: 10343, delta: -33
07-13 15:16:15.670  1750  2096 E KernelCpuUidActiveTimeReader: Negative delta from active time for uid: 10105, delta: -12
07-13 15:16:15.670  1750  2096 E KernelCpuUidActiveTimeReader: Negative delta from active time for uid: 10236, delta: -2
07-13 15:16:15.670  1750  2096 E KernelCpuUidActiveTimeReader: Negative delta from active time for uid: 10184, delta: -30
07-13 15:16:15.671  1750  2096 E KernelCpuUidActiveTimeReader: Negative delta from active time for uid: 10404, delta: -24
07-13 15:16:15.671  1750  2096 E KernelCpuUidActiveTimeReader: Negative delta from active time for uid: 10281, delta: -44
07-13 15:16:22.731  1750  2504 W ProcessStats: Tracking association SourceState{155eabd com.google.android.dialer/10180 Top #2128382} whose proc state 1 is better than process ProcessState{a48b8b2 android.process.acore/10103 pkg=com.android.providers.contacts (sub)} proc state 2 (295 skipped)
07-13 15:16:26.655  1750  2128 I DisplayPowerController[0]: Blocking screen off
07-13 15:16:26.656  1750  2128 I DisplayPowerController[0]: Unblocked screen off after 1 ms
07-13 15:16:26.660  1750  2128 V DisplayPowerController[0]: Brightness [0.0] reason changing to: 'screen_off', previous reason: 'doze'.
07-13 15:16:26.663  1750  2045 I DisplayDeviceRepository: Display device changed state: "Built-in Screen", OFF
07-13 15:16:26.693  1750  2096 E KernelCpuUidActiveTimeReader: Negative delta from active time for uid: 10229, delta: -12
07-13 15:16:26.694  1750  2096 E KernelCpuUidActiveTimeReader: Negative delta from active time for uid: 10151, delta: -22
07-13 15:16:26.694  1750  2096 E KernelCpuUidActiveTimeReader: Negative delta from active time for uid: 10167, delta: -11
07-13 15:16:26.694  1750  2096 E KernelCpuUidActiveTimeReader: Negative delta from active time for uid: 10521, delta: -19
07-13 15:16:26.695  1750  2096 E KernelCpuUidActiveTimeReader: Negative delta from active time for uid: 10343, delta: -33
07-13 15:16:26.695  1750  2096 E KernelCpuUidActiveTimeReader: Negative delta from active time for uid: 10105, delta: -12
07-13 15:16:26.695  1750  2096 E KernelCpuUidActiveTimeReader: Negative delta from active time for uid: 10236, delta: -2
07-13 15:16:26.695  1750  2096 E KernelCpuUidActiveTimeReader: Negative delta from active time for uid: 10184, delta: -30
07-13 15:16:26.695  1750  2096 E KernelCpuUidActiveTimeReader: Negative delta from active time for uid: 10404, delta: -24
07-13 15:16:26.695  1750  2096 E KernelCpuUidActiveTimeReader: Negative delta from active time for uid: 10281, delta: -44
07-13 15:16:32.116  1750  2285 W ActivityManager: Background start not allowed: service Intent { cmp=com.zhiliaoapp.musically/com.bytedance.common.wschannel.client.WsClientService } to com.zhiliaoapp.musically/com.bytedance.common.wschannel.client.WsClientService from pid=4986 uid=10572 pkg=com.zhiliaoapp.musically startFg?=false
07-13 15:16:34.032  1750  2200 W AppOps  : Noting op not finished: uid 10170 pkg com.google.android.googlequicksearchbox code 79 startTime of in progress event=1657737098764
07-13 15:16:34.036  1750  2200 W AppOps  : Noting op not finished: uid 10202 pkg com.google.android.apps.maps code 79 startTime of in progress event=1657739767787
07-13 15:16:34.047  1750  2200 W AppOps  : Noting op not finished: uid 10152 pkg com.google.android.apps.scone code 79 startTime of in progress event=1657737840104
07-13 15:16:34.054  1750  2068 W ProcessStats: Tracking association SourceState{584cdb3 system/1000 BTopFgs #2128412} whose proc state 2 is better than process ProcessState{baa4f70 net.dinglisch.android.taskerm/10289 pkg=net.dinglisch.android.taskerm} proc state 3 (88 skipped)
07-13 15:16:34.063  1750  2200 W AppOps  : Noting op not finished: uid 10447 pkg com.urbandroid.sleep code 79 startTime of in progress event=1657739767834
07-13 15:16:34.149  1750  4060 W AppOps  : Noting op not finished: uid 10202 pkg com.google.android.apps.maps code 79 startTime of in progress event=1657739794144
07-13 15:16:49.230  1750  3129 W ProcessStats: Tracking association SourceState{584cdb3 system/1000 BTopFgs #2128486} whose proc state 2 is better than process ProcessState{baa4f70 net.dinglisch.android.taskerm/10289 pkg=net.dinglisch.android.taskerm} proc state 3 (96 skipped)
07-13 15:16:50.251  1750  3129 W AppOps  : Noting op not finished: uid 10170 pkg com.google.android.googlequicksearchbox code 79 startTime of in progress event=1657737098764
07-13 15:16:50.256  1750  3129 W AppOps  : Noting op not finished: uid 10202 pkg com.google.android.apps.maps code 79 startTime of in progress event=1657739794182
07-13 15:16:50.272  1750  3129 W AppOps  : Noting op not finished: uid 10152 pkg com.google.android.apps.scone code 79 startTime of in progress event=1657737840104
07-13 15:16:50.281  1750  3129 W AppOps  : Noting op not finished: uid 10447 pkg com.urbandroid.sleep code 79 startTime of in progress event=1657739794188
07-13 15:16:50.359  1750  2285 W AppOps  : Noting op not finished: uid 10202 pkg com.google.android.apps.maps code 79 startTime of in progress event=1657739810356
07-13 15:17:01.170  1750  2975 W ProcessStats: Tracking association SourceState{584cdb3 system/1000 BTopFgs #2128530} whose proc state 2 is better than process ProcessState{baa4f70 net.dinglisch.android.taskerm/10289 pkg=net.dinglisch.android.taskerm} proc state 3 (28 skipped)
07-13 15:17:12.807  1750  2975 W ProcessStats: Tracking association SourceState{584cdb3 system/1000 BTopFgs #2128557} whose proc state 2 is better than process ProcessState{baa4f70 net.dinglisch.android.taskerm/10289 pkg=net.dinglisch.android.taskerm} proc state 3 (16 skipped)
07-13 15:17:23.239  1750  3129 W ProcessStats: Tracking association SourceState{584cdb3 system/1000 BTopFgs #2128567} whose proc state 2 is better than process ProcessState{baa4f70 net.dinglisch.android.taskerm/10289 pkg=net.dinglisch.android.taskerm} proc state 3 (7 skipped)
07-13 15:17:26.814  1750  2096 E KernelCpuUidActiveTimeReader: Negative delta from active time for uid: 10229, delta: -12
07-13 15:17:26.814  1750  2096 E KernelCpuUidActiveTimeReader: Negative delta from active time for uid: 10151, delta: -22
07-13 15:17:26.815  1750  2096 E KernelCpuUidActiveTimeReader: Negative delta from active time for uid: 10167, delta: -11
07-13 15:17:26.815  1750  2096 E KernelCpuUidActiveTimeReader: Negative delta from active time for uid: 10521, delta: -19
07-13 15:17:26.815  1750  2096 E KernelCpuUidActiveTimeReader: Negative delta from active time for uid: 10343, delta: -33
07-13 15:17:26.815  1750  2096 E KernelCpuUidActiveTimeReader: Negative delta from active time for uid: 10105, delta: -12
07-13 15:17:26.816  1750  2096 E KernelCpuUidActiveTimeReader: Negative delta from active time for uid: 10236, delta: -2
07-13 15:17:26.816  1750  2096 E KernelCpuUidActiveTimeReader: Negative delta from active time for uid: 10184, delta: -30
07-13 15:17:26.816  1750  2096 E KernelCpuUidActiveTimeReader: Negative delta from active time for uid: 10404, delta: -24
07-13 15:17:26.816  1750  2096 E KernelCpuUidActiveTimeReader: Negative delta from active time for uid: 10281, delta: -44
07-13 15:17:32.676  1750  4060 W AppOps  : Noting op not finished: uid 10170 pkg com.google.android.googlequicksearchbox code 79 startTime of in progress event=1657737098764
07-13 15:17:32.680  1750  4060 W AppOps  : Noting op not finished: uid 10202 pkg com.google.android.apps.maps code 79 startTime of in progress event=1657739810376
07-13 15:17:32.693  1750  4060 W AppOps  : Noting op not finished: uid 10152 pkg com.google.android.apps.scone code 79 startTime of in progress event=1657737840104
07-13 15:17:32.704  1750  4060 W AppOps  : Noting op not finished: uid 10447 pkg com.urbandroid.sleep code 79 startTime of in progress event=1657739810655
07-13 15:17:32.797  1750  2285 W AppOps  : Noting op not finished: uid 10202 pkg com.google.android.apps.maps code 79 startTime of in progress event=1657739852790
07-13 15:17:34.057  1750  3129 W ProcessStats: Tracking association SourceState{584cdb3 system/1000 BTopFgs #2128660} whose proc state 2 is better than process ProcessState{baa4f70 net.dinglisch.android.taskerm/10289 pkg=net.dinglisch.android.taskerm} proc state 3 (71 skipped)
07-13 15:17:38.237  1750  2068 W BroadcastQueue: Permission Denial: broadcasting Intent { act=com.google.android.apps.gmm.NAVIGATION_STATE flg=0x10 pkg=com.google.android.googlequicksearchbox (has extras) } from null (pid=-1, uid=-1) requires com.google.android.googlequicksearchbox.permission.LAUNCH_FROM_GMM due to registered receiver BroadcastFilter{23db406 10170/u0 ReceiverList{f672ee1 17693 com.google.android.googlequicksearchbox:search/10170/u0 remote:6ceb048}}
07-13 15:17:38.237  1750  2068 W BroadcastQueue: Permission Denial: broadcasting Intent { act=com.google.android.apps.gmm.NAVIGATION_STATE flg=0x10 pkg=com.google.android.gms (has extras) } from null (pid=-1, uid=-1) requires com.google.android.googlequicksearchbox.permission.LAUNCH_FROM_GMM due to registered receiver BroadcastFilter{23db406 10170/u0 ReceiverList{f672ee1 17693 com.google.android.googlequicksearchbox:search/10170/u0 remote:6ceb048}}
07-13 15:17:38.774  1750  1750 W NotificationHistory: Attempted to add notif for locked/gone/disabled user 0
07-13 15:17:39.072  1750  4059 W AppOps  : Noting op not finished: uid 10170 pkg com.google.android.googlequicksearchbox code 79 startTime of in progress event=1657737098764
07-13 15:17:39.076  1750  4059 W AppOps  : Noting op not finished: uid 10202 pkg com.google.android.apps.maps code 79 startTime of in progress event=1657739853036
07-13 15:17:39.088  1750  4059 W AppOps  : Noting op not finished: uid 10152 pkg com.google.android.apps.scone code 79 startTime of in progress event=1657737840104
07-13 15:17:39.094  1750  4059 W AppOps  : Noting op not finished: uid 10447 pkg com.urbandroid.sleep code 79 startTime of in progress event=1657739852822
07-13 15:17:39.140  1750  2975 W AppOps  : Noting op not finished: uid 10202 pkg com.google.android.apps.maps code 79 startTime of in progress event=1657739859136
07-13 15:17:40.053  1750  1750 D CompanionDeviceManagerService: onDeviceConnected(address = A0:14:3D:52:75:21)
07-13 15:17:40.053  1750  1750 I CompanionDeviceManagerService: onDeviceNearby(justAppeared, address = A0:14:3D:52:75:21)
07-13 15:17:40.083  1750  2068 D CompatibilityChangeReporter: Compat change id reported: 177438394; UID 10144; state: DISABLED
07-13 15:17:40.083  1750  2068 D CompatibilityChangeReporter: Compat change id reported: 135772972; UID 10144; state: DISABLED
07-13 15:17:40.083  1750  2068 D CompatibilityChangeReporter: Compat change id reported: 135754954; UID 10144; state: ENABLED
07-13 15:17:40.084  1750  2069 D CompatibilityChangeReporter: Compat change id reported: 143937733; UID 10144; state: ENABLED
07-13 15:17:40.099  1750  2069 I ActivityManager: Start proc 15735:com.google.android.projection.gearhead:shared/u0a144 for broadcast {com.google.android.projection.gearhead/com.google.android.apps.auto.wireless.bluetooth.WifiBluetoothReceiver}
07-13 15:17:40.488  1750  2285 D CompatibilityChangeReporter: Compat change id reported: 135634846; UID 10169; state: DISABLED
07-13 15:17:40.488  1750  2285 D CompatibilityChangeReporter: Compat change id reported: 177438394; UID 10169; state: DISABLED
07-13 15:17:40.488  1750  2285 D CompatibilityChangeReporter: Compat change id reported: 135772972; UID 10169; state: DISABLED
07-13 15:17:40.488  1750  2285 D CompatibilityChangeReporter: Compat change id reported: 135754954; UID 10169; state: ENABLED
07-13 15:17:40.489  1750  2069 D CompatibilityChangeReporter: Compat change id reported: 143937733; UID 10169; state: ENABLED
07-13 15:17:40.501  1750  2069 I ActivityManager: Start proc 15765:com.google.android.apps.wearables.maestro.companion/u0a169 for broadcast {com.google.android.apps.wearables.maestro.companion/com.google.android.apps.wearables.maestro.companion.connectivity.ClassicBTReceiver}
07-13 15:17:40.595  1750  2504 I ContentCaptureManagerService: Data share request accepted by Content Capture service
07-13 15:17:40.819  1750  2504 D CompatibilityChangeReporter: Compat change id reported: 177438394; UID 10144; state: DISABLED
07-13 15:17:40.819  1750  2504 D CompatibilityChangeReporter: Compat change id reported: 135772972; UID 10144; state: DISABLED
07-13 15:17:40.819  1750  2504 D CompatibilityChangeReporter: Compat change id reported: 135754954; UID 10144; state: ENABLED
07-13 15:17:40.819  1750  2069 D CompatibilityChangeReporter: Compat change id reported: 143937733; UID 10144; state: ENABLED
07-13 15:17:40.829  1750  2069 I ActivityManager: Start proc 15822:com.google.android.projection.gearhead:car/u0a144 for broadcast {com.google.android.projection.gearhead/com.google.android.apps.auto.carservice.gmscorecompat.CarBluetoothReceiver}
07-13 15:17:41.032  1750  4309 D CompatibilityChangeReporter: Compat change id reported: 135634846; UID 10305; state: DISABLED
07-13 15:17:41.032  1750  4309 D CompatibilityChangeReporter: Compat change id reported: 177438394; UID 10305; state: DISABLED
07-13 15:17:41.032  1750  4309 D CompatibilityChangeReporter: Compat change id reported: 135772972; UID 10305; state: DISABLED
07-13 15:17:41.032  1750  4309 D CompatibilityChangeReporter: Compat change id reported: 135754954; UID 10305; state: ENABLED
07-13 15:17:41.033  1750  2069 D CompatibilityChangeReporter: Compat change id reported: 143937733; UID 10305; state: ENABLED
07-13 15:17:41.042  1750  1786 D CompatibilityChangeReporter: Compat change id reported: 157233955; UID 10144; state: ENABLED
07-13 15:17:41.044  1750  2069 I ActivityManager: Start proc 15872:com.amazon.dee.app:alexa_accessories/u0a305 for broadcast {com.amazon.dee.app/com.amazon.alexa.accessory.AccessoryReceiver}
07-13 15:17:41.067  1750  1786 D CompatibilityChangeReporter: Compat change id reported: 168419799; UID 10305; state: DISABLED
07-13 15:17:41.132  1750  4309 I ActivityManager: Killing 13162:com.google.android.settings.intelligence/u0a160 (adj 999): empty #33
07-13 15:17:41.416 15872 15872 E LoadedApk: Unable to instantiate appComponentFactory
07-13 15:17:41.416 15872 15872 E LoadedApk: java.lang.ClassNotFoundException: Didn't find class "com.amazon.dee.app.androidx" on path: DexPathList[[zip file "/data/app/~~agTi38ocr9XiffrQGAdeZg==/com.amazon.dee.app-A11jRAf32Wrc1TxT_mTcSg==/base.apk"],nativeLibraryDirectories=[/data/app/~~agTi38ocr9XiffrQGAdeZg==/com.amazon.dee.app-A11jRAf32Wrc1TxT_mTcSg==/lib/arm64, /data/app/~~agTi38ocr9XiffrQGAdeZg==/com.amazon.dee.app-A11jRAf32Wrc1TxT_mTcSg==/base.apk!/lib/arm64-v8a, /system/lib64, /system_ext/lib64]]
07-13 15:17:41.416 15872 15872 E LoadedApk: 	at dalvik.system.BaseDexClassLoader.findClass(BaseDexClassLoader.java:218)
07-13 15:17:41.416 15872 15872 E LoadedApk: 	at java.lang.ClassLoader.loadClass(ClassLoader.java:379)
07-13 15:17:41.416 15872 15872 E LoadedApk: 	at java.lang.ClassLoader.loadClass(ClassLoader.java:312)
07-13 15:17:41.416 15872 15872 E LoadedApk: 	at android.app.LoadedApk.createAppFactory(LoadedApk.java:262)
07-13 15:17:41.416 15872 15872 E LoadedApk: 	at android.app.LoadedApk.createOrUpdateClassLoaderLocked(LoadedApk.java:975)
07-13 15:17:41.416 15872 15872 E LoadedApk: 	at android.app.LoadedApk.getClassLoader(LoadedApk.java:1062)
07-13 15:17:41.416 15872 15872 E LoadedApk: 	at android.app.LoadedApk.getResources(LoadedApk.java:1310)
07-13 15:17:41.416 15872 15872 E LoadedApk: 	at android.app.ContextImpl.createAppContext(ContextImpl.java:3036)
07-13 15:17:41.416 15872 15872 E LoadedApk: 	at android.app.ContextImpl.createAppContext(ContextImpl.java:3028)
07-13 15:17:41.416 15872 15872 E LoadedApk: 	at android.app.ActivityThread.handleBindApplication(ActivityThread.java:6660)
07-13 15:17:41.416 15872 15872 E LoadedApk: 	at android.app.ActivityThread.access$1500(ActivityThread.java:256)
07-13 15:17:41.416 15872 15872 E LoadedApk: 	at android.app.ActivityThread$H.handleMessage(ActivityThread.java:2091)
07-13 15:17:41.416 15872 15872 E LoadedApk: 	at android.os.Handler.dispatchMessage(Handler.java:106)
07-13 15:17:41.416 15872 15872 E LoadedApk: 	at android.os.Looper.loopOnce(Looper.java:201)
07-13 15:17:41.416 15872 15872 E LoadedApk: 	at android.os.Looper.loop(Looper.java:288)
07-13 15:17:41.416 15872 15872 E LoadedApk: 	at android.app.ActivityThread.main(ActivityThread.java:7870)
07-13 15:17:41.416 15872 15872 E LoadedApk: 	at java.lang.reflect.Method.invoke(Native Method)
07-13 15:17:41.416 15872 15872 E LoadedApk: 	at com.android.internal.os.RuntimeInit$MethodAndArgsCaller.run(RuntimeInit.java:548)
07-13 15:17:41.416 15872 15872 E LoadedApk: 	at com.android.internal.os.ZygoteInit.main(ZygoteInit.java:1003)
07-13 15:17:41.478  1750  2490 D CompatibilityChangeReporter: Compat change id reported: 135634846; UID 10305; state: DISABLED
07-13 15:17:41.478  1750  2490 D CompatibilityChangeReporter: Compat change id reported: 177438394; UID 10305; state: DISABLED
07-13 15:17:41.478  1750  2490 D CompatibilityChangeReporter: Compat change id reported: 135772972; UID 10305; state: DISABLED
07-13 15:17:41.478  1750  2490 D CompatibilityChangeReporter: Compat change id reported: 135754954; UID 10305; state: ENABLED
07-13 15:17:41.478  1750  2069 D CompatibilityChangeReporter: Compat change id reported: 143937733; UID 10305; state: ENABLED
07-13 15:17:41.489  1750  2069 I ActivityManager: Start proc 15907:com.amazon.dee.app:feature/u0a305 for content provider {com.amazon.dee.app/com.amazon.alexa.feature.FeatureFlagContentProvider}
07-13 15:17:41.500  1750  2069 I ActivityManager: Start proc 15909:com.amazon.dee.app:alexa_authservice/u0a305 for service {com.amazon.dee.app/com.amazon.alexa.auth.map.MAPProxyService}
07-13 15:17:41.664 15907 15907 E LoadedApk: Unable to instantiate appComponentFactory
07-13 15:17:41.664 15907 15907 E LoadedApk: java.lang.ClassNotFoundException: Didn't find class "com.amazon.dee.app.androidx" on path: DexPathList[[zip file "/data/app/~~agTi38ocr9XiffrQGAdeZg==/com.amazon.dee.app-A11jRAf32Wrc1TxT_mTcSg==/base.apk"],nativeLibraryDirectories=[/data/app/~~agTi38ocr9XiffrQGAdeZg==/com.amazon.dee.app-A11jRAf32Wrc1TxT_mTcSg==/lib/arm64, /data/app/~~agTi38ocr9XiffrQGAdeZg==/com.amazon.dee.app-A11jRAf32Wrc1TxT_mTcSg==/base.apk!/lib/arm64-v8a, /system/lib64, /system_ext/lib64]]
07-13 15:17:41.664 15907 15907 E LoadedApk: 	at dalvik.system.BaseDexClassLoader.findClass(BaseDexClassLoader.java:218)
07-13 15:17:41.664 15907 15907 E LoadedApk: 	at java.lang.ClassLoader.loadClass(ClassLoader.java:379)
07-13 15:17:41.664 15907 15907 E LoadedApk: 	at java.lang.ClassLoader.loadClass(ClassLoader.java:312)
07-13 15:17:41.664 15907 15907 E LoadedApk: 	at android.app.LoadedApk.createAppFactory(LoadedApk.java:262)
07-13 15:17:41.664 15907 15907 E LoadedApk: 	at android.app.LoadedApk.createOrUpdateClassLoaderLocked(LoadedApk.java:975)
07-13 15:17:41.664 15907 15907 E LoadedApk: 	at android.app.LoadedApk.getClassLoader(LoadedApk.java:1062)
07-13 15:17:41.664 15907 15907 E LoadedApk: 	at android.app.LoadedApk.getResources(LoadedApk.java:1310)
07-13 15:17:41.664 15907 15907 E LoadedApk: 	at android.app.ContextImpl.createAppContext(ContextImpl.java:3036)
07-13 15:17:41.664 15907 15907 E LoadedApk: 	at android.app.ContextImpl.createAppContext(ContextImpl.java:3028)
07-13 15:17:41.664 15907 15907 E LoadedApk: 	at android.app.ActivityThread.handleBindApplication(ActivityThread.java:6660)
07-13 15:17:41.664 15907 15907 E LoadedApk: 	at android.app.ActivityThread.access$1500(ActivityThread.java:256)
07-13 15:17:41.664 15907 15907 E LoadedApk: 	at android.app.ActivityThread$H.handleMessage(ActivityThread.java:2091)
07-13 15:17:41.664 15907 15907 E LoadedApk: 	at android.os.Handler.dispatchMessage(Handler.java:106)
07-13 15:17:41.664 15907 15907 E LoadedApk: 	at android.os.Looper.loopOnce(Looper.java:201)
07-13 15:17:41.664 15907 15907 E LoadedApk: 	at android.os.Looper.loop(Looper.java:288)
07-13 15:17:41.664 15907 15907 E LoadedApk: 	at android.app.ActivityThread.main(ActivityThread.java:7870)
07-13 15:17:41.664 15907 15907 E LoadedApk: 	at java.lang.reflect.Method.invoke(Native Method)
07-13 15:17:41.664 15907 15907 E LoadedApk: 	at com.android.internal.os.RuntimeInit$MethodAndArgsCaller.run(RuntimeInit.java:548)
07-13 15:17:41.664 15907 15907 E LoadedApk: 	at com.android.internal.os.ZygoteInit.main(ZygoteInit.java:1003)
07-13 15:17:41.750 15909 15909 E LoadedApk: Unable to instantiate appComponentFactory
07-13 15:17:41.750 15909 15909 E LoadedApk: java.lang.ClassNotFoundException: Didn't find class "com.amazon.dee.app.androidx" on path: DexPathList[[zip file "/data/app/~~agTi38ocr9XiffrQGAdeZg==/com.amazon.dee.app-A11jRAf32Wrc1TxT_mTcSg==/base.apk"],nativeLibraryDirectories=[/data/app/~~agTi38ocr9XiffrQGAdeZg==/com.amazon.dee.app-A11jRAf32Wrc1TxT_mTcSg==/lib/arm64, /data/app/~~agTi38ocr9XiffrQGAdeZg==/com.amazon.dee.app-A11jRAf32Wrc1TxT_mTcSg==/base.apk!/lib/arm64-v8a, /system/lib64, /system_ext/lib64]]
07-13 15:17:41.750 15909 15909 E LoadedApk: 	at dalvik.system.BaseDexClassLoader.findClass(BaseDexClassLoader.java:218)
07-13 15:17:41.750 15909 15909 E LoadedApk: 	at java.lang.ClassLoader.loadClass(ClassLoader.java:379)
07-13 15:17:41.750 15909 15909 E LoadedApk: 	at java.lang.ClassLoader.loadClass(ClassLoader.java:312)
07-13 15:17:41.750 15909 15909 E LoadedApk: 	at android.app.LoadedApk.createAppFactory(LoadedApk.java:262)
07-13 15:17:41.750 15909 15909 E LoadedApk: 	at android.app.LoadedApk.createOrUpdateClassLoaderLocked(LoadedApk.java:975)
07-13 15:17:41.750 15909 15909 E LoadedApk: 	at android.app.LoadedApk.getClassLoader(LoadedApk.java:1062)
07-13 15:17:41.750 15909 15909 E LoadedApk: 	at android.app.LoadedApk.getResources(LoadedApk.java:1310)
07-13 15:17:41.750 15909 15909 E LoadedApk: 	at android.app.ContextImpl.createAppContext(ContextImpl.java:3036)
07-13 15:17:41.750 15909 15909 E LoadedApk: 	at android.app.ContextImpl.createAppContext(ContextImpl.java:3028)
07-13 15:17:41.750 15909 15909 E LoadedApk: 	at android.app.ActivityThread.handleBindApplication(ActivityThread.java:6660)
07-13 15:17:41.750 15909 15909 E LoadedApk: 	at android.app.ActivityThread.access$1500(ActivityThread.java:256)
07-13 15:17:41.750 15909 15909 E LoadedApk: 	at android.app.ActivityThread$H.handleMessage(ActivityThread.java:2091)
07-13 15:17:41.750 15909 15909 E LoadedApk: 	at android.os.Handler.dispatchMessage(Handler.java:106)
07-13 15:17:41.750 15909 15909 E LoadedApk: 	at android.os.Looper.loopOnce(Looper.java:201)
07-13 15:17:41.750 15909 15909 E LoadedApk: 	at android.os.Looper.loop(Looper.java:288)
07-13 15:17:41.750 15909 15909 E LoadedApk: 	at android.app.ActivityThread.main(ActivityThread.java:7870)
07-13 15:17:41.750 15909 15909 E LoadedApk: 	at java.lang.reflect.Method.invoke(Native Method)
07-13 15:17:41.750 15909 15909 E LoadedApk: 	at com.android.internal.os.RuntimeInit$MethodAndArgsCaller.run(RuntimeInit.java:548)
07-13 15:17:41.750 15909 15909 E LoadedApk: 	at com.android.internal.os.ZygoteInit.main(ZygoteInit.java:1003)
07-13 15:17:42.287  1750  1786 W AppOps  : Noting op not finished: uid 10170 pkg com.google.android.googlequicksearchbox code 79 startTime of in progress event=1657737098764
07-13 15:17:42.299  1750  1786 W AppOps  : Noting op not finished: uid 10202 pkg com.google.android.apps.maps code 79 startTime of in progress event=1657739859160
07-13 15:17:42.307  1750  1786 W AppOps  : Noting op not finished: uid 10152 pkg com.google.android.apps.scone code 79 startTime of in progress event=1657737840104
07-13 15:17:42.313  1750  1786 W AppOps  : Noting op not finished: uid 10447 pkg com.urbandroid.sleep code 79 startTime of in progress event=1657739859373
07-13 15:17:42.571  1750  1750 D MediaRouterService: GlobalBluetoothA2dpOn is changed to 'true'
07-13 15:17:42.600  1750  3117 D TextToSpeechManagerPerUserService: Trying to start connection to TTS engine: com.google.android.tts
07-13 15:17:42.681  1750  1750 I Telecom : WiredHeadsetManager: ACTION_HEADSET_PLUG event, plugged in: false, : WHC.oADA@Cvk
07-13 15:17:42.692  1750  1750 D TextToSpeechManagerPerUserService: Connected successfully to TTS engine: com.google.android.tts
07-13 15:17:42.829  1750  4230 I ContentCaptureManagerService: Data share request accepted by Content Capture service
07-13 15:17:43.348  1750  2128 I DisplayPowerController[0]: Blocking screen on until initial contents have been drawn.
07-13 15:17:43.350  1750  2128 V DisplayPowerController[0]: Brightness [0.015748031] reason changing to: 'doze', previous reason: 'screen_off'.
07-13 15:17:43.352  1750  2045 I DisplayDeviceRepository: Display device changed state: "Built-in Screen", DOZE
07-13 15:17:43.384  1750  2096 E KernelCpuUidActiveTimeReader: Negative delta from active time for uid: 10229, delta: -12
07-13 15:17:43.385  1750  2096 E KernelCpuUidActiveTimeReader: Negative delta from active time for uid: 10151, delta: -22
07-13 15:17:43.385  1750  2096 E KernelCpuUidActiveTimeReader: Negative delta from active time for uid: 10167, delta: -11
07-13 15:17:43.385  1750  2096 E KernelCpuUidActiveTimeReader: Negative delta from active time for uid: 10521, delta: -19
07-13 15:17:43.385  1750  2096 E KernelCpuUidActiveTimeReader: Negative delta from active time for uid: 10343, delta: -33
07-13 15:17:43.386  1750  2096 E KernelCpuUidActiveTimeReader: Negative delta from active time for uid: 10105, delta: -12
07-13 15:17:43.386  1750  2096 E KernelCpuUidActiveTimeReader: Negative delta from active time for uid: 10236, delta: -2
07-13 15:17:43.386  1750  2096 E KernelCpuUidActiveTimeReader: Negative delta from active time for uid: 10184, delta: -30
07-13 15:17:43.386  1750  2096 E KernelCpuUidActiveTimeReader: Negative delta from active time for uid: 10404, delta: -24
07-13 15:17:43.386  1750  2096 E KernelCpuUidActiveTimeReader: Negative delta from active time for uid: 10281, delta: -44
07-13 15:17:43.422  1750  2128 I DisplayPowerController[0]: Unblocked screen on after 75 ms
07-13 15:17:43.831  1750  4060 I PowerManagerService: Powering on display group fromDozing (groupId=0, uid=10245, reason=WAKE_REASON_GESTURE, details=com.android.systemui:NODOZE)...
07-13 15:17:43.831  1750  4060 I PowerManagerService: Waking up from Dozing (uid=10245, reason=WAKE_REASON_GESTURE, details=com.android.systemui:NODOZE)...
07-13 15:17:43.850  1750  2128 V DisplayPowerController[0]: Brightness [0.50260043] reason changing to: 'manual', previous reason: 'doze'.
07-13 15:17:43.852  1750  2045 I DisplayDeviceRepository: Display device changed state: "Built-in Screen", ON
07-13 15:17:43.856  1750  2128 V DisplayPowerController[0]: Brightness [0.5591406] reason changing to: 'automatic', previous reason: 'manual'.
07-13 15:17:43.897  1750  4230 W ActivityManager: Background start not allowed: service Intent { act=Orca.PERSISTENT_KICK_SKIP_PING cmp=com.facebook.katana/com.facebook.mqttlite.MqttService (has extras) } to com.facebook.katana/com.facebook.mqttlite.MqttService from pid=11321 uid=10258 pkg=com.facebook.katana startFg?=false
07-13 15:17:43.945  1750  2128 I DreamManagerService: Gently waking up from dream.
07-13 15:17:43.952  1750  2042 I DreamManagerService: Performing gentle wake from dream.
07-13 15:17:44.012  1750  4230 I DreamManagerService: Leaving dreamland.
07-13 15:17:44.013  1750  2042 I DreamManagerService: Performing gentle wake from dream.
07-13 15:17:44.013  1750  2042 I DreamController: Stopping dream: name=ComponentInfo{com.android.systemui/com.android.systemui.doze.DozeService}, isTest=false, canDoze=true, userId=0, reason='finished self'(from 'requested stopDream')
07-13 15:17:44.030  1750  4055 I SoundTriggerService: getModelState(): id = 9f6ad62a-1f0b-11e7-87c5-40a8f03d3f15
07-13 15:17:44.062  1750  4055 W ProcessStats: Tracking association SourceState{584cdb3 system/1000 BTopFgs #2128850} whose proc state 2 is better than process ProcessState{baa4f70 net.dinglisch.android.taskerm/10289 pkg=net.dinglisch.android.taskerm} proc state 3 (533 skipped)
07-13 15:17:44.067  1750  2297 W AppOps  : Noting op not finished: uid 10186 pkg com.google.android.as code 102 startTime of in progress event=1657639043969
07-13 15:17:44.069  1750  1750 V SoundTriggerService: 9f6ad62a-1f0b-11e7-87c5-40a8f03d3f15: Generic sound trigger event: GenericRecognitionEvent ::RecognitionEvent [status=3, soundModelHandle=20, captureAvailable=true, captureSession=2680041, captureDelayMs=0, capturePreambleMs=0, triggerInData=false, sampleRate=16000, encoding=2, channelMask=16, data=17]
07-13 15:17:44.085  1750  1750 V SoundTriggerService: 9f6ad62a-1f0b-11e7-87c5-40a8f03d3f15: onServiceConnected(android.os.BinderProxy@40c5e81)
07-13 15:17:44.086  1750  1750 V SoundTriggerService: 9f6ad62a-1f0b-11e7-87c5-40a8f03d3f15: runOp 0
07-13 15:17:44.857  1750  3029 V SoundTriggerService: 9f6ad62a-1f0b-11e7-87c5-40a8f03d3f15: destroy
07-13 15:17:44.858  1750  2200 I SoundTriggerService: startRecognition(): id = 9f6ad62a-1f0b-11e7-87c5-40a8f03d3f15
07-13 15:17:44.858  1750  2200 W SoundTriggerHelper: Canceling previous recognition for model id: 9f6ad62a-1f0b-11e7-87c5-40a8f03d3f15
07-13 15:17:44.858  1750  2200 V SoundTriggerService: 9f6ad62a-1f0b-11e7-87c5-40a8f03d3f15: onError: -2147483648
07-13 15:17:44.861  1750  2200 W SoundTriggerService: 9f6ad62a-1f0b-11e7-87c5-40a8f03d3f15: Dropped operation as already destroyed or marked for destruction
07-13 15:17:44.920  1750  2200 I SoundTriggerHelper: startRecognition successful.
07-13 15:17:44.921  1750  2200 W SoundTriggerService: error onStart(): Model 9f6ad62a-1f0b-11e7-87c5-40a8f03d3f15 already started
07-13 15:17:44.922  1750  2200 I SoundTriggerService: deleteSoundModel(): id = 12caddb1-acdb-4dce-8cb0-2e95a2313aee
07-13 15:17:44.922  1750  2200 W SoundTriggerHelper: Unload error: Attempting unload invalid generic model with id:12caddb1-acdb-4dce-8cb0-2e95a2313aee
07-13 15:17:44.922  1750  2200 W SoundTriggerService: error onStop(): Model 12caddb1-acdb-4dce-8cb0-2e95a2313aee has no stats available
07-13 15:17:47.135  1750  2297 I UsbPortManager: ClientCallback V1_2: port0
07-13 15:17:47.137  1750  2297 I UsbPortManager: ClientCallback V1_2: port0
07-13 15:17:47.170  1750  2297 I UsbPortManager: ClientCallback V1_2: port0
07-13 15:17:47.328  1750  2297 I UsbPortManager: ClientCallback V1_2: port0
07-13 15:17:47.498  1750  2297 I UsbPortManager: ClientCallback V1_2: port0
07-13 15:17:47.514  1750  2297 I UsbPortManager: ClientCallback V1_2: port0
07-13 15:17:47.516  1750  2044 I EntropyMixer: Writing entropy...
07-13 15:17:47.601  2380 12694 D PowerUI : can't show warning due to - plugged: true status unknown: false
07-13 15:17:47.619  1021  1021 E vendor.google.wireless_charger@1.3-service-vendor: enable rtx mode
07-13 15:17:47.629  1750  2096 E KernelCpuUidActiveTimeReader: Negative delta from active time for uid: 10229, delta: -12
07-13 15:17:47.630  2380  9009 D PowerUI : can't show warning due to - plugged: true status unknown: false
07-13 15:17:47.630  1750  2096 E KernelCpuUidActiveTimeReader: Negative delta from active time for uid: 10151, delta: -22
07-13 15:17:47.631  1750  2096 E KernelCpuUidActiveTimeReader: Negative delta from active time for uid: 10167, delta: -11
07-13 15:17:47.631  1750  2096 E KernelCpuUidActiveTimeReader: Negative delta from active time for uid: 10521, delta: -19
07-13 15:17:47.631  1750  2096 E KernelCpuUidActiveTimeReader: Negative delta from active time for uid: 10343, delta: -33
07-13 15:17:47.632  1750  2096 E KernelCpuUidActiveTimeReader: Negative delta from active time for uid: 10105, delta: -12
07-13 15:17:47.632  1750  2096 E KernelCpuUidActiveTimeReader: Negative delta from active time for uid: 10236, delta: -2
07-13 15:17:47.633  1750  2096 E KernelCpuUidActiveTimeReader: Negative delta from active time for uid: 10184, delta: -30
07-13 15:17:47.633  1750  2096 E KernelCpuUidActiveTimeReader: Negative delta from active time for uid: 10404, delta: -24
07-13 15:17:47.633  1750  2096 E KernelCpuUidActiveTimeReader: Negative delta from active time for uid: 10281, delta: -44
07-13 15:17:47.728  1750  2058 I UsbPortManager: ClientCallback V1_2: port0
07-13 15:17:47.728  1750  2042 I UsbPortManager: USB port changed: port=UsbPort{id=port0, supportedModes=dualsupportedContaminantProtectionModes=1supportsEnableContaminantPresenceProtection=falsesupportsEnableContaminantPresenceDetection=true, status=UsbPortStatus{connected=true, currentMode=ufp, currentPowerRole=sink, currentDataRole=device, supportedRoleCombinations=[source:host, source:device, sink:host, sink:device], contaminantDetectionStatus=2, contaminantProtectionStatus=0}, canChangeMode=true, canChangePowerRole=true, canChangeDataRole=true, connectedAtMillis=560584361, lastConnectDurationMillis=0
07-13 15:17:47.736  1750  2249 I UsbPortManager: ClientCallback V1_2: port0
07-13 15:17:47.775  1750  2249 I UsbPortManager: ClientCallback V1_2: port0
07-13 15:17:47.871  1750  1786 W BroadcastQueue: Permission Denial: receiving Intent { act=android.bluetooth.device.action.ACL_CONNECTED flg=0x5000010 (has extras) } to com.ifttt.ifttt/com.ifttt.nativeservices.bluetooth.BluetoothBroadcastReceiver requires android.permission.BLUETOOTH_CONNECT due to sender com.android.bluetooth (uid 1002)
07-13 15:17:47.875  1750  1786 I ActivityManager: Killing 12448:com.google.process.gapps/u0a190 (adj 985): empty #33
07-13 15:17:47.919  1750  1750 W Looper  : Slow dispatch took 330ms main h=com.android.server.power.Notifier$NotifierHandler c=null m=6
07-13 15:17:47.920  1750  1750 W Looper  : Slow delivery took 371ms main h=com.android.server.power.Notifier$NotifierHandler c=null m=7
07-13 15:17:47.929  1750  2068 D CompatibilityChangeReporter: Compat change id reported: 135634846; UID 10323; state: DISABLED
07-13 15:17:47.930  1750  2068 D CompatibilityChangeReporter: Compat change id reported: 177438394; UID 10323; state: DISABLED
07-13 15:17:47.931  1750  2068 D CompatibilityChangeReporter: Compat change id reported: 135772972; UID 10323; state: DISABLED
07-13 15:17:47.931  1750  2068 D CompatibilityChangeReporter: Compat change id reported: 135754954; UID 10323; state: ENABLED
07-13 15:17:47.931  1750  2069 D CompatibilityChangeReporter: Compat change id reported: 143937733; UID 10323; state: ENABLED
07-13 15:17:47.999  1750  2069 W ActivityManager: Slow operation: 72ms so far, now at startProcess: done updating battery stats
07-13 15:17:47.999  1750  2069 W ActivityManager: Slow operation: 72ms so far, now at startProcess: building log message
07-13 15:17:47.999  1750  2069 I ActivityManager: Start proc 16156:com.pandora.android/u0a323 for broadcast {com.pandora.android/com.pandora.android.api.bluetooth.AutoStartReceiver}
07-13 15:17:47.999  1750  2069 W ActivityManager: Slow operation: 72ms so far, now at startProcess: starting to update pids map
07-13 15:17:48.000  1750  2069 W ActivityManager: Slow operation: 72ms so far, now at startProcess: done updating pids map
07-13 15:17:48.113  1750  1750 W Looper  : Slow dispatch took 110ms main h=android.os.Handler c=com.android.server.BatteryService$$ExternalSyntheticLambda4@8ee4719 m=0
07-13 15:17:48.123  2380 12345 D PowerUI : can't show warning due to - plugged: true status unknown: false
07-13 15:17:48.322  1750  1750 W Looper  : Drained
07-13 15:17:48.339  2380  3536 D PowerUI : can't show warning due to - plugged: true status unknown: false
07-13 15:17:48.343  2380 14871 D PowerUI : can't show warning due to - plugged: true status unknown: false
07-13 15:17:48.352  2380  3014 D PowerUI : can't show warning due to - plugged: true status unknown: false
07-13 15:17:48.354  2380  3014 D PowerUI : can't show warning due to - plugged: true status unknown: false
07-13 15:17:48.373  1750  2258 W NetworkPolicy: shared quota unsupported; generating rule for each iface
07-13 15:17:48.474  2380 16206 D PowerUI : can't show warning due to - plugged: true status unknown: false
07-13 15:17:48.550  1750  4058 I ActivityManager: Process com.bestbuy.android (pid 13643) has died: cch+75 CEM 
07-13 15:17:48.553  1750  4058 I ActivityManager: Killing 13809:com.google.android.webview:sandboxed_process0:org.chromium.content.app.SandboxedProcessService0:0/u0a390i849 (adj 0): isolated not needed
07-13 15:17:48.590  1750  2258 W NetworkPolicy: shared quota unsupported; generating rule for each iface
07-13 15:17:48.592  1750  1750 I Telecom : BluetoothStateReceiver: Device A0:14:3D:52:75:21 changed state to 1: BSR.oR@Cv4
07-13 15:17:48.652  1750  1750 D CompatibilityChangeReporter: Compat change id reported: 135634846; UID 10017; state: DISABLED
07-13 15:17:48.652  1750  1750 D CompatibilityChangeReporter: Compat change id reported: 177438394; UID 10017; state: DISABLED
07-13 15:17:48.652  1750  1750 D CompatibilityChangeReporter: Compat change id reported: 135772972; UID 10017; state: DISABLED
07-13 15:17:48.653  1750  1750 D CompatibilityChangeReporter: Compat change id reported: 135754954; UID 10017; state: ENABLED
07-13 15:17:48.653  1750  2069 D CompatibilityChangeReporter: Compat change id reported: 143937733; UID 10017; state: ENABLED
07-13 15:17:48.669  1750  2069 I ActivityManager: Start proc 16179:com.tmobile.digits/u0a17 for service {com.tmobile.digits/androidx.work.impl.background.systemjob.SystemJobService}
07-13 15:17:48.688  1750  2096 E KernelCpuUidActiveTimeReader: Negative delta from active time for uid: 10229, delta: -12
07-13 15:17:48.689  1750  2096 E KernelCpuUidActiveTimeReader: Negative delta from active time for uid: 10151, delta: -22
07-13 15:17:48.689  1750  2096 E KernelCpuUidActiveTimeReader: Negative delta from active time for uid: 10167, delta: -11
07-13 15:17:48.690  1750  2096 E KernelCpuUidActiveTimeReader: Negative delta from active time for uid: 10521, delta: -19
07-13 15:17:48.690  1750  2096 E KernelCpuUidActiveTimeReader: Negative delta from active time for uid: 10343, delta: -33
07-13 15:17:48.690  1750  2096 E KernelCpuUidActiveTimeReader: Negative delta from active time for uid: 10105, delta: -12
07-13 15:17:48.690  1750  2096 E KernelCpuUidActiveTimeReader: Negative delta from active time for uid: 10236, delta: -2
