07-13 14:43:58.091  1750  1750 W Telecom : CallDiagnosticServiceController: maybeUnbindCallScreeningService - already unbound: CSW.rC->CM.pR(cap)@CDc
07-13 14:43:58.096  1750  1787 I Telecom : : Silence Ringer requested by com.google.android.dialer: TSI.sR@CD0
07-13 14:43:58.120  1750  2068 D CompatibilityChangeReporter: Compat change id reported: 168419799; UID 10103; state: DISABLED
07-13 14:43:58.402  1750  1750 V Biometrics/AcquisitionClient: Acquired: 7 0, shouldSend: true
07-13 14:43:58.504  1750  1750 V Biometrics/AcquisitionClient: Acquired: 0 0, shouldSend: true
07-13 14:43:58.506  1750  1750 V Biometrics/LoggableMonitor: Authentication latency: 104
07-13 14:43:58.506  1750  1750 V Biometrics/AuthenticationClient: onAuthenticated(true), ID:278860527, Owner: com.android.systemui, isBP: false, listener: com.android.server.biometrics.sensors.ClientMonitorCallbackConverter@21da2ba, requireConfirmation: false, user: 0, clientMonitor: {[1138] com.android.server.biometrics.sensors.fingerprint.hidl.FingerprintAuthenticationClient, proto=3, owner=com.android.systemui, cookie=0, requestId=540, userId=0}
07-13 14:43:58.506  1750  1750 W Biometrics/AuthenticationClient: Allowing background authentication, this is allowed only for platform or test invocations
07-13 14:43:58.506  1750  1750 D Biometrics/ClientMonitor: marking operation as done: {[1138] com.android.server.biometrics.sensors.fingerprint.hidl.FingerprintAuthenticationClient, proto=3, owner=com.android.systemui, cookie=0, requestId=540, userId=0}
07-13 14:43:58.518  1750  1750 D Biometrics/AuthenticationClient: addAuthToken: 0
07-13 14:43:58.518  1750  1750 D FingerprintService: Client finished, fps state updated to 0, client {[1138] com.android.server.biometrics.sensors.fingerprint.hidl.FingerprintAuthenticationClient, proto=3, owner=com.android.systemui, cookie=0, requestId=540, userId=0}
07-13 14:43:58.518  1750  1750 D BiometricSchedulerOperation: [Finished / destroy]: {[1138] com.android.server.biometrics.sensors.fingerprint.hidl.FingerprintAuthenticationClient, proto=3, owner=com.android.systemui, cookie=0, requestId=540, userId=0}
07-13 14:43:58.519  1750  1750 D BiometricScheduler/Fingerprint21: [Finishing] {[1138] com.android.server.biometrics.sensors.fingerprint.hidl.FingerprintAuthenticationClient, proto=3, owner=com.android.systemui, cookie=0, requestId=540, userId=0}, success: true
07-13 14:43:58.519  1750  1750 D BiometricCoexCoordinator: removeAuthenticationClient(OtherFp), client: {[1138] com.android.server.biometrics.sensors.fingerprint.hidl.FingerprintAuthenticationClient, proto=3, owner=com.android.systemui, cookie=0, requestId=540, userId=0}
07-13 14:43:58.519  1750  1750 D GestureAvailabilityTracker: Notifying gesture availability, active=true
07-13 14:43:58.519  1750  1750 D BiometricScheduler/Fingerprint21: No operations, returning to idle
07-13 14:43:58.532  1750  4057 D ActivityTaskManager: Top Process State changed to PROCESS_STATE_TOP
07-13 14:43:58.642  1750  4099 D CompatibilityChangeReporter: Compat change id reported: 168419799; UID 10331; state: DISABLED
07-13 14:43:58.656  1750  1750 W Looper  : Slow dispatch took 130ms main h=com.android.server.trust.TrustManagerService$2 c=null m=14
07-13 14:43:59.373  1750  2068 W BroadcastQueue: Background execution not allowed: receiving Intent { act=android.intent.action.USER_PRESENT flg=0x24200010 } to com.android.chrome/org.chromium.chrome.browser.sharing.click_to_call.ClickToCallMessageHandler$PhoneUnlockedReceiver
07-13 14:43:59.394  1750  2068 W BroadcastQueue: Background execution not allowed: receiving Intent { act=android.intent.action.USER_PRESENT flg=0x24200010 } to com.google.android.gms/.auth.setup.devicesignals.LockScreenReceiver
07-13 14:43:59.394  1750  2068 W BroadcastQueue: Background execution not allowed: receiving Intent { act=android.intent.action.USER_PRESENT flg=0x24200010 } to com.google.android.gms/.chimera.GmsIntentOperationService$PersistentTrustedReceiver
07-13 14:43:59.399  1750  2068 W BroadcastQueue: Background execution not allowed: receiving Intent { act=android.intent.action.USER_PRESENT flg=0x24200010 } to com.asus.aihome/com.baidu.android.pushservice.PushServiceReceiver
07-13 14:43:59.399  1750  2068 W BroadcastQueue: Background execution not allowed: receiving Intent { act=android.intent.action.USER_PRESENT flg=0x24200010 } to com.instagram.android/com.instagram.push.FbnsInitBroadcastReceiver
07-13 14:43:59.400  1750  2068 W BroadcastQueue: Background execution not allowed: receiving Intent { act=android.intent.action.USER_PRESENT flg=0x24200010 } to com.zhiliaoapp.musically/com.ss.android.push.window.oppo.ScreenReceiver
07-13 14:43:59.400  1750  2068 W BroadcastQueue: Background execution not allowed: receiving Intent { act=android.intent.action.USER_PRESENT flg=0x24200010 } to de.android.telnet2/.MyWidgetProviderMobile11
07-13 14:43:59.400  1750  2068 W BroadcastQueue: Background execution not allowed: receiving Intent { act=android.intent.action.USER_PRESENT flg=0x24200010 } to de.android.telnet2/.MyWidgetProviderMobile21
07-13 14:43:59.400  1750  2068 W BroadcastQueue: Background execution not allowed: receiving Intent { act=android.intent.action.USER_PRESENT flg=0x24200010 } to de.android.telnet2/.MyWidgetProviderMobile22
07-13 14:43:59.400  1750  2068 W BroadcastQueue: Background execution not allowed: receiving Intent { act=android.intent.action.USER_PRESENT flg=0x24200010 } to de.android.telnet2/.MyWidgetProviderWifi11
07-13 14:43:59.400  1750  2068 W BroadcastQueue: Background execution not allowed: receiving Intent { act=android.intent.action.USER_PRESENT flg=0x24200010 } to de.android.telnet2/.MyWidgetProviderWifi21
07-13 14:43:59.400  1750  2068 W BroadcastQueue: Background execution not allowed: receiving Intent { act=android.intent.action.USER_PRESENT flg=0x24200010 } to de.android.telnet2/.MyWidgetProviderWifi22
07-13 14:43:59.401  1750  4308 W ActivityManager: Background start not allowed: service Intent { act=Orca.START cmp=com.instagram.android/com.facebook.rti.push.service.FbnsService (has extras) } to com.instagram.android/com.facebook.rti.push.service.FbnsService from pid=32721 uid=10297 pkg=com.instagram.android startFg?=false
07-13 14:43:59.412  1750  4232 D CompatibilityChangeReporter: Compat change id reported: 135634846; UID 10297; state: DISABLED
07-13 14:43:59.412  1750  4232 D CompatibilityChangeReporter: Compat change id reported: 177438394; UID 10297; state: DISABLED
07-13 14:43:59.412  1750  4232 D CompatibilityChangeReporter: Compat change id reported: 135772972; UID 10297; state: DISABLED
07-13 14:43:59.412  1750  4232 D CompatibilityChangeReporter: Compat change id reported: 135754954; UID 10297; state: ENABLED
07-13 14:43:59.413  1750  2069 D CompatibilityChangeReporter: Compat change id reported: 143937733; UID 10297; state: ENABLED
07-13 14:43:59.448  1750  2069 I ActivityManager: Start proc 11106:com.instagram.android:mqtt/u0a297 for service {com.instagram.android/com.facebook.rti.push.service.FbnsService}
07-13 14:43:59.476  1750  1750 W Looper  : Slow dispatch took 119ms main h=android.app.ActivityThread$H c=android.app.LoadedApk$ReceiverDispatcher$Args$$ExternalSyntheticLambda0@4eeeddc m=0
07-13 14:43:59.644  1750  2068 D CompatibilityChangeReporter: Compat change id reported: 135634846; UID 10210; state: DISABLED
07-13 14:43:59.644  1750  2068 D CompatibilityChangeReporter: Compat change id reported: 177438394; UID 10210; state: DISABLED
07-13 14:43:59.644  1750  2068 D CompatibilityChangeReporter: Compat change id reported: 135772972; UID 10210; state: DISABLED
07-13 14:43:59.644  1750  2068 D CompatibilityChangeReporter: Compat change id reported: 135754954; UID 10210; state: ENABLED
07-13 14:43:59.644  1750  2069 D CompatibilityChangeReporter: Compat change id reported: 143937733; UID 10210; state: ENABLED
07-13 14:43:59.654  1750  2069 I ActivityManager: Start proc 11132:com.google.android.apps.photos/u0a210 for broadcast {com.google.android.apps.photos/com.google.android.libraries.notifications.entrypoints.gcm.GcmBroadcastReceiver}
07-13 14:44:00.090  1750  1750 I Telecom : InCallController: CSICSC: disconnect com.android.server.telecom.InCallController$EmergencyInCallServiceConnection@1e82292: CSW.rC->CM.pR->ICC.oCR(cap)@CDc
07-13 14:44:00.090  1750  1750 I Telecom : EmergencyInCallServiceConnection: Disconnecting from InCallService: CSW.rC->CM.pR->ICC.oCR(cap)@CDc
07-13 14:44:00.090  1750  1750 I Telecom : InCallController: ICSBC#disconnect: unbinding after 18987 ms;[ComponentInfo{com.google.android.dialer/com.android.incallui.InCallServiceImpl} supportsExternal? true supportsSelfMg?false]. isCrashed: false: CSW.rC->CM.pR->ICC.oCR(cap)@CDc
07-13 14:44:00.097  1750  1750 W ProcessStats: Tracking association SourceState{584cdb3 system/1000 BTopFgs #2123479} whose proc state 2 is better than process ProcessState{baa4f70 net.dinglisch.android.taskerm/10289 pkg=net.dinglisch.android.taskerm} proc state 3 (4935 skipped)
07-13 14:44:00.098  1750  1750 W Telecom : Call: maybeOnInCallServiceTrackingChanged() request on a call without a connection service.: CSW.rC->CM.pR->ICC.oCR(cap)@CDc
07-13 14:44:00.098  1750  1750 I Telecom : InCallController: onDisconnected from ComponentInfo{com.google.android.dialer/com.android.incallui.InCallServiceImpl}: CSW.rC->CM.pR->ICC.oCR(cap)@CDc
07-13 14:44:00.098  1750  1750 I Telecom : InCallController: trackCallingUserInterfaceStopped: com.google.android.dialer is no longer calling UX: CSW.rC->CM.pR->ICC.oCR(cap)@CDc
07-13 14:44:00.098  1750  1750 I Telecom : InCallController: ICSBC#disconnect: unbinding after 18984 ms;[ComponentInfo{com.android.bluetooth/com.android.bluetooth.telephony.BluetoothInCallService} supportsExternal? false supportsSelfMg?true]. isCrashed: false: CSW.rC->CM.pR->ICC.oCR(cap)@CDc
07-13 14:44:00.100  1750  1750 W Telecom : Call: maybeOnInCallServiceTrackingChanged() request on a call without a connection service.: CSW.rC->CM.pR->ICC.oCR(cap)@CDc
07-13 14:44:00.100  1750  1750 I Telecom : InCallController: onDisconnected from ComponentInfo{com.android.bluetooth/com.android.bluetooth.telephony.BluetoothInCallService}: CSW.rC->CM.pR->ICC.oCR(cap)@CDc
07-13 14:44:00.100  1750  1750 I Telecom : InCallController: ICSBC#disconnect: unbinding after 18982 ms;[ComponentInfo{com.google.android.apps.scone/com.google.android.apps.scone.coex.StateService} supportsExternal? false supportsSelfMg?false]. isCrashed: false: CSW.rC->CM.pR->ICC.oCR(cap)@CDc
07-13 14:44:00.104  1750  1750 W Telecom : Call: maybeOnInCallServiceTrackingChanged() request on a call without a connection service.: CSW.rC->CM.pR->ICC.oCR(cap)@CDc
07-13 14:44:00.104  1750  1750 I Telecom : InCallController: onDisconnected from ComponentInfo{com.google.android.apps.scone/com.google.android.apps.scone.coex.StateService}: CSW.rC->CM.pR->ICC.oCR(cap)@CDc
07-13 14:44:00.104  1750  1750 I Telecom : InCallController: ICSBC#disconnect: unbinding after 18978 ms;[ComponentInfo{com.google.android.as/com.google.android.apps.miphone.aiai.captions.tulip.audiosource.impl.CIS} supportsExternal? false supportsSelfMg?false]. isCrashed: false: CSW.rC->CM.pR->ICC.oCR(cap)@CDc
07-13 14:44:00.110  1750  1750 W Telecom : Call: maybeOnInCallServiceTrackingChanged() request on a call without a connection service.: CSW.rC->CM.pR->ICC.oCR(cap)@CDc
07-13 14:44:00.110  1750  1750 I Telecom : InCallController: onDisconnected from ComponentInfo{com.google.android.as/com.google.android.apps.miphone.aiai.captions.tulip.audiosource.impl.CIS}: CSW.rC->CM.pR->ICC.oCR(cap)@CDc
07-13 14:44:00.110  1750  1750 I Telecom : InCallController: ICSBC#disconnect: unbinding after 18979 ms;[ComponentInfo{com.google.android.googlequicksearchbox/com.google.android.libraries.search.assistant.performer.communication.IncomingCallInCallService} supportsExternal? false supportsSelfMg?false]. isCrashed: false: CSW.rC->CM.pR->ICC.oCR(cap)@CDc
07-13 14:44:00.112  1750  1750 W Telecom : Call: maybeOnInCallServiceTrackingChanged() request on a call without a connection service.: CSW.rC->CM.pR->ICC.oCR(cap)@CDc
07-13 14:44:00.112  1750  1750 I Telecom : InCallController: onDisconnected from ComponentInfo{com.google.android.googlequicksearchbox/com.google.android.libraries.search.assistant.performer.communication.IncomingCallInCallService}: CSW.rC->CM.pR->ICC.oCR(cap)@CDc
07-13 14:44:00.904  1750  2042 D CompanionDeviceManagerService: onPackageModified(packageName = com.pandora.android)
07-13 14:44:00.934  1750  2227 D CompatibilityChangeReporter: Compat change id reported: 168419799; UID 10254; state: DISABLED
07-13 14:44:00.953  1750  1750 I Telecom : DefaultDialerCache: Refreshing default dialer for user 0: now com.google.android.dialer: DDC.oR@CPw
07-13 14:44:00.953  1750  1750 I Telecom : DefaultDialerCache: Refreshing default dialer for user 11: now com.google.android.dialer: DDC.oR@CPw
07-13 14:44:01.632  1750  2045 I DisplayDeviceRepository: Display device changed: DisplayDeviceInfo{"Built-in Screen": uniqueId="local:4630946523002478721", 1080 x 2340, modeId 1, defaultModeId 1, supportedModes [{id=1, width=1080, height=2340, fps=60.000004, alternativeRefreshRates=[90.0]}, {id=2, width=1080, height=2340, fps=90.0, alternativeRefreshRates=[60.000004]}], colorMode 0, supportedColorModes [0, 7, 9], hdrCapabilities HdrCapabilities{mSupportedHdrTypes=[2, 3], mMaxLuminance=500.0, mMaxAverageLuminance=500.0, mMinLuminance=0.0}, allmSupported false, gameContentTypeSupported false, density 440, 435.428 x 433.839 dpi, appVsyncOff 2333332, presDeadline 11500000, cutout DisplayCutout{insets=Rect(0, 136 - 0, 0) waterfall=Insets{left=0, top=0, right=0, bottom=0} boundingRect={Bounds=[Rect(0, 0 - 0, 0), Rect(0, 0 - 145, 136), Rect(0, 0 - 0, 0), Rect(0, 0 - 0, 0)]} cutoutPathParserInfo={CutoutPathParserInfo{displayWidth=1080 displayHeight=2340 density={2.75} cutoutSpec={M 41,77 a 40,40 0 1 0 80,0 40,40 0 1 0 -80,0 Z @left} rotation={0} scale={1.0}}}}, touch INTERNAL, rotation 0, type INTERNAL, address {port=129, model=0x40446d53ad64a0}, deviceProductInfo DeviceProductInfo{name=, manufacturerPnpId=QCM, productId=1, modelYear=null, manufactureDate=ManufactureDate{week=27, year=2006}, connectionToSinkType=0}, state ON, frameRateOverride , brightnessMinimum 0.0, brightnessMaximum 1.0, brightnessDefault 0.2901961, roundedCorners RoundedCorners{[RoundedCorner{position=TopLeft, radius=108, center=Point(108, 108)}, RoundedCorner{position=TopRight, radius=108, center=Point(972, 108)}, RoundedCorner{position=BottomRight, radius=108, center=Point(972, 2232)}, RoundedCorner{position=BottomLeft, radius=108, center=Point(108, 2232)}]}, FLAG_DEFAULT_DISPLAY, FLAG_ROTATES_WITH_CONTENT, FLAG_SECURE, FLAG_SUPPORTS_PROTECTED_BUFFERS}
07-13 14:44:01.717  1750  2045 I DisplayDeviceRepository: Display device changed: DisplayDeviceInfo{"Built-in Screen": uniqueId="local:4630946523002478721", 1080 x 2340, modeId 2, defaultModeId 1, supportedModes [{id=1, width=1080, height=2340, fps=60.000004, alternativeRefreshRates=[90.0]}, {id=2, width=1080, height=2340, fps=90.0, alternativeRefreshRates=[60.000004]}], colorMode 0, supportedColorModes [0, 7, 9], hdrCapabilities HdrCapabilities{mSupportedHdrTypes=[2, 3], mMaxLuminance=500.0, mMaxAverageLuminance=500.0, mMinLuminance=0.0}, allmSupported false, gameContentTypeSupported false, density 440, 435.428 x 433.839 dpi, appVsyncOff 2333333, presDeadline 11500000, cutout DisplayCutout{insets=Rect(0, 136 - 0, 0) waterfall=Insets{left=0, top=0, right=0, bottom=0} boundingRect={Bounds=[Rect(0, 0 - 0, 0), Rect(0, 0 - 145, 136), Rect(0, 0 - 0, 0), Rect(0, 0 - 0, 0)]} cutoutPathParserInfo={CutoutPathParserInfo{displayWidth=1080 displayHeight=2340 density={2.75} cutoutSpec={M 41,77 a 40,40 0 1 0 80,0 40,40 0 1 0 -80,0 Z @left} rotation={0} scale={1.0}}}}, touch INTERNAL, rotation 0, type INTERNAL, address {port=129, model=0x40446d53ad64a0}, deviceProductInfo DeviceProductInfo{name=, manufacturerPnpId=QCM, productId=1, modelYear=null, manufactureDate=ManufactureDate{week=27, year=2006}, connectionToSinkType=0}, state ON, frameRateOverride , brightnessMinimum 0.0, brightnessMaximum 1.0, brightnessDefault 0.2901961, roundedCorners RoundedCorners{[RoundedCorner{position=TopLeft, radius=108, center=Point(108, 108)}, RoundedCorner{position=TopRight, radius=108, center=Point(972, 108)}, RoundedCorner{position=BottomRight, radius=108, center=Point(972, 2232)}, RoundedCorner{position=BottomLeft, radius=108, center=Point(108, 2232)}]}, FLAG_DEFAULT_DISPLAY, FLAG_ROTATES_WITH_CONTENT, FLAG_SECURE, FLAG_SUPPORTS_PROTECTED_BUFFERS}
07-13 14:44:09.794  1750  2487 W ContextImpl: Calling a method in the system process without a qualified user: android.app.ContextImpl.sendBroadcastMultiplePermissions:1214 com.android.server.TelephonyRegistry.broadcastServiceStateChanged:2911 com.android.server.TelephonyRegistry.notifyServiceStateForPhoneId:1613 com.android.internal.telephony.ITelephonyRegistry$Stub.onTransact:455 android.os.Binder.execTransactInternal:1179 
07-13 14:44:09.796  1750  2068 W BroadcastQueue: Permission Denial: receiving Intent { act=android.intent.action.SERVICE_STATE flg=0x1000010 (has extras) } to ProcessRecord{b767ac8 2380:com.android.systemui/u0a245} (pid=2380, uid=10245) requires android.permission.READ_PHONE_STATE due to sender android (uid 1001)
07-13 14:44:09.796  1750  2068 W BroadcastQueue: Permission Denial: receiving Intent { act=android.intent.action.SERVICE_STATE flg=0x1000010 (has extras) } to ProcessRecord{9c88137 5094:com.google.android.wearable.app:background/u0a552} (pid=5094, uid=10552) requires android.permission.READ_PHONE_STATE due to sender android (uid 1001)
07-13 14:44:09.796  1750  2068 W BroadcastQueue: Permission Denial: receiving Intent { act=android.intent.action.SERVICE_STATE flg=0x1000010 (has extras) } to com.google.android.cellbroadcastreceiver/com.android.cellbroadcastreceiver.CellBroadcastReceiver requires android.permission.READ_PHONE_STATE due to sender android (uid 1001)
07-13 14:44:09.798  1750  2487 W ContextImpl: Calling a method in the system process without a qualified user: android.app.ContextImpl.sendBroadcastMultiplePermissions:1264 com.android.server.TelephonyRegistry.broadcastServiceStateChanged:2914 com.android.server.TelephonyRegistry.notifyServiceStateForPhoneId:1613 com.android.internal.telephony.ITelephonyRegistry$Stub.onTransact:455 android.os.Binder.execTransactInternal:1179 
07-13 14:44:09.798  1750  2068 W BroadcastQueue: Permission Denial: receiving Intent { act=android.intent.action.SERVICE_STATE flg=0x1000010 (has extras) } to ProcessRecord{b767ac8 2380:com.android.systemui/u0a245} (pid=2380, uid=10245) requires android.permission.ACCESS_FINE_LOCATION due to sender android (uid 1001)
07-13 14:44:09.799  1750  2487 W ContextImpl: Calling a method in the system process without a qualified user: android.app.ContextImpl.sendBroadcastMultiplePermissions:1264 com.android.server.TelephonyRegistry.broadcastServiceStateChanged:2923 com.android.server.TelephonyRegistry.notifyServiceStateForPhoneId:1613 com.android.internal.telephony.ITelephonyRegistry$Stub.onTransact:455 android.os.Binder.execTransactInternal:1179 
07-13 14:44:09.799  1750  2068 W BroadcastQueue: Permission Denial: receiving Intent { act=android.intent.action.SERVICE_STATE flg=0x1000010 (has extras) } to ProcessRecord{9c88137 5094:com.google.android.wearable.app:background/u0a552} (pid=5094, uid=10552) requires android.permission.READ_PRIVILEGED_PHONE_STATE due to sender android (uid 1001)
07-13 14:44:09.799  1750  2068 W BroadcastQueue: Permission Denial: receiving Intent { act=android.intent.action.SERVICE_STATE flg=0x1000010 (has extras) } to com.google.android.cellbroadcastreceiver/com.android.cellbroadcastreceiver.CellBroadcastReceiver requires android.permission.ACCESS_FINE_LOCATION due to sender android (uid 1001)
07-13 14:44:09.799  1750  2068 W BroadcastQueue: Permission Denial: receiving Intent { act=android.intent.action.SERVICE_STATE flg=0x1000010 (has extras) } to ProcessRecord{b767ac8 2380:com.android.systemui/u0a245} (pid=2380, uid=10245) requires android.permission.READ_PHONE_STATE due to sender android (uid 1001)
07-13 14:44:09.800  1750  2487 W ContextImpl: Calling a method in the system process without a qualified user: android.app.ContextImpl.sendBroadcastMultiplePermissions:1264 com.android.server.TelephonyRegistry.broadcastServiceStateChanged:2926 com.android.server.TelephonyRegistry.notifyServiceStateForPhoneId:1613 com.android.internal.telephony.ITelephonyRegistry$Stub.onTransact:455 android.os.Binder.execTransactInternal:1179 
07-13 14:44:09.800  1750  2068 W BroadcastQueue: Permission Denial: receiving Intent { act=android.intent.action.SERVICE_STATE flg=0x1000010 (has extras) } to ProcessRecord{9c88137 5094:com.google.android.wearable.app:background/u0a552} (pid=5094, uid=10552) requires android.permission.READ_PHONE_STATE due to sender android (uid 1001)
07-13 14:44:09.800  1750  2068 W BroadcastQueue: Permission Denial: receiving Intent { act=android.intent.action.SERVICE_STATE flg=0x1000010 (has extras) } to com.google.android.cellbroadcastreceiver/com.android.cellbroadcastreceiver.CellBroadcastReceiver requires android.permission.READ_PHONE_STATE due to sender android (uid 1001)
07-13 14:44:09.801  1750  2068 W BroadcastQueue: Permission Denial: receiving Intent { act=android.intent.action.SERVICE_STATE flg=0x1000010 (has extras) } to ProcessRecord{9c88137 5094:com.google.android.wearable.app:background/u0a552} (pid=5094, uid=10552) requires android.permission.READ_PRIVILEGED_PHONE_STATE due to sender android (uid 1001)
07-13 14:44:09.809  1750  2068 D CompatibilityChangeReporter: Compat change id reported: 168419799; UID 10252; state: DISABLED
07-13 14:44:10.048  1750  2487 I ActivityTaskManager: START u0 {cmp=com.google.android.dialer/com.android.dialer.callscreen.impl.history.CallScreenSessionActivity (has extras)} from uid 10180
07-13 14:44:10.067  6713  6826 E ActivityThread: Failed to find provider info for com.teslacoilsw.notifier
07-13 14:44:10.068  1750  4308 W ActivityTaskManager: Tried to set launchTime (0) < mLastActivityLaunchTime (375979440)
07-13 14:44:10.069  1750  2487 I Telecom : MissedCallNotifierImpl: sendNotificationThroughDefaultDialer; count=0, dialerPackage=com.google.android.dialer: TSI.cMCN@CS0
07-13 14:44:10.111  1750  3192 W ProcessStats: Tracking association SourceState{584cdb3 system/1000 BTopFgs #2123675} whose proc state 2 is better than process ProcessState{baa4f70 net.dinglisch.android.taskerm/10289 pkg=net.dinglisch.android.taskerm} proc state 3 (123 skipped)
07-13 14:44:15.365  1750  2258 W NetworkPolicy: shared quota unsupported; generating rule for each iface
07-13 14:44:15.628  1018  1018 I vendor.google.wifi_ext@1.0-service-vendor: Wifi: Reseting SAR Scenario to default
07-13 14:44:16.474  1278  1278 I wificond: Regulatory domain changed to country: US on wiphy_index: 0
07-13 14:44:16.477  1278  1278 I wificond: 2.4Ghz frequencies: 2412 2417 2422 2427 2432 2437 2442 2447 2452 2457 2462
07-13 14:44:16.477  1278  1278 I wificond: 5Ghz non-DFS frequencies: 5180 5200 5220 5240 5745 5765 5785 5805 5825
07-13 14:44:16.477  1278  1278 I wificond: 5Ghz DFS frequencies: 5260 5280 5300 5320 5500 5520 5540 5560 5580 5600 5620 5640 5660 5680 5700 5720
07-13 14:44:16.477  1278  1278 I wificond: 6Ghz frequencies:
07-13 14:44:16.477  1278  1278 I wificond: 60Ghz frequencies:
07-13 14:44:20.324  1750  4230 W ProcessStats: Tracking association SourceState{584cdb3 system/1000 BTopFgs #2123778} whose proc state 2 is better than process ProcessState{baa4f70 net.dinglisch.android.taskerm/10289 pkg=net.dinglisch.android.taskerm} proc state 3 (86 skipped)
07-13 14:44:20.900  1750  2211 I ActivityManager: Killing 8339:com.tmobile.pr.mytmobile/u0a296 (adj 985): empty #33
07-13 14:44:20.953  1750  4230 I ActivityManager: Killing 8453:com.google.android.webview:sandboxed_process0:org.chromium.content.app.SandboxedProcessService0:0/u0a296i846 (adj 0): isolated not needed
07-13 14:44:21.012  1750  2096 E KernelCpuUidActiveTimeReader: Negative delta from active time for uid: 10229, delta: -12
07-13 14:44:21.012  1750  2096 E KernelCpuUidActiveTimeReader: Negative delta from active time for uid: 10151, delta: -22
07-13 14:44:21.012  1750  2096 E KernelCpuUidActiveTimeReader: Negative delta from active time for uid: 10167, delta: -11
07-13 14:44:21.013  1750  2096 E KernelCpuUidActiveTimeReader: Negative delta from active time for uid: 10521, delta: -19
07-13 14:44:21.013  1750  2096 E KernelCpuUidActiveTimeReader: Negative delta from active time for uid: 10343, delta: -33
07-13 14:44:21.013  1750  2096 E KernelCpuUidActiveTimeReader: Negative delta from active time for uid: 10105, delta: -12
07-13 14:44:21.013  1750  2096 E KernelCpuUidActiveTimeReader: Negative delta from active time for uid: 10236, delta: -2
07-13 14:44:21.014  1750  2096 E KernelCpuUidActiveTimeReader: Negative delta from active time for uid: 10184, delta: -30
07-13 14:44:21.014  1750  2096 E KernelCpuUidActiveTimeReader: Negative delta from active time for uid: 10404, delta: -24
07-13 14:44:21.014  1750  2096 E KernelCpuUidActiveTimeReader: Negative delta from active time for uid: 10281, delta: -44
07-13 14:44:22.694  1750  4099 W AppOps  : Noting op not finished: uid 10190 pkg com.google.android.gms code 113 startTime of in progress event=1657737838535
07-13 14:44:22.723  1750  4099 W AppOps  : Noting op not finished: uid 10202 pkg com.google.android.apps.maps code 79 startTime of in progress event=1657737835361
07-13 14:44:22.732  1750  4308 W AppOps  : Noting op not finished: uid 10190 pkg com.google.android.gms code 113 startTime of in progress event=1657737838535
07-13 14:44:22.743  1750  4230 W AppOps  : Noting op not finished: uid 10223 pkg com.google.android.gms.location.history code 79 startTime of in progress event=1657703118539
07-13 14:44:22.749  1750  4308 W AppOps  : Noting op not finished: uid 10447 pkg com.urbandroid.sleep code 79 startTime of in progress event=1657737839944
07-13 14:44:22.757  1750  4308 W AppOps  : Noting op not finished: uid 10190 pkg com.google.android.gms code 113 startTime of in progress event=1657737838535
07-13 14:44:23.422  1750  4308 W AppOps  : Noting op not finished: uid 10170 pkg com.google.android.googlequicksearchbox code 79 startTime of in progress event=1657737098764
07-13 14:44:23.425  1750  4308 W AppOps  : Noting op not finished: uid 10202 pkg com.google.android.apps.maps code 79 startTime of in progress event=1657737862752
07-13 14:44:23.436  1750  4308 W AppOps  : Noting op not finished: uid 10152 pkg com.google.android.apps.scone code 79 startTime of in progress event=1657737840104
07-13 14:44:23.453  1750  4099 W AppOps  : Noting op not finished: uid 10447 pkg com.urbandroid.sleep code 79 startTime of in progress event=1657737862793
07-13 14:44:23.522  1750  4308 W AppOps  : Noting op not finished: uid 10202 pkg com.google.android.apps.maps code 79 startTime of in progress event=1657737863518
07-13 14:44:30.519  1750  4231 W ProcessStats: Tracking association SourceState{584cdb3 system/1000 BTopFgs #2123942} whose proc state 2 is better than process ProcessState{baa4f70 net.dinglisch.android.taskerm/10289 pkg=net.dinglisch.android.taskerm} proc state 3 (112 skipped)
07-13 14:44:38.596  1750  4231 I ActivityManager: Killing 7532:com.google.android.webview:webview_service/u0a217 (adj 985): empty #33
07-13 14:44:39.566  1750  3029 I ActivityManager: Killing 32721:com.instagram.android/u0a297 (adj 985): empty #33
07-13 14:44:40.842  1750  3129 W ProcessStats: Tracking association SourceState{584cdb3 system/1000 BTopFgs #2123960} whose proc state 2 is better than process ProcessState{baa4f70 net.dinglisch.android.taskerm/10289 pkg=net.dinglisch.android.taskerm} proc state 3 (14 skipped)
07-13 14:44:55.968  1750  4058 W ProcessStats: Tracking association SourceState{584cdb3 system/1000 BTopFgs #2123985} whose proc state 2 is better than process ProcessState{baa4f70 net.dinglisch.android.taskerm/10289 pkg=net.dinglisch.android.taskerm} proc state 3 (19 skipped)
07-13 14:45:02.027  1750  4057 D CompatibilityChangeReporter: Compat change id reported: 168419799; UID 10210; state: DISABLED
07-13 14:45:07.422  1750  2068 W ActivityManager: Stopping service due to app idle: u0a572 -1m48s874ms com.zhiliaoapp.musically/com.bytedance.common.wschannel.client.WsClientService
07-13 14:45:07.428  1750  2068 W ProcessStats: Tracking association SourceState{584cdb3 system/1000 BTopFgs #2124007} whose proc state 2 is better than process ProcessState{baa4f70 net.dinglisch.android.taskerm/10289 pkg=net.dinglisch.android.taskerm} proc state 3 (12 skipped)
07-13 14:45:07.435  1750  3129 I ActivityManager: Killing 9189:com.google.android.apps.gcs/u0a150 (adj 985): empty #33
07-13 14:45:20.896  1750  2068 W ActivityManager: Stopping service due to app idle: u0a263 -1h45m5s585ms com.facebook.orca/com.facebook.mqttlite.MqttService
07-13 14:45:22.771  1750  2068 W ProcessStats: Tracking association SourceState{584cdb3 system/1000 BTopFgs #2124013} whose proc state 2 is better than process ProcessState{baa4f70 net.dinglisch.android.taskerm/10289 pkg=net.dinglisch.android.taskerm} proc state 3 (5 skipped)
07-13 14:45:22.775  1750  2068 I ActivityManager: Killing 8666:com.google.android.turboadapter/u0a237 (adj 985): empty #33
07-13 14:45:22.795  1750  3129 W AppOps  : Noting op not finished: uid 10190 pkg com.google.android.gms code 113 startTime of in progress event=1657737838535
07-13 14:45:22.803  1750  4308 W AppOps  : Noting op not finished: uid 10202 pkg com.google.android.apps.maps code 79 startTime of in progress event=1657737863536
07-13 14:45:22.807  1750  4058 W AppOps  : Noting op not finished: uid 10190 pkg com.google.android.gms code 113 startTime of in progress event=1657737838535
07-13 14:45:22.813  1750  4057 W AppOps  : Noting op not finished: uid 10223 pkg com.google.android.gms.location.history code 79 startTime of in progress event=1657703118539
07-13 14:45:22.818  1750  4308 W AppOps  : Noting op not finished: uid 10447 pkg com.urbandroid.sleep code 79 startTime of in progress event=1657737863774
07-13 14:45:22.820  1750  4308 W AppOps  : Noting op not finished: uid 10190 pkg com.google.android.gms code 113 startTime of in progress event=1657737838535
07-13 14:45:32.820  1750  2211 W ProcessStats: Tracking association SourceState{584cdb3 system/1000 BTopFgs #2124035} whose proc state 2 is better than process ProcessState{baa4f70 net.dinglisch.android.taskerm/10289 pkg=net.dinglisch.android.taskerm} proc state 3 (14 skipped)
07-13 14:45:45.158  1750  4057 W ProcessStats: Tracking association SourceState{584cdb3 system/1000 BTopFgs #2124040} whose proc state 2 is better than process ProcessState{baa4f70 net.dinglisch.android.taskerm/10289 pkg=net.dinglisch.android.taskerm} proc state 3 (2 skipped)
07-13 14:45:54.945  1750  2062 I ProcessStatsService: Pruning old procstats: /data/system/procstats/state-2022-07-12-07-35-09.bin
07-13 14:45:59.409  1750  2068 W ProcessStats: Tracking association SourceState{584cdb3 system/1000 BTopFgs #2124045} whose proc state 2 is better than process ProcessState{baa4f70 net.dinglisch.android.taskerm/10289 pkg=net.dinglisch.android.taskerm} proc state 3 (4 skipped)
07-13 14:46:05.125  1750  3029 W ActivityManager: Background start not allowed: service Intent { cmp=com.zhiliaoapp.musically/com.bytedance.common.wschannel.client.WsClientService } to com.zhiliaoapp.musically/com.bytedance.common.wschannel.client.WsClientService from pid=4986 uid=10572 pkg=com.zhiliaoapp.musically startFg?=false
07-13 14:46:09.930  1750  3129 W ProcessStats: Tracking association SourceState{584cdb3 system/1000 BTopFgs #2124057} whose proc state 2 is better than process ProcessState{baa4f70 net.dinglisch.android.taskerm/10289 pkg=net.dinglisch.android.taskerm} proc state 3 (10 skipped)
07-13 14:46:17.993  1750  3029 W ActivityManager: Background start not allowed: service Intent { cmp=com.zhiliaoapp.musically/com.bytedance.common.wschannel.client.WsClientService } to com.zhiliaoapp.musically/com.bytedance.common.wschannel.client.WsClientService from pid=4986 uid=10572 pkg=com.zhiliaoapp.musically startFg?=false
07-13 14:46:23.541  1750  3029 W ProcessStats: Tracking association SourceState{584cdb3 system/1000 BTopFgs #2124067} whose proc state 2 is better than process ProcessState{baa4f70 net.dinglisch.android.taskerm/10289 pkg=net.dinglisch.android.taskerm} proc state 3 (9 skipped)
07-13 14:46:41.787  1750  4057 W ProcessStats: Tracking association SourceState{584cdb3 system/1000 BTopFgs #2124079} whose proc state 2 is better than process ProcessState{baa4f70 net.dinglisch.android.taskerm/10289 pkg=net.dinglisch.android.taskerm} proc state 3 (9 skipped)
07-13 14:46:54.888  1750  4057 W ProcessStats: Tracking association SourceState{584cdb3 system/1000 BTopFgs #2124092} whose proc state 2 is better than process ProcessState{baa4f70 net.dinglisch.android.taskerm/10289 pkg=net.dinglisch.android.taskerm} proc state 3 (8 skipped)
07-13 14:47:09.952  1750  4057 W ProcessStats: Tracking association SourceState{584cdb3 system/1000 BTopFgs #2124103} whose proc state 2 is better than process ProcessState{baa4f70 net.dinglisch.android.taskerm/10289 pkg=net.dinglisch.android.taskerm} proc state 3 (8 skipped)
07-13 14:47:20.775  1750  2068 W ProcessStats: Tracking association SourceState{584cdb3 system/1000 BTopFgs #2124105} whose proc state 2 is better than process ProcessState{baa4f70 net.dinglisch.android.taskerm/10289 pkg=net.dinglisch.android.taskerm} proc state 3 (1 skipped)
07-13 14:47:22.851  1750  3029 W AppOps  : Noting op not finished: uid 10190 pkg com.google.android.gms code 113 startTime of in progress event=1657737838535
07-13 14:47:22.868  1750  4057 W AppOps  : Noting op not finished: uid 10202 pkg com.google.android.apps.maps code 79 startTime of in progress event=1657737922813
07-13 14:47:22.877  1750  3129 W AppOps  : Noting op not finished: uid 10190 pkg com.google.android.gms code 113 startTime of in progress event=1657737838535
07-13 14:47:22.889  1750  3029 W AppOps  : Noting op not finished: uid 10223 pkg com.google.android.gms.location.history code 79 startTime of in progress event=1657703118539
07-13 14:47:22.898  1750  3029 W AppOps  : Noting op not finished: uid 10447 pkg com.urbandroid.sleep code 79 startTime of in progress event=1657737922826
07-13 14:47:22.903  1750  4230 W AppOps  : Noting op not finished: uid 10190 pkg com.google.android.gms code 113 startTime of in progress event=1657737838535
07-13 14:47:32.852  1750  2211 W ProcessStats: Tracking association SourceState{584cdb3 system/1000 BTopFgs #2124128} whose proc state 2 is better than process ProcessState{baa4f70 net.dinglisch.android.taskerm/10289 pkg=net.dinglisch.android.taskerm} proc state 3 (15 skipped)
07-13 14:47:34.775  1750  2096 E KernelCpuUidActiveTimeReader: Negative delta from active time for uid: 10229, delta: -12
07-13 14:47:34.776  1750  2096 E KernelCpuUidActiveTimeReader: Negative delta from active time for uid: 10151, delta: -22
07-13 14:47:34.776  1750  2096 E KernelCpuUidActiveTimeReader: Negative delta from active time for uid: 10167, delta: -11
07-13 14:47:34.777  1750  2096 E KernelCpuUidActiveTimeReader: Negative delta from active time for uid: 10521, delta: -19
07-13 14:47:34.777  1750  2096 E KernelCpuUidActiveTimeReader: Negative delta from active time for uid: 10343, delta: -33
07-13 14:47:34.777  1750  2096 E KernelCpuUidActiveTimeReader: Negative delta from active time for uid: 10105, delta: -12
07-13 14:47:34.777  1750  2096 E KernelCpuUidActiveTimeReader: Negative delta from active time for uid: 10236, delta: -2
07-13 14:47:34.777  1750  2096 E KernelCpuUidActiveTimeReader: Negative delta from active time for uid: 10184, delta: -30
07-13 14:47:34.777  1750  2096 E KernelCpuUidActiveTimeReader: Negative delta from active time for uid: 10404, delta: -24
07-13 14:47:34.777  1750  2096 E KernelCpuUidActiveTimeReader: Negative delta from active time for uid: 10281, delta: -44
07-13 14:47:45.215  1750  4230 W ProcessStats: Tracking association SourceState{584cdb3 system/1000 BTopFgs #2124130} whose proc state 2 is better than process ProcessState{baa4f70 net.dinglisch.android.taskerm/10289 pkg=net.dinglisch.android.taskerm} proc state 3 (1 skipped)
07-13 14:47:48.296  1750  4230 W ActivityManager: Background start not allowed: service Intent { cmp=com.zhiliaoapp.musically/com.bytedance.common.wschannel.client.WsClientService } to com.zhiliaoapp.musically/com.bytedance.common.wschannel.client.WsClientService from pid=4986 uid=10572 pkg=com.zhiliaoapp.musically startFg?=false
07-13 14:47:57.871  1750  2068 D CompatibilityChangeReporter: Compat change id reported: 135634846; UID 10297; state: DISABLED
07-13 14:47:57.872  1750  2068 D CompatibilityChangeReporter: Compat change id reported: 177438394; UID 10297; state: DISABLED
07-13 14:47:57.872  1750  2068 D CompatibilityChangeReporter: Compat change id reported: 135772972; UID 10297; state: DISABLED
07-13 14:47:57.872  1750  2068 D CompatibilityChangeReporter: Compat change id reported: 135754954; UID 10297; state: ENABLED
07-13 14:47:57.874  1750  2069 D CompatibilityChangeReporter: Compat change id reported: 143937733; UID 10297; state: ENABLED
07-13 14:47:57.879  1750  2228 W ProcessStats: Tracking association SourceState{584cdb3 system/1000 BTopFgs #2124143} whose proc state 2 is better than process ProcessState{baa4f70 net.dinglisch.android.taskerm/10289 pkg=net.dinglisch.android.taskerm} proc state 3 (7 skipped)
07-13 14:47:57.893  1750  2069 I ActivityManager: Start proc 11678:com.instagram.android/u0a297 for broadcast {com.instagram.android/com.instagram.analytics.uploadscheduler.AnalyticsUploadAlarmReceiver}
07-13 14:47:57.917  1750  3129 D CompatibilityChangeReporter: Compat change id reported: 168419799; UID 10297; state: DISABLED
07-13 14:47:59.087  1750  4308 D CompatibilityChangeReporter: Compat change id reported: 183164979; UID 10297; state: ENABLED
07-13 14:47:59.113  1750  4308 I ActivityManager: Killing 8555:com.google.android.webview:sandboxed_process0:org.chromium.content.app.SandboxedProcessService0:0/u0a369i847 (adj 975): empty #33
07-13 14:47:59.146  1750  3129 W ActivityManager: Scheduling restart of crashed service com.erieinsurance/org.chromium.content.app.SandboxedProcessService0:0 in 1000ms for connection
07-13 14:47:59.155  1750  4308 W ActivityManager: Background start not allowed: service Intent { act=Orca.START cmp=com.instagram.android/com.facebook.rti.push.service.FbnsService (has extras) } to com.instagram.android/com.facebook.rti.push.service.FbnsService from pid=11678 uid=10297 pkg=com.instagram.android startFg?=false
07-13 14:47:59.159  1750  2096 E KernelCpuUidActiveTimeReader: Negative delta from active time for uid: 10229, delta: -12
07-13 14:47:59.159  1750  2096 E KernelCpuUidActiveTimeReader: Negative delta from active time for uid: 10151, delta: -22
07-13 14:47:59.159  1750  2096 E KernelCpuUidActiveTimeReader: Negative delta from active time for uid: 10167, delta: -11
07-13 14:47:59.159  1750  2096 E KernelCpuUidActiveTimeReader: Negative delta from active time for uid: 10521, delta: -19
07-13 14:47:59.159  1750  2096 E KernelCpuUidActiveTimeReader: Negative delta from active time for uid: 10343, delta: -33
07-13 14:47:59.159  1750  2096 E KernelCpuUidActiveTimeReader: Negative delta from active time for uid: 10105, delta: -12
07-13 14:47:59.160  1750  2096 E KernelCpuUidActiveTimeReader: Negative delta from active time for uid: 10236, delta: -2
07-13 14:47:59.160  1750  2096 E KernelCpuUidActiveTimeReader: Negative delta from active time for uid: 10184, delta: -30
07-13 14:47:59.160  1750  2096 E KernelCpuUidActiveTimeReader: Negative delta from active time for uid: 10404, delta: -24
07-13 14:47:59.160  1750  2096 E KernelCpuUidActiveTimeReader: Negative delta from active time for uid: 10281, delta: -44
07-13 14:47:59.184  1750  4230 W ActivityManager: Background start not allowed: service Intent { act=Orca.START cmp=com.instagram.android/com.facebook.rti.push.service.FbnsService (has extras) } to com.instagram.android/com.facebook.rti.push.service.FbnsService from pid=11678 uid=10297 pkg=com.instagram.android startFg?=false
07-13 14:48:09.928  1750  4308 W ProcessStats: Tracking association SourceState{584cdb3 system/1000 BTopFgs #2124171} whose proc state 2 is better than process ProcessState{baa4f70 net.dinglisch.android.taskerm/10289 pkg=net.dinglisch.android.taskerm} proc state 3 (18 skipped)
07-13 14:48:12.236  1750  4308 W ActivityManager: Background start not allowed: service Intent { cmp=com.zhiliaoapp.musically/com.bytedance.common.wschannel.client.WsClientService } to com.zhiliaoapp.musically/com.bytedance.common.wschannel.client.WsClientService from pid=4986 uid=10572 pkg=com.zhiliaoapp.musically startFg?=false
07-13 14:48:20.417  1750  3129 W ProcessStats: Tracking association SourceState{584cdb3 system/1000 BTopFgs #2124178} whose proc state 2 is better than process ProcessState{baa4f70 net.dinglisch.android.taskerm/10289 pkg=net.dinglisch.android.taskerm} proc state 3 (6 skipped)
07-13 14:48:20.863  1750  2043 I ActivityTaskManager: START u0 {act=android.intent.action.MAIN cat=[android.intent.category.HOME] flg=0x10000100 cmp=com.teslacoilsw.launcher/.NovaLauncher (has extras)} from uid 0
07-13 14:48:28.275  1750  1750 I ContentCaptureManagerService: Content capture data sharing session terminated successfully for package 'com.google.android.googlequicksearchbox'
07-13 14:48:28.275  1750  1750 I ContentCaptureManagerService: Content capture data sharing session terminated successfully for package 'com.google.android.googlequicksearchbox'
07-13 14:48:31.212  1750  4308 W ProcessStats: Tracking association SourceState{584cdb3 system/1000 BTopFgs #2124208} whose proc state 2 is better than process ProcessState{baa4f70 net.dinglisch.android.taskerm/10289 pkg=net.dinglisch.android.taskerm} proc state 3 (22 skipped)
07-13 14:48:31.215  1750  4308 I ActivityManager: Killing 8526:com.erieinsurance/u0a369 (adj 975): empty #33
07-13 14:48:43.142  1750  4848 W ProcessStats: Tracking association SourceState{584cdb3 system/1000 BTopFgs #2124228} whose proc state 2 is better than process ProcessState{baa4f70 net.dinglisch.android.taskerm/10289 pkg=net.dinglisch.android.taskerm} proc state 3 (13 skipped)
07-13 14:48:47.605  1750  1750 I ContentCaptureManagerService: Content capture data sharing session terminated successfully for package 'com.google.android.googlequicksearchbox'
07-13 14:48:54.879  1750  2285 W ProcessStats: Tracking association SourceState{584cdb3 system/1000 BTopFgs #2124233} whose proc state 2 is better than process ProcessState{baa4f70 net.dinglisch.android.taskerm/10289 pkg=net.dinglisch.android.taskerm} proc state 3 (4 skipped)
07-13 14:49:09.926  1750  4848 W ProcessStats: Tracking association SourceState{584cdb3 system/1000 BTopFgs #2124238} whose proc state 2 is better than process ProcessState{baa4f70 net.dinglisch.android.taskerm/10289 pkg=net.dinglisch.android.taskerm} proc state 3 (4 skipped)
07-13 14:49:11.371  1750  2068 D CompatibilityChangeReporter: Compat change id reported: 135634846; UID 10408; state: DISABLED
07-13 14:49:11.371  1750  2068 D CompatibilityChangeReporter: Compat change id reported: 177438394; UID 10408; state: DISABLED
07-13 14:49:11.372  1750  2068 D CompatibilityChangeReporter: Compat change id reported: 135772972; UID 10408; state: DISABLED
07-13 14:49:11.372  1750  2068 D CompatibilityChangeReporter: Compat change id reported: 135754954; UID 10408; state: ENABLED
07-13 14:49:11.372  1750  2069 D CompatibilityChangeReporter: Compat change id reported: 143937733; UID 10408; state: ENABLED
07-13 14:49:11.384  1750  2069 I ActivityManager: Start proc 11953:com.nextdoor/u0a408 for broadcast {com.nextdoor/com.google.firebase.iid.FirebaseInstanceIdReceiver}
07-13 14:49:12.176  1750  4848 D CompatibilityChangeReporter: Compat change id reported: 168936375; UID 10408; state: ENABLED
07-13 14:49:12.679  1750  4058 D CompatibilityChangeReporter: Compat change id reported: 135634846; UID 10217; state: DISABLED
07-13 14:49:12.679  1750  4058 D CompatibilityChangeReporter: Compat change id reported: 177438394; UID 10217; state: DISABLED
07-13 14:49:12.679  1750  4058 D CompatibilityChangeReporter: Compat change id reported: 135772972; UID 10217; state: DISABLED
07-13 14:49:12.679  1750  4058 D CompatibilityChangeReporter: Compat change id reported: 135754954; UID 10217; state: ENABLED
07-13 14:49:12.679  1750  2069 D CompatibilityChangeReporter: Compat change id reported: 143937733; UID 10217; state: ENABLED
07-13 14:49:12.694  1750  2069 I ActivityManager: Start proc 12151:com.google.android.webview:webview_service/u0a217 for service {com.google.android.webview/org.chromium.android_webview.services.VariationsSeedServer}
07-13 14:49:12.696  1750  4058 D CompatibilityChangeReporter: Compat change id reported: 135634846; UID 10408; state: DISABLED
07-13 14:49:12.696  1750  4058 D CompatibilityChangeReporter: Compat change id reported: 177438394; UID 10408; state: DISABLED
07-13 14:49:12.696  1750  4058 D CompatibilityChangeReporter: Compat change id reported: 135772972; UID 10408; state: DISABLED
07-13 14:49:12.696  1750  4058 D CompatibilityChangeReporter: Compat change id reported: 135754954; UID 10408; state: ENABLED
07-13 14:49:12.696  1750  2069 D CompatibilityChangeReporter: Compat change id reported: 143937733; UID 10408; state: ENABLED
07-13 14:49:12.715  1750  2069 I ActivityManager: Start proc 12164:com.google.android.webview:sandboxed_process0:org.chromium.content.app.SandboxedProcessService0:0/u0i848 for  {com.nextdoor/org.chromium.content.app.SandboxedProcessService0:0}
07-13 14:49:13.653  1750  4099 I ActivityManager: Killing 10592:com.amazon.dee.app:alexa_authservice/u0a305 (adj 975): empty #33
07-13 14:49:13.653  1750  4099 I ActivityManager: Killing 10545:com.amazon.dee.app:alexa_accessories/u0a305 (adj 975): empty #34
07-13 14:49:13.654  1750  4099 I ActivityManager: Killing 9722:com.amazon.mp3/u0a262 (adj 985): empty #35
07-13 14:49:13.699  1750  4058 W ActivityManager: Exception when unbinding service com.amazon.dee.app/com.amazon.alexa.auth.map.MAPProxyService
07-13 14:49:13.699  1750  4058 W ActivityManager: android.os.DeadObjectException
07-13 14:49:13.699  1750  4058 W ActivityManager: 	at android.os.BinderProxy.transactNative(Native Method)
07-13 14:49:13.699  1750  4058 W ActivityManager: 	at android.os.BinderProxy.transact(BinderProxy.java:571)
07-13 14:49:13.699  1750  4058 W ActivityManager: 	at android.app.IApplicationThread$Stub$Proxy.scheduleUnbindService(IApplicationThread.java:1797)
07-13 14:49:13.699  1750  4058 W ActivityManager: 	at com.android.server.am.ActiveServices.removeConnectionLocked(ActiveServices.java:4457)
07-13 14:49:13.699  1750  4058 W ActivityManager: 	at com.android.server.am.ActiveServices.killServicesLocked(ActiveServices.java:4894)
07-13 14:49:13.699  1750  4058 W ActivityManager: 	at com.android.server.am.ActivityManagerService.cleanUpApplicationRecordLocked(ActivityManagerService.java:11756)
07-13 14:49:13.699  1750  4058 W ActivityManager: 	at com.android.server.am.ActivityManagerService.handleAppDiedLocked(ActivityManagerService.java:3042)
07-13 14:49:13.699  1750  4058 W ActivityManager: 	at com.android.server.am.ActivityManagerService.appDiedLocked(ActivityManagerService.java:3149)
07-13 14:49:13.699  1750  4058 W ActivityManager: 	at com.android.server.am.ActivityManagerService$AppDeathRecipient.binderDied(ActivityManagerService.java:1441)
07-13 14:49:13.699  1750  4058 W ActivityManager: 	at android.os.IBinder$DeathRecipient.binderDied(IBinder.java:314)
07-13 14:49:13.699  1750  4058 W ActivityManager: 	at android.os.BinderProxy.sendDeathNotice(BinderProxy.java:685)
07-13 14:49:14.032  1750  2096 E KernelCpuUidActiveTimeReader: Negative delta from active time for uid: 10229, delta: -12
07-13 14:49:14.033  1750  2096 E KernelCpuUidActiveTimeReader: Negative delta from active time for uid: 10151, delta: -22
07-13 14:49:14.033  1750  2096 E KernelCpuUidActiveTimeReader: Negative delta from active time for uid: 10167, delta: -11
07-13 14:49:14.033  1750  2096 E KernelCpuUidActiveTimeReader: Negative delta from active time for uid: 10521, delta: -19
07-13 14:49:14.033  1750  2096 E KernelCpuUidActiveTimeReader: Negative delta from active time for uid: 10343, delta: -33
07-13 14:49:14.033  1750  2096 E KernelCpuUidActiveTimeReader: Negative delta from active time for uid: 10105, delta: -12
07-13 14:49:14.033  1750  2096 E KernelCpuUidActiveTimeReader: Negative delta from active time for uid: 10236, delta: -2
07-13 14:49:14.033  1750  2096 E KernelCpuUidActiveTimeReader: Negative delta from active time for uid: 10184, delta: -30
07-13 14:49:14.033  1750  2096 E KernelCpuUidActiveTimeReader: Negative delta from active time for uid: 10404, delta: -24
07-13 14:49:14.033  1750  2096 E KernelCpuUidActiveTimeReader: Negative delta from active time for uid: 10281, delta: -44
07-13 14:49:14.035  1750  2096 D KernelCpuUidUserSysTimeReader: Removing uids 99845-99845
07-13 14:49:14.064  1750  4058 D CompatibilityChangeReporter: Compat change id reported: 135634846; UID 10237; state: DISABLED
07-13 14:49:14.064  1750  4058 D CompatibilityChangeReporter: Compat change id reported: 177438394; UID 10237; state: DISABLED
07-13 14:49:14.064  1750  4058 D CompatibilityChangeReporter: Compat change id reported: 135772972; UID 10237; state: DISABLED
07-13 14:49:14.064  1750  4058 D CompatibilityChangeReporter: Compat change id reported: 135754954; UID 10237; state: ENABLED
07-13 14:49:14.065  1750  2069 D CompatibilityChangeReporter: Compat change id reported: 143937733; UID 10237; state: ENABLED
