07-13 05:16:35.305 28108 28108 E AndroidRuntime: - Property 'BPData.countMeasurementErrorNightMode' has been added.
07-13 05:16:35.305 28108 28108 E AndroidRuntime: - Property 'BPData.measurementStartDateNightMode' has been added.
07-13 05:16:35.305 28108 28108 E AndroidRuntime: - Property 'BPData.displayedErrorCodeNightMode' has been added.
07-13 05:16:35.305 28108 28108 E AndroidRuntime: - Property 'BPData.createdDate' has been added.
07-13 05:16:35.305 28108 28108 E AndroidRuntime: - Property 'ConnectedDeviceData.sequenceNumber' has been added.
07-13 05:16:35.305 28108 28108 E AndroidRuntime: - Property 'EKGRecording.createdDate' has been added.
07-13 05:16:35.305 28108 28108 E AndroidRuntime: - Property 'Record.createdDate' has been added.
07-13 05:16:35.305 28108 28108 E AndroidRuntime: - Primary Key for class 'ReminderData' has been removed.
07-13 05:16:35.305 28108 28108 E AndroidRuntime: - Property 'ReminderTime.isEnabled' has been added.
07-13 05:16:35.305 28108 28108 E AndroidRuntime: - Property 'SleepData.createdDate' has been added.
07-13 05:16:35.305 28108 28108 E AndroidRuntime: - Property 'Subscription.subscriptionPackage' has been added.
07-13 05:16:35.305 28108 28108 E AndroidRuntime: - Property 'Symptoms.creationDate' has been added.
07-13 05:16:35.305 28108 28108 E AndroidRuntime: - Property 'TruReadBloodPressure.createdDate' has been added.
07-13 05:16:35.305 28108 28108 E AndroidRuntime: - Property 'UserProfile.isFullOffline' has been added.
07-13 05:16:35.305 28108 28108 E AndroidRuntime: - Property 'UserProfile.pushToken' has been added.
07-13 05:16:35.305 28108 28108 E AndroidRuntime: - Property 'UserProfile.partnerSettings' has been added.
07-13 05:16:35.305 28108 28108 E AndroidRuntime: - Property 'UserProfile.studyPolicy' has been added.
07-13 05:16:35.305 28108 28108 E AndroidRuntime: - Property 'UserProfile.isCloudUser' has been added.
07-13 05:16:35.305 28108 28108 E AndroidRuntime: - Property 'UserProfile.temperatureUnit' has been added.
07-13 05:16:35.305 28108 28108 E AndroidRuntime: - Property 'UserProfile.isWeightFilteringActive' has been added.
07-13 05:16:35.305 28108 28108 E AndroidRuntime: - Property 'UserProfile.weightRange' has been added.
07-13 05:16:35.305 28108 28108 E AndroidRuntime: - Property 'UserProfile.optInDate' has been added.
07-13 05:16:35.305 28108 28108 E AndroidRuntime: - Property 'UserProfile.acEkgDataShare' has been added.
07-13 05:16:35.305 28108 28108 E AndroidRuntime: - Property 'WeightData.createdDate' has been added.
07-13 05:16:35.305 28108 28108 E AndroidRuntime: - Property 'WeightData.isDiscarded' has been added.
07-13 05:16:35.305 28108 28108 E AndroidRuntime: - Property 'WeightData.restingMetabolism' has been changed from 'int' to 'double'.
07-13 05:16:35.305 28108 28108 E AndroidRuntime: - Property 'WeightData.visceralFatLevel' has been changed from 'int' to 'double'.
07-13 05:16:35.305 28108 28108 E AndroidRuntime: - Property 'WeightData.sequenceNumber' has been added.
07-13 05:16:35.305 28108 28108 E AndroidRuntime: - Property 'WeightData.weightInLbs' has been added.
07-13 05:16:35.305 28108 28108 E AndroidRuntime: - Property 'ReminderData.isSynced' has been removed.
07-13 05:16:35.305 28108 28108 E AndroidRuntime: - Property 'ReminderData.id' has been removed.
07-13 05:16:35.305 28108 28108 E AndroidRuntime: 	at io.realm.internal.OsSharedRealm.nativeGetSharedRealm(Native Method)
07-13 05:16:35.305 28108 28108 E AndroidRuntime: 	at io.realm.internal.OsSharedRealm.<init>(OsSharedRealm.java:9)
07-13 05:16:35.305 28108 28108 E AndroidRuntime: 	at io.realm.internal.OsSharedRealm.getInstance(OsSharedRealm.java:5)
07-13 05:16:35.305 28108 28108 E AndroidRuntime: 	at io.realm.a.<init>(BaseRealm.java:18)
07-13 05:16:35.305 28108 28108 E AndroidRuntime: 	at io.realm.a.<init>(BaseRealm.java:1)
07-13 05:16:35.305 28108 28108 E AndroidRuntime: 	at io.realm.t.<init>(Realm.java:1)
07-13 05:16:35.305 28108 28108 E AndroidRuntime: 	at io.realm.t.a(Realm.java:23)
07-13 05:16:35.305 28108 28108 E AndroidRuntime: 	at io.realm.u.b(RealmCache.java:23)
07-13 05:16:35.305 28108 28108 E AndroidRuntime: 	at io.realm.u.a(RealmCache.java:12)
07-13 05:16:35.305 28108 28108 E AndroidRuntime: 	at io.realm.t.B(Realm.java:5)
07-13 05:16:35.305 28108 28108 E AndroidRuntime: 	at com.omronhealthcare.foresight.datamanagers.database.d.b(DatabaseManager.kt:1)
07-13 05:16:35.305 28108 28108 E AndroidRuntime: 	at com.omronhealthcare.foresight.datamanagers.m.p(UserProfileDataManager.kt:1)
07-13 05:16:35.305 28108 28108 E AndroidRuntime: 	at j.h.b.h.a0.a.U(RegionSettingsManager.kt:1)
07-13 05:16:35.305 28108 28108 E AndroidRuntime: 	at com.omronhealthcare.foresight.app.ForesightApplication.onCreate(ForesightApplication.kt:10)
07-13 05:16:35.305 28108 28108 E AndroidRuntime: 	at android.app.Instrumentation.callApplicationOnCreate(Instrumentation.java:1223)
07-13 05:16:35.305 28108 28108 E AndroidRuntime: 	at android.app.ActivityThread.handleBindApplication(ActivityThread.java:6762)
07-13 05:16:35.305 28108 28108 E AndroidRuntime: 	... 9 more
07-13 05:16:37.146 28163 28163 E AndroidRuntime: FATAL EXCEPTION: main
07-13 05:16:37.146 28163 28163 E AndroidRuntime: Process: com.omronhealthcare.omronconnect, PID: 28163
07-13 05:16:37.146 28163 28163 E AndroidRuntime: java.lang.RuntimeException: Unable to create application com.omronhealthcare.foresight.app.ForesightApplication: io.realm.exceptions.RealmMigrationNeededException: Migration is required due to the following errors:
07-13 05:16:37.146 28163 28163 E AndroidRuntime: - Class 'ActivityCaloriesGF' has been added.
07-13 05:16:37.146 28163 28163 E AndroidRuntime: - Class 'CareTeamMember' has been added.
07-13 05:16:37.146 28163 28163 E AndroidRuntime: - Class 'CareTeamSupportedFeatures' has been added.
07-13 05:16:37.146 28163 28163 E AndroidRuntime: - Class 'CareTeamVitalOption' has been added.
07-13 05:16:37.146 28163 28163 E AndroidRuntime: - Class 'Oxygen' has been added.
07-13 05:16:37.146 28163 28163 E AndroidRuntime: - Class 'PKBDataSettings' has been added.
07-13 05:16:37.146 28163 28163 E AndroidRuntime: - Class 'PartnerSettings' has been added.
07-13 05:16:37.146 28163 28163 E AndroidRuntime: - Class 'Reminder' has been added.
07-13 05:16:37.146 28163 28163 E AndroidRuntime: - Class 'SequenceNumber' has been added.
07-13 05:16:37.146 28163 28163 E AndroidRuntime: - Class 'Temperature' has been added.
07-13 05:16:37.146 28163 28163 E AndroidRuntime: - Property 'ActivityModel.createdDate' has been added.
07-13 05:16:37.146 28163 28163 E AndroidRuntime: - Property 'ActivityModelGF.calories' has been added.
07-13 05:16:37.146 28163 28163 E AndroidRuntime: - Property 'ActivityModelGF.createdDate' has been added.
07-13 05:16:37.146 28163 28163 E AndroidRuntime: - Property 'AppSettings.isInsightsNotificationEnabled' has been added.
07-13 05:16:37.146 28163 28163 E AndroidRuntime: - Property 'AppSettings.isTemperatureEnabled' has been added.
07-13 05:16:37.146 28163 28163 E AndroidRuntime: - Property 'AppSettings.isOxygenEnabled' has been added.
07-13 05:16:37.146 28163 28163 E AndroidRuntime: - Property 'BPData.symptoms' has been added.
07-13 05:16:37.146 28163 28163 E AndroidRuntime: - Property 'BPData.consumed' has been added.
07-13 05:16:37.146 28163 28163 E AndroidRuntime: - Property 'BPData.errorCodeNightMode' has been added.
07-13 05:16:37.146 28163 28163 E AndroidRuntime: - Property 'BPData.measurementMode' has been added.
07-13 05:16:37.146 28163 28163 E AndroidRuntime: - Property 'BPData.atrialFibrillationMode' has been added.
07-13 05:16:37.146 28163 28163 E AndroidRuntime: - Property 'BPData.measurementKindNightMode' has been added.
07-13 05:16:37.146 28163 28163 E AndroidRuntime: - Property 'BPData.countMeasurementSuccessNightMode' has been added.
07-13 05:16:37.146 28163 28163 E AndroidRuntime: - Property 'BPData.countMeasurementErrorNightMode' has been added.
07-13 05:16:37.146 28163 28163 E AndroidRuntime: - Property 'BPData.measurementStartDateNightMode' has been added.
07-13 05:16:37.146 28163 28163 E AndroidRuntime: - Property 'BPData.displayedErrorCodeNightMode' has been added.
07-13 05:16:37.146 28163 28163 E AndroidRuntime: - Property 'BPData.createdDate' has been added.
07-13 05:16:37.146 28163 28163 E AndroidRuntime: - Property 'ConnectedDeviceData.sequenceNumber' has been added.
07-13 05:16:37.146 28163 28163 E AndroidRuntime: - Property 'EKGRecording.createdDate' has been added.
07-13 05:16:37.146 28163 28163 E AndroidRuntime: - Property 'Record.createdDate' has been added.
07-13 05:16:37.146 28163 28163 E AndroidRuntime: - Primary Key for class 'ReminderData' has been removed.
07-13 05:16:37.146 28163 28163 E AndroidRuntime: - Property 'ReminderTime.isEnabled' has been added.
07-13 05:16:37.146 28163 28163 E AndroidRuntime: - Property 'SleepData.createdDate' has been added.
07-13 05:16:37.146 28163 28163 E AndroidRuntime: - Property 'Subscription.subscriptionPackage' has been added.
07-13 05:16:37.146 28163 28163 E AndroidRuntime: - Property 'Symptoms.creationDate' has been added.
07-13 05:16:37.146 28163 28163 E AndroidRuntime: - Property 'TruReadBloodPressure.createdDate' has been added.
07-13 05:16:37.146 28163 28163 E AndroidRuntime: - Property 'UserProfile.isFullOffline' has been added.
07-13 05:16:37.146 28163 28163 E AndroidRuntime: - Property 'UserProfile.pushToken' has been added.
07-13 05:16:37.146 28163 28163 E AndroidRuntime: - Property 'UserProfile.partnerSettings' has been added.
07-13 05:16:37.146 28163 28163 E AndroidRuntime: - Property 'UserProfile.studyPolicy' has been added.
07-13 05:16:37.146 28163 28163 E AndroidRuntime: - Property 'UserProfile.isCloudUser' has been added.
07-13 05:16:37.146 28163 28163 E AndroidRuntime: - Property 'UserProfile.temperatureUnit' has been added.
07-13 05:16:37.146 28163 28163 E AndroidRuntime: - Property 'UserProfile.isWeightFilteringActive' has been added.
07-13 05:16:37.146 28163 28163 E AndroidRuntime: - Property 'UserProfile.weightRange' has been added.
07-13 05:16:37.146 28163 28163 E AndroidRuntime: - Property 'UserProfile.optInDate' has been added.
07-13 05:16:37.146 28163 28163 E AndroidRuntime: - Property 'UserProfile.acEkgDataShare' has been added.
07-13 05:16:37.146 28163 28163 E AndroidRuntime: - Property 'WeightData.createdDate' has been added.
07-13 05:16:37.146 28163 28163 E AndroidRuntime: - Property 'WeightData.isDiscarded' has been added.
07-13 05:16:37.146 28163 28163 E AndroidRuntime: - Property 'WeightData.restingMetabolism' has been changed from 'int' to 'double'.
07-13 05:16:37.146 28163 28163 E AndroidRuntime: - Property 'WeightData.visceralFatLevel' has been changed from 'int' to 'double'.
07-13 05:16:37.146 28163 28163 E AndroidRuntime: - Property 'WeightData.sequenceNumber' has been added.
07-13 05:16:37.146 28163 28163 E AndroidRuntime: - Property 'WeightData.weightInLbs' has been added.
07-13 05:16:37.146 28163 28163 E AndroidRuntime: - Property 'ReminderData.isSynced' has been removed.
07-13 05:16:37.146 28163 28163 E AndroidRuntime: - Property 'ReminderData.id' has been removed.
07-13 05:16:37.146 28163 28163 E AndroidRuntime: 	at android.app.ActivityThread.handleBindApplication(ActivityThread.java:6767)
07-13 05:16:37.146 28163 28163 E AndroidRuntime: 	at android.app.ActivityThread.access$1500(ActivityThread.java:256)
07-13 05:16:37.146 28163 28163 E AndroidRuntime: 	at android.app.ActivityThread$H.handleMessage(ActivityThread.java:2091)
07-13 05:16:37.146 28163 28163 E AndroidRuntime: 	at android.os.Handler.dispatchMessage(Handler.java:106)
07-13 05:16:37.146 28163 28163 E AndroidRuntime: 	at android.os.Looper.loopOnce(Looper.java:201)
07-13 05:16:37.146 28163 28163 E AndroidRuntime: 	at android.os.Looper.loop(Looper.java:288)
07-13 05:16:37.146 28163 28163 E AndroidRuntime: 	at android.app.ActivityThread.main(ActivityThread.java:7870)
07-13 05:16:37.146 28163 28163 E AndroidRuntime: 	at java.lang.reflect.Method.invoke(Native Method)
07-13 05:16:37.146 28163 28163 E AndroidRuntime: 	at com.android.internal.os.RuntimeInit$MethodAndArgsCaller.run(RuntimeInit.java:548)
07-13 05:16:37.146 28163 28163 E AndroidRuntime: 	at com.android.internal.os.ZygoteInit.main(ZygoteInit.java:1003)
07-13 05:16:37.146 28163 28163 E AndroidRuntime: Caused by: io.realm.exceptions.RealmMigrationNeededException: Migration is required due to the following errors:
07-13 05:16:37.146 28163 28163 E AndroidRuntime: - Class 'ActivityCaloriesGF' has been added.
07-13 05:16:37.147 28163 28163 E AndroidRuntime: - Class 'CareTeamMember' has been added.
07-13 05:16:37.147 28163 28163 E AndroidRuntime: - Class 'CareTeamSupportedFeatures' has been added.
07-13 05:16:37.147 28163 28163 E AndroidRuntime: - Class 'CareTeamVitalOption' has been added.
07-13 05:16:37.147 28163 28163 E AndroidRuntime: - Class 'Oxygen' has been added.
07-13 05:16:37.147 28163 28163 E AndroidRuntime: - Class 'PKBDataSettings' has been added.
07-13 05:16:37.147 28163 28163 E AndroidRuntime: - Class 'PartnerSettings' has been added.
07-13 05:16:37.147 28163 28163 E AndroidRuntime: - Class 'Reminder' has been added.
07-13 05:16:37.147 28163 28163 E AndroidRuntime: - Class 'SequenceNumber' has been added.
07-13 05:16:37.147 28163 28163 E AndroidRuntime: - Class 'Temperature' has been added.
07-13 05:16:37.147 28163 28163 E AndroidRuntime: - Property 'ActivityModel.createdDate' has been added.
07-13 05:16:37.147 28163 28163 E AndroidRuntime: - Property 'ActivityModelGF.calories' has been added.
07-13 05:16:37.147 28163 28163 E AndroidRuntime: - Property 'ActivityModelGF.createdDate' has been added.
07-13 05:16:37.147 28163 28163 E AndroidRuntime: - Property 'AppSettings.isInsightsNotificationEnabled' has been added.
07-13 05:16:37.147 28163 28163 E AndroidRuntime: - Property 'AppSettings.isTemperatureEnabled' has been added.
07-13 05:16:37.147 28163 28163 E AndroidRuntime: - Property 'AppSettings.isOxygenEnabled' has been added.
07-13 05:16:37.147 28163 28163 E AndroidRuntime: - Property 'BPData.symptoms' has been added.
07-13 05:16:37.147 28163 28163 E AndroidRuntime: - Property 'BPData.consumed' has been added.
07-13 05:16:37.147 28163 28163 E AndroidRuntime: - Property 'BPData.errorCodeNightMode' has been added.
07-13 05:16:37.147 28163 28163 E AndroidRuntime: - Property 'BPData.measurementMode' has been added.
07-13 05:16:37.147 28163 28163 E AndroidRuntime: - Property 'BPData.atrialFibrillationMode' has been added.
07-13 05:16:37.147 28163 28163 E AndroidRuntime: - Property 'BPData.measurementKindNightMode' has been added.
07-13 05:16:37.147 28163 28163 E AndroidRuntime: - Property 'BPData.countMeasurementSuccessNightMode' has been added.
07-13 05:16:37.147 28163 28163 E AndroidRuntime: - Property 'BPData.countMeasurementErrorNightMode' has been added.
07-13 05:16:37.147 28163 28163 E AndroidRuntime: - Property 'BPData.measurementStartDateNightMode' has been added.
07-13 05:16:37.147 28163 28163 E AndroidRuntime: - Property 'BPData.displayedErrorCodeNightMode' has been added.
07-13 05:16:37.147 28163 28163 E AndroidRuntime: - Property 'BPData.createdDate' has been added.
07-13 05:16:37.147 28163 28163 E AndroidRuntime: - Property 'ConnectedDeviceData.sequenceNumber' has been added.
07-13 05:16:37.147 28163 28163 E AndroidRuntime: - Property 'EKGRecording.createdDate' has been added.
07-13 05:16:37.147 28163 28163 E AndroidRuntime: - Property 'Record.createdDate' has been added.
07-13 05:16:37.147 28163 28163 E AndroidRuntime: - Primary Key for class 'ReminderData' has been removed.
07-13 05:16:37.147 28163 28163 E AndroidRuntime: - Property 'ReminderTime.isEnabled' has been added.
07-13 05:16:37.147 28163 28163 E AndroidRuntime: - Property 'SleepData.createdDate' has been added.
07-13 05:16:37.147 28163 28163 E AndroidRuntime: - Property 'Subscription.subscriptionPackage' has been added.
07-13 05:16:37.147 28163 28163 E AndroidRuntime: - Property 'Symptoms.creationDate' has been added.
07-13 05:16:37.147 28163 28163 E AndroidRuntime: - Property 'TruReadBloodPressure.createdDate' has been added.
07-13 05:16:37.147 28163 28163 E AndroidRuntime: - Property 'UserProfile.isFullOffline' has been added.
07-13 05:16:37.147 28163 28163 E AndroidRuntime: - Property 'UserProfile.pushToken' has been added.
07-13 05:16:37.147 28163 28163 E AndroidRuntime: - Property 'UserProfile.partnerSettings' has been added.
07-13 05:16:37.147 28163 28163 E AndroidRuntime: - Property 'UserProfile.studyPolicy' has been added.
07-13 05:16:37.147 28163 28163 E AndroidRuntime: - Property 'UserProfile.isCloudUser' has been added.
07-13 05:16:37.147 28163 28163 E AndroidRuntime: - Property 'UserProfile.temperatureUnit' has been added.
07-13 05:16:37.147 28163 28163 E AndroidRuntime: - Property 'UserProfile.isWeightFilteringActive' has been added.
07-13 05:16:37.147 28163 28163 E AndroidRuntime: - Property 'UserProfile.weightRange' has been added.
07-13 05:16:37.147 28163 28163 E AndroidRuntime: - Property 'UserProfile.optInDate' has been added.
07-13 05:16:37.147 28163 28163 E AndroidRuntime: - Property 'UserProfile.acEkgDataShare' has been added.
07-13 05:16:37.147 28163 28163 E AndroidRuntime: - Property 'WeightData.createdDate' has been added.
07-13 05:16:37.147 28163 28163 E AndroidRuntime: - Property 'WeightData.isDiscarded' has been added.
07-13 05:16:37.147 28163 28163 E AndroidRuntime: - Property 'WeightData.restingMetabolism' has been changed from 'int' to 'double'.
07-13 05:16:37.147 28163 28163 E AndroidRuntime: - Property 'WeightData.visceralFatLevel' has been changed from 'int' to 'double'.
07-13 05:16:37.147 28163 28163 E AndroidRuntime: - Property 'WeightData.sequenceNumber' has been added.
07-13 05:16:37.147 28163 28163 E AndroidRuntime: - Property 'WeightData.weightInLbs' has been added.
07-13 05:16:37.147 28163 28163 E AndroidRuntime: - Property 'ReminderData.isSynced' has been removed.
07-13 05:16:37.147 28163 28163 E AndroidRuntime: - Property 'ReminderData.id' has been removed.
07-13 05:16:37.147 28163 28163 E AndroidRuntime: 	at io.realm.internal.OsSharedRealm.nativeGetSharedRealm(Native Method)
07-13 05:16:37.147 28163 28163 E AndroidRuntime: 	at io.realm.internal.OsSharedRealm.<init>(OsSharedRealm.java:9)
07-13 05:16:37.147 28163 28163 E AndroidRuntime: 	at io.realm.internal.OsSharedRealm.getInstance(OsSharedRealm.java:5)
07-13 05:16:37.147 28163 28163 E AndroidRuntime: 	at io.realm.a.<init>(BaseRealm.java:18)
07-13 05:16:37.147 28163 28163 E AndroidRuntime: 	at io.realm.a.<init>(BaseRealm.java:1)
07-13 05:16:37.147 28163 28163 E AndroidRuntime: 	at io.realm.t.<init>(Realm.java:1)
07-13 05:16:37.147 28163 28163 E AndroidRuntime: 	at io.realm.t.a(Realm.java:23)
07-13 05:16:37.147 28163 28163 E AndroidRuntime: 	at io.realm.u.b(RealmCache.java:23)
07-13 05:16:37.147 28163 28163 E AndroidRuntime: 	at io.realm.u.a(RealmCache.java:12)
07-13 05:16:37.147 28163 28163 E AndroidRuntime: 	at io.realm.t.B(Realm.java:5)
07-13 05:16:37.147 28163 28163 E AndroidRuntime: 	at com.omronhealthcare.foresight.datamanagers.database.d.b(DatabaseManager.kt:1)
07-13 05:16:37.147 28163 28163 E AndroidRuntime: 	at com.omronhealthcare.foresight.datamanagers.m.p(UserProfileDataManager.kt:1)
07-13 05:16:37.147 28163 28163 E AndroidRuntime: 	at j.h.b.h.a0.a.U(RegionSettingsManager.kt:1)
07-13 05:16:37.147 28163 28163 E AndroidRuntime: 	at com.omronhealthcare.foresight.app.ForesightApplication.onCreate(ForesightApplication.kt:10)
07-13 05:16:37.147 28163 28163 E AndroidRuntime: 	at android.app.Instrumentation.callApplicationOnCreate(Instrumentation.java:1223)
07-13 05:16:37.147 28163 28163 E AndroidRuntime: 	at android.app.ActivityThread.handleBindApplication(ActivityThread.java:6762)
07-13 05:16:37.147 28163 28163 E AndroidRuntime: 	... 9 more
--------- beginning of system
07-13 14:43:53.741 26774 10915 E ActivityThread: Failed to find provider info for com.sec.android.calendar.preference
07-13 14:43:53.746  1750  2487 D CompatibilityChangeReporter: Compat change id reported: 135634846; UID 10107; state: DISABLED
07-13 14:43:53.746  1750  2487 D CompatibilityChangeReporter: Compat change id reported: 177438394; UID 10107; state: DISABLED
07-13 14:43:53.746  1750  2487 D CompatibilityChangeReporter: Compat change id reported: 135772972; UID 10107; state: DISABLED
07-13 14:43:53.746  1750  2487 D CompatibilityChangeReporter: Compat change id reported: 135754954; UID 10107; state: ENABLED
07-13 14:43:53.746  1750  2069 D CompatibilityChangeReporter: Compat change id reported: 143937733; UID 10107; state: ENABLED
07-13 14:43:53.758  1750  2069 I ActivityManager: Start proc 10919:com.android.providers.calendar/u0a107 for content provider {com.android.providers.calendar/com.android.providers.calendar.CalendarProvider2}
07-13 14:43:53.783  1750  2487 D CompatibilityChangeReporter: Compat change id reported: 168419799; UID 10107; state: DISABLED
07-13 14:43:53.834 26774 26774 E ActivityThread: Failed to find provider info for logs
07-13 14:43:53.856  1750  2236 I PowerManagerService: Powering on display group fromDozing (groupId=0, uid=1000, reason=WAKE_REASON_POWER_BUTTON, details=android.policy:POWER)...
07-13 14:43:53.856  1750  2236 I PowerManagerService: Waking up from Dozing (uid=1000, reason=WAKE_REASON_POWER_BUTTON, details=android.policy:POWER)...
07-13 14:43:53.858  1018  1018 I vendor.google.wifi_ext@1.0-service-vendor: Wifi: Setting SAR Scenario to 3
07-13 14:43:53.872  1750  2128 V DisplayPowerController[0]: Brightness [0.28277585] reason changing to: 'manual', previous reason: 'doze'.
07-13 14:43:53.873  1750  2045 I DisplayDeviceRepository: Display device changed state: "Built-in Screen", ON
07-13 14:43:53.881  1750  2128 V DisplayPowerController[0]: Brightness [0.053002622] reason changing to: 'automatic', previous reason: 'manual'.
07-13 14:43:53.937  1750  2128 I DreamManagerService: Gently waking up from dream.
07-13 14:43:53.937  1750  2042 I DreamManagerService: Performing gentle wake from dream.
07-13 14:43:53.966  1750  1750 D WindowManager: powerPress: eventTime=376490955 interactive=true count=0 beganFromNonInteractive=true mShortPressOnPowerBehavior=1
07-13 14:43:53.994  1750  2096 E KernelCpuUidActiveTimeReader: Negative delta from active time for uid: 10229, delta: -12
07-13 14:43:53.994  1750  2096 E KernelCpuUidActiveTimeReader: Negative delta from active time for uid: 10151, delta: -22
07-13 14:43:53.995  1750  2096 E KernelCpuUidActiveTimeReader: Negative delta from active time for uid: 10167, delta: -11
07-13 14:43:53.995  1750  2096 E KernelCpuUidActiveTimeReader: Negative delta from active time for uid: 10521, delta: -19
07-13 14:43:53.995  1750  2096 E KernelCpuUidActiveTimeReader: Negative delta from active time for uid: 10343, delta: -33
07-13 14:43:53.995  1750  2096 E KernelCpuUidActiveTimeReader: Negative delta from active time for uid: 10105, delta: -12
07-13 14:43:53.995  1750  2096 E KernelCpuUidActiveTimeReader: Negative delta from active time for uid: 10236, delta: -2
07-13 14:43:53.996  1750  2068 D CompatibilityChangeReporter: Compat change id reported: 135634846; UID 10248; state: DISABLED
07-13 14:43:53.996  1750  2068 D CompatibilityChangeReporter: Compat change id reported: 177438394; UID 10248; state: DISABLED
07-13 14:43:53.996  1750  2068 D CompatibilityChangeReporter: Compat change id reported: 135772972; UID 10248; state: DISABLED
07-13 14:43:53.996  1750  2068 D CompatibilityChangeReporter: Compat change id reported: 135754954; UID 10248; state: DISABLED
07-13 14:43:53.997  1750  2069 D CompatibilityChangeReporter: Compat change id reported: 143937733; UID 10248; state: DISABLED
07-13 14:43:54.001  1750  4446 W ActivityManager: Background start not allowed: service Intent { act=Orca.PERSISTENT_KICK_SKIP_PING cmp=com.facebook.katana/com.facebook.mqttlite.MqttService (has extras) } to com.facebook.katana/com.facebook.mqttlite.MqttService from pid=11321 uid=10258 pkg=com.facebook.katana startFg?=false
07-13 14:43:54.031  1750  2096 E KernelCpuUidActiveTimeReader: Negative delta from active time for uid: 10184, delta: -30
07-13 14:43:54.032  1750  2096 E KernelCpuUidActiveTimeReader: Negative delta from active time for uid: 10404, delta: -24
07-13 14:43:54.032  1750  2096 E KernelCpuUidActiveTimeReader: Negative delta from active time for uid: 10281, delta: -44
07-13 14:43:54.051  1750  2069 W ActivityManager: Slow operation: 55ms so far, now at startProcess: done updating battery stats
07-13 14:43:54.051  1750  2069 W ActivityManager: Slow operation: 56ms so far, now at startProcess: building log message
07-13 14:43:54.051  1750  2069 I ActivityManager: Start proc 10952:com.qualcomm.telephony/u0a248 for service {com.qualcomm.atfwd/com.qualcomm.atfwd.AtFwdService}
07-13 14:43:54.051  1750  2069 W ActivityManager: Slow operation: 56ms so far, now at startProcess: starting to update pids map
07-13 14:43:54.051  1750  2069 W ActivityManager: Slow operation: 56ms so far, now at startProcess: done updating pids map
07-13 14:43:54.065  1750  4230 D CompatibilityChangeReporter: Compat change id reported: 143231523; UID 10334; state: DISABLED
07-13 14:43:54.081  1750  4230 I DreamManagerService: Leaving dreamland.
07-13 14:43:54.082  1750  2042 I DreamManagerService: Performing gentle wake from dream.
07-13 14:43:54.082  1750  2042 I DreamController: Stopping dream: name=ComponentInfo{com.android.systemui/com.android.systemui.doze.DozeService}, isTest=false, canDoze=true, userId=0, reason='finished self'(from 'requested stopDream')
07-13 14:43:54.108 26774 10915 E ActivityThread: Failed to find provider info for com.sec.android.calendar.preference
07-13 14:43:54.116 26774 10915 E ActivityThread: Failed to find provider info for com.sec.android.calendar.preference
07-13 14:43:54.149  1750  4446 D CompatibilityChangeReporter: Compat change id reported: 168419799; UID 10248; state: DISABLED
07-13 14:43:54.190  1750  4446 W BroadcastQueue: Background execution not allowed: receiving Intent { act=com.samsung.android.wearable.action.WEARABLE_DEVICE_CONNECTED flg=0x10 (has extras) } to com.samsung.android.waterplugin/com.samsung.android.companionservice.service.pay.receiver.WatchPayPluginReceiver
07-13 14:43:54.310  1750  4230 D CompatibilityChangeReporter: Compat change id reported: 143231523; UID 10107; state: DISABLED
07-13 14:43:54.352  1750  4232 W BroadcastQueue: Background execution not allowed: receiving Intent { act=android.bluetooth.adapter.action.CONNECTION_STATE_CHANGED flg=0x4000010 (has extras) } to com.google.android.gms/.chimera.GmsIntentOperationService$PersistentTrustedReceiver
07-13 14:43:54.383  1750  2068 W BroadcastQueue: Background execution not allowed: receiving Intent { act=android.bluetooth.adapter.action.CONNECTION_STATE_CHANGED flg=0x4000010 (has extras) } to com.pandora.android/.api.bluetooth.AutoStartReceiver
07-13 14:43:54.553  1750  4232 I SoundTriggerService: getModelState(): id = 9f6ad62a-1f0b-11e7-87c5-40a8f03d3f15
07-13 14:43:54.630  1750  2297 W AppOps  : Noting op not finished: uid 10186 pkg com.google.android.as code 102 startTime of in progress event=1657639043969
07-13 14:43:54.631  1750  1750 V SoundTriggerService: 9f6ad62a-1f0b-11e7-87c5-40a8f03d3f15: Generic sound trigger event: GenericRecognitionEvent ::RecognitionEvent [status=3, soundModelHandle=20, captureAvailable=true, captureSession=2680041, captureDelayMs=0, capturePreambleMs=0, triggerInData=false, sampleRate=16000, encoding=2, channelMask=16, data=18]
07-13 14:43:54.663  1750  1750 V SoundTriggerService: 9f6ad62a-1f0b-11e7-87c5-40a8f03d3f15: onServiceConnected(android.os.BinderProxy@1aceeae)
07-13 14:43:54.664  1750  1750 V SoundTriggerService: 9f6ad62a-1f0b-11e7-87c5-40a8f03d3f15: runOp 0
07-13 14:43:54.689  1750  4308 V SoundTriggerService: 9f6ad62a-1f0b-11e7-87c5-40a8f03d3f15: destroy
07-13 14:43:54.695  1750  3029 I SoundTriggerService: startRecognition(): id = 9f6ad62a-1f0b-11e7-87c5-40a8f03d3f15
07-13 14:43:54.695  1750  3029 W SoundTriggerHelper: Canceling previous recognition for model id: 9f6ad62a-1f0b-11e7-87c5-40a8f03d3f15
07-13 14:43:54.695  1750  3029 V SoundTriggerService: 9f6ad62a-1f0b-11e7-87c5-40a8f03d3f15: onError: -2147483648
07-13 14:43:54.706  1750  3029 W SoundTriggerService: 9f6ad62a-1f0b-11e7-87c5-40a8f03d3f15: Dropped operation as already destroyed or marked for destruction
07-13 14:43:54.754  1750  4446 W BroadcastQueue: Background execution not allowed: receiving Intent { act=android.bluetooth.adapter.action.CONNECTION_STATE_CHANGED flg=0x4000010 (has extras) } to com.google.android.gms/.chimera.GmsIntentOperationService$PersistentTrustedReceiver
07-13 14:43:54.757  1750  2068 W BroadcastQueue: Background execution not allowed: receiving Intent { act=android.bluetooth.adapter.action.CONNECTION_STATE_CHANGED flg=0x4000010 (has extras) } to com.pandora.android/.api.bluetooth.AutoStartReceiver
07-13 14:43:54.760  1750  4308 W AppOps  : Noting op not finished: uid 10170 pkg com.google.android.googlequicksearchbox code 79 startTime of in progress event=1657737098764
07-13 14:43:54.762  1750  4308 W AppOps  : Noting op not finished: uid 10202 pkg com.google.android.apps.maps code 79 startTime of in progress event=1657737739494
07-13 14:43:54.785  1750  3029 I SoundTriggerHelper: startRecognition successful.
07-13 14:43:54.785  1750  3192 W AppOps  : Noting op not finished: uid 10152 pkg com.google.android.apps.scone code 79 startTime of in progress event=1657737821124
07-13 14:43:54.785  1750  3029 W SoundTriggerService: error onStart(): Model 9f6ad62a-1f0b-11e7-87c5-40a8f03d3f15 already started
07-13 14:43:54.786  1750  3192 I SoundTriggerService: deleteSoundModel(): id = 12caddb1-acdb-4dce-8cb0-2e95a2313aee
07-13 14:43:54.786  1750  3192 W SoundTriggerHelper: Unload error: Attempting unload invalid generic model with id:12caddb1-acdb-4dce-8cb0-2e95a2313aee
07-13 14:43:54.786  1750  3192 W SoundTriggerService: error onStop(): Model 12caddb1-acdb-4dce-8cb0-2e95a2313aee has no stats available
07-13 14:43:54.791  1750  4232 W AppOps  : Noting op not finished: uid 10447 pkg com.urbandroid.sleep code 79 startTime of in progress event=1657737742668
07-13 14:43:55.140  1750  3192 W BroadcastQueue: Background execution not allowed: receiving Intent { act=android.bluetooth.device.action.UUID flg=0x10 (has extras) } to com.google.android.gms/.chimera.GmsIntentOperationService$PersistentTrustedReceiver
07-13 14:43:55.148  1750  2068 W BroadcastQueue: Background execution not allowed: receiving Intent { act=android.bluetooth.device.action.UUID flg=0x10 (has extras) } to com.google.android.googlequicksearchbox/com.google.android.apps.gsa.broadcastreceiver.external.ExternalCommonBroadcastReceiver
07-13 14:43:55.148  1750  2068 W BroadcastQueue: Background execution not allowed: receiving Intent { act=android.bluetooth.device.action.UUID flg=0x10 (has extras) } to com.google.android.projection.gearhead/com.google.android.apps.auto.carservice.gmscorecompat.CarBluetoothReceiver
07-13 14:43:55.331  1750  4230 W AppOps  : Noting op not finished: uid 10202 pkg com.google.android.apps.maps code 79 startTime of in progress event=1657737835325
07-13 14:43:56.362  1750  1750 D CompanionDeviceManagerService: TriggerDeviceDisappearedRunnable.run(address = D0:1B:49:3F:0E:CB)
07-13 14:43:57.594  1750  2944 I Telecom : CallAudioRouteStateMachine: Message received: USER_SWITCH_EARPIECE=1101, arg1=0: ICA.sAR->CARSM.pM_USER_SWITCH_EARPIECE(cgad)@CAU
07-13 14:43:57.594  1750  2944 I Telecom : QuiescentBluetoothRoute: Processing message USER_SWITCH_EARPIECE: ICA.sAR->CARSM.pM_USER_SWITCH_EARPIECE(cgad)@CAU
07-13 14:43:57.594  1750  2944 I Telecom : Logging.Events: Non-call EVENT: AUDIO_ROUTE, Leaving state QuiescentBluetoothRoute: ICA.sAR->CARSM.pM_USER_SWITCH_EARPIECE(cgad)@CAU
07-13 14:43:57.594  1750  2944 I Telecom : Logging.Events: Non-call EVENT: AUDIO_ROUTE, Entering state QuiescentEarpieceRoute: ICA.sAR->CARSM.pM_USER_SWITCH_EARPIECE(cgad)@CAU
07-13 14:43:57.609  1750  3029 I Telecom : Event: RecordEntry TC@16: REQUEST_DISCONNECT, internal: ICA.dC(cgad)@CAo
07-13 14:43:57.609  1750  3029 I Telecom : Call: Send disconnect to connection service for call: [Call id=TC@16, state=DISCONNECTING, tpac=ComponentInfo{com.android.phone/com.android.services.telephony.TelephonyConnectionService}, ***, UserHandle{0}, cmgr=ComponentInfo{com.android.phone/com.android.services.telephony.TelephonyConnectionService}, ***, UserHandle{0}, handle=tel:************, vidst=A, childs(0), has_parent(false), cap=[ hld sup_hld mut VTlrx VTltx VTlbi spd_aud], prop=[]]: ICA.dC(cgad)@CAo
07-13 14:43:57.612  1750  2945 I Telecom : CallAudioModeStateMachine: Message received: NEW_AUDIO_PROCESSING_CALL.: ICA.dC->CAMSM.pM_2004(cgad)@CAo
07-13 14:43:57.612  2709  2709 I TelecomFramework: TelephonyConnectionService: disconnect TC@16_1: (ICA.dC)->CS.d->H.CS.d(cgad/cast)@E-CAo
07-13 14:43:57.612  1750  3029 I Telecom : InCallController: Sending updateCall [Call id=TC@16, state=DISCONNECTING, tpac=ComponentInfo{com.android.phone/com.android.services.telephony.TelephonyConnectionService}, ***, UserHandle{0}, cmgr=ComponentInfo{com.android.phone/com.android.services.telephony.TelephonyConnectionService}, ***, UserHandle{0}, handle=tel:************, vidst=A, childs(0), has_parent(false), cap=[ hld sup_hld mut VTlrx VTltx VTlbi spd_aud], prop=[]]: ICA.dC(cgad)@CAo
07-13 14:43:57.623  1750  3029 I Telecom : InCallController: Components updated: [ComponentInfo{com.google.android.apps.scone/com.google.android.apps.scone.coex.StateService}, ComponentInfo{com.google.android.googlequicksearchbox/com.google.android.libraries.search.assistant.performer.communication.IncomingCallInCallService}, ComponentInfo{com.google.android.as/com.google.android.apps.miphone.aiai.captions.tulip.audiosource.impl.CIS}, ComponentInfo{com.android.bluetooth/com.android.bluetooth.telephony.BluetoothInCallService}, ComponentInfo{com.google.android.dialer/com.android.incallui.InCallServiceImpl}]: ICA.dC(cgad)@CAo
07-13 14:43:57.623  1750  3029 I Telecom : IncomingCallNotifier: updateIncomingCall: foundIncomingcall = null: ICA.dC(cgad)@CAo
07-13 14:43:57.623  1750  3029 I Telecom : TelecomWakeLock: WakeLock already released with id: 26: ICA.dC(cgad)@CAo
07-13 14:43:57.623  1750  3029 I Telecom : InCallWakeLockController: Releasing full wake lock: ICA.dC(cgad)@CAo
07-13 14:43:57.653  1750  4232 I Telecom : InCallController: Sending updateCall [Call id=TC@16, state=DISCONNECTING, tpac=ComponentInfo{com.android.phone/com.android.services.telephony.TelephonyConnectionService}, ***, UserHandle{0}, cmgr=ComponentInfo{com.android.phone/com.android.services.telephony.TelephonyConnectionService}, ***, UserHandle{0}, handle=tel:************, vidst=A, childs(0), has_parent(false), cap=[ hld sup_hld mut VTlrx VTltx VTlbi spd_aud], prop=[]]: CSW.sSH(cap)@CA8
07-13 14:43:57.660  1750  4232 I Telecom : InCallController: Components updated: [ComponentInfo{com.google.android.apps.scone/com.google.android.apps.scone.coex.StateService}, ComponentInfo{com.google.android.googlequicksearchbox/com.google.android.libraries.search.assistant.performer.communication.IncomingCallInCallService}, ComponentInfo{com.google.android.as/com.google.android.apps.miphone.aiai.captions.tulip.audiosource.impl.CIS}, ComponentInfo{com.android.bluetooth/com.android.bluetooth.telephony.BluetoothInCallService}, ComponentInfo{com.google.android.dialer/com.android.incallui.InCallServiceImpl}]: CSW.sSH(cap)@CA8
07-13 14:43:57.676  1750  2944 I Telecom : CallAudioRouteStateMachine: Message received: MUTE_EXTERNALLY_CHANGED=3004, arg1=0: CARSM.mCR->CARSM.pM_MUTE_EXTERNALLY_CHANGED@CBE
07-13 14:43:57.676  1750  2944 I Telecom : QuiescentEarpieceRoute: Processing message MUTE_EXTERNALLY_CHANGED: CARSM.mCR->CARSM.pM_MUTE_EXTERNALLY_CHANGED@CBE
07-13 14:43:57.689  1750  1787 I Telecom : : Silence Ringer requested by com.google.android.dialer: TSI.sR@CBU
07-13 14:43:57.700  1750  3029 I Telecom : : Silence Ringer requested by com.google.android.dialer: TSI.sR@CBk
07-13 14:43:57.713  1750  3029 I Telecom : InCallController: Sending updateCall [Call id=TC@16, state=DISCONNECTING, tpac=ComponentInfo{com.android.phone/com.android.services.telephony.TelephonyConnectionService}, ***, UserHandle{0}, cmgr=ComponentInfo{com.android.phone/com.android.services.telephony.TelephonyConnectionService}, ***, UserHandle{0}, handle=tel:************, vidst=A, childs(0), has_parent(false), cap=[ hld sup_hld mut VTlrx VTltx VTlbi spd_aud], prop=[]]: CSW.rE(cap)@CBs
07-13 14:43:57.718  1750  3029 I Telecom : InCallController: Components updated: [ComponentInfo{com.google.android.apps.scone/com.google.android.apps.scone.coex.StateService}, ComponentInfo{com.google.android.googlequicksearchbox/com.google.android.libraries.search.assistant.performer.communication.IncomingCallInCallService}, ComponentInfo{com.google.android.as/com.google.android.apps.miphone.aiai.captions.tulip.audiosource.impl.CIS}, ComponentInfo{com.android.bluetooth/com.android.bluetooth.telephony.BluetoothInCallService}, ComponentInfo{com.google.android.dialer/com.android.incallui.InCallServiceImpl}]: CSW.rE(cap)@CBs
07-13 14:43:57.962  1750  2045 I DisplayDeviceRepository: Display device changed: DisplayDeviceInfo{"Built-in Screen": uniqueId="local:4630946523002478721", 1080 x 2340, modeId 1, defaultModeId 1, supportedModes [{id=1, width=1080, height=2340, fps=60.000004, alternativeRefreshRates=[90.0]}, {id=2, width=1080, height=2340, fps=90.0, alternativeRefreshRates=[60.000004]}], colorMode 0, supportedColorModes [0, 7, 9], hdrCapabilities HdrCapabilities{mSupportedHdrTypes=[2, 3], mMaxLuminance=500.0, mMaxAverageLuminance=500.0, mMinLuminance=0.0}, allmSupported false, gameContentTypeSupported false, density 440, 435.428 x 433.839 dpi, appVsyncOff 2333332, presDeadline 11500000, cutout DisplayCutout{insets=Rect(0, 136 - 0, 0) waterfall=Insets{left=0, top=0, right=0, bottom=0} boundingRect={Bounds=[Rect(0, 0 - 0, 0), Rect(0, 0 - 145, 136), Rect(0, 0 - 0, 0), Rect(0, 0 - 0, 0)]} cutoutPathParserInfo={CutoutPathParserInfo{displayWidth=1080 displayHeight=2340 density={2.75} cutoutSpec={M 41,77 a 40,40 0 1 0 80,0 40,40 0 1 0 -80,0 Z @left} rotation={0} scale={1.0}}}}, touch INTERNAL, rotation 0, type INTERNAL, address {port=129, model=0x40446d53ad64a0}, deviceProductInfo DeviceProductInfo{name=, manufacturerPnpId=QCM, productId=1, modelYear=null, manufactureDate=ManufactureDate{week=27, year=2006}, connectionToSinkType=0}, state ON, frameRateOverride , brightnessMinimum 0.0, brightnessMaximum 1.0, brightnessDefault 0.2901961, roundedCorners RoundedCorners{[RoundedCorner{position=TopLeft, radius=108, center=Point(108, 108)}, RoundedCorner{position=TopRight, radius=108, center=Point(972, 108)}, RoundedCorner{position=BottomRight, radius=108, center=Point(972, 2232)}, RoundedCorner{position=BottomLeft, radius=108, center=Point(108, 2232)}]}, FLAG_DEFAULT_DISPLAY, FLAG_ROTATES_WITH_CONTENT, FLAG_SECURE, FLAG_SUPPORTS_PROTECTED_BUFFERS}
07-13 14:43:58.023  1750  4232 I Telecom : InCallController: Sending updateCall [Call id=TC@16, state=DISCONNECTING, tpac=ComponentInfo{com.android.phone/com.android.services.telephony.TelephonyConnectionService}, ***, UserHandle{0}, cmgr=ComponentInfo{com.android.phone/com.android.services.telephony.TelephonyConnectionService}, ***, UserHandle{0}, handle=tel:************, vidst=A, childs(0), has_parent(false), cap=[ hld sup_hld mut VTlrx VTltx VTlbi spd_aud], prop=[]]: CSW.sSH(cap)@CC8
07-13 14:43:58.027  1750  4232 I Telecom : InCallController: Components updated: [ComponentInfo{com.google.android.apps.scone/com.google.android.apps.scone.coex.StateService}, ComponentInfo{com.google.android.googlequicksearchbox/com.google.android.libraries.search.assistant.performer.communication.IncomingCallInCallService}, ComponentInfo{com.google.android.as/com.google.android.apps.miphone.aiai.captions.tulip.audiosource.impl.CIS}, ComponentInfo{com.android.bluetooth/com.android.bluetooth.telephony.BluetoothInCallService}, ComponentInfo{com.google.android.dialer/com.android.incallui.InCallServiceImpl}]: CSW.sSH(cap)@CC8
07-13 14:43:58.027  1750  4232 I Telecom : CallsManager: setCallState DISCONNECTING -> DISCONNECTED, call: [Call id=TC@16, state=DISCONNECTING, tpac=ComponentInfo{com.android.phone/com.android.services.telephony.TelephonyConnectionService}, ***, UserHandle{0}, cmgr=ComponentInfo{com.android.phone/com.android.services.telephony.TelephonyConnectionService}, ***, UserHandle{0}, handle=tel:************, vidst=A, childs(0), has_parent(false), cap=[ hld sup_hld mut VTlrx VTltx VTlbi spd_aud], prop=[]]: CSW.sDc(cap)@CDA
07-13 14:43:58.028  1750  4232 I Telecom : Event: RecordEntry TC@16: SET_DISCONNECTED, disconnected set explicitly> DisconnectCause [ Code: (REJECTED) Label: () Description: () Reason: (LOCAL) Tone: (-1)  TelephonyCause: 36/65535 ImsReasonInfo: null]: CSW.sDc(cap)@CDA
07-13 14:43:58.029  1750  2945 I Telecom : CallAudioModeStateMachine: Message received: NO_MORE_AUDIO_PROCESSING_CALLS.: CSW.sDc->CAMSM.pM_1004(cap)@CDA
07-13 14:43:58.029  1750  2944 I Telecom : CallAudioRouteStateMachine: Message received: SWITCH_FOCUS=4001, arg1=1: CSW.sDc->CAMSM.pM_1004->CARSM.pM_SWITCH_FOCUS(cap)@CDA
07-13 14:43:58.030  1750  2944 I Telecom : QuiescentEarpieceRoute: Processing message SWITCH_FOCUS: CSW.sDc->CAMSM.pM_1004->CARSM.pM_SWITCH_FOCUS(cap)@CDA
07-13 14:43:58.030  1750  2945 I Telecom : CallAudioModeStateMachine: Message received: AUDIO_OPERATIONS_COMPLETE.: CSW.sDc->CAMSM.pM_1004->CARSM.pM_SWITCH_FOCUS->CAMSM.pM_6001(cap)@CDA
07-13 14:43:58.030  1750  2945 I Telecom : CallAudioModeStateMachine: Abandoning audio focus: now UNFOCUSED: CSW.sDc->CAMSM.pM_1004->CARSM.pM_SWITCH_FOCUS->CAMSM.pM_6001(cap)@CDA
07-13 14:43:58.031  1750  4232 W ContextImpl: Calling a method in the system process without a qualified user: android.app.ContextImpl.sendBroadcast:1196 android.content.ContextWrapper.sendBroadcast:484 com.android.server.telecom.CallLogManager.sendAddCallBroadcast:555 com.android.server.telecom.CallLogManager.logCall:382 com.android.server.telecom.CallLogManager.logCall:248 
07-13 14:43:58.043  1750  4232 I Telecom : InCallController: Sending updateCall [Call id=TC@16, state=DISCONNECTED, tpac=ComponentInfo{com.android.phone/com.android.services.telephony.TelephonyConnectionService}, ***, UserHandle{0}, cmgr=ComponentInfo{com.android.phone/com.android.services.telephony.TelephonyConnectionService}, ***, UserHandle{0}, handle=tel:************, vidst=A, childs(0), has_parent(false), cap=[ hld sup_hld mut VTlrx VTltx VTlbi spd_aud], prop=[]]: CSW.sDc(cap)@CDA
07-13 14:43:58.045  1750  2045 I DisplayDeviceRepository: Display device changed: DisplayDeviceInfo{"Built-in Screen": uniqueId="local:4630946523002478721", 1080 x 2340, modeId 2, defaultModeId 1, supportedModes [{id=1, width=1080, height=2340, fps=60.000004, alternativeRefreshRates=[90.0]}, {id=2, width=1080, height=2340, fps=90.0, alternativeRefreshRates=[60.000004]}], colorMode 0, supportedColorModes [0, 7, 9], hdrCapabilities HdrCapabilities{mSupportedHdrTypes=[2, 3], mMaxLuminance=500.0, mMaxAverageLuminance=500.0, mMinLuminance=0.0}, allmSupported false, gameContentTypeSupported false, density 440, 435.428 x 433.839 dpi, appVsyncOff 2333333, presDeadline 11500000, cutout DisplayCutout{insets=Rect(0, 136 - 0, 0) waterfall=Insets{left=0, top=0, right=0, bottom=0} boundingRect={Bounds=[Rect(0, 0 - 0, 0), Rect(0, 0 - 145, 136), Rect(0, 0 - 0, 0), Rect(0, 0 - 0, 0)]} cutoutPathParserInfo={CutoutPathParserInfo{displayWidth=1080 displayHeight=2340 density={2.75} cutoutSpec={M 41,77 a 40,40 0 1 0 80,0 40,40 0 1 0 -80,0 Z @left} rotation={0} scale={1.0}}}}, touch INTERNAL, rotation 0, type INTERNAL, address {port=129, model=0x40446d53ad64a0}, deviceProductInfo DeviceProductInfo{name=, manufacturerPnpId=QCM, productId=1, modelYear=null, manufactureDate=ManufactureDate{week=27, year=2006}, connectionToSinkType=0}, state ON, frameRateOverride , brightnessMinimum 0.0, brightnessMaximum 1.0, brightnessDefault 0.2901961, roundedCorners RoundedCorners{[RoundedCorner{position=TopLeft, radius=108, center=Point(108, 108)}, RoundedCorner{position=TopRight, radius=108, center=Point(972, 108)}, RoundedCorner{position=BottomRight, radius=108, center=Point(972, 2232)}, RoundedCorner{position=BottomLeft, radius=108, center=Point(108, 2232)}]}, FLAG_DEFAULT_DISPLAY, FLAG_ROTATES_WITH_CONTENT, FLAG_SECURE, FLAG_SUPPORTS_PROTECTED_BUFFERS}
07-13 14:43:58.047  1750  4232 I Telecom : InCallController: Components updated: [ComponentInfo{com.google.android.apps.scone/com.google.android.apps.scone.coex.StateService}, ComponentInfo{com.google.android.googlequicksearchbox/com.google.android.libraries.search.assistant.performer.communication.IncomingCallInCallService}, ComponentInfo{com.google.android.as/com.google.android.apps.miphone.aiai.captions.tulip.audiosource.impl.CIS}, ComponentInfo{com.android.bluetooth/com.android.bluetooth.telephony.BluetoothInCallService}, ComponentInfo{com.google.android.dialer/com.android.incallui.InCallServiceImpl}]: CSW.sDc(cap)@CDA
07-13 14:43:58.047  1750  4232 I Telecom : IncomingCallNotifier: updateIncomingCall: foundIncomingcall = null: CSW.sDc(cap)@CDA
07-13 14:43:58.048  1750  4232 I Telecom : TelecomWakeLock: WakeLock already released with id: 26: CSW.sDc(cap)@CDA
07-13 14:43:58.048  1750  4232 I Telecom : InCallWakeLockController: Releasing full wake lock: CSW.sDc(cap)@CDA
07-13 14:43:58.049  1750  4232 I Telecom : Event: RecordEntry TC@16: CONF_CALLS_CHANGED, : CSW.sCC(cap)@CDI
07-13 14:43:58.049  1750  4232 I Telecom : InCallController: Sending updateCall [Call id=TC@16, state=DISCONNECTED, tpac=ComponentInfo{com.android.phone/com.android.services.telephony.TelephonyConnectionService}, ***, UserHandle{0}, cmgr=ComponentInfo{com.android.phone/com.android.services.telephony.TelephonyConnectionService}, ***, UserHandle{0}, handle=tel:************, vidst=A, childs(0), has_parent(false), cap=[ hld sup_hld mut VTlrx VTltx VTlbi spd_aud], prop=[]]: CSW.sCC(cap)@CDI
07-13 14:43:58.058  1750  4232 I Telecom : InCallController: Components updated: [ComponentInfo{com.google.android.apps.scone/com.google.android.apps.scone.coex.StateService}, ComponentInfo{com.google.android.googlequicksearchbox/com.google.android.libraries.search.assistant.performer.communication.IncomingCallInCallService}, ComponentInfo{com.google.android.as/com.google.android.apps.miphone.aiai.captions.tulip.audiosource.impl.CIS}, ComponentInfo{com.android.bluetooth/com.android.bluetooth.telephony.BluetoothInCallService}, ComponentInfo{com.google.android.dialer/com.android.incallui.InCallServiceImpl}]: CSW.sCC(cap)@CDI
07-13 14:43:58.060  1750  4246 I Telecom : Event: RecordEntry TC@16: CONF_CALLS_CHANGED, : CSW.sCC(cap)@CDU
07-13 14:43:58.060  1750  4246 I Telecom : InCallController: Sending updateCall [Call id=TC@16, state=DISCONNECTED, tpac=ComponentInfo{com.android.phone/com.android.services.telephony.TelephonyConnectionService}, ***, UserHandle{0}, cmgr=ComponentInfo{com.android.phone/com.android.services.telephony.TelephonyConnectionService}, ***, UserHandle{0}, handle=tel:************, vidst=A, childs(0), has_parent(false), cap=[ hld sup_hld mut VTlrx VTltx VTlbi spd_aud], prop=[]]: CSW.sCC(cap)@CDU
07-13 14:43:58.068  1750  4246 I Telecom : InCallController: Components updated: [ComponentInfo{com.google.android.apps.scone/com.google.android.apps.scone.coex.StateService}, ComponentInfo{com.google.android.googlequicksearchbox/com.google.android.libraries.search.assistant.performer.communication.IncomingCallInCallService}, ComponentInfo{com.google.android.as/com.google.android.apps.miphone.aiai.captions.tulip.audiosource.impl.CIS}, ComponentInfo{com.android.bluetooth/com.android.bluetooth.telephony.BluetoothInCallService}, ComponentInfo{com.google.android.dialer/com.android.incallui.InCallServiceImpl}]: CSW.sCC(cap)@CDU
07-13 14:43:58.081  1750  3304 I Telecom : PhoneAccountRegistrar: getSimCallManager: SimCallManager for subId 2 queried, returning: null
07-13 14:43:58.082  1750  4246 I Telecom : CallsManager: markCallAsRemoved; callid=TC@16, immediate.: CSW.rC(cap)@CDc
07-13 14:43:58.082  1750  1750 I Telecom : ConnectionServiceWrapper: Service unbound ComponentInfo{com.android.phone/com.android.services.telephony.TelephonyConnectionService}, from unbind.: CSW.rC->CM.pR(cap)@CDc
07-13 14:43:58.088  1750  1750 I Telecom : CallsManager: handleConnectionServiceDeath: service [ConnectionServiceWrapper componentName=ComponentInfo{com.android.phone/com.android.services.telephony.TelephonyConnectionService}] died: CSW.rC->CM.pR(cap)@CDc
07-13 14:43:58.089  1750  1750 I Telecom : Event: RecordEntry TC@16: DESTROYED, null: CSW.rC->CM.pR(cap)@CDc
07-13 14:43:58.089  1750  1750 I Telecom : ProximitySensorManager: All calls removed, resetting proximity sensor to default state: CSW.rC->CM.pR(cap)@CDc
07-13 14:43:58.089  1750  1750 I Telecom : TelecomWakeLock: WakeLock already released with id: 32: CSW.rC->CM.pR(cap)@CDc
07-13 14:43:58.089  1750  1750 I Telecom : InCallController: onCallRemoved: [Call id=TC@16, state=DISCONNECTED, tpac=ComponentInfo{com.android.phone/com.android.services.telephony.TelephonyConnectionService}, ***, UserHandle{0}, cmgr=ComponentInfo{com.android.phone/com.android.services.telephony.TelephonyConnectionService}, ***, UserHandle{0}, handle=tel:************, vidst=A, childs(0), has_parent(false), cap=[ hld sup_hld mut VTlrx VTltx VTlbi spd_aud], prop=[]]: CSW.rC->CM.pR(cap)@CDc
07-13 14:43:58.090  1750  1750 I Telecom : InCallController: onSetCamera callId=TC@16, cameraId=null: CSW.rC->CM.pR(cap)@CDc
07-13 14:43:58.090  1750  1750 I Telecom : IncomingCallNotifier: updateIncomingCall: foundIncomingcall = null: CSW.rC->CM.pR(cap)@CDc
07-13 14:43:58.091  1750  1750 I Telecom : TelecomWakeLock: WakeLock already released with id: 26: CSW.rC->CM.pR(cap)@CDc
07-13 14:43:58.091  1750  1750 I Telecom : InCallWakeLockController: Releasing full wake lock: CSW.rC->CM.pR(cap)@CDc
