07-13 22:22:15.258  1750  4058 W AppOps  : Noting op not finished: uid 10190 pkg com.google.android.gms code 113 startTime of in progress event=1657764290062
07-13 22:22:15.274  1750  3117 W AppOps  : Noting op not finished: uid 10190 pkg com.google.android.gms code 113 startTime of in progress event=1657764290062
07-13 22:22:15.285  1750  4085 W AppOps  : Noting op not finished: uid 10447 pkg com.urbandroid.sleep code 79 startTime of in progress event=1657765333276
07-13 22:22:15.302  1750  4058 W AppOps  : Noting op not finished: uid 10190 pkg com.google.android.gms code 113 startTime of in progress event=1657764290062
07-13 22:22:15.744  1750  2068 W ProcessStats: Tracking association SourceState{584cdb3 system/1000 BTopFgs #2276334} whose proc state 2 is better than process ProcessState{baa4f70 net.dinglisch.android.taskerm/10289 pkg=net.dinglisch.android.taskerm} proc state 3 (168 skipped)
07-13 22:22:16.581  1750  1750 I SoundTriggerHelper: Recognition success
07-13 22:22:16.582 24882 21167 I AlwaysOnHotwordDetector: onDetected
07-13 22:22:17.174  1750  2068 W BroadcastQueue: Permission Denial: broadcasting Intent { act=com.google.android.apps.gmm.NAVIGATION_STATE flg=0x10 pkg=com.google.android.googlequicksearchbox (has extras) } from null (pid=-1, uid=-1) requires com.google.android.googlequicksearchbox.permission.LAUNCH_FROM_GMM due to registered receiver BroadcastFilter{6788a9f 10170/u0 ReceiverList{2d4c3e 17693 com.google.android.googlequicksearchbox:search/10170/u0 remote:21a4f9}}
07-13 22:22:17.174  1750  2068 W BroadcastQueue: Permission Denial: broadcasting Intent { act=com.google.android.apps.gmm.NAVIGATION_STATE flg=0x10 pkg=com.google.android.gms (has extras) } from null (pid=-1, uid=-1) requires com.google.android.googlequicksearchbox.permission.LAUNCH_FROM_GMM due to registered receiver BroadcastFilter{6788a9f 10170/u0 ReceiverList{2d4c3e 17693 com.google.android.googlequicksearchbox:search/10170/u0 remote:21a4f9}}
07-13 22:22:17.591  1750  4099 D CompatibilityChangeReporter: Compat change id reported: 177438394; UID 10331; state: DISABLED
07-13 22:22:17.591  1750  4099 D CompatibilityChangeReporter: Compat change id reported: 135772972; UID 10331; state: DISABLED
07-13 22:22:17.591  1750  4099 D CompatibilityChangeReporter: Compat change id reported: 135754954; UID 10331; state: ENABLED
07-13 22:22:17.591  1750  2069 D CompatibilityChangeReporter: Compat change id reported: 143937733; UID 10331; state: ENABLED
07-13 22:22:17.602  1750  2069 I ActivityManager: Start proc 18285:com.google.android.apps.tachyon/u0a331 for service {com.google.android.apps.tachyon/com.google.android.apps.tachyon.clientapi.ClientApiService}
07-13 22:22:17.656  1750  3117 D CompatibilityChangeReporter: Compat change id reported: 168419799; UID 10331; state: DISABLED
07-13 22:22:18.078  1750  4246 D CompatibilityChangeReporter: Compat change id reported: 124107808; UID 10170; state: ENABLED
07-13 22:22:18.412  1750  3117 D CompatibilityChangeReporter: Compat change id reported: 157233955; UID 10170; state: ENABLED
07-13 22:22:18.957  1750  4085 D CompatibilityChangeReporter: Compat change id reported: 124107808; UID 10190; state: ENABLED
07-13 22:22:18.999  1750  4058 D BiometricService: canAuthenticate: User=0, Caller=0, Authenticators=255
07-13 22:22:18.999  1750  4058 D BiometricService/PreAuthInfo: Package: com.google.android.gms Sensor ID: 0 Modality: 2 Status: 1
07-13 22:22:18.999  1750  4058 D BiometricService/PreAuthInfo: getCanAuthenticateInternal Modality: 2 AuthenticatorStatus: 1
07-13 22:22:18.999  1750  4058 D AuthService: canAuthenticate, userId: 0, callingUserId: 0, authenticators: 255, result: 0
07-13 22:22:19.130  1750  4246 I ActivityManager: Process com.google.android.webview:webview_service (pid 15880) has died: cch+99 CEM 
07-13 22:22:19.211  1750  2068 W ActivityManager: Stopping service due to app idle: u0a270 -1m23s581ms com.maxmpz.audioplayer/.player.HeadsetMicroService
07-13 22:22:19.355  1750  3117 I ActivityManager: Process com.bestbuy.android (pid 11538) has died: cch+25 CEM 
07-13 22:22:19.361  1750  3117 I ActivityManager: Killing 11656:com.google.android.webview:sandboxed_process0:org.chromium.content.app.SandboxedProcessService0:0/u0a390i910 (adj 0): isolated not needed
07-13 22:22:19.521  1750  2096 E KernelCpuUidActiveTimeReader: Negative delta from active time for uid: 10229, delta: -12
07-13 22:22:19.521  1750  2096 E KernelCpuUidActiveTimeReader: Negative delta from active time for uid: 10151, delta: -22
07-13 22:22:19.521  1750  2096 E KernelCpuUidActiveTimeReader: Negative delta from active time for uid: 10167, delta: -11
07-13 22:22:19.521  1750  2096 E KernelCpuUidActiveTimeReader: Negative delta from active time for uid: 10521, delta: -19
07-13 22:22:19.521  1750  2096 E KernelCpuUidActiveTimeReader: Negative delta from active time for uid: 10343, delta: -33
07-13 22:22:19.521  1750  2096 E KernelCpuUidActiveTimeReader: Negative delta from active time for uid: 10105, delta: -12
07-13 22:22:19.521  1750  2096 E KernelCpuUidActiveTimeReader: Negative delta from active time for uid: 10236, delta: -2
07-13 22:22:19.521  1750  2096 E KernelCpuUidActiveTimeReader: Negative delta from active time for uid: 10184, delta: -30
07-13 22:22:19.521  1750  2096 E KernelCpuUidActiveTimeReader: Negative delta from active time for uid: 10404, delta: -24
07-13 22:22:19.521  1750  2096 E KernelCpuUidActiveTimeReader: Negative delta from active time for uid: 10281, delta: -44
07-13 22:22:19.638  1750  4085 I ActivityTaskManager: START u0 {flg=0x10008000 cmp=com.google.android.googlequicksearchbox/com.google.android.apps.gsa.staticplugins.opa.OpaActivity (has extras)} from uid 10170
07-13 22:22:19.649  1750  4085 W ActivityTaskManager: Can't find TaskDisplayArea to determine support for multi window. Task id=49075 attached=false
07-13 22:22:19.663  1750  3192 W ActivityTaskManager: Tried to set launchTime (0) < mLastActivityLaunchTime (394478418)
07-13 22:22:19.686  1750  3117 I SoundTriggerHelper: startRecognition successful.
07-13 22:22:19.988  1750  4058 D TextToSpeechManagerPerUserService: Trying to start connection to TTS engine: com.google.android.tts
07-13 22:22:19.989  1750  1750 D TextToSpeechManagerPerUserService: Connected successfully to TTS engine: com.google.android.tts
07-13 22:22:19.991  1750  4085 D TextToSpeechManagerPerUserService: Trying to start connection to TTS engine: com.google.android.tts
07-13 22:22:19.992  1750  1750 D TextToSpeechManagerPerUserService: Connected successfully to TTS engine: com.google.android.tts
07-13 22:22:20.013  1750  4058 W ActivityTaskManager: Request to remove task ignored for non-existent task 49074
07-13 22:22:23.363  1750  1750 D CompatibilityChangeReporter: Compat change id reported: 135634846; UID 10280; state: DISABLED
07-13 22:22:23.365  1750  1750 D CompatibilityChangeReporter: Compat change id reported: 177438394; UID 10280; state: DISABLED
07-13 22:22:23.365  1750  1750 D CompatibilityChangeReporter: Compat change id reported: 135772972; UID 10280; state: DISABLED
07-13 22:22:23.365  1750  1750 D CompatibilityChangeReporter: Compat change id reported: 135754954; UID 10280; state: ENABLED
07-13 22:22:23.367  1750  2069 D CompatibilityChangeReporter: Compat change id reported: 143937733; UID 10280; state: ENABLED
07-13 22:22:23.375  1750  2069 I ActivityManager: Start proc 18424:com.reddit.frontpage/u0a280 for service {com.reddit.frontpage/androidx.work.impl.background.systemjob.SystemJobService}
07-13 22:22:23.405  1750  3192 D CompatibilityChangeReporter: Compat change id reported: 168419799; UID 10280; state: DISABLED
07-13 22:22:24.129  1750  2200 D CompatibilityChangeReporter: Compat change id reported: 183164979; UID 10280; state: DISABLED
07-13 22:22:26.056  1750  4232 W ProcessStats: Tracking association SourceState{584cdb3 system/1000 BTopFgs #2276592} whose proc state 2 is better than process ProcessState{baa4f70 net.dinglisch.android.taskerm/10289 pkg=net.dinglisch.android.taskerm} proc state 3 (232 skipped)
07-13 22:22:27.406  1750  2042 W VoiceInteractionServiceManager: Reset power boost INTERACTION because reaching max timeout.
07-13 22:22:36.241  2380  3014 D PowerUI : can't show warning due to - plugged: true status unknown: false
07-13 22:22:36.243  1750  4232 W ProcessStats: Tracking association SourceState{584cdb3 system/1000 BTopFgs #2276633} whose proc state 2 is better than process ProcessState{baa4f70 net.dinglisch.android.taskerm/10289 pkg=net.dinglisch.android.taskerm} proc state 3 (33 skipped)
07-13 22:22:42.648  1750  4232 I ActivityManager: Killing 18039:com.android.chrome:sandboxed_process0:org.chromium.content.app.SandboxedProcessService0:159/u0a205i-8979 (adj 0): isolated not needed
07-13 22:22:42.665  1750  4232 D CompatibilityChangeReporter: Compat change id reported: 135634846; UID 10205; state: DISABLED
07-13 22:22:42.665  1750  4232 D CompatibilityChangeReporter: Compat change id reported: 177438394; UID 10205; state: DISABLED
07-13 22:22:42.665  1750  4232 D CompatibilityChangeReporter: Compat change id reported: 135772972; UID 10205; state: DISABLED
07-13 22:22:42.665  1750  4232 D CompatibilityChangeReporter: Compat change id reported: 135754954; UID 10205; state: ENABLED
07-13 22:22:42.666  1750  2069 D CompatibilityChangeReporter: Compat change id reported: 143937733; UID 10205; state: ENABLED
07-13 22:22:42.685  1750  2069 I ActivityManager: Start proc 18631:com.android.chrome:sandboxed_process0:org.chromium.content.app.SandboxedProcessService0:160/u0ai22 for  {com.android.chrome/org.chromium.content.app.SandboxedProcessService0:160}
07-13 22:22:42.703  1750  4232 D CompatibilityChangeReporter: Compat change id reported: 168419799; UID 10205; state: DISABLED
07-13 22:22:42.719  1750  2096 E KernelCpuUidActiveTimeReader: Negative delta from active time for uid: 10229, delta: -12
07-13 22:22:42.719  1750  2096 E KernelCpuUidActiveTimeReader: Negative delta from active time for uid: 10151, delta: -22
07-13 22:22:42.719  1750  2096 E KernelCpuUidActiveTimeReader: Negative delta from active time for uid: 10167, delta: -11
07-13 22:22:42.719  1750  2096 E KernelCpuUidActiveTimeReader: Negative delta from active time for uid: 10521, delta: -19
07-13 22:22:42.719  1750  2096 E KernelCpuUidActiveTimeReader: Negative delta from active time for uid: 10343, delta: -33
07-13 22:22:42.719  1750  2096 E KernelCpuUidActiveTimeReader: Negative delta from active time for uid: 10105, delta: -12
07-13 22:22:42.719  1750  2096 E KernelCpuUidActiveTimeReader: Negative delta from active time for uid: 10236, delta: -2
07-13 22:22:42.719  1750  2096 E KernelCpuUidActiveTimeReader: Negative delta from active time for uid: 10184, delta: -30
07-13 22:22:42.719  1750  2096 E KernelCpuUidActiveTimeReader: Negative delta from active time for uid: 10404, delta: -24
07-13 22:22:42.719  1750  2096 E KernelCpuUidActiveTimeReader: Negative delta from active time for uid: 10281, delta: -44
07-13 22:22:42.721  1750  2096 D KernelCpuUidUserSysTimeReader: Removing uids 90014-90014
07-13 22:22:42.722  1750  2096 D KernelCpuUidUserSysTimeReader: Removing uids 90015-90015
07-13 22:22:47.996  1750  4232 W ProcessStats: Tracking association SourceState{584cdb3 system/1000 BTopFgs #2276662} whose proc state 2 is better than process ProcessState{baa4f70 net.dinglisch.android.taskerm/10289 pkg=net.dinglisch.android.taskerm} proc state 3 (14 skipped)
07-13 22:22:49.644  1750  4232 I ActivityTaskManager: START u0 {flg=0x30000000 cmp=com.google.android.googlequicksearchbox/com.google.android.apps.gsa.nga.engine.ui.answer.AnswerUiActivity (has extras)} from uid 10170
07-13 22:22:49.646  1750  4232 W ActivityTaskManager: Can't find TaskDisplayArea to determine support for multi window. Task id=49076 attached=false
07-13 22:22:49.813  1750  1750 I SoundTriggerHelper: Recognition success
07-13 22:22:49.820 24882 21167 I AlwaysOnHotwordDetector: onDetected
07-13 22:22:50.048  1750  4058 D TextToSpeechManagerPerUserService: Unbinding TTS engine: com.google.android.tts. Reason: client disconnection request
07-13 22:22:50.051  1750  1750 W TextToSpeechManagerPerUserService: Disconnected from TTS engine
07-13 22:22:50.076  1750  3117 D TextToSpeechManagerPerUserService: Unbinding TTS engine: com.google.android.tts. Reason: client disconnection request
07-13 22:22:50.078  1750  1750 W TextToSpeechManagerPerUserService: Disconnected from TTS engine
07-13 22:22:50.078  1750  2046 W ActivityTaskManager: Can't find TaskDisplayArea to determine support for multi window. Task id=49075 attached=false
07-13 22:22:50.078  1750  2046 W ActivityTaskManager: Can't find TaskDisplayArea to determine support for multi window. Task id=49075 attached=false
07-13 22:22:51.317  1750  3117 I SoundTriggerHelper: startRecognition successful.
07-13 22:22:55.065  1750  3117 D CompatibilityChangeReporter: Compat change id reported: 182734110; UID 10205; state: ENABLED
07-13 22:22:55.066  1750  4232 D CompatibilityChangeReporter: Compat change id reported: 182734110; UID 10205; state: ENABLED
07-13 22:22:55.071  1750  4232 D CompatibilityChangeReporter: Compat change id reported: 149924527; UID 10205; state: ENABLED
07-13 22:22:55.071  1750  3117 D CompatibilityChangeReporter: Compat change id reported: 149924527; UID 10205; state: ENABLED
07-13 22:22:55.072  1750  3117 D CompatibilityChangeReporter: Compat change id reported: 132649864; UID 10205; state: DISABLED
07-13 22:22:55.072  1750  4232 D CompatibilityChangeReporter: Compat change id reported: 132649864; UID 10205; state: DISABLED
07-13 22:22:55.111  1750  3117 D CompatibilityChangeReporter: Compat change id reported: 135634846; UID 10205; state: DISABLED
07-13 22:22:55.111  1750  3117 D CompatibilityChangeReporter: Compat change id reported: 177438394; UID 10205; state: DISABLED
07-13 22:22:55.111  1750  3117 D CompatibilityChangeReporter: Compat change id reported: 135772972; UID 10205; state: DISABLED
07-13 22:22:55.112  1750  3117 D CompatibilityChangeReporter: Compat change id reported: 135754954; UID 10205; state: ENABLED
07-13 22:22:55.112  1750  2069 D CompatibilityChangeReporter: Compat change id reported: 143937733; UID 10205; state: ENABLED
07-13 22:22:55.127  1750  2069 I ActivityManager: Start proc 18769:com.android.chrome:sandboxed_process0:org.chromium.content.app.SandboxedProcessService0:161/u0ai24 for  {com.android.chrome/org.chromium.content.app.SandboxedProcessService0:161}
07-13 22:22:55.168  1750  4085 D CompatibilityChangeReporter: Compat change id reported: 135634846; UID 10205; state: DISABLED
07-13 22:22:55.168  1750  4085 D CompatibilityChangeReporter: Compat change id reported: 177438394; UID 10205; state: DISABLED
07-13 22:22:55.168  1750  4085 D CompatibilityChangeReporter: Compat change id reported: 135772972; UID 10205; state: DISABLED
07-13 22:22:55.168  1750  4085 D CompatibilityChangeReporter: Compat change id reported: 135754954; UID 10205; state: ENABLED
07-13 22:22:55.168  1750  2069 D CompatibilityChangeReporter: Compat change id reported: 143937733; UID 10205; state: ENABLED
07-13 22:22:55.183  1750  2069 I ActivityManager: Start proc 18787:com.android.chrome:sandboxed_process0:org.chromium.content.app.SandboxedProcessService0:162/u0ai25 for  {com.android.chrome/org.chromium.content.app.SandboxedProcessService0:162}
07-13 22:22:55.406  1750  3117 I ActivityManager: Killing 18787:com.android.chrome:sandboxed_process0:org.chromium.content.app.SandboxedProcessService0:162/u0a205i-8975 (adj 0): isolated not needed
07-13 22:22:55.473  1750  2096 E KernelCpuUidActiveTimeReader: Negative delta from active time for uid: 10229, delta: -12
07-13 22:22:55.473  1750  2096 E KernelCpuUidActiveTimeReader: Negative delta from active time for uid: 10151, delta: -22
07-13 22:22:55.474  1750  2096 E KernelCpuUidActiveTimeReader: Negative delta from active time for uid: 10167, delta: -11
07-13 22:22:55.474  1750  2096 E KernelCpuUidActiveTimeReader: Negative delta from active time for uid: 10521, delta: -19
07-13 22:22:55.474  1750  2096 E KernelCpuUidActiveTimeReader: Negative delta from active time for uid: 10343, delta: -33
07-13 22:22:55.474  1750  2096 E KernelCpuUidActiveTimeReader: Negative delta from active time for uid: 10105, delta: -12
07-13 22:22:55.474  1750  2096 E KernelCpuUidActiveTimeReader: Negative delta from active time for uid: 10236, delta: -2
07-13 22:22:55.474  1750  2096 E KernelCpuUidActiveTimeReader: Negative delta from active time for uid: 10184, delta: -30
07-13 22:22:55.474  1750  2096 E KernelCpuUidActiveTimeReader: Negative delta from active time for uid: 10404, delta: -24
07-13 22:22:55.475  1750  2096 E KernelCpuUidActiveTimeReader: Negative delta from active time for uid: 10281, delta: -44
07-13 22:22:55.479  1750  2096 D KernelCpuUidUserSysTimeReader: Removing uids 90013-90013
07-13 22:22:55.480  1750  2096 D KernelCpuUidUserSysTimeReader: Removing uids 90010-90010
07-13 22:22:55.481  1750  2096 D KernelCpuUidUserSysTimeReader: Removing uids 90016-90016
07-13 22:22:59.651  1750  3117 W ProcessStats: Tracking association SourceState{584cdb3 system/1000 BTopFgs #2276770} whose proc state 2 is better than process ProcessState{baa4f70 net.dinglisch.android.taskerm/10289 pkg=net.dinglisch.android.taskerm} proc state 3 (75 skipped)
07-13 22:23:00.058  1750  4232 D CompatibilityChangeReporter: Compat change id reported: 197654537; UID 10205; state: ENABLED
07-13 22:23:00.266  1750  2046 W ActivityTaskManager: Can't find TaskDisplayArea to determine support for multi window. Task id=49076 attached=false
07-13 22:23:01.251  1750  3117 W ContextImpl: Calling a method in the system process without a qualified user: android.app.ContextImpl.sendBroadcastMultiplePermissions:1214 com.android.server.TelephonyRegistry.broadcastServiceStateChanged:2911 com.android.server.TelephonyRegistry.notifyServiceStateForPhoneId:1613 com.android.internal.telephony.ITelephonyRegistry$Stub.onTransact:455 android.os.Binder.execTransactInternal:1179 
07-13 22:23:01.252  1750  2068 W BroadcastQueue: Permission Denial: receiving Intent { act=android.intent.action.SERVICE_STATE flg=0x1000010 (has extras) } to ProcessRecord{b767ac8 2380:com.android.systemui/u0a245} (pid=2380, uid=10245) requires android.permission.READ_PHONE_STATE due to sender android (uid 1001)
07-13 22:23:01.252  1750  3117 W ContextImpl: Calling a method in the system process without a qualified user: android.app.ContextImpl.sendBroadcastMultiplePermissions:1264 com.android.server.TelephonyRegistry.broadcastServiceStateChanged:2914 com.android.server.TelephonyRegistry.notifyServiceStateForPhoneId:1613 com.android.internal.telephony.ITelephonyRegistry$Stub.onTransact:455 android.os.Binder.execTransactInternal:1179 
07-13 22:23:01.253  1750  2068 W BroadcastQueue: Permission Denial: receiving Intent { act=android.intent.action.SERVICE_STATE flg=0x1000010 (has extras) } to ProcessRecord{9c88137 5094:com.google.android.wearable.app:background/u0a552} (pid=5094, uid=10552) requires android.permission.READ_PHONE_STATE due to sender android (uid 1001)
07-13 22:23:01.253  1750  2068 W BroadcastQueue: Permission Denial: receiving Intent { act=android.intent.action.SERVICE_STATE flg=0x1000010 (has extras) } to com.google.android.cellbroadcastreceiver/com.android.cellbroadcastreceiver.CellBroadcastReceiver requires android.permission.READ_PHONE_STATE due to sender android (uid 1001)
07-13 22:23:01.254  1750  2068 W BroadcastQueue: Permission Denial: receiving Intent { act=android.intent.action.SERVICE_STATE flg=0x1000010 (has extras) } to ProcessRecord{b767ac8 2380:com.android.systemui/u0a245} (pid=2380, uid=10245) requires android.permission.ACCESS_FINE_LOCATION due to sender android (uid 1001)
07-13 22:23:01.254  1750  3117 W ContextImpl: Calling a method in the system process without a qualified user: android.app.ContextImpl.sendBroadcastMultiplePermissions:1264 com.android.server.TelephonyRegistry.broadcastServiceStateChanged:2923 com.android.server.TelephonyRegistry.notifyServiceStateForPhoneId:1613 com.android.internal.telephony.ITelephonyRegistry$Stub.onTransact:455 android.os.Binder.execTransactInternal:1179 
07-13 22:23:01.254  1750  2068 W BroadcastQueue: Permission Denial: receiving Intent { act=android.intent.action.SERVICE_STATE flg=0x1000010 (has extras) } to ProcessRecord{9c88137 5094:com.google.android.wearable.app:background/u0a552} (pid=5094, uid=10552) requires android.permission.READ_PRIVILEGED_PHONE_STATE due to sender android (uid 1001)
07-13 22:23:01.254  1750  2068 W BroadcastQueue: Permission Denial: receiving Intent { act=android.intent.action.SERVICE_STATE flg=0x1000010 (has extras) } to com.google.android.cellbroadcastreceiver/com.android.cellbroadcastreceiver.CellBroadcastReceiver requires android.permission.ACCESS_FINE_LOCATION due to sender android (uid 1001)
07-13 22:23:01.255  1750  2068 W BroadcastQueue: Permission Denial: receiving Intent { act=android.intent.action.SERVICE_STATE flg=0x1000010 (has extras) } to ProcessRecord{b767ac8 2380:com.android.systemui/u0a245} (pid=2380, uid=10245) requires android.permission.READ_PHONE_STATE due to sender android (uid 1001)
07-13 22:23:01.255  1750  3117 W ContextImpl: Calling a method in the system process without a qualified user: android.app.ContextImpl.sendBroadcastMultiplePermissions:1264 com.android.server.TelephonyRegistry.broadcastServiceStateChanged:2926 com.android.server.TelephonyRegistry.notifyServiceStateForPhoneId:1613 com.android.internal.telephony.ITelephonyRegistry$Stub.onTransact:455 android.os.Binder.execTransactInternal:1179 
07-13 22:23:01.255  1750  2068 W BroadcastQueue: Permission Denial: receiving Intent { act=android.intent.action.SERVICE_STATE flg=0x1000010 (has extras) } to ProcessRecord{9c88137 5094:com.google.android.wearable.app:background/u0a552} (pid=5094, uid=10552) requires android.permission.READ_PHONE_STATE due to sender android (uid 1001)
07-13 22:23:01.256  1750  2068 W BroadcastQueue: Permission Denial: receiving Intent { act=android.intent.action.SERVICE_STATE flg=0x1000010 (has extras) } to com.google.android.cellbroadcastreceiver/com.android.cellbroadcastreceiver.CellBroadcastReceiver requires android.permission.READ_PHONE_STATE due to sender android (uid 1001)
07-13 22:23:01.256  1750  2068 W BroadcastQueue: Permission Denial: receiving Intent { act=android.intent.action.SERVICE_STATE flg=0x1000010 (has extras) } to ProcessRecord{9c88137 5094:com.google.android.wearable.app:background/u0a552} (pid=5094, uid=10552) requires android.permission.READ_PRIVILEGED_PHONE_STATE due to sender android (uid 1001)
07-13 22:23:01.315  1750  2258 W NetworkPolicy: shared quota unsupported; generating rule for each iface
07-13 22:23:01.936  1750  4085 W ContextImpl: Calling a method in the system process without a qualified user: android.app.ContextImpl.sendBroadcastMultiplePermissions:1214 com.android.server.TelephonyRegistry.broadcastServiceStateChanged:2911 com.android.server.TelephonyRegistry.notifyServiceStateForPhoneId:1613 com.android.internal.telephony.ITelephonyRegistry$Stub.onTransact:455 android.os.Binder.execTransactInternal:1179 
07-13 22:23:01.937  1750  2068 W BroadcastQueue: Permission Denial: receiving Intent { act=android.intent.action.SERVICE_STATE flg=0x1000010 (has extras) } to ProcessRecord{b767ac8 2380:com.android.systemui/u0a245} (pid=2380, uid=10245) requires android.permission.READ_PHONE_STATE due to sender android (uid 1001)
07-13 22:23:01.938  1750  4085 W ContextImpl: Calling a method in the system process without a qualified user: android.app.ContextImpl.sendBroadcastMultiplePermissions:1264 com.android.server.TelephonyRegistry.broadcastServiceStateChanged:2914 com.android.server.TelephonyRegistry.notifyServiceStateForPhoneId:1613 com.android.internal.telephony.ITelephonyRegistry$Stub.onTransact:455 android.os.Binder.execTransactInternal:1179 
07-13 22:23:01.938  1750  2068 W BroadcastQueue: Permission Denial: receiving Intent { act=android.intent.action.SERVICE_STATE flg=0x1000010 (has extras) } to ProcessRecord{9c88137 5094:com.google.android.wearable.app:background/u0a552} (pid=5094, uid=10552) requires android.permission.READ_PHONE_STATE due to sender android (uid 1001)
07-13 22:23:01.938  1750  2068 W BroadcastQueue: Permission Denial: receiving Intent { act=android.intent.action.SERVICE_STATE flg=0x1000010 (has extras) } to com.google.android.cellbroadcastreceiver/com.android.cellbroadcastreceiver.CellBroadcastReceiver requires android.permission.READ_PHONE_STATE due to sender android (uid 1001)
07-13 22:23:01.939  1750  2068 W BroadcastQueue: Permission Denial: receiving Intent { act=android.intent.action.SERVICE_STATE flg=0x1000010 (has extras) } to ProcessRecord{b767ac8 2380:com.android.systemui/u0a245} (pid=2380, uid=10245) requires android.permission.ACCESS_FINE_LOCATION due to sender android (uid 1001)
07-13 22:23:01.939  1750  4085 W ContextImpl: Calling a method in the system process without a qualified user: android.app.ContextImpl.sendBroadcastMultiplePermissions:1264 com.android.server.TelephonyRegistry.broadcastServiceStateChanged:2923 com.android.server.TelephonyRegistry.notifyServiceStateForPhoneId:1613 com.android.internal.telephony.ITelephonyRegistry$Stub.onTransact:455 android.os.Binder.execTransactInternal:1179 
07-13 22:23:01.939  1750  2068 W BroadcastQueue: Permission Denial: receiving Intent { act=android.intent.action.SERVICE_STATE flg=0x1000010 (has extras) } to ProcessRecord{9c88137 5094:com.google.android.wearable.app:background/u0a552} (pid=5094, uid=10552) requires android.permission.READ_PRIVILEGED_PHONE_STATE due to sender android (uid 1001)
07-13 22:23:01.940  1750  2068 W BroadcastQueue: Permission Denial: receiving Intent { act=android.intent.action.SERVICE_STATE flg=0x1000010 (has extras) } to com.google.android.cellbroadcastreceiver/com.android.cellbroadcastreceiver.CellBroadcastReceiver requires android.permission.ACCESS_FINE_LOCATION due to sender android (uid 1001)
07-13 22:23:01.940  1750  2068 W BroadcastQueue: Permission Denial: receiving Intent { act=android.intent.action.SERVICE_STATE flg=0x1000010 (has extras) } to ProcessRecord{b767ac8 2380:com.android.systemui/u0a245} (pid=2380, uid=10245) requires android.permission.READ_PHONE_STATE due to sender android (uid 1001)
07-13 22:23:01.940  1750  4085 W ContextImpl: Calling a method in the system process without a qualified user: android.app.ContextImpl.sendBroadcastMultiplePermissions:1264 com.android.server.TelephonyRegistry.broadcastServiceStateChanged:2926 com.android.server.TelephonyRegistry.notifyServiceStateForPhoneId:1613 com.android.internal.telephony.ITelephonyRegistry$Stub.onTransact:455 android.os.Binder.execTransactInternal:1179 
07-13 22:23:01.941  1750  2068 W BroadcastQueue: Permission Denial: receiving Intent { act=android.intent.action.SERVICE_STATE flg=0x1000010 (has extras) } to ProcessRecord{9c88137 5094:com.google.android.wearable.app:background/u0a552} (pid=5094, uid=10552) requires android.permission.READ_PHONE_STATE due to sender android (uid 1001)
07-13 22:23:01.941  1750  2068 W BroadcastQueue: Permission Denial: receiving Intent { act=android.intent.action.SERVICE_STATE flg=0x1000010 (has extras) } to com.google.android.cellbroadcastreceiver/com.android.cellbroadcastreceiver.CellBroadcastReceiver requires android.permission.READ_PHONE_STATE due to sender android (uid 1001)
07-13 22:23:01.942  1750  2068 W BroadcastQueue: Permission Denial: receiving Intent { act=android.intent.action.SERVICE_STATE flg=0x1000010 (has extras) } to ProcessRecord{9c88137 5094:com.google.android.wearable.app:background/u0a552} (pid=5094, uid=10552) requires android.permission.READ_PRIVILEGED_PHONE_STATE due to sender android (uid 1001)
07-13 22:23:02.048  1750  4058 E ProcessStats: Executing service ServiceState{e05f08b org.chromium.content.app.SandboxedProcessService0 pkg=com.android.chrome proc=e53f568} without owner
07-13 22:23:02.050  1750  2068 I DropBoxManagerService: add tag=system_server_wtf isTagEnabled=true flags=0x2
07-13 22:23:02.051  1750  4058 E ProcessStats: Binding service ServiceState{e05f08b org.chromium.content.app.SandboxedProcessService0 pkg=com.android.chrome proc=e53f568} without owner
07-13 22:23:02.052  1750  4058 E ProcessStats: Starting service ServiceState{e05f08b org.chromium.content.app.SandboxedProcessService0 pkg=com.android.chrome proc=e53f568} without owner
07-13 22:23:02.052  1750  4058 E ProcessStats: Binding service ServiceState{e05f08b org.chromium.content.app.SandboxedProcessService0 pkg=com.android.chrome proc=e53f568} without owner
07-13 22:23:02.053  1750  4058 I ActivityManager: Killing 17870:com.android.chrome:sandboxed_process0:org.chromium.content.app.SandboxedProcessService0:158/u0a205i-8980 (adj 0): isolated not needed
07-13 22:23:02.056  1750  2068 W DropBoxManagerService: Dropping: system_server_wtf (1117 > 0 bytes)
07-13 22:23:02.064  1750  2068 I DropBoxManagerService: add tag=system_server_wtf isTagEnabled=true flags=0x2
07-13 22:23:02.064  1750  2068 W DropBoxManagerService: Dropping: system_server_wtf (1017 > 0 bytes)
07-13 22:23:02.065  1750  2068 I DropBoxManagerService: add tag=system_server_wtf isTagEnabled=true flags=0x2
07-13 22:23:02.067  1750  2068 W DropBoxManagerService: Dropping: system_server_wtf (1208 > 0 bytes)
07-13 22:23:02.068  1750  2068 I DropBoxManagerService: add tag=system_server_wtf isTagEnabled=true flags=0x2
07-13 22:23:02.069  1750  2068 W DropBoxManagerService: Dropping: system_server_wtf (1205 > 0 bytes)
07-13 22:23:02.072  1750  4085 W ContextImpl: Calling a method in the system process without a qualified user: android.app.ContextImpl.sendBroadcastMultiplePermissions:1214 com.android.server.TelephonyRegistry.broadcastServiceStateChanged:2911 com.android.server.TelephonyRegistry.notifyServiceStateForPhoneId:1613 com.android.internal.telephony.ITelephonyRegistry$Stub.onTransact:455 android.os.Binder.execTransactInternal:1179 
07-13 22:23:02.072  1750  2068 W BroadcastQueue: Permission Denial: receiving Intent { act=android.intent.action.SERVICE_STATE flg=0x1000010 (has extras) } to ProcessRecord{b767ac8 2380:com.android.systemui/u0a245} (pid=2380, uid=10245) requires android.permission.READ_PHONE_STATE due to sender android (uid 1001)
07-13 22:23:02.072  1750  4085 W ContextImpl: Calling a method in the system process without a qualified user: android.app.ContextImpl.sendBroadcastMultiplePermissions:1264 com.android.server.TelephonyRegistry.broadcastServiceStateChanged:2914 com.android.server.TelephonyRegistry.notifyServiceStateForPhoneId:1613 com.android.internal.telephony.ITelephonyRegistry$Stub.onTransact:455 android.os.Binder.execTransactInternal:1179 
07-13 22:23:02.073  1750  2068 W BroadcastQueue: Permission Denial: receiving Intent { act=android.intent.action.SERVICE_STATE flg=0x1000010 (has extras) } to ProcessRecord{9c88137 5094:com.google.android.wearable.app:background/u0a552} (pid=5094, uid=10552) requires android.permission.READ_PHONE_STATE due to sender android (uid 1001)
07-13 22:23:02.073  1750  2068 W BroadcastQueue: Permission Denial: receiving Intent { act=android.intent.action.SERVICE_STATE flg=0x1000010 (has extras) } to com.google.android.cellbroadcastreceiver/com.android.cellbroadcastreceiver.CellBroadcastReceiver requires android.permission.READ_PHONE_STATE due to sender android (uid 1001)
07-13 22:23:02.073  1750  2068 W BroadcastQueue: Permission Denial: receiving Intent { act=android.intent.action.SERVICE_STATE flg=0x1000010 (has extras) } to ProcessRecord{b767ac8 2380:com.android.systemui/u0a245} (pid=2380, uid=10245) requires android.permission.ACCESS_FINE_LOCATION due to sender android (uid 1001)
07-13 22:23:02.074  1750  4085 W ContextImpl: Calling a method in the system process without a qualified user: android.app.ContextImpl.sendBroadcastMultiplePermissions:1264 com.android.server.TelephonyRegistry.broadcastServiceStateChanged:2923 com.android.server.TelephonyRegistry.notifyServiceStateForPhoneId:1613 com.android.internal.telephony.ITelephonyRegistry$Stub.onTransact:455 android.os.Binder.execTransactInternal:1179 
07-13 22:23:02.074  1750  2068 W BroadcastQueue: Permission Denial: receiving Intent { act=android.intent.action.SERVICE_STATE flg=0x1000010 (has extras) } to ProcessRecord{9c88137 5094:com.google.android.wearable.app:background/u0a552} (pid=5094, uid=10552) requires android.permission.READ_PRIVILEGED_PHONE_STATE due to sender android (uid 1001)
07-13 22:23:02.074  1750  2068 W BroadcastQueue: Permission Denial: receiving Intent { act=android.intent.action.SERVICE_STATE flg=0x1000010 (has extras) } to com.google.android.cellbroadcastreceiver/com.android.cellbroadcastreceiver.CellBroadcastReceiver requires android.permission.ACCESS_FINE_LOCATION due to sender android (uid 1001)
07-13 22:23:02.074  1750  2068 W BroadcastQueue: Permission Denial: receiving Intent { act=android.intent.action.SERVICE_STATE flg=0x1000010 (has extras) } to ProcessRecord{b767ac8 2380:com.android.systemui/u0a245} (pid=2380, uid=10245) requires android.permission.READ_PHONE_STATE due to sender android (uid 1001)
07-13 22:23:02.074  1750  4085 W ContextImpl: Calling a method in the system process without a qualified user: android.app.ContextImpl.sendBroadcastMultiplePermissions:1264 com.android.server.TelephonyRegistry.broadcastServiceStateChanged:2926 com.android.server.TelephonyRegistry.notifyServiceStateForPhoneId:1613 com.android.internal.telephony.ITelephonyRegistry$Stub.onTransact:455 android.os.Binder.execTransactInternal:1179 
07-13 22:23:02.075  1750  2068 W BroadcastQueue: Permission Denial: receiving Intent { act=android.intent.action.SERVICE_STATE flg=0x1000010 (has extras) } to ProcessRecord{9c88137 5094:com.google.android.wearable.app:background/u0a552} (pid=5094, uid=10552) requires android.permission.READ_PHONE_STATE due to sender android (uid 1001)
07-13 22:23:02.075  1750  2068 W BroadcastQueue: Permission Denial: receiving Intent { act=android.intent.action.SERVICE_STATE flg=0x1000010 (has extras) } to com.google.android.cellbroadcastreceiver/com.android.cellbroadcastreceiver.CellBroadcastReceiver requires android.permission.READ_PHONE_STATE due to sender android (uid 1001)
07-13 22:23:02.076  1750  2068 W BroadcastQueue: Permission Denial: receiving Intent { act=android.intent.action.SERVICE_STATE flg=0x1000010 (has extras) } to ProcessRecord{9c88137 5094:com.google.android.wearable.app:background/u0a552} (pid=5094, uid=10552) requires android.permission.READ_PRIVILEGED_PHONE_STATE due to sender android (uid 1001)
07-13 22:23:02.114  1750  2096 E KernelCpuUidActiveTimeReader: Negative delta from active time for uid: 10229, delta: -12
07-13 22:23:02.114  1750  2096 E KernelCpuUidActiveTimeReader: Negative delta from active time for uid: 10151, delta: -22
07-13 22:23:02.114  1750  2096 E KernelCpuUidActiveTimeReader: Negative delta from active time for uid: 10167, delta: -11
07-13 22:23:02.114  1750  2096 E KernelCpuUidActiveTimeReader: Negative delta from active time for uid: 10521, delta: -19
07-13 22:23:02.114  1750  2096 E KernelCpuUidActiveTimeReader: Negative delta from active time for uid: 10343, delta: -33
07-13 22:23:02.114  1750  2096 E KernelCpuUidActiveTimeReader: Negative delta from active time for uid: 10105, delta: -12
07-13 22:23:02.114  1750  2096 E KernelCpuUidActiveTimeReader: Negative delta from active time for uid: 10236, delta: -2
07-13 22:23:02.114  1750  2096 E KernelCpuUidActiveTimeReader: Negative delta from active time for uid: 10184, delta: -30
07-13 22:23:02.114  1750  2096 E KernelCpuUidActiveTimeReader: Negative delta from active time for uid: 10404, delta: -24
07-13 22:23:02.114  1750  2096 E KernelCpuUidActiveTimeReader: Negative delta from active time for uid: 10281, delta: -44
07-13 22:23:02.136  1750  2258 W NetworkPolicy: shared quota unsupported; generating rule for each iface
07-13 22:23:03.128  1750  2258 W NetworkPolicy: shared quota unsupported; generating rule for each iface
07-13 22:23:04.060  1750  2068 W BroadcastQueue: Background execution not allowed: receiving Intent { act=android.intent.action.DROPBOX_ENTRY_ADDED flg=0x10 (has extras) } to com.google.android.gms/.stats.service.DropBoxEntryAddedReceiver
07-13 22:23:04.060  1750  2068 W BroadcastQueue: Background execution not allowed: receiving Intent { act=android.intent.action.DROPBOX_ENTRY_ADDED flg=0x10 (has extras) } to com.google.android.gms/.chimera.GmsIntentOperationService$PersistentTrustedReceiver
07-13 22:23:04.458  1750  2270 W ContextImpl: Calling a method in the system process without a qualified user: android.app.ContextImpl.sendStickyBroadcast:1567 com.android.server.ConnectivityService.sendStickyBroadcast:3058 com.android.server.ConnectivityService.sendGeneralBroadcast:3031 com.android.server.ConnectivityService.sendInetConditionBroadcast:3008 com.android.server.ConnectivityService.updateInetCondition:9088 
07-13 22:23:04.506  1750  4446 I ActivityManager: Killing 14998:com.shopify.arrive/u0a539 (adj 995): empty #33
07-13 22:23:04.542  1750  4446 E ProcessStats: Executing service ServiceState{e05f08b org.chromium.content.app.SandboxedProcessService0 pkg=com.android.chrome proc=e53f568} without owner
07-13 22:23:04.544  1750  4446 E ProcessStats: Binding service ServiceState{e05f08b org.chromium.content.app.SandboxedProcessService0 pkg=com.android.chrome proc=e53f568} without owner
07-13 22:23:04.544  1750  2068 I DropBoxManagerService: add tag=system_server_wtf isTagEnabled=true flags=0x2
07-13 22:23:04.545  1750  4446 E ProcessStats: Starting service ServiceState{e05f08b org.chromium.content.app.SandboxedProcessService0 pkg=com.android.chrome proc=e53f568} without owner
07-13 22:23:04.545  1750  4446 E ProcessStats: Binding service ServiceState{e05f08b org.chromium.content.app.SandboxedProcessService0 pkg=com.android.chrome proc=e53f568} without owner
07-13 22:23:04.545  1750  2068 W DropBoxManagerService: Dropping: system_server_wtf (1117 > 0 bytes)
07-13 22:23:04.546  1750  4446 I ActivityManager: Killing 18769:com.android.chrome:sandboxed_process0:org.chromium.content.app.SandboxedProcessService0:161/u0a205i-8976 (adj 0): isolated not needed
07-13 22:23:04.621  1750  2096 E KernelCpuUidActiveTimeReader: Negative delta from active time for uid: 10229, delta: -12
07-13 22:23:04.621  1750  2096 E KernelCpuUidActiveTimeReader: Negative delta from active time for uid: 10151, delta: -22
07-13 22:23:04.622  1750  2096 E KernelCpuUidActiveTimeReader: Negative delta from active time for uid: 10167, delta: -11
07-13 22:23:04.622  1750  2096 E KernelCpuUidActiveTimeReader: Negative delta from active time for uid: 10521, delta: -19
07-13 22:23:04.622  1750  2096 E KernelCpuUidActiveTimeReader: Negative delta from active time for uid: 10343, delta: -33
07-13 22:23:04.622  1750  2096 E KernelCpuUidActiveTimeReader: Negative delta from active time for uid: 10105, delta: -12
07-13 22:23:04.622  1750  2096 E KernelCpuUidActiveTimeReader: Negative delta from active time for uid: 10236, delta: -2
07-13 22:23:04.623  1750  2096 E KernelCpuUidActiveTimeReader: Negative delta from active time for uid: 10184, delta: -30
07-13 22:23:04.623  1750  2096 E KernelCpuUidActiveTimeReader: Negative delta from active time for uid: 10404, delta: -24
07-13 22:23:04.623  1750  2096 E KernelCpuUidActiveTimeReader: Negative delta from active time for uid: 10281, delta: -44
07-13 22:23:06.551  1750  2068 W BroadcastQueue: Background execution not allowed: receiving Intent { act=android.intent.action.DROPBOX_ENTRY_ADDED flg=0x10 (has extras) } to com.google.android.gms/.stats.service.DropBoxEntryAddedReceiver
07-13 22:23:06.551  1750  2068 W BroadcastQueue: Background execution not allowed: receiving Intent { act=android.intent.action.DROPBOX_ENTRY_ADDED flg=0x10 (has extras) } to com.google.android.gms/.chimera.GmsIntentOperationService$PersistentTrustedReceiver
07-13 22:23:07.924  1750  2270 W ContextImpl: Calling a method in the system process without a qualified user: android.app.ContextImpl.sendStickyBroadcast:1567 com.android.server.ConnectivityService.sendStickyBroadcast:3058 com.android.server.ConnectivityService.sendGeneralBroadcast:3031 com.android.server.ConnectivityService.sendInetConditionBroadcast:3008 com.android.server.ConnectivityService.updateInetCondition:9088 
07-13 22:23:09.727  1750  2975 W ProcessStats: Tracking association SourceState{584cdb3 system/1000 BTopFgs #2276873} whose proc state 2 is better than process ProcessState{baa4f70 net.dinglisch.android.taskerm/10289 pkg=net.dinglisch.android.taskerm} proc state 3 (89 skipped)
07-13 22:23:15.353  1750  4057 W AppOps  : Noting op not finished: uid 10190 pkg com.google.android.gms code 113 startTime of in progress event=1657764290062
07-13 22:23:15.367  1750  2975 W AppOps  : Noting op not finished: uid 10202 pkg com.google.android.apps.maps code 79 startTime of in progress event=1657765335235
07-13 22:23:15.377  1750  4365 W AppOps  : Noting op not finished: uid 10190 pkg com.google.android.gms code 113 startTime of in progress event=1657764290062
07-13 22:23:15.388  1750  4365 W AppOps  : Noting op not finished: uid 10223 pkg com.google.android.gms.location.history code 79 startTime of in progress event=1657703118539
07-13 22:23:15.395  1750  4365 W AppOps  : Noting op not finished: uid 10190 pkg com.google.android.gms code 113 startTime of in progress event=1657764290062
07-13 22:23:15.401  1750  2975 W AppOps  : Noting op not finished: uid 10447 pkg com.urbandroid.sleep code 79 startTime of in progress event=1657765335347
07-13 22:23:15.404  1750  4057 W AppOps  : Noting op not finished: uid 10190 pkg com.google.android.gms code 113 startTime of in progress event=1657764290062
07-13 22:23:19.750  1750  2996 W ProcessStats: Tracking association SourceState{584cdb3 system/1000 BTopFgs #2276915} whose proc state 2 is better than process ProcessState{baa4f70 net.dinglisch.android.taskerm/10289 pkg=net.dinglisch.android.taskerm} proc state 3 (39 skipped)
07-13 22:23:25.352  1750  2211 I ActivityManager: Killing 16174:com.pandora.android/u0a323 (adj 985): empty #33
07-13 22:23:30.469  1750  4057 W ProcessStats: Tracking association SourceState{584cdb3 system/1000 BTopFgs #2276926} whose proc state 2 is better than process ProcessState{baa4f70 net.dinglisch.android.taskerm/10289 pkg=net.dinglisch.android.taskerm} proc state 3 (10 skipped)
07-13 22:23:33.325  1750  2096 D KernelCpuUidUserSysTimeReader: Removing uids 90012-90012
07-13 22:23:33.648  1750  4246 W ContextImpl: Calling a method in the system process without a qualified user: android.app.ContextImpl.sendBroadcastMultiplePermissions:1214 com.android.server.TelephonyRegistry.broadcastServiceStateChanged:2911 com.android.server.TelephonyRegistry.notifyServiceStateForPhoneId:1613 com.android.internal.telephony.ITelephonyRegistry$Stub.onTransact:455 android.os.Binder.execTransactInternal:1179 
07-13 22:23:33.649  1750  2068 W BroadcastQueue: Permission Denial: receiving Intent { act=android.intent.action.SERVICE_STATE flg=0x1000010 (has extras) } to ProcessRecord{b767ac8 2380:com.android.systemui/u0a245} (pid=2380, uid=10245) requires android.permission.READ_PHONE_STATE due to sender android (uid 1001)
07-13 22:23:33.649  1750  4246 W ContextImpl: Calling a method in the system process without a qualified user: android.app.ContextImpl.sendBroadcastMultiplePermissions:1264 com.android.server.TelephonyRegistry.broadcastServiceStateChanged:2914 com.android.server.TelephonyRegistry.notifyServiceStateForPhoneId:1613 com.android.internal.telephony.ITelephonyRegistry$Stub.onTransact:455 android.os.Binder.execTransactInternal:1179 
07-13 22:23:33.649  1750  2068 W BroadcastQueue: Permission Denial: receiving Intent { act=android.intent.action.SERVICE_STATE flg=0x1000010 (has extras) } to ProcessRecord{9c88137 5094:com.google.android.wearable.app:background/u0a552} (pid=5094, uid=10552) requires android.permission.READ_PHONE_STATE due to sender android (uid 1001)
07-13 22:23:33.649  1750  2068 W BroadcastQueue: Permission Denial: receiving Intent { act=android.intent.action.SERVICE_STATE flg=0x1000010 (has extras) } to com.google.android.cellbroadcastreceiver/com.android.cellbroadcastreceiver.CellBroadcastReceiver requires android.permission.READ_PHONE_STATE due to sender android (uid 1001)
07-13 22:23:33.650  1750  2068 W BroadcastQueue: Permission Denial: receiving Intent { act=android.intent.action.SERVICE_STATE flg=0x1000010 (has extras) } to ProcessRecord{b767ac8 2380:com.android.systemui/u0a245} (pid=2380, uid=10245) requires android.permission.ACCESS_FINE_LOCATION due to sender android (uid 1001)
07-13 22:23:33.651  1750  4246 W ContextImpl: Calling a method in the system process without a qualified user: android.app.ContextImpl.sendBroadcastMultiplePermissions:1264 com.android.server.TelephonyRegistry.broadcastServiceStateChanged:2923 com.android.server.TelephonyRegistry.notifyServiceStateForPhoneId:1613 com.android.internal.telephony.ITelephonyRegistry$Stub.onTransact:455 android.os.Binder.execTransactInternal:1179 
07-13 22:23:33.651  1750  2068 W BroadcastQueue: Permission Denial: receiving Intent { act=android.intent.action.SERVICE_STATE flg=0x1000010 (has extras) } to ProcessRecord{9c88137 5094:com.google.android.wearable.app:background/u0a552} (pid=5094, uid=10552) requires android.permission.READ_PRIVILEGED_PHONE_STATE due to sender android (uid 1001)
07-13 22:23:33.651  1750  2068 W BroadcastQueue: Permission Denial: receiving Intent { act=android.intent.action.SERVICE_STATE flg=0x1000010 (has extras) } to com.google.android.cellbroadcastreceiver/com.android.cellbroadcastreceiver.CellBroadcastReceiver requires android.permission.ACCESS_FINE_LOCATION due to sender android (uid 1001)
07-13 22:23:33.651  1750  2068 W BroadcastQueue: Permission Denial: receiving Intent { act=android.intent.action.SERVICE_STATE flg=0x1000010 (has extras) } to ProcessRecord{b767ac8 2380:com.android.systemui/u0a245} (pid=2380, uid=10245) requires android.permission.READ_PHONE_STATE due to sender android (uid 1001)
07-13 22:23:33.651  1750  4246 W ContextImpl: Calling a method in the system process without a qualified user: android.app.ContextImpl.sendBroadcastMultiplePermissions:1264 com.android.server.TelephonyRegistry.broadcastServiceStateChanged:2926 com.android.server.TelephonyRegistry.notifyServiceStateForPhoneId:1613 com.android.internal.telephony.ITelephonyRegistry$Stub.onTransact:455 android.os.Binder.execTransactInternal:1179 
07-13 22:23:33.652  1750  2068 W BroadcastQueue: Permission Denial: receiving Intent { act=android.intent.action.SERVICE_STATE flg=0x1000010 (has extras) } to ProcessRecord{9c88137 5094:com.google.android.wearable.app:background/u0a552} (pid=5094, uid=10552) requires android.permission.READ_PHONE_STATE due to sender android (uid 1001)
07-13 22:23:33.652  1750  2068 W BroadcastQueue: Permission Denial: receiving Intent { act=android.intent.action.SERVICE_STATE flg=0x1000010 (has extras) } to com.google.android.cellbroadcastreceiver/com.android.cellbroadcastreceiver.CellBroadcastReceiver requires android.permission.READ_PHONE_STATE due to sender android (uid 1001)
07-13 22:23:33.652  1750  2068 W BroadcastQueue: Permission Denial: receiving Intent { act=android.intent.action.SERVICE_STATE flg=0x1000010 (has extras) } to ProcessRecord{9c88137 5094:com.google.android.wearable.app:background/u0a552} (pid=5094, uid=10552) requires android.permission.READ_PRIVILEGED_PHONE_STATE due to sender android (uid 1001)
07-13 22:23:33.714  1750  2258 W NetworkPolicy: shared quota unsupported; generating rule for each iface
07-13 22:23:33.885  1278  1278 I wificond: Regulatory domain changed to country: US on wiphy_index: 0
07-13 22:23:33.889  1278  1278 I wificond: 2.4Ghz frequencies: 2412 2417 2422 2427 2432 2437 2442 2447 2452 2457 2462
07-13 22:23:33.889  1278  1278 I wificond: 5Ghz non-DFS frequencies: 5180 5200 5220 5240 5745 5765 5785 5805 5825
07-13 22:23:33.889  1278  1278 I wificond: 5Ghz DFS frequencies: 5260 5280 5300 5320 5500 5520 5540 5560 5580 5600 5620 5640 5660 5680 5700 5720
07-13 22:23:33.889  1278  1278 I wificond: 6Ghz frequencies:
07-13 22:23:33.889  1278  1278 I wificond: 60Ghz frequencies:
07-13 22:23:34.721  1750  2258 W NetworkPolicy: shared quota unsupported; generating rule for each iface
07-13 22:23:35.815  1750  4246 W ContextImpl: Calling a method in the system process without a qualified user: android.app.ContextImpl.sendBroadcastMultiplePermissions:1214 com.android.server.TelephonyRegistry.broadcastServiceStateChanged:2911 com.android.server.TelephonyRegistry.notifyServiceStateForPhoneId:1613 com.android.internal.telephony.ITelephonyRegistry$Stub.onTransact:455 android.os.Binder.execTransactInternal:1179 
07-13 22:23:35.816  1750  2068 W BroadcastQueue: Permission Denial: receiving Intent { act=android.intent.action.SERVICE_STATE flg=0x1000010 (has extras) } to ProcessRecord{b767ac8 2380:com.android.systemui/u0a245} (pid=2380, uid=10245) requires android.permission.READ_PHONE_STATE due to sender android (uid 1001)
07-13 22:23:35.816  1750  4246 W ContextImpl: Calling a method in the system process without a qualified user: android.app.ContextImpl.sendBroadcastMultiplePermissions:1264 com.android.server.TelephonyRegistry.broadcastServiceStateChanged:2914 com.android.server.TelephonyRegistry.notifyServiceStateForPhoneId:1613 com.android.internal.telephony.ITelephonyRegistry$Stub.onTransact:455 android.os.Binder.execTransactInternal:1179 
07-13 22:23:35.816  1750  2068 W BroadcastQueue: Permission Denial: receiving Intent { act=android.intent.action.SERVICE_STATE flg=0x1000010 (has extras) } to ProcessRecord{9c88137 5094:com.google.android.wearable.app:background/u0a552} (pid=5094, uid=10552) requires android.permission.READ_PHONE_STATE due to sender android (uid 1001)
