07-13 22:26:42.920  1750  2068 W BroadcastQueue: Permission Denial: receiving Intent { act=android.intent.action.SERVICE_STATE flg=0x1000010 (has extras) } to ProcessRecord{9c88137 5094:com.google.android.wearable.app:background/u0a552} (pid=5094, uid=10552) requires android.permission.READ_PHONE_STATE due to sender android (uid 1001)
07-13 22:26:42.920  1750  2068 W BroadcastQueue: Permission Denial: receiving Intent { act=android.intent.action.SERVICE_STATE flg=0x1000010 (has extras) } to ProcessRecord{9c88137 5094:com.google.android.wearable.app:background/u0a552} (pid=5094, uid=10552) requires android.permission.READ_PRIVILEGED_PHONE_STATE due to sender android (uid 1001)
07-13 22:26:42.921  1750  2068 W BroadcastQueue: Permission Denial: receiving Intent { act=android.intent.action.SERVICE_STATE flg=0x1000010 (has extras) } to com.google.android.cellbroadcastreceiver/com.android.cellbroadcastreceiver.CellBroadcastReceiver requires android.permission.READ_PHONE_STATE due to sender android (uid 1001)
07-13 22:26:43.017  1750  2258 W NetworkPolicy: shared quota unsupported; generating rule for each iface
07-13 22:26:43.029  1750  4230 W ContextImpl: Calling a method in the system process without a qualified user: android.app.ContextImpl.sendBroadcastMultiplePermissions:1214 com.android.server.TelephonyRegistry.broadcastServiceStateChanged:2911 com.android.server.TelephonyRegistry.notifyServiceStateForPhoneId:1613 com.android.internal.telephony.ITelephonyRegistry$Stub.onTransact:455 android.os.Binder.execTransactInternal:1179 
07-13 22:26:43.030  1750  2068 W BroadcastQueue: Permission Denial: receiving Intent { act=android.intent.action.SERVICE_STATE flg=0x1000010 (has extras) } to ProcessRecord{b767ac8 2380:com.android.systemui/u0a245} (pid=2380, uid=10245) requires android.permission.READ_PHONE_STATE due to sender android (uid 1001)
07-13 22:26:43.030  1750  4230 W ContextImpl: Calling a method in the system process without a qualified user: android.app.ContextImpl.sendBroadcastMultiplePermissions:1264 com.android.server.TelephonyRegistry.broadcastServiceStateChanged:2914 com.android.server.TelephonyRegistry.notifyServiceStateForPhoneId:1613 com.android.internal.telephony.ITelephonyRegistry$Stub.onTransact:455 android.os.Binder.execTransactInternal:1179 
07-13 22:26:43.031  1750  2068 W BroadcastQueue: Permission Denial: receiving Intent { act=android.intent.action.SERVICE_STATE flg=0x1000010 (has extras) } to ProcessRecord{9c88137 5094:com.google.android.wearable.app:background/u0a552} (pid=5094, uid=10552) requires android.permission.READ_PHONE_STATE due to sender android (uid 1001)
07-13 22:26:43.031  1750  2068 W BroadcastQueue: Permission Denial: receiving Intent { act=android.intent.action.SERVICE_STATE flg=0x1000010 (has extras) } to com.google.android.cellbroadcastreceiver/com.android.cellbroadcastreceiver.CellBroadcastReceiver requires android.permission.READ_PHONE_STATE due to sender android (uid 1001)
07-13 22:26:43.031  1750  2068 W BroadcastQueue: Permission Denial: receiving Intent { act=android.intent.action.SERVICE_STATE flg=0x1000010 (has extras) } to ProcessRecord{b767ac8 2380:com.android.systemui/u0a245} (pid=2380, uid=10245) requires android.permission.ACCESS_FINE_LOCATION due to sender android (uid 1001)
07-13 22:26:43.031  1750  4230 W ContextImpl: Calling a method in the system process without a qualified user: android.app.ContextImpl.sendBroadcastMultiplePermissions:1264 com.android.server.TelephonyRegistry.broadcastServiceStateChanged:2923 com.android.server.TelephonyRegistry.notifyServiceStateForPhoneId:1613 com.android.internal.telephony.ITelephonyRegistry$Stub.onTransact:455 android.os.Binder.execTransactInternal:1179 
07-13 22:26:43.032  1750  2068 W BroadcastQueue: Permission Denial: receiving Intent { act=android.intent.action.SERVICE_STATE flg=0x1000010 (has extras) } to ProcessRecord{9c88137 5094:com.google.android.wearable.app:background/u0a552} (pid=5094, uid=10552) requires android.permission.READ_PRIVILEGED_PHONE_STATE due to sender android (uid 1001)
07-13 22:26:43.032  1750  2068 W BroadcastQueue: Permission Denial: receiving Intent { act=android.intent.action.SERVICE_STATE flg=0x1000010 (has extras) } to com.google.android.cellbroadcastreceiver/com.android.cellbroadcastreceiver.CellBroadcastReceiver requires android.permission.ACCESS_FINE_LOCATION due to sender android (uid 1001)
07-13 22:26:43.032  1750  2068 W BroadcastQueue: Permission Denial: receiving Intent { act=android.intent.action.SERVICE_STATE flg=0x1000010 (has extras) } to ProcessRecord{b767ac8 2380:com.android.systemui/u0a245} (pid=2380, uid=10245) requires android.permission.READ_PHONE_STATE due to sender android (uid 1001)
07-13 22:26:43.032  1750  4230 W ContextImpl: Calling a method in the system process without a qualified user: android.app.ContextImpl.sendBroadcastMultiplePermissions:1264 com.android.server.TelephonyRegistry.broadcastServiceStateChanged:2926 com.android.server.TelephonyRegistry.notifyServiceStateForPhoneId:1613 com.android.internal.telephony.ITelephonyRegistry$Stub.onTransact:455 android.os.Binder.execTransactInternal:1179 
07-13 22:26:43.033  1750  2068 W BroadcastQueue: Permission Denial: receiving Intent { act=android.intent.action.SERVICE_STATE flg=0x1000010 (has extras) } to ProcessRecord{9c88137 5094:com.google.android.wearable.app:background/u0a552} (pid=5094, uid=10552) requires android.permission.READ_PHONE_STATE due to sender android (uid 1001)
07-13 22:26:43.033  1750  2068 W BroadcastQueue: Permission Denial: receiving Intent { act=android.intent.action.SERVICE_STATE flg=0x1000010 (has extras) } to com.google.android.cellbroadcastreceiver/com.android.cellbroadcastreceiver.CellBroadcastReceiver requires android.permission.READ_PHONE_STATE due to sender android (uid 1001)
07-13 22:26:43.033  1750  2068 W BroadcastQueue: Permission Denial: receiving Intent { act=android.intent.action.SERVICE_STATE flg=0x1000010 (has extras) } to ProcessRecord{9c88137 5094:com.google.android.wearable.app:background/u0a552} (pid=5094, uid=10552) requires android.permission.READ_PRIVILEGED_PHONE_STATE due to sender android (uid 1001)
07-13 22:26:43.960  1750  2258 W NetworkPolicy: shared quota unsupported; generating rule for each iface
07-13 22:26:45.240  1750  4085 W ContextImpl: Calling a method in the system process without a qualified user: android.app.ContextImpl.sendBroadcastMultiplePermissions:1214 com.android.server.TelephonyRegistry.broadcastServiceStateChanged:2911 com.android.server.TelephonyRegistry.notifyServiceStateForPhoneId:1613 com.android.internal.telephony.ITelephonyRegistry$Stub.onTransact:455 android.os.Binder.execTransactInternal:1179 
07-13 22:26:45.241  1750  2068 W BroadcastQueue: Permission Denial: receiving Intent { act=android.intent.action.SERVICE_STATE flg=0x1000010 (has extras) } to ProcessRecord{b767ac8 2380:com.android.systemui/u0a245} (pid=2380, uid=10245) requires android.permission.READ_PHONE_STATE due to sender android (uid 1001)
07-13 22:26:45.241  1750  4085 W ContextImpl: Calling a method in the system process without a qualified user: android.app.ContextImpl.sendBroadcastMultiplePermissions:1264 com.android.server.TelephonyRegistry.broadcastServiceStateChanged:2914 com.android.server.TelephonyRegistry.notifyServiceStateForPhoneId:1613 com.android.internal.telephony.ITelephonyRegistry$Stub.onTransact:455 android.os.Binder.execTransactInternal:1179 
07-13 22:26:45.242  1750  2068 W BroadcastQueue: Permission Denial: receiving Intent { act=android.intent.action.SERVICE_STATE flg=0x1000010 (has extras) } to ProcessRecord{9c88137 5094:com.google.android.wearable.app:background/u0a552} (pid=5094, uid=10552) requires android.permission.READ_PHONE_STATE due to sender android (uid 1001)
07-13 22:26:45.243  1750  2068 W BroadcastQueue: Permission Denial: receiving Intent { act=android.intent.action.SERVICE_STATE flg=0x1000010 (has extras) } to com.google.android.cellbroadcastreceiver/com.android.cellbroadcastreceiver.CellBroadcastReceiver requires android.permission.READ_PHONE_STATE due to sender android (uid 1001)
07-13 22:26:45.243  1750  2068 W BroadcastQueue: Permission Denial: receiving Intent { act=android.intent.action.SERVICE_STATE flg=0x1000010 (has extras) } to ProcessRecord{b767ac8 2380:com.android.systemui/u0a245} (pid=2380, uid=10245) requires android.permission.ACCESS_FINE_LOCATION due to sender android (uid 1001)
07-13 22:26:45.244  1750  4085 W ContextImpl: Calling a method in the system process without a qualified user: android.app.ContextImpl.sendBroadcastMultiplePermissions:1264 com.android.server.TelephonyRegistry.broadcastServiceStateChanged:2923 com.android.server.TelephonyRegistry.notifyServiceStateForPhoneId:1613 com.android.internal.telephony.ITelephonyRegistry$Stub.onTransact:455 android.os.Binder.execTransactInternal:1179 
07-13 22:26:45.244  1750  2068 W BroadcastQueue: Permission Denial: receiving Intent { act=android.intent.action.SERVICE_STATE flg=0x1000010 (has extras) } to ProcessRecord{9c88137 5094:com.google.android.wearable.app:background/u0a552} (pid=5094, uid=10552) requires android.permission.READ_PRIVILEGED_PHONE_STATE due to sender android (uid 1001)
07-13 22:26:45.244  1750  2068 W BroadcastQueue: Permission Denial: receiving Intent { act=android.intent.action.SERVICE_STATE flg=0x1000010 (has extras) } to com.google.android.cellbroadcastreceiver/com.android.cellbroadcastreceiver.CellBroadcastReceiver requires android.permission.ACCESS_FINE_LOCATION due to sender android (uid 1001)
07-13 22:26:45.245  1750  2068 W BroadcastQueue: Permission Denial: receiving Intent { act=android.intent.action.SERVICE_STATE flg=0x1000010 (has extras) } to ProcessRecord{b767ac8 2380:com.android.systemui/u0a245} (pid=2380, uid=10245) requires android.permission.READ_PHONE_STATE due to sender android (uid 1001)
07-13 22:26:45.245  1750  4085 W ContextImpl: Calling a method in the system process without a qualified user: android.app.ContextImpl.sendBroadcastMultiplePermissions:1264 com.android.server.TelephonyRegistry.broadcastServiceStateChanged:2926 com.android.server.TelephonyRegistry.notifyServiceStateForPhoneId:1613 com.android.internal.telephony.ITelephonyRegistry$Stub.onTransact:455 android.os.Binder.execTransactInternal:1179 
07-13 22:26:45.245  1750  2068 W BroadcastQueue: Permission Denial: receiving Intent { act=android.intent.action.SERVICE_STATE flg=0x1000010 (has extras) } to ProcessRecord{9c88137 5094:com.google.android.wearable.app:background/u0a552} (pid=5094, uid=10552) requires android.permission.READ_PHONE_STATE due to sender android (uid 1001)
07-13 22:26:45.245  1750  2068 W BroadcastQueue: Permission Denial: receiving Intent { act=android.intent.action.SERVICE_STATE flg=0x1000010 (has extras) } to com.google.android.cellbroadcastreceiver/com.android.cellbroadcastreceiver.CellBroadcastReceiver requires android.permission.READ_PHONE_STATE due to sender android (uid 1001)
07-13 22:26:45.247  1750  2068 W BroadcastQueue: Permission Denial: receiving Intent { act=android.intent.action.SERVICE_STATE flg=0x1000010 (has extras) } to ProcessRecord{9c88137 5094:com.google.android.wearable.app:background/u0a552} (pid=5094, uid=10552) requires android.permission.READ_PRIVILEGED_PHONE_STATE due to sender android (uid 1001)
07-13 22:26:45.277  1750  4230 W ContextImpl: Calling a method in the system process without a qualified user: android.app.ContextImpl.sendBroadcastMultiplePermissions:1214 com.android.server.TelephonyRegistry.broadcastServiceStateChanged:2911 com.android.server.TelephonyRegistry.notifyServiceStateForPhoneId:1613 com.android.internal.telephony.ITelephonyRegistry$Stub.onTransact:455 android.os.Binder.execTransactInternal:1179 
07-13 22:26:45.278  1750  2068 W BroadcastQueue: Permission Denial: receiving Intent { act=android.intent.action.SERVICE_STATE flg=0x1000010 (has extras) } to ProcessRecord{b767ac8 2380:com.android.systemui/u0a245} (pid=2380, uid=10245) requires android.permission.READ_PHONE_STATE due to sender android (uid 1001)
07-13 22:26:45.279  1750  4230 W ContextImpl: Calling a method in the system process without a qualified user: android.app.ContextImpl.sendBroadcastMultiplePermissions:1264 com.android.server.TelephonyRegistry.broadcastServiceStateChanged:2914 com.android.server.TelephonyRegistry.notifyServiceStateForPhoneId:1613 com.android.internal.telephony.ITelephonyRegistry$Stub.onTransact:455 android.os.Binder.execTransactInternal:1179 
07-13 22:26:45.280  1750  2068 W BroadcastQueue: Permission Denial: receiving Intent { act=android.intent.action.SERVICE_STATE flg=0x1000010 (has extras) } to ProcessRecord{9c88137 5094:com.google.android.wearable.app:background/u0a552} (pid=5094, uid=10552) requires android.permission.READ_PHONE_STATE due to sender android (uid 1001)
07-13 22:26:45.280  1750  2068 W BroadcastQueue: Permission Denial: receiving Intent { act=android.intent.action.SERVICE_STATE flg=0x1000010 (has extras) } to com.google.android.cellbroadcastreceiver/com.android.cellbroadcastreceiver.CellBroadcastReceiver requires android.permission.READ_PHONE_STATE due to sender android (uid 1001)
07-13 22:26:45.281  1750  2068 W BroadcastQueue: Permission Denial: receiving Intent { act=android.intent.action.SERVICE_STATE flg=0x1000010 (has extras) } to ProcessRecord{b767ac8 2380:com.android.systemui/u0a245} (pid=2380, uid=10245) requires android.permission.ACCESS_FINE_LOCATION due to sender android (uid 1001)
07-13 22:26:45.282  1750  4230 W ContextImpl: Calling a method in the system process without a qualified user: android.app.ContextImpl.sendBroadcastMultiplePermissions:1264 com.android.server.TelephonyRegistry.broadcastServiceStateChanged:2923 com.android.server.TelephonyRegistry.notifyServiceStateForPhoneId:1613 com.android.internal.telephony.ITelephonyRegistry$Stub.onTransact:455 android.os.Binder.execTransactInternal:1179 
07-13 22:26:45.282  1750  2068 W BroadcastQueue: Permission Denial: receiving Intent { act=android.intent.action.SERVICE_STATE flg=0x1000010 (has extras) } to ProcessRecord{9c88137 5094:com.google.android.wearable.app:background/u0a552} (pid=5094, uid=10552) requires android.permission.READ_PRIVILEGED_PHONE_STATE due to sender android (uid 1001)
07-13 22:26:45.282  1750  2068 W BroadcastQueue: Permission Denial: receiving Intent { act=android.intent.action.SERVICE_STATE flg=0x1000010 (has extras) } to com.google.android.cellbroadcastreceiver/com.android.cellbroadcastreceiver.CellBroadcastReceiver requires android.permission.ACCESS_FINE_LOCATION due to sender android (uid 1001)
07-13 22:26:45.283  1750  4230 W ContextImpl: Calling a method in the system process without a qualified user: android.app.ContextImpl.sendBroadcastMultiplePermissions:1264 com.android.server.TelephonyRegistry.broadcastServiceStateChanged:2926 com.android.server.TelephonyRegistry.notifyServiceStateForPhoneId:1613 com.android.internal.telephony.ITelephonyRegistry$Stub.onTransact:455 android.os.Binder.execTransactInternal:1179 
07-13 22:26:45.283  1750  2068 W BroadcastQueue: Permission Denial: receiving Intent { act=android.intent.action.SERVICE_STATE flg=0x1000010 (has extras) } to ProcessRecord{b767ac8 2380:com.android.systemui/u0a245} (pid=2380, uid=10245) requires android.permission.READ_PHONE_STATE due to sender android (uid 1001)
07-13 22:26:45.284  1750  2068 W BroadcastQueue: Permission Denial: receiving Intent { act=android.intent.action.SERVICE_STATE flg=0x1000010 (has extras) } to ProcessRecord{9c88137 5094:com.google.android.wearable.app:background/u0a552} (pid=5094, uid=10552) requires android.permission.READ_PHONE_STATE due to sender android (uid 1001)
07-13 22:26:45.284  1750  2068 W BroadcastQueue: Permission Denial: receiving Intent { act=android.intent.action.SERVICE_STATE flg=0x1000010 (has extras) } to com.google.android.cellbroadcastreceiver/com.android.cellbroadcastreceiver.CellBroadcastReceiver requires android.permission.READ_PHONE_STATE due to sender android (uid 1001)
07-13 22:26:45.285  1750  2068 W BroadcastQueue: Permission Denial: receiving Intent { act=android.intent.action.SERVICE_STATE flg=0x1000010 (has extras) } to ProcessRecord{9c88137 5094:com.google.android.wearable.app:background/u0a552} (pid=5094, uid=10552) requires android.permission.READ_PRIVILEGED_PHONE_STATE due to sender android (uid 1001)
07-13 22:26:47.999  1750  4230 W ProcessStats: Tracking association SourceState{584cdb3 system/1000 BTopFgs #2277364} whose proc state 2 is better than process ProcessState{baa4f70 net.dinglisch.android.taskerm/10289 pkg=net.dinglisch.android.taskerm} proc state 3 (16 skipped)
07-13 22:26:48.573  1750  4232 W ContextImpl: Calling a method in the system process without a qualified user: android.app.ContextImpl.sendBroadcastMultiplePermissions:1214 com.android.server.TelephonyRegistry.broadcastServiceStateChanged:2911 com.android.server.TelephonyRegistry.notifyServiceStateForPhoneId:1613 com.android.internal.telephony.ITelephonyRegistry$Stub.onTransact:455 android.os.Binder.execTransactInternal:1179 
07-13 22:26:48.573  1750  2068 W BroadcastQueue: Permission Denial: receiving Intent { act=android.intent.action.SERVICE_STATE flg=0x1000010 (has extras) } to ProcessRecord{b767ac8 2380:com.android.systemui/u0a245} (pid=2380, uid=10245) requires android.permission.READ_PHONE_STATE due to sender android (uid 1001)
07-13 22:26:48.573  1750  4232 W ContextImpl: Calling a method in the system process without a qualified user: android.app.ContextImpl.sendBroadcastMultiplePermissions:1264 com.android.server.TelephonyRegistry.broadcastServiceStateChanged:2914 com.android.server.TelephonyRegistry.notifyServiceStateForPhoneId:1613 com.android.internal.telephony.ITelephonyRegistry$Stub.onTransact:455 android.os.Binder.execTransactInternal:1179 
07-13 22:26:48.575  1750  2068 W BroadcastQueue: Permission Denial: receiving Intent { act=android.intent.action.SERVICE_STATE flg=0x1000010 (has extras) } to ProcessRecord{9c88137 5094:com.google.android.wearable.app:background/u0a552} (pid=5094, uid=10552) requires android.permission.READ_PHONE_STATE due to sender android (uid 1001)
07-13 22:26:48.575  1750  2068 W BroadcastQueue: Permission Denial: receiving Intent { act=android.intent.action.SERVICE_STATE flg=0x1000010 (has extras) } to com.google.android.cellbroadcastreceiver/com.android.cellbroadcastreceiver.CellBroadcastReceiver requires android.permission.READ_PHONE_STATE due to sender android (uid 1001)
07-13 22:26:48.576  1750  2068 W BroadcastQueue: Permission Denial: receiving Intent { act=android.intent.action.SERVICE_STATE flg=0x1000010 (has extras) } to ProcessRecord{b767ac8 2380:com.android.systemui/u0a245} (pid=2380, uid=10245) requires android.permission.ACCESS_FINE_LOCATION due to sender android (uid 1001)
07-13 22:26:48.576  1750  2068 W BroadcastQueue: Permission Denial: receiving Intent { act=android.intent.action.SERVICE_STATE flg=0x1000010 (has extras) } to ProcessRecord{9c88137 5094:com.google.android.wearable.app:background/u0a552} (pid=5094, uid=10552) requires android.permission.READ_PRIVILEGED_PHONE_STATE due to sender android (uid 1001)
07-13 22:26:48.576  1750  2068 W BroadcastQueue: Permission Denial: receiving Intent { act=android.intent.action.SERVICE_STATE flg=0x1000010 (has extras) } to com.google.android.cellbroadcastreceiver/com.android.cellbroadcastreceiver.CellBroadcastReceiver requires android.permission.ACCESS_FINE_LOCATION due to sender android (uid 1001)
07-13 22:26:48.577  1750  4232 W ContextImpl: Calling a method in the system process without a qualified user: android.app.ContextImpl.sendBroadcastMultiplePermissions:1264 com.android.server.TelephonyRegistry.broadcastServiceStateChanged:2923 com.android.server.TelephonyRegistry.notifyServiceStateForPhoneId:1613 com.android.internal.telephony.ITelephonyRegistry$Stub.onTransact:455 android.os.Binder.execTransactInternal:1179 
07-13 22:26:48.577  1750  2068 W BroadcastQueue: Permission Denial: receiving Intent { act=android.intent.action.SERVICE_STATE flg=0x1000010 (has extras) } to ProcessRecord{b767ac8 2380:com.android.systemui/u0a245} (pid=2380, uid=10245) requires android.permission.READ_PHONE_STATE due to sender android (uid 1001)
07-13 22:26:48.577  1750  4232 W ContextImpl: Calling a method in the system process without a qualified user: android.app.ContextImpl.sendBroadcastMultiplePermissions:1264 com.android.server.TelephonyRegistry.broadcastServiceStateChanged:2926 com.android.server.TelephonyRegistry.notifyServiceStateForPhoneId:1613 com.android.internal.telephony.ITelephonyRegistry$Stub.onTransact:455 android.os.Binder.execTransactInternal:1179 
07-13 22:26:48.577  1750  2068 W BroadcastQueue: Permission Denial: receiving Intent { act=android.intent.action.SERVICE_STATE flg=0x1000010 (has extras) } to ProcessRecord{9c88137 5094:com.google.android.wearable.app:background/u0a552} (pid=5094, uid=10552) requires android.permission.READ_PHONE_STATE due to sender android (uid 1001)
07-13 22:26:48.577  1750  2068 W BroadcastQueue: Permission Denial: receiving Intent { act=android.intent.action.SERVICE_STATE flg=0x1000010 (has extras) } to com.google.android.cellbroadcastreceiver/com.android.cellbroadcastreceiver.CellBroadcastReceiver requires android.permission.READ_PHONE_STATE due to sender android (uid 1001)
07-13 22:26:48.578  1750  2068 W BroadcastQueue: Permission Denial: receiving Intent { act=android.intent.action.SERVICE_STATE flg=0x1000010 (has extras) } to ProcessRecord{9c88137 5094:com.google.android.wearable.app:background/u0a552} (pid=5094, uid=10552) requires android.permission.READ_PRIVILEGED_PHONE_STATE due to sender android (uid 1001)
07-13 22:26:48.605  1750  4232 W ContextImpl: Calling a method in the system process without a qualified user: android.app.ContextImpl.sendBroadcastMultiplePermissions:1214 com.android.server.TelephonyRegistry.broadcastServiceStateChanged:2911 com.android.server.TelephonyRegistry.notifyServiceStateForPhoneId:1613 com.android.internal.telephony.ITelephonyRegistry$Stub.onTransact:455 android.os.Binder.execTransactInternal:1179 
07-13 22:26:48.606  1750  2068 W BroadcastQueue: Permission Denial: receiving Intent { act=android.intent.action.SERVICE_STATE flg=0x1000010 (has extras) } to ProcessRecord{b767ac8 2380:com.android.systemui/u0a245} (pid=2380, uid=10245) requires android.permission.READ_PHONE_STATE due to sender android (uid 1001)
07-13 22:26:48.606  1750  4232 W ContextImpl: Calling a method in the system process without a qualified user: android.app.ContextImpl.sendBroadcastMultiplePermissions:1264 com.android.server.TelephonyRegistry.broadcastServiceStateChanged:2914 com.android.server.TelephonyRegistry.notifyServiceStateForPhoneId:1613 com.android.internal.telephony.ITelephonyRegistry$Stub.onTransact:455 android.os.Binder.execTransactInternal:1179 
07-13 22:26:48.607  1750  2068 W BroadcastQueue: Permission Denial: receiving Intent { act=android.intent.action.SERVICE_STATE flg=0x1000010 (has extras) } to ProcessRecord{9c88137 5094:com.google.android.wearable.app:background/u0a552} (pid=5094, uid=10552) requires android.permission.READ_PHONE_STATE due to sender android (uid 1001)
07-13 22:26:48.607  1750  2068 W BroadcastQueue: Permission Denial: receiving Intent { act=android.intent.action.SERVICE_STATE flg=0x1000010 (has extras) } to com.google.android.cellbroadcastreceiver/com.android.cellbroadcastreceiver.CellBroadcastReceiver requires android.permission.READ_PHONE_STATE due to sender android (uid 1001)
07-13 22:26:48.608  1750  4232 W ContextImpl: Calling a method in the system process without a qualified user: android.app.ContextImpl.sendBroadcastMultiplePermissions:1264 com.android.server.TelephonyRegistry.broadcastServiceStateChanged:2923 com.android.server.TelephonyRegistry.notifyServiceStateForPhoneId:1613 com.android.internal.telephony.ITelephonyRegistry$Stub.onTransact:455 android.os.Binder.execTransactInternal:1179 
07-13 22:26:48.608  1750  2068 W BroadcastQueue: Permission Denial: receiving Intent { act=android.intent.action.SERVICE_STATE flg=0x1000010 (has extras) } to ProcessRecord{b767ac8 2380:com.android.systemui/u0a245} (pid=2380, uid=10245) requires android.permission.ACCESS_FINE_LOCATION due to sender android (uid 1001)
07-13 22:26:48.608  1750  4232 W ContextImpl: Calling a method in the system process without a qualified user: android.app.ContextImpl.sendBroadcastMultiplePermissions:1264 com.android.server.TelephonyRegistry.broadcastServiceStateChanged:2926 com.android.server.TelephonyRegistry.notifyServiceStateForPhoneId:1613 com.android.internal.telephony.ITelephonyRegistry$Stub.onTransact:455 android.os.Binder.execTransactInternal:1179 
07-13 22:26:48.609  1750  2068 W BroadcastQueue: Permission Denial: receiving Intent { act=android.intent.action.SERVICE_STATE flg=0x1000010 (has extras) } to ProcessRecord{9c88137 5094:com.google.android.wearable.app:background/u0a552} (pid=5094, uid=10552) requires android.permission.READ_PRIVILEGED_PHONE_STATE due to sender android (uid 1001)
07-13 22:26:48.609  1750  2068 W BroadcastQueue: Permission Denial: receiving Intent { act=android.intent.action.SERVICE_STATE flg=0x1000010 (has extras) } to ProcessRecord{b767ac8 2380:com.android.systemui/u0a245} (pid=2380, uid=10245) requires android.permission.READ_PHONE_STATE due to sender android (uid 1001)
07-13 22:26:48.609  1750  2068 W BroadcastQueue: Permission Denial: receiving Intent { act=android.intent.action.SERVICE_STATE flg=0x1000010 (has extras) } to ProcessRecord{9c88137 5094:com.google.android.wearable.app:background/u0a552} (pid=5094, uid=10552) requires android.permission.READ_PHONE_STATE due to sender android (uid 1001)
07-13 22:26:48.609  1750  2068 W BroadcastQueue: Permission Denial: receiving Intent { act=android.intent.action.SERVICE_STATE flg=0x1000010 (has extras) } to com.google.android.cellbroadcastreceiver/com.android.cellbroadcastreceiver.CellBroadcastReceiver requires android.permission.ACCESS_FINE_LOCATION due to sender android (uid 1001)
07-13 22:26:48.611  1750  2068 W BroadcastQueue: Permission Denial: receiving Intent { act=android.intent.action.SERVICE_STATE flg=0x1000010 (has extras) } to ProcessRecord{9c88137 5094:com.google.android.wearable.app:background/u0a552} (pid=5094, uid=10552) requires android.permission.READ_PRIVILEGED_PHONE_STATE due to sender android (uid 1001)
07-13 22:26:48.611  1750  2068 W BroadcastQueue: Permission Denial: receiving Intent { act=android.intent.action.SERVICE_STATE flg=0x1000010 (has extras) } to com.google.android.cellbroadcastreceiver/com.android.cellbroadcastreceiver.CellBroadcastReceiver requires android.permission.READ_PHONE_STATE due to sender android (uid 1001)
07-13 22:26:48.621  1750  2258 W NetworkPolicy: shared quota unsupported; generating rule for each iface
07-13 22:26:49.651  1750  2258 W NetworkPolicy: shared quota unsupported; generating rule for each iface
07-13 22:26:50.232  1750  4232 W ContextImpl: Calling a method in the system process without a qualified user: android.app.ContextImpl.sendBroadcastMultiplePermissions:1214 com.android.server.TelephonyRegistry.broadcastServiceStateChanged:2911 com.android.server.TelephonyRegistry.notifyServiceStateForPhoneId:1613 com.android.internal.telephony.ITelephonyRegistry$Stub.onTransact:455 android.os.Binder.execTransactInternal:1179 
07-13 22:26:50.233  1750  2068 W BroadcastQueue: Permission Denial: receiving Intent { act=android.intent.action.SERVICE_STATE flg=0x1000010 (has extras) } to ProcessRecord{b767ac8 2380:com.android.systemui/u0a245} (pid=2380, uid=10245) requires android.permission.READ_PHONE_STATE due to sender android (uid 1001)
07-13 22:26:50.233  1750  4232 W ContextImpl: Calling a method in the system process without a qualified user: android.app.ContextImpl.sendBroadcastMultiplePermissions:1264 com.android.server.TelephonyRegistry.broadcastServiceStateChanged:2914 com.android.server.TelephonyRegistry.notifyServiceStateForPhoneId:1613 com.android.internal.telephony.ITelephonyRegistry$Stub.onTransact:455 android.os.Binder.execTransactInternal:1179 
07-13 22:26:50.234  1750  2068 W BroadcastQueue: Permission Denial: receiving Intent { act=android.intent.action.SERVICE_STATE flg=0x1000010 (has extras) } to ProcessRecord{9c88137 5094:com.google.android.wearable.app:background/u0a552} (pid=5094, uid=10552) requires android.permission.READ_PHONE_STATE due to sender android (uid 1001)
07-13 22:26:50.234  1750  2068 W BroadcastQueue: Permission Denial: receiving Intent { act=android.intent.action.SERVICE_STATE flg=0x1000010 (has extras) } to com.google.android.cellbroadcastreceiver/com.android.cellbroadcastreceiver.CellBroadcastReceiver requires android.permission.READ_PHONE_STATE due to sender android (uid 1001)
07-13 22:26:50.235  1750  2068 W BroadcastQueue: Permission Denial: receiving Intent { act=android.intent.action.SERVICE_STATE flg=0x1000010 (has extras) } to ProcessRecord{b767ac8 2380:com.android.systemui/u0a245} (pid=2380, uid=10245) requires android.permission.ACCESS_FINE_LOCATION due to sender android (uid 1001)
07-13 22:26:50.235  1750  4232 W ContextImpl: Calling a method in the system process without a qualified user: android.app.ContextImpl.sendBroadcastMultiplePermissions:1264 com.android.server.TelephonyRegistry.broadcastServiceStateChanged:2923 com.android.server.TelephonyRegistry.notifyServiceStateForPhoneId:1613 com.android.internal.telephony.ITelephonyRegistry$Stub.onTransact:455 android.os.Binder.execTransactInternal:1179 
07-13 22:26:50.236  1750  2068 W BroadcastQueue: Permission Denial: receiving Intent { act=android.intent.action.SERVICE_STATE flg=0x1000010 (has extras) } to ProcessRecord{9c88137 5094:com.google.android.wearable.app:background/u0a552} (pid=5094, uid=10552) requires android.permission.READ_PRIVILEGED_PHONE_STATE due to sender android (uid 1001)
07-13 22:26:50.236  1750  2068 W BroadcastQueue: Permission Denial: receiving Intent { act=android.intent.action.SERVICE_STATE flg=0x1000010 (has extras) } to com.google.android.cellbroadcastreceiver/com.android.cellbroadcastreceiver.CellBroadcastReceiver requires android.permission.ACCESS_FINE_LOCATION due to sender android (uid 1001)
07-13 22:26:50.237  1750  2068 W BroadcastQueue: Permission Denial: receiving Intent { act=android.intent.action.SERVICE_STATE flg=0x1000010 (has extras) } to ProcessRecord{b767ac8 2380:com.android.systemui/u0a245} (pid=2380, uid=10245) requires android.permission.READ_PHONE_STATE due to sender android (uid 1001)
07-13 22:26:50.237  1750  4232 W ContextImpl: Calling a method in the system process without a qualified user: android.app.ContextImpl.sendBroadcastMultiplePermissions:1264 com.android.server.TelephonyRegistry.broadcastServiceStateChanged:2926 com.android.server.TelephonyRegistry.notifyServiceStateForPhoneId:1613 com.android.internal.telephony.ITelephonyRegistry$Stub.onTransact:455 android.os.Binder.execTransactInternal:1179 
07-13 22:26:50.237  1750  2068 W BroadcastQueue: Permission Denial: receiving Intent { act=android.intent.action.SERVICE_STATE flg=0x1000010 (has extras) } to ProcessRecord{9c88137 5094:com.google.android.wearable.app:background/u0a552} (pid=5094, uid=10552) requires android.permission.READ_PHONE_STATE due to sender android (uid 1001)
07-13 22:26:50.238  1750  2068 W BroadcastQueue: Permission Denial: receiving Intent { act=android.intent.action.SERVICE_STATE flg=0x1000010 (has extras) } to com.google.android.cellbroadcastreceiver/com.android.cellbroadcastreceiver.CellBroadcastReceiver requires android.permission.READ_PHONE_STATE due to sender android (uid 1001)
07-13 22:26:50.239  1750  2068 W BroadcastQueue: Permission Denial: receiving Intent { act=android.intent.action.SERVICE_STATE flg=0x1000010 (has extras) } to ProcessRecord{9c88137 5094:com.google.android.wearable.app:background/u0a552} (pid=5094, uid=10552) requires android.permission.READ_PRIVILEGED_PHONE_STATE due to sender android (uid 1001)
07-13 22:26:58.657  1750  4230 W ContextImpl: Calling a method in the system process without a qualified user: android.app.ContextImpl.sendBroadcastMultiplePermissions:1214 com.android.server.TelephonyRegistry.broadcastServiceStateChanged:2911 com.android.server.TelephonyRegistry.notifyServiceStateForPhoneId:1613 com.android.internal.telephony.ITelephonyRegistry$Stub.onTransact:455 android.os.Binder.execTransactInternal:1179 
07-13 22:26:58.658  1750  2068 W BroadcastQueue: Permission Denial: receiving Intent { act=android.intent.action.SERVICE_STATE flg=0x1000010 (has extras) } to ProcessRecord{b767ac8 2380:com.android.systemui/u0a245} (pid=2380, uid=10245) requires android.permission.READ_PHONE_STATE due to sender android (uid 1001)
07-13 22:26:58.658  1750  4230 W ContextImpl: Calling a method in the system process without a qualified user: android.app.ContextImpl.sendBroadcastMultiplePermissions:1264 com.android.server.TelephonyRegistry.broadcastServiceStateChanged:2914 com.android.server.TelephonyRegistry.notifyServiceStateForPhoneId:1613 com.android.internal.telephony.ITelephonyRegistry$Stub.onTransact:455 android.os.Binder.execTransactInternal:1179 
07-13 22:26:58.659  1750  2068 W BroadcastQueue: Permission Denial: receiving Intent { act=android.intent.action.SERVICE_STATE flg=0x1000010 (has extras) } to ProcessRecord{9c88137 5094:com.google.android.wearable.app:background/u0a552} (pid=5094, uid=10552) requires android.permission.READ_PHONE_STATE due to sender android (uid 1001)
07-13 22:26:58.659  1750  2068 W BroadcastQueue: Permission Denial: receiving Intent { act=android.intent.action.SERVICE_STATE flg=0x1000010 (has extras) } to com.google.android.cellbroadcastreceiver/com.android.cellbroadcastreceiver.CellBroadcastReceiver requires android.permission.READ_PHONE_STATE due to sender android (uid 1001)
07-13 22:26:58.660  1750  2068 W BroadcastQueue: Permission Denial: receiving Intent { act=android.intent.action.SERVICE_STATE flg=0x1000010 (has extras) } to ProcessRecord{b767ac8 2380:com.android.systemui/u0a245} (pid=2380, uid=10245) requires android.permission.ACCESS_FINE_LOCATION due to sender android (uid 1001)
07-13 22:26:58.660  1750  4230 W ContextImpl: Calling a method in the system process without a qualified user: android.app.ContextImpl.sendBroadcastMultiplePermissions:1264 com.android.server.TelephonyRegistry.broadcastServiceStateChanged:2923 com.android.server.TelephonyRegistry.notifyServiceStateForPhoneId:1613 com.android.internal.telephony.ITelephonyRegistry$Stub.onTransact:455 android.os.Binder.execTransactInternal:1179 
07-13 22:26:58.661  1750  2068 W BroadcastQueue: Permission Denial: receiving Intent { act=android.intent.action.SERVICE_STATE flg=0x1000010 (has extras) } to ProcessRecord{9c88137 5094:com.google.android.wearable.app:background/u0a552} (pid=5094, uid=10552) requires android.permission.READ_PRIVILEGED_PHONE_STATE due to sender android (uid 1001)
07-13 22:26:58.662  1750  2068 W BroadcastQueue: Permission Denial: receiving Intent { act=android.intent.action.SERVICE_STATE flg=0x1000010 (has extras) } to com.google.android.cellbroadcastreceiver/com.android.cellbroadcastreceiver.CellBroadcastReceiver requires android.permission.ACCESS_FINE_LOCATION due to sender android (uid 1001)
07-13 22:26:58.662  1750  2068 W BroadcastQueue: Permission Denial: receiving Intent { act=android.intent.action.SERVICE_STATE flg=0x1000010 (has extras) } to ProcessRecord{b767ac8 2380:com.android.systemui/u0a245} (pid=2380, uid=10245) requires android.permission.READ_PHONE_STATE due to sender android (uid 1001)
07-13 22:26:58.662  1750  4230 W ContextImpl: Calling a method in the system process without a qualified user: android.app.ContextImpl.sendBroadcastMultiplePermissions:1264 com.android.server.TelephonyRegistry.broadcastServiceStateChanged:2926 com.android.server.TelephonyRegistry.notifyServiceStateForPhoneId:1613 com.android.internal.telephony.ITelephonyRegistry$Stub.onTransact:455 android.os.Binder.execTransactInternal:1179 
07-13 22:26:58.663  1750  2068 W BroadcastQueue: Permission Denial: receiving Intent { act=android.intent.action.SERVICE_STATE flg=0x1000010 (has extras) } to ProcessRecord{9c88137 5094:com.google.android.wearable.app:background/u0a552} (pid=5094, uid=10552) requires android.permission.READ_PHONE_STATE due to sender android (uid 1001)
07-13 22:26:58.663  1750  2068 W BroadcastQueue: Permission Denial: receiving Intent { act=android.intent.action.SERVICE_STATE flg=0x1000010 (has extras) } to com.google.android.cellbroadcastreceiver/com.android.cellbroadcastreceiver.CellBroadcastReceiver requires android.permission.READ_PHONE_STATE due to sender android (uid 1001)
07-13 22:26:58.664  1750  2068 W BroadcastQueue: Permission Denial: receiving Intent { act=android.intent.action.SERVICE_STATE flg=0x1000010 (has extras) } to ProcessRecord{9c88137 5094:com.google.android.wearable.app:background/u0a552} (pid=5094, uid=10552) requires android.permission.READ_PRIVILEGED_PHONE_STATE due to sender android (uid 1001)
07-13 22:26:58.667  1750  2068 W ProcessStats: Tracking association SourceState{584cdb3 system/1000 BTopFgs #2277376} whose proc state 2 is better than process ProcessState{baa4f70 net.dinglisch.android.taskerm/10289 pkg=net.dinglisch.android.taskerm} proc state 3 (10 skipped)
07-13 22:27:05.689  1750  1750 D CompatibilityChangeReporter: Compat change id reported: 135634846; UID 10263; state: DISABLED
07-13 22:27:05.689  1750  1750 D CompatibilityChangeReporter: Compat change id reported: 177438394; UID 10263; state: DISABLED
07-13 22:27:05.690  1750  1750 D CompatibilityChangeReporter: Compat change id reported: 135772972; UID 10263; state: DISABLED
07-13 22:27:05.690  1750  1750 D CompatibilityChangeReporter: Compat change id reported: 135754954; UID 10263; state: ENABLED
07-13 22:27:05.690  1750  2069 D CompatibilityChangeReporter: Compat change id reported: 143937733; UID 10263; state: ENABLED
07-13 22:27:05.694  1750  1750 D CompatibilityChangeReporter: Compat change id reported: 135634846; UID 10323; state: DISABLED
07-13 22:27:05.694  1750  1750 D CompatibilityChangeReporter: Compat change id reported: 177438394; UID 10323; state: DISABLED
07-13 22:27:05.694  1750  1750 D CompatibilityChangeReporter: Compat change id reported: 135772972; UID 10323; state: DISABLED
07-13 22:27:05.695  1750  1750 D CompatibilityChangeReporter: Compat change id reported: 135754954; UID 10323; state: ENABLED
07-13 22:27:05.702  1750  2069 I ActivityManager: Start proc 19496:com.facebook.orca/u0a263 for service {com.facebook.orca/com.facebook.push.registration.PushNegativeFeedbackLollipopService}
07-13 22:27:05.703  1750  2069 D CompatibilityChangeReporter: Compat change id reported: 143937733; UID 10323; state: ENABLED
07-13 22:27:05.716  1750  2069 I ActivityManager: Start proc 19497:com.pandora.android/u0a323 for service {com.pandora.android/com.evernote.android.job.v21.PlatformJobService}
07-13 22:27:06.063  1750  4057 D CompatibilityChangeReporter: Compat change id reported: 197654537; UID 10263; state: DISABLED
07-13 22:27:06.364  1750  3029 D CompatibilityChangeReporter: Compat change id reported: 157233955; UID 10323; state: DISABLED
07-13 22:27:07.215  1750  2042 D CompanionDeviceManagerService: onPackageModified(packageName = com.pandora.android)
07-13 22:27:07.260  1750  1750 I Telecom : DefaultDialerCache: Refreshing default dialer for user 0: now com.google.android.dialer: DDC.oR@HoQ
07-13 22:27:07.263  1750  1750 I Telecom : DefaultDialerCache: Refreshing default dialer for user 11: now com.google.android.dialer: DDC.oR@HoQ
07-13 22:27:07.550  1750  4057 W ActivityManager: Background start not allowed: service Intent { act=Orca.START cmp=com.facebook.orca/com.facebook.mqttlite.MqttService (has extras) } to com.facebook.orca/com.facebook.mqttlite.MqttService from pid=19496 uid=10263 pkg=com.facebook.orca startFg?=false
07-13 22:27:08.054  1750  2128 V DisplayPowerController[0]: Brightness [1.2649968E-4] reason changing to: 'automatic [ dim ]', previous reason: 'automatic'.
07-13 22:27:09.759  1750  2975 W ProcessStats: Tracking association SourceState{584cdb3 system/1000 BTopFgs #2277511} whose proc state 2 is better than process ProcessState{baa4f70 net.dinglisch.android.taskerm/10289 pkg=net.dinglisch.android.taskerm} proc state 3 (106 skipped)
07-13 22:27:10.623  1750  4085 W ActivityManager: Background start not allowed: service Intent { act=Orca.PERSISTENT_KICK_SKIP_PING cmp=com.facebook.orca/com.facebook.mqttlite.MqttService (has extras) } to com.facebook.orca/com.facebook.mqttlite.MqttService from pid=19496 uid=10263 pkg=com.facebook.orca startFg?=false
07-13 22:27:10.952  1750  2258 W NetworkPolicy: shared quota unsupported; generating rule for each iface
07-13 22:27:11.526  1750  2068 W BroadcastQueue: Permission Denial: broadcasting Intent { act=android.net.conn.CONNECTIVITY_CHANGE flg=0x4200010 (has extras) } from null (pid=-1, uid=-1) requires com.facebook.permission.prod.FB_APP_COMMUNICATION due to registered receiver BroadcastFilter{6eb52d6 10263/u0 ReceiverList{cffc6f1 19496 com.facebook.orca/10263/u0 remote:b295e98}}
07-13 22:27:11.726  1750  4085 D CompatibilityChangeReporter: Compat change id reported: 149924527; UID 10263; state: ENABLED
07-13 22:27:11.727  1750  4057 D CompatibilityChangeReporter: Compat change id reported: 132649864; UID 10263; state: DISABLED
07-13 22:27:11.727  1750  4057 D CompatibilityChangeReporter: Compat change id reported: 182734110; UID 10263; state: DISABLED
07-13 22:27:21.620  1750  4085 W ProcessStats: Tracking association SourceState{584cdb3 system/1000 BTopFgs #2277556} whose proc state 2 is better than process ProcessState{baa4f70 net.dinglisch.android.taskerm/10289 pkg=net.dinglisch.android.taskerm} proc state 3 (34 skipped)
07-13 22:27:25.573  1750  2068 I ActivityManager: Killing 15485:com.google.android.apps.wearables.maestro.companion/u0a169 (adj 985): empty #33
07-13 22:27:25.600  1750  4085 W AppOps  : Noting op not finished: uid 10190 pkg com.google.android.gms code 113 startTime of in progress event=1657764290062
07-13 22:27:25.604  1750  4264 D CompatibilityChangeReporter: Compat change id reported: 197654537; UID 10259; state: DISABLED
07-13 22:27:25.605  1750  4264 D CompatibilityChangeReporter: Compat change id reported: 197654537; UID 10205; state: ENABLED
07-13 22:27:25.614  1750  2497 W AppOps  : Noting op not finished: uid 10202 pkg com.google.android.apps.maps code 79 startTime of in progress event=1657765584639
07-13 22:27:25.618  1750  2497 W AppOps  : Noting op not finished: uid 10190 pkg com.google.android.gms code 113 startTime of in progress event=1657764290062
07-13 22:27:25.628  1750  4230 W AppOps  : Noting op not finished: uid 10223 pkg com.google.android.gms.location.history code 79 startTime of in progress event=1657703118539
07-13 22:27:25.636  1750  4230 W AppOps  : Noting op not finished: uid 10190 pkg com.google.android.gms code 113 startTime of in progress event=1657764290062
07-13 22:27:25.644  1750  2497 W AppOps  : Noting op not finished: uid 10447 pkg com.urbandroid.sleep code 79 startTime of in progress event=1657765584681
07-13 22:27:25.648  1750  4230 W AppOps  : Noting op not finished: uid 10190 pkg com.google.android.gms code 113 startTime of in progress event=1657764290062
07-13 22:27:31.314  1750  3029 W ContextImpl: Calling a method in the system process without a qualified user: android.app.ContextImpl.sendBroadcastMultiplePermissions:1214 com.android.server.TelephonyRegistry.broadcastServiceStateChanged:2911 com.android.server.TelephonyRegistry.notifyServiceStateForPhoneId:1613 com.android.internal.telephony.ITelephonyRegistry$Stub.onTransact:455 android.os.Binder.execTransactInternal:1179 
07-13 22:27:31.315  1750  2068 W BroadcastQueue: Permission Denial: receiving Intent { act=android.intent.action.SERVICE_STATE flg=0x1000010 (has extras) } to ProcessRecord{b767ac8 2380:com.android.systemui/u0a245} (pid=2380, uid=10245) requires android.permission.READ_PHONE_STATE due to sender android (uid 1001)
07-13 22:27:31.315  1750  3029 W ContextImpl: Calling a method in the system process without a qualified user: android.app.ContextImpl.sendBroadcastMultiplePermissions:1264 com.android.server.TelephonyRegistry.broadcastServiceStateChanged:2914 com.android.server.TelephonyRegistry.notifyServiceStateForPhoneId:1613 com.android.internal.telephony.ITelephonyRegistry$Stub.onTransact:455 android.os.Binder.execTransactInternal:1179 
07-13 22:27:31.316  1750  2068 W BroadcastQueue: Permission Denial: receiving Intent { act=android.intent.action.SERVICE_STATE flg=0x1000010 (has extras) } to ProcessRecord{9c88137 5094:com.google.android.wearable.app:background/u0a552} (pid=5094, uid=10552) requires android.permission.READ_PHONE_STATE due to sender android (uid 1001)
07-13 22:27:31.316  1750  2068 W BroadcastQueue: Permission Denial: receiving Intent { act=android.intent.action.SERVICE_STATE flg=0x1000010 (has extras) } to com.google.android.cellbroadcastreceiver/com.android.cellbroadcastreceiver.CellBroadcastReceiver requires android.permission.READ_PHONE_STATE due to sender android (uid 1001)
07-13 22:27:31.317  1750  2068 W BroadcastQueue: Permission Denial: receiving Intent { act=android.intent.action.SERVICE_STATE flg=0x1000010 (has extras) } to ProcessRecord{b767ac8 2380:com.android.systemui/u0a245} (pid=2380, uid=10245) requires android.permission.ACCESS_FINE_LOCATION due to sender android (uid 1001)
07-13 22:27:31.317  1750  3029 W ContextImpl: Calling a method in the system process without a qualified user: android.app.ContextImpl.sendBroadcastMultiplePermissions:1264 com.android.server.TelephonyRegistry.broadcastServiceStateChanged:2923 com.android.server.TelephonyRegistry.notifyServiceStateForPhoneId:1613 com.android.internal.telephony.ITelephonyRegistry$Stub.onTransact:455 android.os.Binder.execTransactInternal:1179 
07-13 22:27:31.317  1750  2068 W BroadcastQueue: Permission Denial: receiving Intent { act=android.intent.action.SERVICE_STATE flg=0x1000010 (has extras) } to ProcessRecord{9c88137 5094:com.google.android.wearable.app:background/u0a552} (pid=5094, uid=10552) requires android.permission.READ_PRIVILEGED_PHONE_STATE due to sender android (uid 1001)
07-13 22:27:31.317  1750  2068 W BroadcastQueue: Permission Denial: receiving Intent { act=android.intent.action.SERVICE_STATE flg=0x1000010 (has extras) } to com.google.android.cellbroadcastreceiver/com.android.cellbroadcastreceiver.CellBroadcastReceiver requires android.permission.ACCESS_FINE_LOCATION due to sender android (uid 1001)
07-13 22:27:31.318  1750  2068 W BroadcastQueue: Permission Denial: receiving Intent { act=android.intent.action.SERVICE_STATE flg=0x1000010 (has extras) } to ProcessRecord{b767ac8 2380:com.android.systemui/u0a245} (pid=2380, uid=10245) requires android.permission.READ_PHONE_STATE due to sender android (uid 1001)
07-13 22:27:31.318  1750  3029 W ContextImpl: Calling a method in the system process without a qualified user: android.app.ContextImpl.sendBroadcastMultiplePermissions:1264 com.android.server.TelephonyRegistry.broadcastServiceStateChanged:2926 com.android.server.TelephonyRegistry.notifyServiceStateForPhoneId:1613 com.android.internal.telephony.ITelephonyRegistry$Stub.onTransact:455 android.os.Binder.execTransactInternal:1179 
07-13 22:27:31.318  1750  2068 W BroadcastQueue: Permission Denial: receiving Intent { act=android.intent.action.SERVICE_STATE flg=0x1000010 (has extras) } to ProcessRecord{9c88137 5094:com.google.android.wearable.app:background/u0a552} (pid=5094, uid=10552) requires android.permission.READ_PHONE_STATE due to sender android (uid 1001)
07-13 22:27:31.319  1750  2068 W BroadcastQueue: Permission Denial: receiving Intent { act=android.intent.action.SERVICE_STATE flg=0x1000010 (has extras) } to com.google.android.cellbroadcastreceiver/com.android.cellbroadcastreceiver.CellBroadcastReceiver requires android.permission.READ_PHONE_STATE due to sender android (uid 1001)
07-13 22:27:31.320  1750  2068 W BroadcastQueue: Permission Denial: receiving Intent { act=android.intent.action.SERVICE_STATE flg=0x1000010 (has extras) } to ProcessRecord{9c88137 5094:com.google.android.wearable.app:background/u0a552} (pid=5094, uid=10552) requires android.permission.READ_PRIVILEGED_PHONE_STATE due to sender android (uid 1001)
07-13 22:27:32.269  1750  3029 W ContextImpl: Calling a method in the system process without a qualified user: android.app.ContextImpl.sendBroadcastMultiplePermissions:1214 com.android.server.TelephonyRegistry.broadcastServiceStateChanged:2911 com.android.server.TelephonyRegistry.notifyServiceStateForPhoneId:1613 com.android.internal.telephony.ITelephonyRegistry$Stub.onTransact:455 android.os.Binder.execTransactInternal:1179 
07-13 22:27:32.270  1750  2068 W BroadcastQueue: Permission Denial: receiving Intent { act=android.intent.action.SERVICE_STATE flg=0x1000010 (has extras) } to ProcessRecord{b767ac8 2380:com.android.systemui/u0a245} (pid=2380, uid=10245) requires android.permission.READ_PHONE_STATE due to sender android (uid 1001)
07-13 22:27:32.270  1750  3029 W ContextImpl: Calling a method in the system process without a qualified user: android.app.ContextImpl.sendBroadcastMultiplePermissions:1264 com.android.server.TelephonyRegistry.broadcastServiceStateChanged:2914 com.android.server.TelephonyRegistry.notifyServiceStateForPhoneId:1613 com.android.internal.telephony.ITelephonyRegistry$Stub.onTransact:455 android.os.Binder.execTransactInternal:1179 
07-13 22:27:32.271  1750  2068 W BroadcastQueue: Permission Denial: receiving Intent { act=android.intent.action.SERVICE_STATE flg=0x1000010 (has extras) } to ProcessRecord{9c88137 5094:com.google.android.wearable.app:background/u0a552} (pid=5094, uid=10552) requires android.permission.READ_PHONE_STATE due to sender android (uid 1001)
