07-13 15:10:57.356  1750  4058 W AppOps  : Noting op not finished: uid 10202 pkg com.google.android.apps.maps code 79 startTime of in progress event=1657739336443
07-13 15:10:57.360  1750  3192 W AppOps  : Noting op not finished: uid 10190 pkg com.google.android.gms code 113 startTime of in progress event=1657737838535
07-13 15:10:57.370  1750  3192 W AppOps  : Noting op not finished: uid 10223 pkg com.google.android.gms.location.history code 79 startTime of in progress event=1657703118539
07-13 15:10:57.378  1750  4230 W AppOps  : Noting op not finished: uid 10447 pkg com.urbandroid.sleep code 79 startTime of in progress event=1657739336482
07-13 15:10:57.383  1750  4230 W AppOps  : Noting op not finished: uid 10190 pkg com.google.android.gms code 113 startTime of in progress event=1657737838535
07-13 15:11:56.773  1750  4230 W ContextImpl: Calling a method in the system process without a qualified user: android.app.ContextImpl.sendBroadcastMultiplePermissions:1264 com.android.server.TelephonyRegistry.broadcastDataConnectionStateChanged:3061 com.android.server.TelephonyRegistry.notifyDataConnectionForSubscriber:2023 com.android.internal.telephony.ITelephonyRegistry$Stub.onTransact:544 android.os.Binder.execTransactInternal:1179 
07-13 15:11:56.845  1750  2258 W NetworkPolicy: shared quota unsupported; generating rule for each iface
07-13 15:12:00.950  1750  3192 W ProcessStats: Tracking association SourceState{584cdb3 system/1000 BTopFgs #2127160} whose proc state 2 is better than process ProcessState{baa4f70 net.dinglisch.android.taskerm/10289 pkg=net.dinglisch.android.taskerm} proc state 3 (49 skipped)
07-13 15:12:44.965  1750  4230 W ContextImpl: Calling a method in the system process without a qualified user: android.app.ContextImpl.sendBroadcastMultiplePermissions:1264 com.android.server.TelephonyRegistry.broadcastDataConnectionStateChanged:3061 com.android.server.TelephonyRegistry.notifyDataConnectionForSubscriber:2023 com.android.internal.telephony.ITelephonyRegistry$Stub.onTransact:544 android.os.Binder.execTransactInternal:1179 
07-13 15:12:46.412  1750  4230 W ContextImpl: Calling a method in the system process without a qualified user: android.app.ContextImpl.sendBroadcastMultiplePermissions:1264 com.android.server.TelephonyRegistry.broadcastDataConnectionStateChanged:3061 com.android.server.TelephonyRegistry.notifyDataConnectionForSubscriber:2023 com.android.internal.telephony.ITelephonyRegistry$Stub.onTransact:544 android.os.Binder.execTransactInternal:1179 
07-13 15:12:46.524  1750  2258 W NetworkPolicy: shared quota unsupported; generating rule for each iface
07-13 15:12:46.704  1750  2298 W NetworkPolicy: shared quota unsupported; generating rule for each iface
07-13 15:12:46.806  1750  2258 W NetworkPolicy: shared quota unsupported; generating rule for each iface
07-13 15:12:46.886  1750  2258 W NetworkPolicy: shared quota unsupported; generating rule for each iface
07-13 15:12:47.044  1750  2258 W NetworkPolicy: shared quota unsupported; generating rule for each iface
07-13 15:12:47.254  1750  2258 W NetworkPolicy: shared quota unsupported; generating rule for each iface
07-13 15:12:47.374  1750  2258 W NetworkPolicy: shared quota unsupported; generating rule for each iface
07-13 15:12:51.882  1750  2490 W ActivityManager: Background start not allowed: service Intent { cmp=com.zhiliaoapp.musically/com.bytedance.common.wschannel.client.WsClientService } to com.zhiliaoapp.musically/com.bytedance.common.wschannel.client.WsClientService from pid=4986 uid=10572 pkg=com.zhiliaoapp.musically startFg?=false
07-13 15:12:51.890  1750  2490 W ProcessStats: Tracking association SourceState{584cdb3 system/1000 BTopFgs #2127211} whose proc state 2 is better than process ProcessState{baa4f70 net.dinglisch.android.taskerm/10289 pkg=net.dinglisch.android.taskerm} proc state 3 (46 skipped)
07-13 15:12:57.414  1750  2490 W AppOps  : Noting op not finished: uid 10190 pkg com.google.android.gms code 113 startTime of in progress event=1657737838535
07-13 15:12:57.430  1750  2490 W AppOps  : Noting op not finished: uid 10202 pkg com.google.android.apps.maps code 79 startTime of in progress event=1657739457371
07-13 15:12:57.435  1750  3129 W AppOps  : Noting op not finished: uid 10190 pkg com.google.android.gms code 113 startTime of in progress event=1657737838535
07-13 15:12:57.446  1750  4230 W AppOps  : Noting op not finished: uid 10223 pkg com.google.android.gms.location.history code 79 startTime of in progress event=1657703118539
07-13 15:12:57.452  1750  3192 W AppOps  : Noting op not finished: uid 10447 pkg com.urbandroid.sleep code 79 startTime of in progress event=1657739457391
07-13 15:12:57.456  1750  4230 W AppOps  : Noting op not finished: uid 10190 pkg com.google.android.gms code 113 startTime of in progress event=1657737838535
07-13 15:13:04.378  1750  3129 W AppOps  : Noting op not finished: uid 10190 pkg com.google.android.gms code 113 startTime of in progress event=1657737838535
07-13 15:13:04.392  1750  3192 W AppOps  : Noting op not finished: uid 10202 pkg com.google.android.apps.maps code 79 startTime of in progress event=1657739577443
07-13 15:13:04.397  1750  3129 W AppOps  : Noting op not finished: uid 10190 pkg com.google.android.gms code 113 startTime of in progress event=1657737838535
07-13 15:13:04.407  1750  2490 W AppOps  : Noting op not finished: uid 10223 pkg com.google.android.gms.location.history code 79 startTime of in progress event=1657703118539
07-13 15:13:04.415  1750  2490 W AppOps  : Noting op not finished: uid 10447 pkg com.urbandroid.sleep code 79 startTime of in progress event=1657739577464
07-13 15:13:04.421  1750  2490 W AppOps  : Noting op not finished: uid 10190 pkg com.google.android.gms code 113 startTime of in progress event=1657737838535
07-13 15:13:07.604  1750  3129 W AppOps  : Noting op not finished: uid 10447 pkg com.urbandroid.sleep code 79 startTime of in progress event=1657739584427
07-13 15:13:26.996  1750  3192 W ProcessStats: Tracking association SourceState{584cdb3 system/1000 BTopFgs #2127255} whose proc state 2 is better than process ProcessState{baa4f70 net.dinglisch.android.taskerm/10289 pkg=net.dinglisch.android.taskerm} proc state 3 (43 skipped)
07-13 15:14:39.488  1750  2128 I DisplayPowerController[0]: Blocking screen on until initial contents have been drawn.
07-13 15:14:39.490  1750  2128 V DisplayPowerController[0]: Brightness [0.015748031] reason changing to: 'doze', previous reason: 'screen_off'.
07-13 15:14:39.491  1750  2045 I DisplayDeviceRepository: Display device changed state: "Built-in Screen", DOZE
07-13 15:14:39.530  1750  2096 E KernelCpuUidActiveTimeReader: Negative delta from active time for uid: 10229, delta: -12
07-13 15:14:39.531  1750  2096 E KernelCpuUidActiveTimeReader: Negative delta from active time for uid: 10151, delta: -22
07-13 15:14:39.531  1750  2096 E KernelCpuUidActiveTimeReader: Negative delta from active time for uid: 10167, delta: -11
07-13 15:14:39.531  1750  2096 E KernelCpuUidActiveTimeReader: Negative delta from active time for uid: 10521, delta: -19
07-13 15:14:39.531  1750  2096 E KernelCpuUidActiveTimeReader: Negative delta from active time for uid: 10343, delta: -33
07-13 15:14:39.532  1750  2096 E KernelCpuUidActiveTimeReader: Negative delta from active time for uid: 10105, delta: -12
07-13 15:14:39.532  1750  2096 E KernelCpuUidActiveTimeReader: Negative delta from active time for uid: 10236, delta: -2
07-13 15:14:39.532  1750  2096 E KernelCpuUidActiveTimeReader: Negative delta from active time for uid: 10184, delta: -30
07-13 15:14:39.532  1750  2096 E KernelCpuUidActiveTimeReader: Negative delta from active time for uid: 10404, delta: -24
07-13 15:14:39.532  1750  2096 E KernelCpuUidActiveTimeReader: Negative delta from active time for uid: 10281, delta: -44
07-13 15:14:39.550  1750  1786 W ProcessStats: Tracking association SourceState{584cdb3 system/1000 BTopFgs #2127262} whose proc state 2 is better than process ProcessState{baa4f70 net.dinglisch.android.taskerm/10289 pkg=net.dinglisch.android.taskerm} proc state 3 (5 skipped)
07-13 15:14:39.563  1750  2128 I DisplayPowerController[0]: Unblocked screen on after 75 ms
07-13 15:14:41.739  1750  3129 I PowerManagerService: Powering on display group fromDozing (groupId=0, uid=10245, reason=WAKE_REASON_GESTURE, details=com.android.systemui:NODOZE)...
07-13 15:14:41.739  1750  3129 I PowerManagerService: Waking up from Dozing (uid=10245, reason=WAKE_REASON_GESTURE, details=com.android.systemui:NODOZE)...
07-13 15:14:41.755  1750  2128 V DisplayPowerController[0]: Brightness [0.21815819] reason changing to: 'manual', previous reason: 'doze'.
07-13 15:14:41.758  1750  2128 V DisplayPowerController[0]: Brightness [0.053002622] reason changing to: 'automatic', previous reason: 'manual'.
07-13 15:14:41.762  1750  2045 I DisplayDeviceRepository: Display device changed state: "Built-in Screen", ON
07-13 15:14:41.816  1750  3029 W ActivityManager: Background start not allowed: service Intent { act=Orca.PERSISTENT_KICK_SKIP_PING cmp=com.facebook.katana/com.facebook.mqttlite.MqttService (has extras) } to com.facebook.katana/com.facebook.mqttlite.MqttService from pid=11321 uid=10258 pkg=com.facebook.katana startFg?=false
07-13 15:14:41.832  1750  2128 I DreamManagerService: Gently waking up from dream.
07-13 15:14:41.832  1750  2042 I DreamManagerService: Performing gentle wake from dream.
07-13 15:14:41.870  1750  1786 I DreamManagerService: Leaving dreamland.
07-13 15:14:41.871  1750  2042 I DreamManagerService: Performing gentle wake from dream.
07-13 15:14:41.871  1750  2042 I DreamController: Stopping dream: name=ComponentInfo{com.android.systemui/com.android.systemui.doze.DozeService}, isTest=false, canDoze=true, userId=0, reason='finished self'(from 'requested stopDream')
07-13 15:14:41.883  1750  2096 E KernelCpuUidActiveTimeReader: Negative delta from active time for uid: 10229, delta: -12
07-13 15:14:41.883  1750  2096 E KernelCpuUidActiveTimeReader: Negative delta from active time for uid: 10151, delta: -22
07-13 15:14:41.884  1750  2096 E KernelCpuUidActiveTimeReader: Negative delta from active time for uid: 10167, delta: -11
07-13 15:14:41.886  1750  2096 E KernelCpuUidActiveTimeReader: Negative delta from active time for uid: 10521, delta: -19
07-13 15:14:41.886  1750  2096 E KernelCpuUidActiveTimeReader: Negative delta from active time for uid: 10343, delta: -33
07-13 15:14:41.886  1750  2096 E KernelCpuUidActiveTimeReader: Negative delta from active time for uid: 10105, delta: -12
07-13 15:14:41.886  1750  2096 E KernelCpuUidActiveTimeReader: Negative delta from active time for uid: 10236, delta: -2
07-13 15:14:41.886  1750  2096 E KernelCpuUidActiveTimeReader: Negative delta from active time for uid: 10184, delta: -30
07-13 15:14:41.886  1750  2096 E KernelCpuUidActiveTimeReader: Negative delta from active time for uid: 10404, delta: -24
07-13 15:14:41.887  1750  2096 E KernelCpuUidActiveTimeReader: Negative delta from active time for uid: 10281, delta: -44
07-13 15:14:41.952  1750  3029 W ContextImpl: Calling a method in the system process without a qualified user: android.app.ContextImpl.sendBroadcastMultiplePermissions:1214 com.android.server.TelephonyRegistry.broadcastServiceStateChanged:2911 com.android.server.TelephonyRegistry.notifyServiceStateForPhoneId:1613 com.android.internal.telephony.ITelephonyRegistry$Stub.onTransact:455 android.os.Binder.execTransactInternal:1179 
07-13 15:14:41.954  1750  2068 W BroadcastQueue: Permission Denial: receiving Intent { act=android.intent.action.SERVICE_STATE flg=0x1000010 (has extras) } to ProcessRecord{b767ac8 2380:com.android.systemui/u0a245} (pid=2380, uid=10245) requires android.permission.READ_PHONE_STATE due to sender android (uid 1001)
07-13 15:14:41.954  1750  3029 W ContextImpl: Calling a method in the system process without a qualified user: android.app.ContextImpl.sendBroadcastMultiplePermissions:1264 com.android.server.TelephonyRegistry.broadcastServiceStateChanged:2914 com.android.server.TelephonyRegistry.notifyServiceStateForPhoneId:1613 com.android.internal.telephony.ITelephonyRegistry$Stub.onTransact:455 android.os.Binder.execTransactInternal:1179 
07-13 15:14:41.955  1750  2068 W BroadcastQueue: Permission Denial: receiving Intent { act=android.intent.action.SERVICE_STATE flg=0x1000010 (has extras) } to ProcessRecord{9c88137 5094:com.google.android.wearable.app:background/u0a552} (pid=5094, uid=10552) requires android.permission.READ_PHONE_STATE due to sender android (uid 1001)
07-13 15:14:41.955  1750  2068 W BroadcastQueue: Permission Denial: receiving Intent { act=android.intent.action.SERVICE_STATE flg=0x1000010 (has extras) } to com.google.android.cellbroadcastreceiver/com.android.cellbroadcastreceiver.CellBroadcastReceiver requires android.permission.READ_PHONE_STATE due to sender android (uid 1001)
07-13 15:14:41.957  1750  2068 W BroadcastQueue: Permission Denial: receiving Intent { act=android.intent.action.SERVICE_STATE flg=0x1000010 (has extras) } to ProcessRecord{b767ac8 2380:com.android.systemui/u0a245} (pid=2380, uid=10245) requires android.permission.ACCESS_FINE_LOCATION due to sender android (uid 1001)
07-13 15:14:41.957  1750  2068 W BroadcastQueue: Permission Denial: receiving Intent { act=android.intent.action.SERVICE_STATE flg=0x1000010 (has extras) } to ProcessRecord{9c88137 5094:com.google.android.wearable.app:background/u0a552} (pid=5094, uid=10552) requires android.permission.READ_PRIVILEGED_PHONE_STATE due to sender android (uid 1001)
07-13 15:14:41.958  1750  2068 W BroadcastQueue: Permission Denial: receiving Intent { act=android.intent.action.SERVICE_STATE flg=0x1000010 (has extras) } to com.google.android.cellbroadcastreceiver/com.android.cellbroadcastreceiver.CellBroadcastReceiver requires android.permission.ACCESS_FINE_LOCATION due to sender android (uid 1001)
07-13 15:14:41.959  1750  3029 W ContextImpl: Calling a method in the system process without a qualified user: android.app.ContextImpl.sendBroadcastMultiplePermissions:1264 com.android.server.TelephonyRegistry.broadcastServiceStateChanged:2923 com.android.server.TelephonyRegistry.notifyServiceStateForPhoneId:1613 com.android.internal.telephony.ITelephonyRegistry$Stub.onTransact:455 android.os.Binder.execTransactInternal:1179 
07-13 15:14:41.960  1750  3029 W ContextImpl: Calling a method in the system process without a qualified user: android.app.ContextImpl.sendBroadcastMultiplePermissions:1264 com.android.server.TelephonyRegistry.broadcastServiceStateChanged:2926 com.android.server.TelephonyRegistry.notifyServiceStateForPhoneId:1613 com.android.internal.telephony.ITelephonyRegistry$Stub.onTransact:455 android.os.Binder.execTransactInternal:1179 
07-13 15:14:41.960  1750  2068 W BroadcastQueue: Permission Denial: receiving Intent { act=android.intent.action.SERVICE_STATE flg=0x1000010 (has extras) } to ProcessRecord{b767ac8 2380:com.android.systemui/u0a245} (pid=2380, uid=10245) requires android.permission.READ_PHONE_STATE due to sender android (uid 1001)
07-13 15:14:41.960  1750  2068 W BroadcastQueue: Permission Denial: receiving Intent { act=android.intent.action.SERVICE_STATE flg=0x1000010 (has extras) } to ProcessRecord{9c88137 5094:com.google.android.wearable.app:background/u0a552} (pid=5094, uid=10552) requires android.permission.READ_PHONE_STATE due to sender android (uid 1001)
07-13 15:14:41.960  1750  2068 W BroadcastQueue: Permission Denial: receiving Intent { act=android.intent.action.SERVICE_STATE flg=0x1000010 (has extras) } to com.google.android.cellbroadcastreceiver/com.android.cellbroadcastreceiver.CellBroadcastReceiver requires android.permission.READ_PHONE_STATE due to sender android (uid 1001)
07-13 15:14:41.961  1750  2068 W BroadcastQueue: Permission Denial: receiving Intent { act=android.intent.action.SERVICE_STATE flg=0x1000010 (has extras) } to ProcessRecord{9c88137 5094:com.google.android.wearable.app:background/u0a552} (pid=5094, uid=10552) requires android.permission.READ_PRIVILEGED_PHONE_STATE due to sender android (uid 1001)
07-13 15:14:41.963  1750  2068 D CompatibilityChangeReporter: Compat change id reported: 135634846; UID 10252; state: DISABLED
07-13 15:14:41.963  1750  2068 D CompatibilityChangeReporter: Compat change id reported: 177438394; UID 10252; state: DISABLED
07-13 15:14:41.963  1750  2068 D CompatibilityChangeReporter: Compat change id reported: 135772972; UID 10252; state: DISABLED
07-13 15:14:41.963  1750  2068 D CompatibilityChangeReporter: Compat change id reported: 135754954; UID 10252; state: ENABLED
07-13 15:14:41.965  1750  2069 D CompatibilityChangeReporter: Compat change id reported: 143937733; UID 10252; state: ENABLED
07-13 15:14:41.983  1750  2069 I ActivityManager: Start proc 14532:com.google.android.cellbroadcastreceiver/u0a252 for broadcast {com.google.android.cellbroadcastreceiver/com.android.cellbroadcastreceiver.CellBroadcastReceiver}
07-13 15:14:42.062  1750  2975 I SoundTriggerService: getModelState(): id = 9f6ad62a-1f0b-11e7-87c5-40a8f03d3f15
07-13 15:14:42.106  1750  2249 W AppOps  : Noting op not finished: uid 10186 pkg com.google.android.as code 102 startTime of in progress event=1657639043969
07-13 15:14:42.107  1750  1750 V SoundTriggerService: 9f6ad62a-1f0b-11e7-87c5-40a8f03d3f15: Generic sound trigger event: GenericRecognitionEvent ::RecognitionEvent [status=3, soundModelHandle=20, captureAvailable=true, captureSession=2680041, captureDelayMs=0, capturePreambleMs=0, triggerInData=false, sampleRate=16000, encoding=2, channelMask=16, data=17]
07-13 15:14:42.166  1750  1750 V SoundTriggerService: 9f6ad62a-1f0b-11e7-87c5-40a8f03d3f15: onServiceConnected(android.os.BinderProxy@8935e9a)
07-13 15:14:42.167  1750  1750 V SoundTriggerService: 9f6ad62a-1f0b-11e7-87c5-40a8f03d3f15: runOp 0
07-13 15:14:42.345  1750  2487 W NotificationHistory: Attempted to add notif for locked/gone/disabled user 0
07-13 15:14:42.464  1278  1278 I wificond: Regulatory domain changed to country: US on wiphy_index: 0
07-13 15:14:42.466  1278  1278 I wificond: 2.4Ghz frequencies: 2412 2417 2422 2427 2432 2437 2442 2447 2452 2457 2462
07-13 15:14:42.466  1278  1278 I wificond: 5Ghz non-DFS frequencies: 5180 5200 5220 5240 5745 5765 5785 5805 5825
07-13 15:14:42.467  1278  1278 I wificond: 5Ghz DFS frequencies: 5260 5280 5300 5320 5500 5520 5540 5560 5580 5600 5620 5640 5660 5680 5700 5720
07-13 15:14:42.467  1278  1278 I wificond: 6Ghz frequencies:
07-13 15:14:42.467  1278  1278 I wificond: 60Ghz frequencies:
07-13 15:14:42.527  1750  1750 V Biometrics/AcquisitionClient: Acquired: 7 0, shouldSend: true
07-13 15:14:42.779  1278  1278 I wificond: Regulatory domain changed to country: US on wiphy_index: 0
07-13 15:14:42.781  1278  1278 I wificond: 2.4Ghz frequencies: 2412 2417 2422 2427 2432 2437 2442 2447 2452 2457 2462
07-13 15:14:42.781  1278  1278 I wificond: 5Ghz non-DFS frequencies: 5180 5200 5220 5240 5745 5765 5785 5805 5825
07-13 15:14:42.781  1278  1278 I wificond: 5Ghz DFS frequencies: 5260 5280 5300 5320 5500 5520 5540 5560 5580 5600 5620 5640 5660 5680 5700 5720
07-13 15:14:42.781  1278  1278 I wificond: 6Ghz frequencies:
07-13 15:14:42.781  1278  1278 I wificond: 60Ghz frequencies:
07-13 15:14:43.150  1750  4057 V SoundTriggerService: 9f6ad62a-1f0b-11e7-87c5-40a8f03d3f15: destroy
07-13 15:14:43.151  1750  2487 I SoundTriggerService: startRecognition(): id = 9f6ad62a-1f0b-11e7-87c5-40a8f03d3f15
07-13 15:14:43.152  1750  2487 W SoundTriggerHelper: Canceling previous recognition for model id: 9f6ad62a-1f0b-11e7-87c5-40a8f03d3f15
07-13 15:14:43.152  1750  2487 V SoundTriggerService: 9f6ad62a-1f0b-11e7-87c5-40a8f03d3f15: onError: -2147483648
07-13 15:14:43.154  1750  2487 W SoundTriggerService: 9f6ad62a-1f0b-11e7-87c5-40a8f03d3f15: Dropped operation as already destroyed or marked for destruction
07-13 15:14:43.225  1750  2487 I SoundTriggerHelper: startRecognition successful.
07-13 15:14:43.226  1750  2487 W SoundTriggerService: error onStart(): Model 9f6ad62a-1f0b-11e7-87c5-40a8f03d3f15 already started
07-13 15:14:43.227  1750  2487 I SoundTriggerService: deleteSoundModel(): id = 12caddb1-acdb-4dce-8cb0-2e95a2313aee
07-13 15:14:43.228  1750  2487 W SoundTriggerHelper: Unload error: Attempting unload invalid generic model with id:12caddb1-acdb-4dce-8cb0-2e95a2313aee
07-13 15:14:43.228  1750  2487 W SoundTriggerService: error onStop(): Model 12caddb1-acdb-4dce-8cb0-2e95a2313aee has no stats available
07-13 15:14:45.825  1750  1750 V Biometrics/AcquisitionClient: Acquired: 5 0, shouldSend: true
07-13 15:14:48.433  1750  1750 V Biometrics/AcquisitionClient: Acquired: 7 0, shouldSend: true
07-13 15:14:48.571  1750  1750 V Biometrics/AcquisitionClient: Acquired: 0 0, shouldSend: true
07-13 15:14:48.572  1750  1750 V Biometrics/LoggableMonitor: Authentication latency: 140
07-13 15:14:48.572  1750  1750 V Biometrics/AuthenticationClient: onAuthenticated(true), ID:278860527, Owner: com.android.systemui, isBP: false, listener: com.android.server.biometrics.sensors.ClientMonitorCallbackConverter@cc70daa, requireConfirmation: false, user: 0, clientMonitor: {[1142] com.android.server.biometrics.sensors.fingerprint.hidl.FingerprintAuthenticationClient, proto=3, owner=com.android.systemui, cookie=0, requestId=542, userId=0}
07-13 15:14:48.572  1750  1750 W Biometrics/AuthenticationClient: Allowing background authentication, this is allowed only for platform or test invocations
07-13 15:14:48.572  1750  1750 D Biometrics/ClientMonitor: marking operation as done: {[1142] com.android.server.biometrics.sensors.fingerprint.hidl.FingerprintAuthenticationClient, proto=3, owner=com.android.systemui, cookie=0, requestId=542, userId=0}
07-13 15:14:48.576  1750  1750 D Biometrics/AuthenticationClient: addAuthToken: 0
07-13 15:14:48.576  1750  1750 D FingerprintService: Client finished, fps state updated to 0, client {[1142] com.android.server.biometrics.sensors.fingerprint.hidl.FingerprintAuthenticationClient, proto=3, owner=com.android.systemui, cookie=0, requestId=542, userId=0}
07-13 15:14:48.576  1750  1750 D BiometricSchedulerOperation: [Finished / destroy]: {[1142] com.android.server.biometrics.sensors.fingerprint.hidl.FingerprintAuthenticationClient, proto=3, owner=com.android.systemui, cookie=0, requestId=542, userId=0}
07-13 15:14:48.578  1750  1750 D BiometricScheduler/Fingerprint21: [Finishing] {[1142] com.android.server.biometrics.sensors.fingerprint.hidl.FingerprintAuthenticationClient, proto=3, owner=com.android.systemui, cookie=0, requestId=542, userId=0}, success: true
07-13 15:14:48.579  1750  1750 D BiometricCoexCoordinator: removeAuthenticationClient(OtherFp), client: {[1142] com.android.server.biometrics.sensors.fingerprint.hidl.FingerprintAuthenticationClient, proto=3, owner=com.android.systemui, cookie=0, requestId=542, userId=0}
07-13 15:14:48.579  1750  1750 D GestureAvailabilityTracker: Notifying gesture availability, active=true
07-13 15:14:48.579  1750  1750 D BiometricScheduler/Fingerprint21: No operations, returning to idle
07-13 15:14:48.593  1750  2487 D CompatibilityChangeReporter: Compat change id reported: 168419799; UID 10407; state: DISABLED
07-13 15:14:48.596  1750  4057 I ActivityTaskManager: START u0 {cmp=com.arlo.app/.main.SplashActivity (has extras)} from uid 10407
07-13 15:14:48.597  1750  4057 D CompatibilityChangeReporter: Compat change id reported: 167676448; UID 10407; state: DISABLED
07-13 15:14:48.597  1750  4057 W NotificationService: Indirect notification activity start (trampoline) from com.arlo.app, this should be avoided for performance reasons
07-13 15:14:48.601  1750  4057 W ActivityTaskManager: startActivity called from non-Activity context; forcing Intent.FLAG_ACTIVITY_NEW_TASK for: Intent { cmp=com.arlo.app/.main.SplashActivity (has extras) }
07-13 15:14:48.602  1750  4057 W ActivityTaskManager: Can't find TaskDisplayArea to determine support for multi window. Task id=49025 attached=false
07-13 15:14:48.612  1750  4057 D CompatibilityChangeReporter: Compat change id reported: 174042980; UID 10407; state: DISABLED
07-13 15:14:48.614  1750  4057 D CompatibilityChangeReporter: Compat change id reported: 184838306; UID 10407; state: DISABLED
07-13 15:14:48.615  1750  4057 D CompatibilityChangeReporter: Compat change id reported: 185004937; UID 10407; state: DISABLED
07-13 15:14:48.615  1750  4057 D CompatibilityChangeReporter: Compat change id reported: 181136395; UID 10407; state: DISABLED
07-13 15:14:48.616  1750  4057 D CompatibilityChangeReporter: Compat change id reported: 174042936; UID 10407; state: DISABLED
07-13 15:14:48.618  1750  4057 D ActivityTaskManager: Temporarily retain top process state for launching app
07-13 15:14:48.633  1750  1750 D CompatibilityChangeReporter: Compat change id reported: 175319604; UID 1000; state: ENABLED
07-13 15:14:48.664  1750  4055 I ActivityTaskManager: START u0 {flg=0x10000000 cmp=com.arlo.app/.main.MainActivity (has extras)} from uid 10407
07-13 15:14:48.665  1750  4055 W ActivityTaskManager: Can't find TaskDisplayArea to determine support for multi window. Task id=49026 attached=false
07-13 15:14:48.672  1750  4055 D ActivityTaskManager: Temporarily retain top process state for launching app
07-13 15:14:48.693  1750  2285 W ActivityTaskManager: Finishing task with all activities already finished
07-13 15:14:48.693  1750  2285 W ActivityTaskManager: Duplicate finish request for r=ActivityRecord{b516949 u0 com.arlo.app/.main.SplashActivity t49025 f}}
07-13 15:14:48.705  1750  4055 W ActivityTaskManager: Tried to set launchTime (0) < mLastActivityLaunchTime (377496693)
07-13 15:14:48.820  1750  2975 D ActivityTaskManager: Top Process State changed to PROCESS_STATE_TOP
07-13 15:14:48.820  1750  2975 D ActivityTaskManager: awakeFromSleeping: previously pausing activity didn't pause
07-13 15:14:48.891  1750  1750 W Looper  : Slow dispatch took 105ms main h=com.android.server.job.JobSchedulerService$JobHandler c=null m=1
07-13 15:14:48.892  1750  2068 D ActivityManager: sync unfroze 18221 com.google.android.webview:sandboxed_process0:org.chromium.content.app.SandboxedProcessService0:3
07-13 15:14:48.954  1750  1750 D BiometricScheduler/Fingerprint21: [Added] {[1143] com.android.server.biometrics.sensors.fingerprint.hidl.FingerprintUpdateActiveUserClient, proto=1, owner=android, cookie=0, requestId=-1, userId=0}, new queue size: 1
07-13 15:14:48.954  1750  1750 D BiometricScheduler/Fingerprint21: [Polled] {[1143] com.android.server.biometrics.sensors.fingerprint.hidl.FingerprintUpdateActiveUserClient, proto=1, owner=android, cookie=0, requestId=-1, userId=0}, State: 0
07-13 15:14:48.954  1750  1750 D BiometricScheduler/Fingerprint21: [Started] {[1143] com.android.server.biometrics.sensors.fingerprint.hidl.FingerprintUpdateActiveUserClient, proto=1, owner=android, cookie=0, requestId=-1, userId=0}
07-13 15:14:48.954  1750  1750 D FingerprintUpdateActiveUserClient: Already user: com.android.server.biometrics.sensors.fingerprint.hidl.Fingerprint21$$ExternalSyntheticLambda17@4607128, returning
07-13 15:14:48.955  1750  1750 D BiometricSchedulerOperation: [Finished / destroy]: {[1143] com.android.server.biometrics.sensors.fingerprint.hidl.FingerprintUpdateActiveUserClient, proto=1, owner=android, cookie=0, requestId=-1, userId=0}
07-13 15:14:48.955  1750  1750 V BiometricSchedulerOperation: started: {[1143] com.android.server.biometrics.sensors.fingerprint.hidl.FingerprintUpdateActiveUserClient, proto=1, owner=android, cookie=0, requestId=-1, userId=0}, State: 5
07-13 15:14:48.955  1750  1750 D BiometricScheduler/Fingerprint21: [Added] {[1144] com.android.server.biometrics.sensors.fingerprint.hidl.FingerprintAuthenticationClient, proto=3, owner=com.arlo.app, cookie=0, requestId=543, userId=0}, new queue size: 1
07-13 15:14:48.955  1750  1750 V BiometricScheduler/Fingerprint21: Not idle, current operation: {[1143] com.android.server.biometrics.sensors.fingerprint.hidl.FingerprintUpdateActiveUserClient, proto=1, owner=android, cookie=0, requestId=-1, userId=0}, State: 5
07-13 15:14:48.956 13915 13915 D FingerprintManager: Cancel fingerprint authentication requested for: 543
07-13 15:14:48.956  1750  1750 D BiometricScheduler/Fingerprint21: [Finishing] {[1143] com.android.server.biometrics.sensors.fingerprint.hidl.FingerprintUpdateActiveUserClient, proto=1, owner=android, cookie=0, requestId=-1, userId=0}, success: true
07-13 15:14:48.957  1750  1750 D BiometricScheduler/Fingerprint21: [Polled] {[1144] com.android.server.biometrics.sensors.fingerprint.hidl.FingerprintAuthenticationClient, proto=3, owner=com.arlo.app, cookie=0, requestId=543, userId=0}, State: 0
07-13 15:14:48.957  1750  1750 D GestureAvailabilityTracker: Notifying gesture availability, active=false
07-13 15:14:48.957  1750  1750 D BiometricScheduler/Fingerprint21: [Started] {[1144] com.android.server.biometrics.sensors.fingerprint.hidl.FingerprintAuthenticationClient, proto=3, owner=com.arlo.app, cookie=0, requestId=543, userId=0}
07-13 15:14:48.957  1750  1750 D BiometricCoexCoordinator: addAuthenticationClient(OtherFp), client: {[1144] com.android.server.biometrics.sensors.fingerprint.hidl.FingerprintAuthenticationClient, proto=3, owner=com.arlo.app, cookie=0, requestId=543, userId=0}
07-13 15:14:48.957  1750  1750 D FingerprintService: Fps state updated from 0 to 4, client {[1144] com.android.server.biometrics.sensors.fingerprint.hidl.FingerprintAuthenticationClient, proto=3, owner=com.arlo.app, cookie=0, requestId=543, userId=0}
07-13 15:14:48.957  1750  1786 D Fingerprint21: cancelAuthentication, sensorId: 0
07-13 15:14:48.957  1750  1750 D Biometrics/AuthenticationClient: Requesting auth for com.arlo.app
07-13 15:14:48.967  1750  3129 D ActivityManager: sync unfroze 12284 com.google.android.turboadapter
07-13 15:14:48.977  1750  3129 D CompatibilityChangeReporter: Compat change id reported: 168419799; UID 10237; state: DISABLED
07-13 15:14:49.000  1750  1750 V BiometricSchedulerOperation: started: {[1144] com.android.server.biometrics.sensors.fingerprint.hidl.FingerprintAuthenticationClient, proto=3, owner=com.arlo.app, cookie=0, requestId=543, userId=0}, State: 2
07-13 15:14:49.004  1750  1750 D BiometricScheduler/Fingerprint21: cancelAuthenticationOrDetection, requestId: 543
07-13 15:14:49.004  1750  1750 D BiometricScheduler/Fingerprint21: Cancelling auth/detect op: {[1144] com.android.server.biometrics.sensors.fingerprint.hidl.FingerprintAuthenticationClient, proto=3, owner=com.arlo.app, cookie=0, requestId=543, userId=0}, State: 2
07-13 15:14:49.004  1750  1750 D BiometricSchedulerOperation: [Cancelling] Current client: {[1144] com.android.server.biometrics.sensors.fingerprint.hidl.FingerprintAuthenticationClient, proto=3, owner=com.arlo.app, cookie=0, requestId=543, userId=0}
07-13 15:14:49.134  1750  1750 W Looper  : Slow dispatch took 130ms main h=android.os.Handler c=com.android.server.biometrics.sensors.fingerprint.hidl.Fingerprint21$$ExternalSyntheticLambda14@3b54e64 m=0
07-13 15:14:49.134  1750  1750 D BiometricScheduler/Fingerprint21: [Added] {[1145] com.android.server.biometrics.sensors.fingerprint.hidl.FingerprintUpdateActiveUserClient, proto=1, owner=android, cookie=0, requestId=-1, userId=0}, new queue size: 1
07-13 15:14:49.134  1750  1750 V BiometricScheduler/Fingerprint21: Not idle, current operation: {[1144] com.android.server.biometrics.sensors.fingerprint.hidl.FingerprintAuthenticationClient, proto=3, owner=com.arlo.app, cookie=0, requestId=543, userId=0}, State: 3
07-13 15:14:49.135  1750  1750 D BiometricScheduler/Fingerprint21: [Added] {[1146] com.android.server.biometrics.sensors.fingerprint.hidl.FingerprintAuthenticationClient, proto=3, owner=com.arlo.app, cookie=0, requestId=544, userId=0}, new queue size: 2
07-13 15:14:49.135  1750  1750 V BiometricScheduler/Fingerprint21: Not idle, current operation: {[1144] com.android.server.biometrics.sensors.fingerprint.hidl.FingerprintAuthenticationClient, proto=3, owner=com.arlo.app, cookie=0, requestId=543, userId=0}, State: 3
07-13 15:14:49.139  1750  1750 D Fingerprint21: handleError, client: FingerprintAuthenticationClient, error: 5, vendorCode: 0
07-13 15:14:49.139  1750  1750 D Biometrics/AcquisitionClient: onErrorInternal code: 5, finish: true
07-13 15:14:49.139  1750  1750 V Biometrics/LoggableMonitor: Error latency: -1
07-13 15:14:49.140  1750  1750 W Biometrics/LoggableMonitor: found a negative latency : -1
07-13 15:14:49.141  1750  1750 D FingerprintService: Client finished, fps state updated to 0, client {[1144] com.android.server.biometrics.sensors.fingerprint.hidl.FingerprintAuthenticationClient, proto=3, owner=com.arlo.app, cookie=0, requestId=543, userId=0}
07-13 15:14:49.141  1750  1750 D BiometricSchedulerOperation: [Finished / destroy]: {[1144] com.android.server.biometrics.sensors.fingerprint.hidl.FingerprintAuthenticationClient, proto=3, owner=com.arlo.app, cookie=0, requestId=543, userId=0}
07-13 15:14:49.141  1750  1750 D BiometricCoexCoordinator: shouldUsuallyVibrate: false, hapticSuppressedByCoex: false
07-13 15:14:49.182  1750  3192 W ActivityManager: Background start not allowed: service Intent { act=Orca.START cmp=com.instagram.android/com.facebook.rti.push.service.FbnsService (has extras) } to com.instagram.android/com.facebook.rti.push.service.FbnsService from pid=11678 uid=10297 pkg=com.instagram.android startFg?=false
07-13 15:14:49.228  1750  2068 W BroadcastQueue: Permission Denial: broadcasting Intent { act=com.google.android.apps.gmm.NAVIGATION_STATE flg=0x10 pkg=com.google.android.googlequicksearchbox (has extras) } from null (pid=-1, uid=-1) requires com.google.android.googlequicksearchbox.permission.LAUNCH_FROM_GMM due to registered receiver BroadcastFilter{8143918 10170/u0 ReceiverList{f3334fb 17693 com.google.android.googlequicksearchbox:search/10170/u0 remote:b0f68a}}
07-13 15:14:49.228  1750  2068 W BroadcastQueue: Permission Denial: broadcasting Intent { act=com.google.android.apps.gmm.NAVIGATION_STATE flg=0x10 pkg=com.google.android.gms (has extras) } from null (pid=-1, uid=-1) requires com.google.android.googlequicksearchbox.permission.LAUNCH_FROM_GMM due to registered receiver BroadcastFilter{8143918 10170/u0 ReceiverList{f3334fb 17693 com.google.android.googlequicksearchbox:search/10170/u0 remote:b0f68a}}
07-13 15:14:49.431  1750  1750 W Looper  : Slow dispatch took 250ms main h=android.app.ActivityThread$H c=android.app.LoadedApk$ReceiverDispatcher$Args$$ExternalSyntheticLambda0@648b520 m=0
07-13 15:14:49.431  1750  1750 W Looper  : Slow delivery took 292ms main h=android.app.ActivityThread$H c=android.app.LoadedApk$ReceiverDispatcher$Args$$ExternalSyntheticLambda0@ae50ed9 m=0
07-13 15:14:49.431  1750  1750 D BiometricScheduler/Fingerprint21: [Finishing] {[1144] com.android.server.biometrics.sensors.fingerprint.hidl.FingerprintAuthenticationClient, proto=3, owner=com.arlo.app, cookie=0, requestId=543, userId=0}, success: false
07-13 15:14:49.431  1750  1750 D BiometricCoexCoordinator: removeAuthenticationClient(OtherFp), client: {[1144] com.android.server.biometrics.sensors.fingerprint.hidl.FingerprintAuthenticationClient, proto=3, owner=com.arlo.app, cookie=0, requestId=543, userId=0}
07-13 15:14:49.431  1750  1750 D GestureAvailabilityTracker: Notifying gesture availability, active=true
07-13 15:14:49.431  1750  1750 D BiometricScheduler/Fingerprint21: [Polled] {[1145] com.android.server.biometrics.sensors.fingerprint.hidl.FingerprintUpdateActiveUserClient, proto=1, owner=android, cookie=0, requestId=-1, userId=0}, State: 0
07-13 15:14:49.431  1750  1750 D BiometricScheduler/Fingerprint21: [Started] {[1145] com.android.server.biometrics.sensors.fingerprint.hidl.FingerprintUpdateActiveUserClient, proto=1, owner=android, cookie=0, requestId=-1, userId=0}
07-13 15:14:49.431  1750  1750 D FingerprintUpdateActiveUserClient: Already user: com.android.server.biometrics.sensors.fingerprint.hidl.Fingerprint21$$ExternalSyntheticLambda17@2e3a09e, returning
07-13 15:14:49.431  1750  1750 D BiometricSchedulerOperation: [Finished / destroy]: {[1145] com.android.server.biometrics.sensors.fingerprint.hidl.FingerprintUpdateActiveUserClient, proto=1, owner=android, cookie=0, requestId=-1, userId=0}
07-13 15:14:49.431  1750  1750 V BiometricSchedulerOperation: started: {[1145] com.android.server.biometrics.sensors.fingerprint.hidl.FingerprintUpdateActiveUserClient, proto=1, owner=android, cookie=0, requestId=-1, userId=0}, State: 5
07-13 15:14:49.436  1750  2045 D ActivityManager: sync unfroze 21026 com.android.chrome:sandboxed_process0:org.chromium.content.app.SandboxedProcessService0:17
07-13 15:14:49.441  1750  2354 D CompatibilityChangeReporter: Compat change id reported: 168419799; UID 1000; state: DISABLED
07-13 15:14:49.445  1750  1750 D BiometricScheduler/Fingerprint21: [Finishing] {[1145] com.android.server.biometrics.sensors.fingerprint.hidl.FingerprintUpdateActiveUserClient, proto=1, owner=android, cookie=0, requestId=-1, userId=0}, success: true
07-13 15:14:49.445  1750  1750 D BiometricScheduler/Fingerprint21: [Polled] {[1146] com.android.server.biometrics.sensors.fingerprint.hidl.FingerprintAuthenticationClient, proto=3, owner=com.arlo.app, cookie=0, requestId=544, userId=0}, State: 0
07-13 15:14:49.445  1750  1750 D GestureAvailabilityTracker: Notifying gesture availability, active=false
07-13 15:14:49.445  1750  1750 D BiometricScheduler/Fingerprint21: [Started] {[1146] com.android.server.biometrics.sensors.fingerprint.hidl.FingerprintAuthenticationClient, proto=3, owner=com.arlo.app, cookie=0, requestId=544, userId=0}
07-13 15:14:49.445  1750  1750 D BiometricCoexCoordinator: addAuthenticationClient(OtherFp), client: {[1146] com.android.server.biometrics.sensors.fingerprint.hidl.FingerprintAuthenticationClient, proto=3, owner=com.arlo.app, cookie=0, requestId=544, userId=0}
07-13 15:14:49.445  1750  1750 D FingerprintService: Fps state updated from 0 to 4, client {[1146] com.android.server.biometrics.sensors.fingerprint.hidl.FingerprintAuthenticationClient, proto=3, owner=com.arlo.app, cookie=0, requestId=544, userId=0}
07-13 15:14:49.445  1750  1750 D Biometrics/AuthenticationClient: Requesting auth for com.arlo.app
07-13 15:14:49.446  1750  4230 W BroadcastQueue: Background execution not allowed: receiving Intent { act=android.intent.action.USER_PRESENT flg=0x24200010 } to com.android.chrome/org.chromium.chrome.browser.sharing.click_to_call.ClickToCallMessageHandler$PhoneUnlockedReceiver
07-13 15:14:49.447  1750  2068 W BroadcastQueue: Background execution not allowed: receiving Intent { act=android.intent.action.USER_PRESENT flg=0x24200010 } to com.google.android.gms/.auth.setup.devicesignals.LockScreenReceiver
07-13 15:14:49.447  1750  2068 W BroadcastQueue: Background execution not allowed: receiving Intent { act=android.intent.action.USER_PRESENT flg=0x24200010 } to com.google.android.gms/.chimera.GmsIntentOperationService$PersistentTrustedReceiver
07-13 15:14:49.448  1750  2068 W BroadcastQueue: Background execution not allowed: receiving Intent { act=android.intent.action.USER_PRESENT flg=0x24200010 } to com.asus.aihome/com.baidu.android.pushservice.PushServiceReceiver
07-13 15:14:49.450  1750  2068 W BroadcastQueue: Background execution not allowed: receiving Intent { act=android.intent.action.USER_PRESENT flg=0x24200010 } to com.instagram.android/com.instagram.push.FbnsInitBroadcastReceiver
07-13 15:14:49.450  1750  2068 W BroadcastQueue: Background execution not allowed: receiving Intent { act=android.intent.action.USER_PRESENT flg=0x24200010 } to com.zhiliaoapp.musically/com.ss.android.push.window.oppo.ScreenReceiver
07-13 15:14:49.450  1750  2068 W BroadcastQueue: Background execution not allowed: receiving Intent { act=android.intent.action.USER_PRESENT flg=0x24200010 } to de.android.telnet2/.MyWidgetProviderMobile11
07-13 15:14:49.450  1750  2068 W BroadcastQueue: Background execution not allowed: receiving Intent { act=android.intent.action.USER_PRESENT flg=0x24200010 } to de.android.telnet2/.MyWidgetProviderMobile21
07-13 15:14:49.450  1750  2068 W BroadcastQueue: Background execution not allowed: receiving Intent { act=android.intent.action.USER_PRESENT flg=0x24200010 } to de.android.telnet2/.MyWidgetProviderMobile22
07-13 15:14:49.450  1750  2068 W BroadcastQueue: Background execution not allowed: receiving Intent { act=android.intent.action.USER_PRESENT flg=0x24200010 } to de.android.telnet2/.MyWidgetProviderWifi11
07-13 15:14:49.451  1750  2068 W BroadcastQueue: Background execution not allowed: receiving Intent { act=android.intent.action.USER_PRESENT flg=0x24200010 } to de.android.telnet2/.MyWidgetProviderWifi21
07-13 15:14:49.451  1750  2068 W BroadcastQueue: Background execution not allowed: receiving Intent { act=android.intent.action.USER_PRESENT flg=0x24200010 } to de.android.telnet2/.MyWidgetProviderWifi22
07-13 15:14:49.457  1750  1750 V BiometricSchedulerOperation: started: {[1146] com.android.server.biometrics.sensors.fingerprint.hidl.FingerprintAuthenticationClient, proto=3, owner=com.arlo.app, cookie=0, requestId=544, userId=0}, State: 2
07-13 15:14:49.458  1750  1750 W Looper  : Drained
07-13 15:14:49.627  1750  2975 W ProcessStats: Tracking association SourceState{584cdb3 system/1000 BTopFgs #2127527} whose proc state 2 is better than process ProcessState{baa4f70 net.dinglisch.android.taskerm/10289 pkg=net.dinglisch.android.taskerm} proc state 3 (196 skipped)
07-13 15:14:50.255  1750  1750 V Biometrics/AcquisitionClient: Acquired: 7 0, shouldSend: true
07-13 15:14:50.345  1750  1750 V Biometrics/AcquisitionClient: Acquired: 0 0, shouldSend: true
07-13 15:14:50.346  1750  1750 V Biometrics/LoggableMonitor: Authentication latency: 91
07-13 15:14:50.346  1750  1750 V Biometrics/AuthenticationClient: onAuthenticated(true), ID:278860527, Owner: com.arlo.app, isBP: false, listener: com.android.server.biometrics.sensors.ClientMonitorCallbackConverter@94ecc67, requireConfirmation: false, user: 0, clientMonitor: {[1146] com.android.server.biometrics.sensors.fingerprint.hidl.FingerprintAuthenticationClient, proto=3, owner=com.arlo.app, cookie=0, requestId=544, userId=0}
07-13 15:14:50.347  1750  1750 D Biometrics/ClientMonitor: marking operation as done: {[1146] com.android.server.biometrics.sensors.fingerprint.hidl.FingerprintAuthenticationClient, proto=3, owner=com.arlo.app, cookie=0, requestId=544, userId=0}
07-13 15:14:50.351  1750  1750 D Biometrics/AuthenticationClient: addAuthToken: 0
07-13 15:14:50.351  1750  1750 D FingerprintService: Client finished, fps state updated to 0, client {[1146] com.android.server.biometrics.sensors.fingerprint.hidl.FingerprintAuthenticationClient, proto=3, owner=com.arlo.app, cookie=0, requestId=544, userId=0}
07-13 15:14:50.351  1750  1750 D BiometricSchedulerOperation: [Finished / destroy]: {[1146] com.android.server.biometrics.sensors.fingerprint.hidl.FingerprintAuthenticationClient, proto=3, owner=com.arlo.app, cookie=0, requestId=544, userId=0}
07-13 15:14:50.353  1750  1750 D BiometricScheduler/Fingerprint21: [Finishing] {[1146] com.android.server.biometrics.sensors.fingerprint.hidl.FingerprintAuthenticationClient, proto=3, owner=com.arlo.app, cookie=0, requestId=544, userId=0}, success: true
07-13 15:14:50.353  1750  1750 D BiometricCoexCoordinator: removeAuthenticationClient(OtherFp), client: {[1146] com.android.server.biometrics.sensors.fingerprint.hidl.FingerprintAuthenticationClient, proto=3, owner=com.arlo.app, cookie=0, requestId=544, userId=0}
07-13 15:14:50.353  1750  1750 D GestureAvailabilityTracker: Notifying gesture availability, active=true
07-13 15:14:50.353  1750  1750 D BiometricScheduler/Fingerprint21: No operations, returning to idle
07-13 15:14:50.886 13915 13915 D FingerprintManager: Cancel fingerprint authentication requested for: 544
07-13 15:14:50.886  1750  4057 D Fingerprint21: cancelAuthentication, sensorId: 0
07-13 15:14:50.887  1750  1750 D BiometricScheduler/Fingerprint21: cancelAuthenticationOrDetection, requestId: 544
07-13 15:14:51.710  1750  4057 I ActivityTaskManager: START u0 {flg=0x10000000 cmp=com.arlo.app/.main.MainScreenActivity (has extras)} from uid 10407
07-13 15:14:51.727  1750  4230 W ContextImpl: Calling a method in the system process without a qualified user: android.app.ContextImpl.sendBroadcastMultiplePermissions:1214 com.android.server.TelephonyRegistry.broadcastServiceStateChanged:2911 com.android.server.TelephonyRegistry.notifyServiceStateForPhoneId:1613 com.android.internal.telephony.ITelephonyRegistry$Stub.onTransact:455 android.os.Binder.execTransactInternal:1179 
07-13 15:14:51.727  1750  2068 W BroadcastQueue: Permission Denial: receiving Intent { act=android.intent.action.SERVICE_STATE flg=0x1000010 (has extras) } to ProcessRecord{b767ac8 2380:com.android.systemui/u0a245} (pid=2380, uid=10245) requires android.permission.READ_PHONE_STATE due to sender android (uid 1001)
07-13 15:14:51.728  1750  4230 W ContextImpl: Calling a method in the system process without a qualified user: android.app.ContextImpl.sendBroadcastMultiplePermissions:1264 com.android.server.TelephonyRegistry.broadcastServiceStateChanged:2914 com.android.server.TelephonyRegistry.notifyServiceStateForPhoneId:1613 com.android.internal.telephony.ITelephonyRegistry$Stub.onTransact:455 android.os.Binder.execTransactInternal:1179 
07-13 15:14:51.728  1750  2068 W BroadcastQueue: Permission Denial: receiving Intent { act=android.intent.action.SERVICE_STATE flg=0x1000010 (has extras) } to ProcessRecord{9c88137 5094:com.google.android.wearable.app:background/u0a552} (pid=5094, uid=10552) requires android.permission.READ_PHONE_STATE due to sender android (uid 1001)
07-13 15:14:51.728  1750  2068 W BroadcastQueue: Permission Denial: receiving Intent { act=android.intent.action.SERVICE_STATE flg=0x1000010 (has extras) } to com.google.android.cellbroadcastreceiver/com.android.cellbroadcastreceiver.CellBroadcastReceiver requires android.permission.READ_PHONE_STATE due to sender android (uid 1001)
07-13 15:14:51.729  1750  2068 W BroadcastQueue: Permission Denial: receiving Intent { act=android.intent.action.SERVICE_STATE flg=0x1000010 (has extras) } to ProcessRecord{b767ac8 2380:com.android.systemui/u0a245} (pid=2380, uid=10245) requires android.permission.ACCESS_FINE_LOCATION due to sender android (uid 1001)
07-13 15:14:51.729  1750  2068 W BroadcastQueue: Permission Denial: receiving Intent { act=android.intent.action.SERVICE_STATE flg=0x1000010 (has extras) } to ProcessRecord{9c88137 5094:com.google.android.wearable.app:background/u0a552} (pid=5094, uid=10552) requires android.permission.READ_PRIVILEGED_PHONE_STATE due to sender android (uid 1001)
07-13 15:14:51.729  1750  4230 W ContextImpl: Calling a method in the system process without a qualified user: android.app.ContextImpl.sendBroadcastMultiplePermissions:1264 com.android.server.TelephonyRegistry.broadcastServiceStateChanged:2923 com.android.server.TelephonyRegistry.notifyServiceStateForPhoneId:1613 com.android.internal.telephony.ITelephonyRegistry$Stub.onTransact:455 android.os.Binder.execTransactInternal:1179 
07-13 15:14:51.729  1750  2068 W BroadcastQueue: Permission Denial: receiving Intent { act=android.intent.action.SERVICE_STATE flg=0x1000010 (has extras) } to com.google.android.cellbroadcastreceiver/com.android.cellbroadcastreceiver.CellBroadcastReceiver requires android.permission.ACCESS_FINE_LOCATION due to sender android (uid 1001)
07-13 15:14:51.730  1750  2068 W BroadcastQueue: Permission Denial: receiving Intent { act=android.intent.action.SERVICE_STATE flg=0x1000010 (has extras) } to ProcessRecord{b767ac8 2380:com.android.systemui/u0a245} (pid=2380, uid=10245) requires android.permission.READ_PHONE_STATE due to sender android (uid 1001)
07-13 15:14:51.730  1750  4230 W ContextImpl: Calling a method in the system process without a qualified user: android.app.ContextImpl.sendBroadcastMultiplePermissions:1264 com.android.server.TelephonyRegistry.broadcastServiceStateChanged:2926 com.android.server.TelephonyRegistry.notifyServiceStateForPhoneId:1613 com.android.internal.telephony.ITelephonyRegistry$Stub.onTransact:455 android.os.Binder.execTransactInternal:1179 
07-13 15:14:51.731  1750  2068 W BroadcastQueue: Permission Denial: receiving Intent { act=android.intent.action.SERVICE_STATE flg=0x1000010 (has extras) } to ProcessRecord{9c88137 5094:com.google.android.wearable.app:background/u0a552} (pid=5094, uid=10552) requires android.permission.READ_PHONE_STATE due to sender android (uid 1001)
07-13 15:14:51.731  1750  2068 W BroadcastQueue: Permission Denial: receiving Intent { act=android.intent.action.SERVICE_STATE flg=0x1000010 (has extras) } to com.google.android.cellbroadcastreceiver/com.android.cellbroadcastreceiver.CellBroadcastReceiver requires android.permission.READ_PHONE_STATE due to sender android (uid 1001)
07-13 15:14:51.732  1750  2068 W BroadcastQueue: Permission Denial: receiving Intent { act=android.intent.action.SERVICE_STATE flg=0x1000010 (has extras) } to ProcessRecord{9c88137 5094:com.google.android.wearable.app:background/u0a552} (pid=5094, uid=10552) requires android.permission.READ_PRIVILEGED_PHONE_STATE due to sender android (uid 1001)
07-13 15:14:51.739  1750  2068 D CompatibilityChangeReporter: Compat change id reported: 168419799; UID 10252; state: DISABLED
07-13 15:14:51.740  1750  4055 W ActivityTaskManager: Tried to set launchTime (0) < mLastActivityLaunchTime (377496779)
07-13 15:14:51.747  1750  2045 V WindowManager: Unknown focus tokens, dropping reportFocusChanged
07-13 15:14:51.792  1750  1750 D CompatibilityChangeReporter: Compat change id reported: 135634846; UID 10296; state: DISABLED
07-13 15:14:51.792  1750  1750 D CompatibilityChangeReporter: Compat change id reported: 177438394; UID 10296; state: DISABLED
07-13 15:14:51.792  1750  1750 D CompatibilityChangeReporter: Compat change id reported: 135772972; UID 10296; state: DISABLED
