07-10 22:34:29.011  1750  4232 W BroadcastQueue: Background execution not allowed: receiving Intent { act=android.bluetooth.device.action.UUID flg=0x10 (has extras) } to com.google.android.gms/.chimera.GmsIntentOperationService$PersistentTrustedReceiver
07-10 22:34:29.038  1750  2068 W BroadcastQueue: Background execution not allowed: receiving Intent { act=android.bluetooth.device.action.UUID flg=0x10 (has extras) } to com.google.android.googlequicksearchbox/com.google.android.apps.gsa.broadcastreceiver.external.ExternalCommonBroadcastReceiver
07-10 22:34:29.039  1750  2068 W BroadcastQueue: Background execution not allowed: receiving Intent { act=android.bluetooth.device.action.UUID flg=0x10 (has extras) } to com.google.android.projection.gearhead/com.google.android.apps.auto.carservice.gmscorecompat.CarBluetoothReceiver
07-10 22:34:29.039  1750  2068 W BroadcastQueue: Background execution not allowed: receiving Intent { act=android.bluetooth.device.action.UUID flg=0x10 (has extras) } to com.google.android.gms/.chimera.GmsIntentOperationService$PersistentTrustedReceiver
07-10 22:34:29.047  1750  2068 W BroadcastQueue: Background execution not allowed: receiving Intent { act=android.bluetooth.device.action.UUID flg=0x10 (has extras) } to com.google.android.googlequicksearchbox/com.google.android.apps.gsa.broadcastreceiver.external.ExternalCommonBroadcastReceiver
07-10 22:34:29.047  1750  2068 W BroadcastQueue: Background execution not allowed: receiving Intent { act=android.bluetooth.device.action.UUID flg=0x10 (has extras) } to com.google.android.projection.gearhead/com.google.android.apps.auto.carservice.gmscorecompat.CarBluetoothReceiver
07-10 22:34:29.082  1750  1750 I Telecom : BluetoothDeviceManager: Got BluetoothHeadset: com.android.server.telecom.BluetoothHeadsetProxy@6c8cb7d: BMSL.oSC@mBo
07-10 22:34:29.099  1750  1750 I Telecom : BluetoothDeviceManager: Got BluetoothHearingAid: android.bluetooth.BluetoothHearingAid@5673861: BMSL.oSC@mBs
07-10 22:34:29.106  1750  2043 W Looper  : Drained
07-10 22:34:29.148  1750  4232 I ContentCaptureManagerService: Data share request accepted by Content Capture service
07-10 22:34:29.150  1750  3129 I ContentCaptureManagerService: Data share request accepted by Content Capture service
07-10 22:34:29.251  1750  1787 W BroadcastQueue: Background execution not allowed: receiving Intent { act=android.bluetooth.device.action.UUID flg=0x10 (has extras) } to com.google.android.gms/.chimera.GmsIntentOperationService$PersistentTrustedReceiver
07-10 22:34:29.256  1750  2068 W BroadcastQueue: Background execution not allowed: receiving Intent { act=android.bluetooth.device.action.UUID flg=0x10 (has extras) } to com.google.android.googlequicksearchbox/com.google.android.apps.gsa.broadcastreceiver.external.ExternalCommonBroadcastReceiver
07-10 22:34:29.256  1750  2068 W BroadcastQueue: Background execution not allowed: receiving Intent { act=android.bluetooth.device.action.UUID flg=0x10 (has extras) } to com.google.android.projection.gearhead/com.google.android.apps.auto.carservice.gmscorecompat.CarBluetoothReceiver
07-10 22:34:29.256  1750  2068 W BroadcastQueue: Background execution not allowed: receiving Intent { act=android.bluetooth.device.action.UUID flg=0x10 (has extras) } to com.google.android.gms/.chimera.GmsIntentOperationService$PersistentTrustedReceiver
07-10 22:34:29.256  1750  2068 W BroadcastQueue: Background execution not allowed: receiving Intent { act=android.bluetooth.device.action.UUID flg=0x10 (has extras) } to com.google.android.googlequicksearchbox/com.google.android.apps.gsa.broadcastreceiver.external.ExternalCommonBroadcastReceiver
07-10 22:34:29.256  1750  2068 W BroadcastQueue: Background execution not allowed: receiving Intent { act=android.bluetooth.device.action.UUID flg=0x10 (has extras) } to com.google.android.projection.gearhead/com.google.android.apps.auto.carservice.gmscorecompat.CarBluetoothReceiver
07-10 22:34:29.256  1750  2068 W BroadcastQueue: Background execution not allowed: receiving Intent { act=android.bluetooth.device.action.UUID flg=0x10 (has extras) } to com.google.android.gms/.chimera.GmsIntentOperationService$PersistentTrustedReceiver
07-10 22:34:29.257  1750  2068 W BroadcastQueue: Background execution not allowed: receiving Intent { act=android.bluetooth.device.action.UUID flg=0x10 (has extras) } to com.google.android.googlequicksearchbox/com.google.android.apps.gsa.broadcastreceiver.external.ExternalCommonBroadcastReceiver
07-10 22:34:29.257  1750  2068 W BroadcastQueue: Background execution not allowed: receiving Intent { act=android.bluetooth.device.action.UUID flg=0x10 (has extras) } to com.google.android.projection.gearhead/com.google.android.apps.auto.carservice.gmscorecompat.CarBluetoothReceiver
07-10 22:34:29.509  1750  2042 D CompanionDeviceManagerService: onPackageModified(packageName = com.android.bluetooth)
07-10 22:34:29.565  1750  1750 I Telecom : DefaultDialerCache: Refreshing default dialer for user 0: now com.google.android.dialer: DDC.oR@mBw
07-10 22:34:29.565  1750  1750 I Telecom : DefaultDialerCache: Refreshing default dialer for user 11: now com.google.android.dialer: DDC.oR@mBw
07-10 22:34:29.591  1750  2497 I CompanionDeviceManagerService: Updating associations: {Association { userId = 0, deviceMacAddress = D0:1B:49:3F:0E:CB, packageName = com.samsung.android.waterplugin, deviceProfile = null, notifyOnDeviceNearby = false, timeApprovedMs = Thu Jul 07 14:43:08 EDT 2022 }, Association { userId = 0, deviceMacAddress = 08:BF:A0:F6:23:8D, packageName = com.samsung.android.gearnplugin, deviceProfile = null, notifyOnDeviceNearby = false, timeApprovedMs = Wed Dec 31 19:00:00 EST 1969 }}  -->  {Association { userId = 0, deviceMacAddress = D0:1B:49:3F:0E:CB, packageName = com.samsung.android.waterplugin, deviceProfile = null, notifyOnDeviceNearby = true, timeApprovedMs = Thu Jul 07 14:43:08 EDT 2022 }, Association { userId = 0, deviceMacAddress = 08:BF:A0:F6:23:8D, packageName = com.samsung.android.gearnplugin, deviceProfile = null, notifyOnDeviceNearby = false, timeApprovedMs = Wed Dec 31 19:00:00 EST 1969 }}
07-10 22:34:29.601  1750  2062 I CompanionDeviceManagerService: Writing associations to disk: {Association { userId = 0, deviceMacAddress = D0:1B:49:3F:0E:CB, packageName = com.samsung.android.waterplugin, deviceProfile = null, notifyOnDeviceNearby = true, timeApprovedMs = Thu Jul 07 14:43:08 EDT 2022 }, Association { userId = 0, deviceMacAddress = 08:BF:A0:F6:23:8D, packageName = com.samsung.android.gearnplugin, deviceProfile = null, notifyOnDeviceNearby = false, timeApprovedMs = Wed Dec 31 19:00:00 EST 1969 }}
07-10 22:34:29.607  1750  2497 I CompanionDeviceManagerService: startBleScan()
07-10 22:34:29.608  1750  4246 I CompanionDeviceManagerService: Updating associations: {Association { userId = 0, deviceMacAddress = D0:1B:49:3F:0E:CB, packageName = com.samsung.android.waterplugin, deviceProfile = null, notifyOnDeviceNearby = true, timeApprovedMs = Thu Jul 07 14:43:08 EDT 2022 }, Association { userId = 0, deviceMacAddress = 08:BF:A0:F6:23:8D, packageName = com.samsung.android.gearnplugin, deviceProfile = null, notifyOnDeviceNearby = false, timeApprovedMs = Wed Dec 31 19:00:00 EST 1969 }}  -->  {Association { userId = 0, deviceMacAddress = D0:1B:49:3F:0E:CB, packageName = com.samsung.android.waterplugin, deviceProfile = null, notifyOnDeviceNearby = true, timeApprovedMs = Thu Jul 07 14:43:08 EDT 2022 }, Association { userId = 0, deviceMacAddress = 08:BF:A0:F6:23:8D, packageName = com.samsung.android.gearnplugin, deviceProfile = null, notifyOnDeviceNearby = false, timeApprovedMs = Wed Dec 31 19:00:00 EST 1969 }}
07-10 22:34:29.608  1750  2062 I CompanionDeviceManagerService: Writing associations to disk: {Association { userId = 0, deviceMacAddress = D0:1B:49:3F:0E:CB, packageName = com.samsung.android.waterplugin, deviceProfile = null, notifyOnDeviceNearby = true, timeApprovedMs = Thu Jul 07 14:43:08 EDT 2022 }, Association { userId = 0, deviceMacAddress = 08:BF:A0:F6:23:8D, packageName = com.samsung.android.gearnplugin, deviceProfile = null, notifyOnDeviceNearby = false, timeApprovedMs = Wed Dec 31 19:00:00 EST 1969 }}
07-10 22:34:29.610  1750  4085 D CompatibilityChangeReporter: Compat change id reported: 135634846; UID 10334; state: DISABLED
07-10 22:34:29.610  1750  4085 D CompatibilityChangeReporter: Compat change id reported: 177438394; UID 10334; state: DISABLED
07-10 22:34:29.610  1750  4085 D CompatibilityChangeReporter: Compat change id reported: 135772972; UID 10334; state: DISABLED
07-10 22:34:29.610  1750  4085 D CompatibilityChangeReporter: Compat change id reported: 135754954; UID 10334; state: ENABLED
07-10 22:34:29.611  1750  2069 D CompatibilityChangeReporter: Compat change id reported: 143937733; UID 10334; state: ENABLED
07-10 22:34:29.654  1750  2069 I ActivityManager: Start proc 22493:com.samsung.android.app.watchmanager:contentprovider/u0a334 for content provider {com.samsung.android.app.watchmanager/com.samsung.android.app.twatchmanager.contentprovider.BaseContentProvider}
07-10 22:34:29.708  1750  4848 W BroadcastQueue: Background execution not allowed: receiving Intent { act=android.bluetooth.device.action.UUID flg=0x10 (has extras) } to com.google.android.gms/.chimera.GmsIntentOperationService$PersistentTrustedReceiver
07-10 22:34:29.728  1750  2068 W BroadcastQueue: Background execution not allowed: receiving Intent { act=android.bluetooth.device.action.UUID flg=0x10 (has extras) } to com.google.android.googlequicksearchbox/com.google.android.apps.gsa.broadcastreceiver.external.ExternalCommonBroadcastReceiver
07-10 22:34:29.728  1750  2068 W BroadcastQueue: Background execution not allowed: receiving Intent { act=android.bluetooth.device.action.UUID flg=0x10 (has extras) } to com.google.android.projection.gearhead/com.google.android.apps.auto.carservice.gmscorecompat.CarBluetoothReceiver
07-10 22:34:29.728  1750  2068 W BroadcastQueue: Background execution not allowed: receiving Intent { act=android.bluetooth.device.action.UUID flg=0x10 (has extras) } to com.google.android.gms/.chimera.GmsIntentOperationService$PersistentTrustedReceiver
07-10 22:34:29.728  1750  2068 W BroadcastQueue: Background execution not allowed: receiving Intent { act=android.bluetooth.device.action.UUID flg=0x10 (has extras) } to com.google.android.googlequicksearchbox/com.google.android.apps.gsa.broadcastreceiver.external.ExternalCommonBroadcastReceiver
07-10 22:34:29.729  1750  4246 I CompanionDeviceManagerService: startBleScan()
07-10 22:34:29.733  1750  2068 W BroadcastQueue: Background execution not allowed: receiving Intent { act=android.bluetooth.device.action.UUID flg=0x10 (has extras) } to com.google.android.projection.gearhead/com.google.android.apps.auto.carservice.gmscorecompat.CarBluetoothReceiver
07-10 22:34:29.734  1750  2068 W BroadcastQueue: Background execution not allowed: receiving Intent { act=android.bluetooth.adapter.action.STATE_CHANGED flg=0x4000010 (has extras) } to com.google.android.gms/.chimera.GmsIntentOperationService$PersistentTrustedReceiver
07-10 22:34:29.734  1750  2068 W BroadcastQueue: Background execution not allowed: receiving Intent { act=android.bluetooth.adapter.action.STATE_CHANGED flg=0x4000010 (has extras) } to com.pandora.android/.api.bluetooth.AutoStartReceiver
07-10 22:34:29.734  1750  2068 W BroadcastQueue: Background execution not allowed: receiving Intent { act=android.bluetooth.adapter.action.STATE_CHANGED flg=0x4000010 (has extras) } to com.thehomedepot/com.pointrlabs.core.receiver.StartupBroadcastReceiver
07-10 22:34:29.734  1750  2068 W BroadcastQueue: Background execution not allowed: receiving Intent { act=android.bluetooth.device.action.UUID flg=0x10 (has extras) } to com.google.android.gms/.chimera.GmsIntentOperationService$PersistentTrustedReceiver
07-10 22:34:29.735  1750  2068 W BroadcastQueue: Background execution not allowed: receiving Intent { act=android.bluetooth.device.action.UUID flg=0x10 (has extras) } to com.google.android.googlequicksearchbox/com.google.android.apps.gsa.broadcastreceiver.external.ExternalCommonBroadcastReceiver
07-10 22:34:29.735  1750  2068 W BroadcastQueue: Background execution not allowed: receiving Intent { act=android.bluetooth.device.action.UUID flg=0x10 (has extras) } to com.google.android.projection.gearhead/com.google.android.apps.auto.carservice.gmscorecompat.CarBluetoothReceiver
07-10 22:34:29.735  1750  2068 W BroadcastQueue: Background execution not allowed: receiving Intent { act=android.bluetooth.device.action.UUID flg=0x10 (has extras) } to com.google.android.gms/.chimera.GmsIntentOperationService$PersistentTrustedReceiver
07-10 22:34:29.735  1750  2068 W BroadcastQueue: Background execution not allowed: receiving Intent { act=android.bluetooth.device.action.UUID flg=0x10 (has extras) } to com.google.android.googlequicksearchbox/com.google.android.apps.gsa.broadcastreceiver.external.ExternalCommonBroadcastReceiver
07-10 22:34:29.735  1750  2068 W BroadcastQueue: Background execution not allowed: receiving Intent { act=android.bluetooth.device.action.UUID flg=0x10 (has extras) } to com.google.android.projection.gearhead/com.google.android.apps.auto.carservice.gmscorecompat.CarBluetoothReceiver
07-10 22:34:29.735  1750  2068 W BroadcastQueue: Background execution not allowed: receiving Intent { act=android.bluetooth.device.action.UUID flg=0x10 (has extras) } to com.google.android.gms/.chimera.GmsIntentOperationService$PersistentTrustedReceiver
07-10 22:34:29.735  1750  2068 W BroadcastQueue: Background execution not allowed: receiving Intent { act=android.bluetooth.device.action.UUID flg=0x10 (has extras) } to com.google.android.googlequicksearchbox/com.google.android.apps.gsa.broadcastreceiver.external.ExternalCommonBroadcastReceiver
07-10 22:34:29.736  1750  2068 W BroadcastQueue: Background execution not allowed: receiving Intent { act=android.bluetooth.device.action.UUID flg=0x10 (has extras) } to com.google.android.projection.gearhead/com.google.android.apps.auto.carservice.gmscorecompat.CarBluetoothReceiver
07-10 22:34:29.736  1750  2068 W BroadcastQueue: Background execution not allowed: receiving Intent { act=android.bluetooth.device.action.UUID flg=0x10 (has extras) } to com.google.android.gms/.chimera.GmsIntentOperationService$PersistentTrustedReceiver
07-10 22:34:29.736  1750  2068 W BroadcastQueue: Background execution not allowed: receiving Intent { act=android.bluetooth.device.action.UUID flg=0x10 (has extras) } to com.google.android.googlequicksearchbox/com.google.android.apps.gsa.broadcastreceiver.external.ExternalCommonBroadcastReceiver
07-10 22:34:29.736  1750  2068 W BroadcastQueue: Background execution not allowed: receiving Intent { act=android.bluetooth.device.action.UUID flg=0x10 (has extras) } to com.google.android.projection.gearhead/com.google.android.apps.auto.carservice.gmscorecompat.CarBluetoothReceiver
07-10 22:34:29.736  1750  2068 W BroadcastQueue: Background execution not allowed: receiving Intent { act=android.bluetooth.device.action.UUID flg=0x10 (has extras) } to com.google.android.gms/.chimera.GmsIntentOperationService$PersistentTrustedReceiver
07-10 22:34:29.736  1750  2068 W BroadcastQueue: Background execution not allowed: receiving Intent { act=android.bluetooth.device.action.UUID flg=0x10 (has extras) } to com.google.android.googlequicksearchbox/com.google.android.apps.gsa.broadcastreceiver.external.ExternalCommonBroadcastReceiver
07-10 22:34:29.747  1750  2068 W BroadcastQueue: Background execution not allowed: receiving Intent { act=android.bluetooth.device.action.UUID flg=0x10 (has extras) } to com.google.android.projection.gearhead/com.google.android.apps.auto.carservice.gmscorecompat.CarBluetoothReceiver
07-10 22:34:29.796  1750  1750 D CompanionDeviceManagerService: onDeviceConnected(address = D0:1B:49:3F:0E:CB)
07-10 22:34:29.796  1750  1750 I CompanionDeviceManagerService: onDeviceNearby(justAppeared, address = D0:1B:49:3F:0E:CB)
07-10 22:34:29.796  1750  1750 I CompanionDeviceManagerService: Sending onDeviceAppeared to com.samsung.android.waterplugin)
07-10 22:34:29.819  1750  2042 W Looper  : Slow delivery took 203ms android.fg h=android.os.Handler c=<recycled PooledLambda@1df6235> m=0
07-10 22:34:29.861  1750  4058 D CompatibilityChangeReporter: Compat change id reported: 135634846; UID 10279; state: DISABLED
07-10 22:34:29.861  1750  4058 D CompatibilityChangeReporter: Compat change id reported: 177438394; UID 10279; state: DISABLED
07-10 22:34:29.862  1750  4058 D CompatibilityChangeReporter: Compat change id reported: 135772972; UID 10279; state: DISABLED
07-10 22:34:29.862  1750  4058 D CompatibilityChangeReporter: Compat change id reported: 135754954; UID 10279; state: ENABLED
07-10 22:34:29.862  1750  2069 D CompatibilityChangeReporter: Compat change id reported: 143937733; UID 10279; state: ENABLED
07-10 22:34:29.915  1750  2069 W ActivityManager: Slow operation: 53ms so far, now at startProcess: done updating battery stats
07-10 22:34:29.915  1750  2069 W ActivityManager: Slow operation: 54ms so far, now at startProcess: building log message
07-10 22:34:29.915  1750  2069 I ActivityManager: Start proc 22542:com.microsoft.office.onenote/u0a279 for service {com.microsoft.office.onenote/com.microsoft.office.onenote.wear.OneNoteService}
07-10 22:34:29.915  1750  2069 W ActivityManager: Slow operation: 54ms so far, now at startProcess: starting to update pids map
07-10 22:34:29.915  1750  2069 W ActivityManager: Slow operation: 54ms so far, now at startProcess: done updating pids map
07-10 22:34:30.008  1750  2042 W Looper  : Drained
07-10 22:34:30.069  1750  2043 W Looper  : Slow delivery took 210ms android.ui h=com.android.server.am.ActivityManagerService$UiHandler c=null m=68
07-10 22:34:30.078  1750  2043 W Looper  : Drained
07-10 22:34:30.188  1750  2045 I DisplayDeviceRepository: Display device changed: DisplayDeviceInfo{"Built-in Screen": uniqueId="local:4630946523002478721", 1080 x 2340, modeId 1, defaultModeId 1, supportedModes [{id=1, width=1080, height=2340, fps=60.000004, alternativeRefreshRates=[90.0]}, {id=2, width=1080, height=2340, fps=90.0, alternativeRefreshRates=[60.000004]}], colorMode 0, supportedColorModes [0, 7, 9], hdrCapabilities HdrCapabilities{mSupportedHdrTypes=[2, 3], mMaxLuminance=500.0, mMaxAverageLuminance=500.0, mMinLuminance=0.0}, allmSupported false, gameContentTypeSupported false, density 440, 435.428 x 433.839 dpi, appVsyncOff 2333332, presDeadline 11500000, cutout DisplayCutout{insets=Rect(0, 136 - 0, 0) waterfall=Insets{left=0, top=0, right=0, bottom=0} boundingRect={Bounds=[Rect(0, 0 - 0, 0), Rect(0, 0 - 145, 136), Rect(0, 0 - 0, 0), Rect(0, 0 - 0, 0)]} cutoutPathParserInfo={CutoutPathParserInfo{displayWidth=1080 displayHeight=2340 density={2.75} cutoutSpec={M 41,77 a 40,40 0 1 0 80,0 40,40 0 1 0 -80,0 Z @left} rotation={0} scale={1.0}}}}, touch INTERNAL, rotation 0, type INTERNAL, address {port=129, model=0x40446d53ad64a0}, deviceProductInfo DeviceProductInfo{name=, manufacturerPnpId=QCM, productId=1, modelYear=null, manufactureDate=ManufactureDate{week=27, year=2006}, connectionToSinkType=0}, state ON, frameRateOverride , brightnessMinimum 0.0, brightnessMaximum 1.0, brightnessDefault 0.2901961, roundedCorners RoundedCorners{[RoundedCorner{position=TopLeft, radius=108, center=Point(108, 108)}, RoundedCorner{position=TopRight, radius=108, center=Point(972, 108)}, RoundedCorner{position=BottomRight, radius=108, center=Point(972, 2232)}, RoundedCorner{position=BottomLeft, radius=108, center=Point(108, 2232)}]}, FLAG_DEFAULT_DISPLAY, FLAG_ROTATES_WITH_CONTENT, FLAG_SECURE, FLAG_SUPPORTS_PROTECTED_BUFFERS}
07-10 22:34:30.273  1750  2045 I DisplayDeviceRepository: Display device changed: DisplayDeviceInfo{"Built-in Screen": uniqueId="local:4630946523002478721", 1080 x 2340, modeId 2, defaultModeId 1, supportedModes [{id=1, width=1080, height=2340, fps=60.000004, alternativeRefreshRates=[90.0]}, {id=2, width=1080, height=2340, fps=90.0, alternativeRefreshRates=[60.000004]}], colorMode 0, supportedColorModes [0, 7, 9], hdrCapabilities HdrCapabilities{mSupportedHdrTypes=[2, 3], mMaxLuminance=500.0, mMaxAverageLuminance=500.0, mMinLuminance=0.0}, allmSupported false, gameContentTypeSupported false, density 440, 435.428 x 433.839 dpi, appVsyncOff 2333333, presDeadline 11500000, cutout DisplayCutout{insets=Rect(0, 136 - 0, 0) waterfall=Insets{left=0, top=0, right=0, bottom=0} boundingRect={Bounds=[Rect(0, 0 - 0, 0), Rect(0, 0 - 145, 136), Rect(0, 0 - 0, 0), Rect(0, 0 - 0, 0)]} cutoutPathParserInfo={CutoutPathParserInfo{displayWidth=1080 displayHeight=2340 density={2.75} cutoutSpec={M 41,77 a 40,40 0 1 0 80,0 40,40 0 1 0 -80,0 Z @left} rotation={0} scale={1.0}}}}, touch INTERNAL, rotation 0, type INTERNAL, address {port=129, model=0x40446d53ad64a0}, deviceProductInfo DeviceProductInfo{name=, manufacturerPnpId=QCM, productId=1, modelYear=null, manufactureDate=ManufactureDate{week=27, year=2006}, connectionToSinkType=0}, state ON, frameRateOverride , brightnessMinimum 0.0, brightnessMaximum 1.0, brightnessDefault 0.2901961, roundedCorners RoundedCorners{[RoundedCorner{position=TopLeft, radius=108, center=Point(108, 108)}, RoundedCorner{position=TopRight, radius=108, center=Point(972, 108)}, RoundedCorner{position=BottomRight, radius=108, center=Point(972, 2232)}, RoundedCorner{position=BottomLeft, radius=108, center=Point(108, 2232)}]}, FLAG_DEFAULT_DISPLAY, FLAG_ROTATES_WITH_CONTENT, FLAG_SECURE, FLAG_SUPPORTS_PROTECTED_BUFFERS}
07-10 22:34:30.296 20179 20179 E ActivityThread: Failed to find provider info for com.samsung.android.wms
07-10 22:34:30.375 20179 20179 E ActivityThread: Failed to find provider info for com.samsung.android.wms
07-10 22:34:30.423  1750  3192 D CompatibilityChangeReporter: Compat change id reported: 168419799; UID 10446; state: DISABLED
07-10 22:34:30.575  1750  3029 D CompatibilityChangeReporter: Compat change id reported: 135634846; UID 10546; state: DISABLED
07-10 22:34:30.575  1750  3029 D CompatibilityChangeReporter: Compat change id reported: 177438394; UID 10546; state: DISABLED
07-10 22:34:30.575  1750  3029 D CompatibilityChangeReporter: Compat change id reported: 135772972; UID 10546; state: DISABLED
07-10 22:34:30.575  1750  3029 D CompatibilityChangeReporter: Compat change id reported: 135754954; UID 10546; state: ENABLED
07-10 22:34:30.575  1750  2069 D CompatibilityChangeReporter: Compat change id reported: 143937733; UID 10546; state: ENABLED
07-10 22:34:30.582  1750  1750 I Telecom : BluetoothStateReceiver: Device D0:1B:49:3F:0E:CB changed state to 1: BSR.oR@mB0
07-10 22:34:30.637  1750  4230 I CompanionDeviceManagerService: Updating associations: {Association { userId = 0, deviceMacAddress = D0:1B:49:3F:0E:CB, packageName = com.samsung.android.waterplugin, deviceProfile = null, notifyOnDeviceNearby = true, timeApprovedMs = Thu Jul 07 14:43:08 EDT 2022 }, Association { userId = 0, deviceMacAddress = 08:BF:A0:F6:23:8D, packageName = com.samsung.android.gearnplugin, deviceProfile = null, notifyOnDeviceNearby = false, timeApprovedMs = Wed Dec 31 19:00:00 EST 1969 }}  -->  {Association { userId = 0, deviceMacAddress = D0:1B:49:3F:0E:CB, packageName = com.samsung.android.waterplugin, deviceProfile = null, notifyOnDeviceNearby = false, timeApprovedMs = Thu Jul 07 14:43:08 EDT 2022 }, Association { userId = 0, deviceMacAddress = 08:BF:A0:F6:23:8D, packageName = com.samsung.android.gearnplugin, deviceProfile = null, notifyOnDeviceNearby = false, timeApprovedMs = Wed Dec 31 19:00:00 EST 1969 }}
07-10 22:34:30.637  1750  2062 I CompanionDeviceManagerService: Writing associations to disk: {Association { userId = 0, deviceMacAddress = D0:1B:49:3F:0E:CB, packageName = com.samsung.android.waterplugin, deviceProfile = null, notifyOnDeviceNearby = false, timeApprovedMs = Thu Jul 07 14:43:08 EDT 2022 }, Association { userId = 0, deviceMacAddress = 08:BF:A0:F6:23:8D, packageName = com.samsung.android.gearnplugin, deviceProfile = null, notifyOnDeviceNearby = false, timeApprovedMs = Wed Dec 31 19:00:00 EST 1969 }}
07-10 22:34:30.678  1750  2068 W BroadcastQueue: Permission Denial: receiving Intent { act=android.bluetooth.adapter.action.CONNECTION_STATE_CHANGED flg=0x4000010 (has extras) } to ProcessRecord{bd815d7 22242:com.audible.application/u0a446} (pid=22242, uid=10446) requires android.permission.BLUETOOTH_CONNECT due to sender com.android.bluetooth (uid 1002)
07-10 22:34:30.679  1750  2069 W ActivityManager: Slow operation: 108ms so far, now at startProcess: done updating battery stats
07-10 22:34:30.679  1750  2069 W ActivityManager: Slow operation: 109ms so far, now at startProcess: building log message
07-10 22:34:30.679  1750  2069 I ActivityManager: Start proc 22630:com.benoitletondor.pixelminimalwatchface/u0a546 for service {com.benoitletondor.pixelminimalwatchface/com.benoitletondor.pixelminimalwatchfacecompanion.WatchMessageReceiver}
07-10 22:34:30.679  1750  2069 W ActivityManager: Slow operation: 109ms so far, now at startProcess: starting to update pids map
07-10 22:34:30.682  1750  2069 W ActivityManager: Slow operation: 112ms so far, now at startProcess: done updating pids map
07-10 22:34:30.685  1750  4230 I CompanionDeviceManagerService: startBleScan()
07-10 22:34:30.785  1750  2043 W Looper  : Slow dispatch took 129ms android.ui h=com.android.server.am.ActivityManagerService$UiHandler c=null m=68
07-10 22:34:30.785  1750  2043 W Looper  : Slow delivery took 205ms android.ui h=com.android.server.am.ActivityManagerService$UiHandler c=null m=68
07-10 22:34:30.814  1750  4230 I ContentCaptureManagerService: Data share request accepted by Content Capture service
07-10 22:34:30.851  1750  2043 W Looper  : Drained
07-10 22:34:30.852 20179 20179 E ActivityThread: Failed to find provider info for com.samsung.android.wms
07-10 22:34:30.863 20179 20179 E ActivityThread: Failed to find provider info for com.samsung.android.wms
07-10 22:34:31.003  1750  3192 I CompanionDeviceManagerService: Updating associations: {Association { userId = 0, deviceMacAddress = D0:1B:49:3F:0E:CB, packageName = com.samsung.android.waterplugin, deviceProfile = null, notifyOnDeviceNearby = false, timeApprovedMs = Thu Jul 07 14:43:08 EDT 2022 }, Association { userId = 0, deviceMacAddress = 08:BF:A0:F6:23:8D, packageName = com.samsung.android.gearnplugin, deviceProfile = null, notifyOnDeviceNearby = false, timeApprovedMs = Wed Dec 31 19:00:00 EST 1969 }}  -->  {Association { userId = 0, deviceMacAddress = D0:1B:49:3F:0E:CB, packageName = com.samsung.android.waterplugin, deviceProfile = null, notifyOnDeviceNearby = false, timeApprovedMs = Thu Jul 07 14:43:08 EDT 2022 }, Association { userId = 0, deviceMacAddress = 08:BF:A0:F6:23:8D, packageName = com.samsung.android.gearnplugin, deviceProfile = null, notifyOnDeviceNearby = false, timeApprovedMs = Wed Dec 31 19:00:00 EST 1969 }}
07-10 22:34:31.003  1750  2062 I CompanionDeviceManagerService: Writing associations to disk: {Association { userId = 0, deviceMacAddress = D0:1B:49:3F:0E:CB, packageName = com.samsung.android.waterplugin, deviceProfile = null, notifyOnDeviceNearby = false, timeApprovedMs = Thu Jul 07 14:43:08 EDT 2022 }, Association { userId = 0, deviceMacAddress = 08:BF:A0:F6:23:8D, packageName = com.samsung.android.gearnplugin, deviceProfile = null, notifyOnDeviceNearby = false, timeApprovedMs = Wed Dec 31 19:00:00 EST 1969 }}
07-10 22:34:31.004  1750  3192 I CompanionDeviceManagerService: startBleScan()
07-10 22:34:31.166  1750  1750 I Telecom : BluetoothStateReceiver: Device D0:1B:49:3F:0E:CB changed state to 2: BSR.oR@mB4
07-10 22:34:31.167  1750  2942 I Telecom : BluetoothRouteManager: Message received: NEW_DEVICE_CONNECTED.: BSR.oR->BRM.pM_1@mB4
07-10 22:34:31.167  1750  2944 I Telecom : CallAudioRouteStateMachine: Message received: BLUETOOTH_DEVICE_LIST_CHANGED=7, arg1=0: BSR.oR->CARSM.pM_BLUETOOTH_DEVICE_LIST_CHANGED@mB4
07-10 22:34:31.168  1750  2944 I Telecom : QuiescentEarpieceRoute: Processing message BLUETOOTH_DEVICE_LIST_CHANGED: BSR.oR->CARSM.pM_BLUETOOTH_DEVICE_LIST_CHANGED@mB4
07-10 22:34:31.168  1750  2944 I Telecom : Logging.Events: Non-call EVENT: AUDIO_ROUTE, Bluetooth device list changed: BSR.oR->CARSM.pM_BLUETOOTH_DEVICE_LIST_CHANGED@mB4
07-10 22:34:31.269  1750  4085 W BroadcastQueue: Permission Denial: receiving Intent { act=android.bluetooth.headset.profile.action.ACTIVE_DEVICE_CHANGED flg=0x5000010 (has extras) } to ProcessRecord{bd815d7 22242:com.audible.application/u0a446} (pid=22242, uid=10446) requires android.permission.BLUETOOTH_CONNECT due to sender com.android.bluetooth (uid 1002)
07-10 22:34:31.272  1750  4085 W BroadcastQueue: Permission Denial: receiving Intent { act=android.bluetooth.adapter.action.CONNECTION_STATE_CHANGED flg=0x4000010 (has extras) } to ProcessRecord{bd815d7 22242:com.audible.application/u0a446} (pid=22242, uid=10446) requires android.permission.BLUETOOTH_CONNECT due to sender com.android.bluetooth (uid 1002)
07-10 22:34:31.386  1750  2975 W ActivityManager: Receiver with filter android.content.IntentFilter@fbf7551 already registered for pid 2380, callerPackage is com.android.systemui
07-10 22:34:31.396  1750  1750 W Looper  : Slow dispatch took 130ms main h=android.app.ActivityThread$H c=android.app.LoadedApk$ReceiverDispatcher$Args$$ExternalSyntheticLambda0@b35158d m=0
07-10 22:34:31.396  1750  1750 I Telecom : BluetoothStateReceiver: Device D0:1B:49:3F:0E:CB is now the preferred BT device for HFP: BSR.oR@mB8
07-10 22:34:31.398  1750  2944 I Telecom : CallAudioRouteStateMachine: Message received: BT_ACTIVE_DEVICE_PRESENT=8, arg1=0: BSR.oR->CARSM.pM_BT_ACTIVE_DEVICE_PRESENT@mB8
07-10 22:34:31.398  1750  2944 I Telecom : QuiescentEarpieceRoute: Processing message BT_ACTIVE_DEVICE_PRESENT: BSR.oR->CARSM.pM_BT_ACTIVE_DEVICE_PRESENT@mB8
07-10 22:34:31.398  1750  2944 I Telecom : Logging.Events: Non-call EVENT: AUDIO_ROUTE, Bluetooth active device present: BSR.oR->CARSM.pM_BT_ACTIVE_DEVICE_PRESENT@mB8
07-10 22:34:31.398  1750  2944 I Telecom : CallAudioRouteStateMachine: Message received: SWITCH_BLUETOOTH=1002, arg1=0: BSR.oR->CARSM.pM_BT_ACTIVE_DEVICE_PRESENT->CARSM.pM_SWITCH_BLUETOOTH@mB8
07-10 22:34:31.398  1750  2944 I Telecom : QuiescentEarpieceRoute: Processing message SWITCH_BLUETOOTH: BSR.oR->CARSM.pM_BT_ACTIVE_DEVICE_PRESENT->CARSM.pM_SWITCH_BLUETOOTH@mB8
07-10 22:34:31.398  1750  2944 I Telecom : Logging.Events: Non-call EVENT: AUDIO_ROUTE, Leaving state QuiescentEarpieceRoute: BSR.oR->CARSM.pM_BT_ACTIVE_DEVICE_PRESENT->CARSM.pM_SWITCH_BLUETOOTH@mB8
07-10 22:34:31.398  1750  2944 I Telecom : Logging.Events: Non-call EVENT: AUDIO_ROUTE, Entering state QuiescentBluetoothRoute: BSR.oR->CARSM.pM_BT_ACTIVE_DEVICE_PRESENT->CARSM.pM_SWITCH_BLUETOOTH@mB8
07-10 22:34:31.436  1750  1750 I Telecom : WiredHeadsetManager: ACTION_HEADSET_PLUG event, plugged in: false, : WHC.oADA@mCA
07-10 22:34:31.457  8431 22784 E ActivityThread: Failed to find provider info for com.sec.android.provider.stri_s1_worldclock
07-10 22:34:31.477  1750  2975 D CompatibilityChangeReporter: Compat change id reported: 183407956; UID 1002; state: ENABLED
07-10 22:34:31.485  1750  2975 I Telecom : PhoneAccountRegistrar: getSimCallManager: SimCallManager for subId 2 queried, returning: null
07-10 22:34:31.643  1750  1750 D CompatibilityChangeReporter: Compat change id reported: 135634846; UID 10398; state: DISABLED
07-10 22:34:31.644  1750  1750 D CompatibilityChangeReporter: Compat change id reported: 177438394; UID 10398; state: DISABLED
07-10 22:34:31.644  1750  1750 D CompatibilityChangeReporter: Compat change id reported: 135772972; UID 10398; state: DISABLED
07-10 22:34:31.644  1750  1750 D CompatibilityChangeReporter: Compat change id reported: 135754954; UID 10398; state: ENABLED
07-10 22:34:31.644  1750  2069 D CompatibilityChangeReporter: Compat change id reported: 143937733; UID 10398; state: ENABLED
07-10 22:34:31.658  1750  2069 I ActivityManager: Start proc 22839:com.sec.android.app.shealth/u0a398 for service {com.sec.android.app.shealth/androidx.work.impl.background.systemjob.SystemJobService}
07-10 22:34:32.082  1750  2285 D CompatibilityChangeReporter: Compat change id reported: 168419799; UID 10275; state: DISABLED
07-10 22:34:32.102  1750  4230 D CompatibilityChangeReporter: Compat change id reported: 135634846; UID 10446; state: DISABLED
07-10 22:34:32.102  1750  4230 D CompatibilityChangeReporter: Compat change id reported: 177438394; UID 10446; state: DISABLED
07-10 22:34:32.102  1750  4230 D CompatibilityChangeReporter: Compat change id reported: 135772972; UID 10446; state: DISABLED
07-10 22:34:32.102  1750  4230 D CompatibilityChangeReporter: Compat change id reported: 135754954; UID 10446; state: ENABLED
07-10 22:34:32.102  1750  2069 D CompatibilityChangeReporter: Compat change id reported: 143937733; UID 10446; state: ENABLED
07-10 22:34:32.155  1750  2069 W ActivityManager: Slow operation: 54ms so far, now at startProcess: returned from zygote!
07-10 22:34:32.155  1750  2069 W ActivityManager: Slow operation: 54ms so far, now at startProcess: done updating battery stats
07-10 22:34:32.155  1750  2069 W ActivityManager: Slow operation: 54ms so far, now at startProcess: building log message
07-10 22:34:32.155  1750  2069 I ActivityManager: Start proc 22935:com.google.android.webview:sandboxed_process0:org.chromium.content.app.SandboxedProcessService0:0/u0i507 for  {com.audible.application/org.chromium.content.app.SandboxedProcessService0:0}
07-10 22:34:32.155  1750  2069 W ActivityManager: Slow operation: 54ms so far, now at startProcess: starting to update pids map
07-10 22:34:32.156  1750  2069 W ActivityManager: Slow operation: 55ms so far, now at startProcess: done updating pids map
07-10 22:34:32.673  1750  4058 D CompatibilityChangeReporter: Compat change id reported: 135634846; UID 10263; state: DISABLED
07-10 22:34:32.674  1750  4058 D CompatibilityChangeReporter: Compat change id reported: 177438394; UID 10263; state: DISABLED
07-10 22:34:32.674  1750  4058 D CompatibilityChangeReporter: Compat change id reported: 135772972; UID 10263; state: DISABLED
07-10 22:34:32.674  1750  4058 D CompatibilityChangeReporter: Compat change id reported: 135754954; UID 10263; state: ENABLED
07-10 22:34:32.676  1750  2069 D CompatibilityChangeReporter: Compat change id reported: 143937733; UID 10263; state: ENABLED
07-10 22:34:32.709  1750  2069 I ActivityManager: Start proc 23052:com.facebook.orca/u0a263 for service {com.facebook.orca/com.facebook.messengerwear.support.MessengerWearDetectionService}
07-10 22:34:32.751  1750  2211 D CompatibilityChangeReporter: Compat change id reported: 171306433; UID 10263; state: DISABLED
07-10 22:34:32.864  1750  4057 I ActivityManager: Process com.google.android.turboadapter (pid 20703) has died: cch+85 CEM 
07-10 22:34:32.918  1750  4058 D CompatibilityChangeReporter: Compat change id reported: 135634846; UID 10190; state: DISABLED
07-10 22:34:32.918  1750  4058 D CompatibilityChangeReporter: Compat change id reported: 177438394; UID 10190; state: DISABLED
07-10 22:34:32.918  1750  4058 D CompatibilityChangeReporter: Compat change id reported: 135772972; UID 10190; state: DISABLED
07-10 22:34:32.918  1750  4058 D CompatibilityChangeReporter: Compat change id reported: 135754954; UID 10190; state: ENABLED
07-10 22:34:32.918  1750  2069 D CompatibilityChangeReporter: Compat change id reported: 143937733; UID 10190; state: ENABLED
07-10 22:34:32.919  1750  4230 I ActivityManager: Process com.nstudio.weatherhere (pid 20723) has died: cch+85 CEM 
07-10 22:34:32.932  1750  2069 I ActivityManager: Start proc 23097:com.google.process.gapps/u0a190 for content provider {com.google.android.gsf/com.google.android.gsf.settings.GoogleSettingsProvider}
07-10 22:34:33.349  1750  4264 I ActivityManager: Process com.android.musicfx (pid 19355) has died: cch+85 CEM 
07-10 22:34:33.468  1750  4264 D CompatibilityChangeReporter: Compat change id reported: 168419799; UID 10190; state: DISABLED
07-10 22:34:33.519  1750  4085 D CompatibilityChangeReporter: Compat change id reported: 168419799; UID 10334; state: DISABLED
07-10 22:34:33.879  1750  4057 W ProcessStats: Tracking association SourceState{584cdb3 system/1000 BTopFgs #1276787} whose proc state 2 is better than process ProcessState{baa4f70 net.dinglisch.android.taskerm/10289 pkg=net.dinglisch.android.taskerm} proc state 3 (1047 skipped)
07-10 22:34:34.046  1750 23294 I DropBoxManagerService: add tag=data_app_wtf isTagEnabled=true flags=0x2
07-10 22:34:34.047  1750 23294 W DropBoxManagerService: Dropping: data_app_wtf (1855 > 0 bytes)
07-10 22:34:34.082  1750 23296 I DropBoxManagerService: add tag=data_app_wtf isTagEnabled=true flags=0x2
07-10 22:34:34.083  1750 23296 W DropBoxManagerService: Dropping: data_app_wtf (1855 > 0 bytes)
07-10 22:34:34.410  1750  3029 D BiometricService: canAuthenticate: User=0, Caller=0, Authenticators=15
07-10 22:34:34.411  1750  3029 D BiometricService/PreAuthInfo: Package: com.android.vending Sensor ID: 0 Modality: 2 Status: 1
07-10 22:34:34.411  1750  3029 D BiometricService/PreAuthInfo: getCanAuthenticateInternal Modality: 2 AuthenticatorStatus: 1
07-10 22:34:34.411  1750  3029 D AuthService: canAuthenticate, userId: 0, callingUserId: 0, authenticators: 15, result: 0
07-10 22:34:34.416  1750  2200 D BiometricService: canAuthenticate: User=0, Caller=0, Authenticators=255
07-10 22:34:34.416  1750  2200 D BiometricService/PreAuthInfo: Package: com.android.vending Sensor ID: 0 Modality: 2 Status: 1
07-10 22:34:34.416  1750  2200 D BiometricService/PreAuthInfo: getCanAuthenticateInternal Modality: 2 AuthenticatorStatus: 1
07-10 22:34:34.416  1750  2200 D AuthService: canAuthenticate, userId: 0, callingUserId: 0, authenticators: 255, result: 0
07-10 22:34:34.419  1750  2200 D BiometricService: canAuthenticate: User=0, Caller=0, Authenticators=15
07-10 22:34:34.419  1750  2200 D BiometricService/PreAuthInfo: Package: com.android.vending Sensor ID: 0 Modality: 2 Status: 1
07-10 22:34:34.419  1750  2200 D BiometricService/PreAuthInfo: getCanAuthenticateInternal Modality: 2 AuthenticatorStatus: 1
07-10 22:34:34.419  1750  2200 D AuthService: canAuthenticate, userId: 0, callingUserId: 0, authenticators: 15, result: 0
07-10 22:34:34.512  1750  3029 D CompatibilityChangeReporter: Compat change id reported: 168419799; UID 10263; state: DISABLED
07-10 22:34:34.621  1750  3029 D BiometricService: canAuthenticate: User=0, Caller=0, Authenticators=15
07-10 22:34:34.621  1750  3029 D BiometricService/PreAuthInfo: Package: com.android.vending Sensor ID: 0 Modality: 2 Status: 1
07-10 22:34:34.621  1750  3029 D BiometricService/PreAuthInfo: getCanAuthenticateInternal Modality: 2 AuthenticatorStatus: 1
07-10 22:34:34.621  1750  3029 D AuthService: canAuthenticate, userId: 0, callingUserId: 0, authenticators: 15, result: 0
07-10 22:34:34.622  1750  3029 D BiometricService: canAuthenticate: User=0, Caller=0, Authenticators=255
07-10 22:34:34.622  1750  3029 D BiometricService/PreAuthInfo: Package: com.android.vending Sensor ID: 0 Modality: 2 Status: 1
07-10 22:34:34.622  1750  3029 D BiometricService/PreAuthInfo: getCanAuthenticateInternal Modality: 2 AuthenticatorStatus: 1
07-10 22:34:34.622  1750  3029 D AuthService: canAuthenticate, userId: 0, callingUserId: 0, authenticators: 255, result: 0
07-10 22:34:34.623  1750  3029 D BiometricService: canAuthenticate: User=0, Caller=0, Authenticators=15
07-10 22:34:34.623  1750  3029 D BiometricService/PreAuthInfo: Package: com.android.vending Sensor ID: 0 Modality: 2 Status: 1
07-10 22:34:34.623  1750  3029 D BiometricService/PreAuthInfo: getCanAuthenticateInternal Modality: 2 AuthenticatorStatus: 1
07-10 22:34:34.623  1750  3029 D AuthService: canAuthenticate, userId: 0, callingUserId: 0, authenticators: 15, result: 0
07-10 22:34:35.228  1750  2045 V WindowManager: Unknown focus tokens, dropping reportFocusChanged
07-10 22:34:35.995  1750  4446 W BroadcastQueue: Permission Denial: receiving Intent { act=android.bluetooth.device.action.ACL_CONNECTED flg=0x5000010 (has extras) } to com.ifttt.ifttt/com.ifttt.nativeservices.bluetooth.BluetoothBroadcastReceiver requires android.permission.BLUETOOTH_CONNECT due to sender com.android.bluetooth (uid 1002)
07-10 22:34:36.293  1750  4230 D CompatibilityChangeReporter: Compat change id reported: 168419799; UID 10398; state: DISABLED
07-10 22:34:36.313  1750  3029 D CompatibilityChangeReporter: Compat change id reported: 135634846; UID 10102; state: DISABLED
07-10 22:34:36.313  1750  3029 D CompatibilityChangeReporter: Compat change id reported: 177438394; UID 10102; state: DISABLED
07-10 22:34:36.313  1750  3029 D CompatibilityChangeReporter: Compat change id reported: 135772972; UID 10102; state: DISABLED
07-10 22:34:36.313  1750  3029 D CompatibilityChangeReporter: Compat change id reported: 135754954; UID 10102; state: ENABLED
07-10 22:34:36.313  1750  2069 D CompatibilityChangeReporter: Compat change id reported: 143937733; UID 10102; state: ENABLED
07-10 22:34:36.322  1750  2069 I ActivityManager: Start proc 23397:com.android.musicfx/u0a102 for broadcast {com.android.musicfx/com.android.musicfx.ControlPanelReceiver}
07-10 22:34:36.565  1750  2996 W BroadcastQueue: Background execution not allowed: receiving Intent { act=android.bluetooth.adapter.action.CONNECTION_STATE_CHANGED flg=0x4000010 (has extras) } to com.google.android.gms/.chimera.GmsIntentOperationService$PersistentTrustedReceiver
07-10 22:34:36.567  1750  2068 W BroadcastQueue: Background execution not allowed: receiving Intent { act=android.bluetooth.adapter.action.CONNECTION_STATE_CHANGED flg=0x4000010 (has extras) } to com.pandora.android/.api.bluetooth.AutoStartReceiver
07-10 22:34:36.573  8431 23430 E ActivityThread: Failed to find provider info for com.samsung.android.holidays
07-10 22:34:36.576  8431 23430 E ActivityThread: Failed to find provider info for com.sec.android.calendar.preference
07-10 22:34:36.576  8431 23430 E ActivityThread: Failed to find provider info for com.sec.android.calendar.preference
07-10 22:34:36.576  8431 23430 E ActivityThread: Failed to find provider info for com.sec.android.calendar.preference
07-10 22:34:36.579  8431 23430 E ActivityThread: Failed to find provider info for com.sec.android.calendar.preference
07-10 22:34:36.579  8431 23430 E ActivityThread: Failed to find provider info for com.sec.android.calendar.preference
07-10 22:34:36.583  1750  3029 D CompatibilityChangeReporter: Compat change id reported: 135634846; UID 10107; state: DISABLED
07-10 22:34:36.583  1750  3029 D CompatibilityChangeReporter: Compat change id reported: 177438394; UID 10107; state: DISABLED
07-10 22:34:36.583  1750  3029 D CompatibilityChangeReporter: Compat change id reported: 135772972; UID 10107; state: DISABLED
07-10 22:34:36.583  1750  3029 D CompatibilityChangeReporter: Compat change id reported: 135754954; UID 10107; state: ENABLED
07-10 22:34:36.584  1750  2069 D CompatibilityChangeReporter: Compat change id reported: 143937733; UID 10107; state: ENABLED
07-10 22:34:36.599  1750  2069 I ActivityManager: Start proc 23437:com.android.providers.calendar/u0a107 for content provider {com.android.providers.calendar/com.android.providers.calendar.CalendarProvider2}
07-10 22:34:36.619  1750  3029 D CompatibilityChangeReporter: Compat change id reported: 168419799; UID 10446; state: DISABLED
07-10 22:34:36.626  8431  8431 E ActivityThread: Failed to find provider info for logs
07-10 22:34:36.639  1750  3029 D CompatibilityChangeReporter: Compat change id reported: 168419799; UID 10107; state: DISABLED
07-10 22:34:36.715  1750  2200 D CompatibilityChangeReporter: Compat change id reported: 143231523; UID 10334; state: DISABLED
07-10 22:34:36.726  8431 23430 E ActivityThread: Failed to find provider info for com.sec.android.calendar.preference
07-10 22:34:36.727  8431 23430 E ActivityThread: Failed to find provider info for com.sec.android.calendar.preference
07-10 22:34:36.738  1750  4230 D CompatibilityChangeReporter: Compat change id reported: 143231523; UID 10107; state: DISABLED
07-10 22:34:36.752  1750  2996 W BroadcastQueue: Background execution not allowed: receiving Intent { act=com.samsung.android.wearable.action.WEARABLE_DEVICE_CONNECTED flg=0x10 (has extras) } to com.samsung.android.waterplugin/com.samsung.android.companionservice.service.pay.receiver.WatchPayPluginReceiver
07-10 22:34:36.950  1750  4232 W BroadcastQueue: Background execution not allowed: receiving Intent { act=android.bluetooth.adapter.action.CONNECTION_STATE_CHANGED flg=0x4000010 (has extras) } to com.google.android.gms/.chimera.GmsIntentOperationService$PersistentTrustedReceiver
07-10 22:34:36.951  1750  2068 W BroadcastQueue: Background execution not allowed: receiving Intent { act=android.bluetooth.adapter.action.CONNECTION_STATE_CHANGED flg=0x4000010 (has extras) } to com.pandora.android/.api.bluetooth.AutoStartReceiver
07-10 22:34:36.989  8431 17433 E ActivityThread: Failed to find provider info for com.samsung.android.samsungpay.water.download
07-10 22:34:37.293  1750  3029 W BroadcastQueue: Background execution not allowed: receiving Intent { act=android.bluetooth.device.action.UUID flg=0x10 (has extras) } to com.google.android.gms/.chimera.GmsIntentOperationService$PersistentTrustedReceiver
07-10 22:34:37.295  1750  2068 W BroadcastQueue: Background execution not allowed: receiving Intent { act=android.bluetooth.device.action.UUID flg=0x10 (has extras) } to com.google.android.googlequicksearchbox/com.google.android.apps.gsa.broadcastreceiver.external.ExternalCommonBroadcastReceiver
07-10 22:34:37.296  1750  2068 W BroadcastQueue: Background execution not allowed: receiving Intent { act=android.bluetooth.device.action.UUID flg=0x10 (has extras) } to com.google.android.projection.gearhead/com.google.android.apps.auto.carservice.gmscorecompat.CarBluetoothReceiver
07-10 22:34:37.296  1750  2068 W BroadcastQueue: Background execution not allowed: receiving Intent { act=android.intent.action.DROPBOX_ENTRY_ADDED flg=0x10 (has extras) } to com.google.android.gms/.stats.service.DropBoxEntryAddedReceiver
07-10 22:34:37.296  1750  2068 W BroadcastQueue: Background execution not allowed: receiving Intent { act=android.intent.action.DROPBOX_ENTRY_ADDED flg=0x10 (has extras) } to com.google.android.gms/.chimera.GmsIntentOperationService$PersistentTrustedReceiver
07-10 22:34:37.377  2380  2380 V DeadZone: consuming errant click: (575.0,30.0)
07-10 22:34:37.377  2380  2380 V DeadZone: consuming errant click: (575.0,30.0)
07-10 22:34:38.016  1750  2043 I ActivityTaskManager: START u0 {act=android.intent.action.MAIN cat=[android.intent.category.HOME] flg=0x10000100 cmp=com.teslacoilsw.launcher/.NovaLauncher (has extras)} from uid 0
07-10 22:34:38.357  1750  1750 W NotificationHistory: Attempted to add notif for locked/gone/disabled user 0
07-10 22:34:38.645  1750  2258 W NetworkPolicy: shared quota unsupported; generating rule for each iface
07-10 22:34:38.768  8431  8431 E ActivityThread: Failed to find provider info for com.samsung.android.mdecservice.entitlement.gmcontentprovider
07-10 22:34:39.007  1750  4230 I CompanionDeviceManagerService: Updating associations: {Association { userId = 0, deviceMacAddress = D0:1B:49:3F:0E:CB, packageName = com.samsung.android.waterplugin, deviceProfile = null, notifyOnDeviceNearby = false, timeApprovedMs = Thu Jul 07 14:43:08 EDT 2022 }, Association { userId = 0, deviceMacAddress = 08:BF:A0:F6:23:8D, packageName = com.samsung.android.gearnplugin, deviceProfile = null, notifyOnDeviceNearby = false, timeApprovedMs = Wed Dec 31 19:00:00 EST 1969 }}  -->  {Association { userId = 0, deviceMacAddress = D0:1B:49:3F:0E:CB, packageName = com.samsung.android.waterplugin, deviceProfile = null, notifyOnDeviceNearby = false, timeApprovedMs = Thu Jul 07 14:43:08 EDT 2022 }, Association { userId = 0, deviceMacAddress = 08:BF:A0:F6:23:8D, packageName = com.samsung.android.gearnplugin, deviceProfile = null, notifyOnDeviceNearby = false, timeApprovedMs = Wed Dec 31 19:00:00 EST 1969 }}
07-10 22:34:39.008  1750  4230 I CompanionDeviceManagerService: startBleScan()
07-10 22:34:39.147  1750  2068 W BroadcastQueue: Permission Denial: broadcasting Intent { act=android.net.conn.CONNECTIVITY_CHANGE flg=0x4200010 (has extras) } from null (pid=-1, uid=-1) requires com.facebook.permission.prod.FB_APP_COMMUNICATION due to registered receiver BroadcastFilter{867bfb6 10263/u0 ReceiverList{8e85b51 23052 com.facebook.orca/10263/u0 remote:7800878}}
07-10 22:34:39.248  1750  2062 I CompanionDeviceManagerService: Writing associations to disk: {Association { userId = 0, deviceMacAddress = D0:1B:49:3F:0E:CB, packageName = com.samsung.android.waterplugin, deviceProfile = null, notifyOnDeviceNearby = false, timeApprovedMs = Thu Jul 07 14:43:08 EDT 2022 }, Association { userId = 0, deviceMacAddress = 08:BF:A0:F6:23:8D, packageName = com.samsung.android.gearnplugin, deviceProfile = null, notifyOnDeviceNearby = false, timeApprovedMs = Wed Dec 31 19:00:00 EST 1969 }}
07-10 22:34:39.335  1750  4057 D CompatibilityChangeReporter: Compat change id reported: 149924527; UID 10263; state: ENABLED
07-10 22:34:39.337  1750  4057 D CompatibilityChangeReporter: Compat change id reported: 132649864; UID 10263; state: DISABLED
07-10 22:34:39.338  1750  2975 D CompatibilityChangeReporter: Compat change id reported: 182734110; UID 10263; state: DISABLED
07-10 22:34:39.691  1750  4232 I ActivityTaskManager: START u0 {act=android.intent.action.MAIN cat=[android.intent.category.LAUNCHER] flg=0x10200000 cmp=kr.ftlab.radon_eye_v2/.ActivityIntro bnds=[229,1830][436,2175]} from uid 10259
07-10 22:34:40.077  1750  1750 D CompanionDeviceManagerService: TriggerDeviceDisappearedRunnable.run(address = D0:1B:49:3F:0E:CB)
07-10 22:34:41.123  1750  2045 V WindowManager: Unknown focus tokens, dropping reportFocusChanged
07-10 22:34:42.388  1750  4230 I ActivityTaskManager: START u0 {cmp=kr.ftlab.radon_eye_v2/.ActivityMain} from uid 10594
