07-10 22:27:59.490  1750  2394 D CompatibilityChangeReporter: Compat change id reported: 174042936; UID 10594; state: DISABLED
07-10 22:27:59.495  1750  2394 D CompatibilityChangeReporter: Compat change id reported: 168419799; UID 10594; state: DISABLED
07-10 22:27:59.662  1750  1750 I Telecom : BluetoothStateReceiver: Device D0:1B:49:3F:0E:CB changed state to 1: BSR.oR@l5g
07-10 22:27:59.698  1750  2068 W BroadcastQueue: Permission Denial: receiving Intent { act=android.bluetooth.adapter.action.CONNECTION_STATE_CHANGED flg=0x4000010 (has extras) } to ProcessRecord{5f08b0a 18092:com.audible.application/u0a446} (pid=18092, uid=10446) requires android.permission.BLUETOOTH_CONNECT due to sender com.android.bluetooth (uid 1002)
07-10 22:27:59.768  1750  1786 I ContentCaptureManagerService: Data share request accepted by Content Capture service
07-10 22:27:59.783  1750  2394 I ContentCaptureManagerService: Data share request accepted by Content Capture service
07-10 22:28:00.009  1750  1750 I Telecom : BluetoothStateReceiver: Device D0:1B:49:3F:0E:CB changed state to 2: BSR.oR@l5k
07-10 22:28:00.009  1750  2944 I Telecom : CallAudioRouteStateMachine: Message received: BLUETOOTH_DEVICE_LIST_CHANGED=7, arg1=0: BSR.oR->CARSM.pM_BLUETOOTH_DEVICE_LIST_CHANGED@l5k
07-10 22:28:00.009  1750  2942 I Telecom : BluetoothRouteManager: Message received: NEW_DEVICE_CONNECTED.: BSR.oR->BRM.pM_1@l5k
07-10 22:28:00.009  1750  2944 I Telecom : QuiescentEarpieceRoute: Processing message BLUETOOTH_DEVICE_LIST_CHANGED: BSR.oR->CARSM.pM_BLUETOOTH_DEVICE_LIST_CHANGED@l5k
07-10 22:28:00.009  1750  2944 I Telecom : Logging.Events: Non-call EVENT: AUDIO_ROUTE, Bluetooth device list changed: BSR.oR->CARSM.pM_BLUETOOTH_DEVICE_LIST_CHANGED@l5k
07-10 22:28:00.025  1750  2068 W BroadcastQueue: Permission Denial: receiving Intent { act=android.bluetooth.adapter.action.CONNECTION_STATE_CHANGED flg=0x4000010 (has extras) } to ProcessRecord{5f08b0a 18092:com.audible.application/u0a446} (pid=18092, uid=10446) requires android.permission.BLUETOOTH_CONNECT due to sender com.android.bluetooth (uid 1002)
07-10 22:28:00.033  1750  2068 W BroadcastQueue: Permission Denial: receiving Intent { act=android.bluetooth.headset.profile.action.ACTIVE_DEVICE_CHANGED flg=0x5000010 (has extras) } to ProcessRecord{5f08b0a 18092:com.audible.application/u0a446} (pid=18092, uid=10446) requires android.permission.BLUETOOTH_CONNECT due to sender com.android.bluetooth (uid 1002)
07-10 22:28:00.107  1750  1750 I Telecom : BluetoothStateReceiver: Device D0:1B:49:3F:0E:CB is now the preferred BT device for HFP: BSR.oR@l5o
07-10 22:28:00.107  1750  2944 I Telecom : CallAudioRouteStateMachine: Message received: BT_ACTIVE_DEVICE_PRESENT=8, arg1=0: BSR.oR->CARSM.pM_BT_ACTIVE_DEVICE_PRESENT@l5o
07-10 22:28:00.107  1750  2944 I Telecom : QuiescentEarpieceRoute: Processing message BT_ACTIVE_DEVICE_PRESENT: BSR.oR->CARSM.pM_BT_ACTIVE_DEVICE_PRESENT@l5o
07-10 22:28:00.107  1750  2944 I Telecom : Logging.Events: Non-call EVENT: AUDIO_ROUTE, Bluetooth active device present: BSR.oR->CARSM.pM_BT_ACTIVE_DEVICE_PRESENT@l5o
07-10 22:28:00.107  1750  2944 I Telecom : CallAudioRouteStateMachine: Message received: SWITCH_BLUETOOTH=1002, arg1=0: BSR.oR->CARSM.pM_BT_ACTIVE_DEVICE_PRESENT->CARSM.pM_SWITCH_BLUETOOTH@l5o
07-10 22:28:00.107  1750  2944 I Telecom : QuiescentEarpieceRoute: Processing message SWITCH_BLUETOOTH: BSR.oR->CARSM.pM_BT_ACTIVE_DEVICE_PRESENT->CARSM.pM_SWITCH_BLUETOOTH@l5o
07-10 22:28:00.107  1750  2944 I Telecom : Logging.Events: Non-call EVENT: AUDIO_ROUTE, Leaving state QuiescentEarpieceRoute: BSR.oR->CARSM.pM_BT_ACTIVE_DEVICE_PRESENT->CARSM.pM_SWITCH_BLUETOOTH@l5o
07-10 22:28:00.107  1750  2944 I Telecom : Logging.Events: Non-call EVENT: AUDIO_ROUTE, Entering state QuiescentBluetoothRoute: BSR.oR->CARSM.pM_BT_ACTIVE_DEVICE_PRESENT->CARSM.pM_SWITCH_BLUETOOTH@l5o
07-10 22:28:00.115  1750  1750 I Telecom : WiredHeadsetManager: ACTION_HEADSET_PLUG event, plugged in: false, : WHC.oADA@l5s
07-10 22:28:00.324  1750  4246 I Telecom : PhoneAccountRegistrar: getSimCallManager: SimCallManager for subId 2 queried, returning: null
07-10 22:28:02.606  1750  2045 V WindowManager: Unknown focus tokens, dropping reportFocusChanged
07-10 22:28:04.538  1750  2045 V WindowManager: Unknown focus tokens, dropping reportFocusChanged
07-10 22:28:04.539  1750  4055 I ActivityTaskManager: START u0 {cmp=kr.ftlab.radon_eye_v2/.ActivityDetail (has extras)} from uid 10594
07-10 22:28:04.539  1750  4055 W ActivityTaskManager: startActivity called from finishing ActivityRecord{645a75f u0 kr.ftlab.radon_eye_v2/.ActivityMain t48802 f}}; forcing Intent.FLAG_ACTIVITY_NEW_TASK for: Intent { cmp=kr.ftlab.radon_eye_v2/.ActivityDetail (has extras) }
07-10 22:28:04.539  1750  4055 W ActivityTaskManager: Can't find TaskDisplayArea to determine support for multi window. Task id=48803 attached=false
07-10 22:28:04.553  1750  4055 I ActivityTaskManager: Add Task{dce3ce0 #48802 type=standard A=10594:kr.ftlab.radon_eye_v2 U=0 visible=false visibleRequested=false mode=fullscreen translucent=true sz=1} to hidden list because adding Task{e065f37 #48803 type=standard A=10594:kr.ftlab.radon_eye_v2 U=0 visible=true visibleRequested=false mode=fullscreen translucent=true sz=1}
07-10 22:28:04.558  1750  4365 W ActivityTaskManager: Tried to set launchTime (0) < mLastActivityLaunchTime (227758747)
07-10 22:28:04.968  1750  4365 W ProcessStats: Tracking association SourceState{584cdb3 system/1000 BTopFgs #1274487} whose proc state 2 is better than process ProcessState{baa4f70 net.dinglisch.android.taskerm/10289 pkg=net.dinglisch.android.taskerm} proc state 3 (592 skipped)
07-10 22:28:04.991  1750  4365 W BroadcastQueue: Permission Denial: receiving Intent { act=android.bluetooth.device.action.ACL_CONNECTED flg=0x5000010 (has extras) } to com.ifttt.ifttt/com.ifttt.nativeservices.bluetooth.BluetoothBroadcastReceiver requires android.permission.BLUETOOTH_CONNECT due to sender com.android.bluetooth (uid 1002)
07-10 22:28:05.091  1750  4055 W BroadcastQueue: Background execution not allowed: receiving Intent { act=android.bluetooth.adapter.action.CONNECTION_STATE_CHANGED flg=0x4000010 (has extras) } to com.google.android.gms/.chimera.GmsIntentOperationService$PersistentTrustedReceiver
07-10 22:28:05.097  1750  2068 W BroadcastQueue: Background execution not allowed: receiving Intent { act=android.bluetooth.adapter.action.CONNECTION_STATE_CHANGED flg=0x4000010 (has extras) } to com.pandora.android/.api.bluetooth.AutoStartReceiver
07-10 22:28:05.164  1750  2490 W BroadcastQueue: Background execution not allowed: receiving Intent { act=android.bluetooth.adapter.action.CONNECTION_STATE_CHANGED flg=0x4000010 (has extras) } to com.google.android.gms/.chimera.GmsIntentOperationService$PersistentTrustedReceiver
07-10 22:28:05.167  1750  2068 W BroadcastQueue: Background execution not allowed: receiving Intent { act=android.bluetooth.adapter.action.CONNECTION_STATE_CHANGED flg=0x4000010 (has extras) } to com.pandora.android/.api.bluetooth.AutoStartReceiver
07-10 22:28:05.172  1750  2046 W ActivityTaskManager: Can't find TaskDisplayArea to determine support for multi window. Task id=48802 attached=false
07-10 22:28:05.172  1750  2046 W ActivityTaskManager: Can't find TaskDisplayArea to determine support for multi window. Task id=48802 attached=false
07-10 22:28:05.186  1750  4365 W BroadcastQueue: Background execution not allowed: receiving Intent { act=android.bluetooth.device.action.UUID flg=0x10 (has extras) } to com.google.android.gms/.chimera.GmsIntentOperationService$PersistentTrustedReceiver
07-10 22:28:05.188  1750  2068 W BroadcastQueue: Background execution not allowed: receiving Intent { act=android.bluetooth.device.action.UUID flg=0x10 (has extras) } to com.google.android.googlequicksearchbox/com.google.android.apps.gsa.broadcastreceiver.external.ExternalCommonBroadcastReceiver
07-10 22:28:05.188  1750  2068 W BroadcastQueue: Background execution not allowed: receiving Intent { act=android.bluetooth.device.action.UUID flg=0x10 (has extras) } to com.google.android.projection.gearhead/com.google.android.apps.auto.carservice.gmscorecompat.CarBluetoothReceiver
07-10 22:28:05.620 19829 19829 E ActivityThread: Failed to find provider info for no.nordicsemi.android.log
07-10 22:28:05.815  1750  1750 D CompanionDeviceManagerService: onDeviceConnected(address = 58:BF:25:EC:3C:8A)
07-10 22:28:05.815  1750  1750 I CompanionDeviceManagerService: onDeviceNearby(justAppeared, address = 58:BF:25:EC:3C:8A)
07-10 22:28:05.883  1750  4055 W BroadcastQueue: Permission Denial: receiving Intent { act=android.bluetooth.device.action.ACL_CONNECTED flg=0x5000010 (has extras) } to com.ifttt.ifttt/com.ifttt.nativeservices.bluetooth.BluetoothBroadcastReceiver requires android.permission.BLUETOOTH_CONNECT due to sender com.android.bluetooth (uid 1002)
07-10 22:28:07.971  1750  2045 V WindowManager: Unknown focus tokens, dropping reportFocusChanged
07-10 22:28:07.985  1750  4055 I CompanionDeviceManagerService: Updating associations: {Association { userId = 0, deviceMacAddress = D0:1B:49:3F:0E:CB, packageName = com.samsung.android.waterplugin, deviceProfile = null, notifyOnDeviceNearby = false, timeApprovedMs = Thu Jul 07 14:43:08 EDT 2022 }, Association { userId = 0, deviceMacAddress = 08:BF:A0:F6:23:8D, packageName = com.samsung.android.gearnplugin, deviceProfile = null, notifyOnDeviceNearby = false, timeApprovedMs = Wed Dec 31 19:00:00 EST 1969 }}  -->  {Association { userId = 0, deviceMacAddress = D0:1B:49:3F:0E:CB, packageName = com.samsung.android.waterplugin, deviceProfile = null, notifyOnDeviceNearby = false, timeApprovedMs = Thu Jul 07 14:43:08 EDT 2022 }, Association { userId = 0, deviceMacAddress = 08:BF:A0:F6:23:8D, packageName = com.samsung.android.gearnplugin, deviceProfile = null, notifyOnDeviceNearby = false, timeApprovedMs = Wed Dec 31 19:00:00 EST 1969 }}
07-10 22:28:07.986  1750  2062 I CompanionDeviceManagerService: Writing associations to disk: {Association { userId = 0, deviceMacAddress = D0:1B:49:3F:0E:CB, packageName = com.samsung.android.waterplugin, deviceProfile = null, notifyOnDeviceNearby = false, timeApprovedMs = Thu Jul 07 14:43:08 EDT 2022 }, Association { userId = 0, deviceMacAddress = 08:BF:A0:F6:23:8D, packageName = com.samsung.android.gearnplugin, deviceProfile = null, notifyOnDeviceNearby = false, timeApprovedMs = Wed Dec 31 19:00:00 EST 1969 }}
07-10 22:28:07.986  1750  4055 I CompanionDeviceManagerService: startBleScan()
07-10 22:28:08.878  1750  1750 D CompanionDeviceManagerService: TriggerDeviceDisappearedRunnable.run(address = D0:1B:49:3F:0E:CB)
07-10 22:28:10.491  1750  4055 I ActivityTaskManager: START u0 {flg=0x10000000 cmp=no.nordicsemi.android.mcp/.DeviceListActivity} from uid 10366
07-10 22:28:10.515  1750  4055 W ActivityTaskManager: Tried to set launchTime (0) < mLastActivityLaunchTime (227401407)
07-10 22:28:10.577  1750  4365 W NotificationService: Toast already killed. pkg=kr.ftlab.radon_eye_v2 token=android.os.BinderProxy@2df2dab
07-10 22:28:13.053  1750  2068 W ActivityManager: Stopping service due to app idle: u0a258 -56s202ms com.facebook.katana/com.facebook.mqttlite.MqttService
07-10 22:28:14.970  1750  4246 I ActivityTaskManager: START u0 {act=android.intent.action.VIEW cat=[android.intent.category.DEFAULT] typ=vnd.android.cursor.dir/no.nordicsemi.android.log.sessions flg=0x10000000 cmp=no.nordicsemi.android.log/no.nordicsemi.android.logger.MainActivity} from uid 10366
07-10 22:28:14.992  1750  2045 W ProcessStats: Tracking association SourceState{584cdb3 system/1000 BTopFgs #1274669} whose proc state 2 is better than process ProcessState{baa4f70 net.dinglisch.android.taskerm/10289 pkg=net.dinglisch.android.taskerm} proc state 3 (158 skipped)
07-10 22:28:15.816  1750  1750 D CompanionDeviceManagerService: TriggerDeviceDisappearedRunnable.run(address = 58:BF:25:EC:3C:8A)
07-10 22:28:19.253  1750  2068 I ActivityManager: Waited long enough for: ServiceRecord{1a15647 u0 com.maxmpz.audioplayer/.player.HeadsetMicroService}
07-10 22:28:21.320  1750  1750 W WindowManager: removeWindowToken: Attempted to remove non-existing token: android.os.Binder@1dea4ad
07-10 22:28:23.783  1750  4446 I ActivityTaskManager: moveTaskToBack: Task{1c24882 #48800 type=standard A=10368:no.nordicsemi.android.log U=0 visible=true visibleRequested=true mode=fullscreen translucent=false sz=1}
07-10 22:28:23.795  1750  2045 I ActivityManager: Killing 16839:com.google.android.dialer/u0a180 (adj 985): empty #33
07-10 22:28:25.114  1750  3029 W ProcessStats: Tracking association SourceState{584cdb3 system/1000 BTopFgs #1274702} whose proc state 2 is better than process ProcessState{baa4f70 net.dinglisch.android.taskerm/10289 pkg=net.dinglisch.android.taskerm} proc state 3 (30 skipped)
07-10 22:28:29.330  1750  2258 W NetworkPolicy: shared quota unsupported; generating rule for each iface
07-10 22:28:35.476  1750  2394 W ProcessStats: Tracking association SourceState{584cdb3 system/1000 BTopFgs #1274724} whose proc state 2 is better than process ProcessState{baa4f70 net.dinglisch.android.taskerm/10289 pkg=net.dinglisch.android.taskerm} proc state 3 (21 skipped)
07-10 22:28:45.249  1750  4060 I ActivityManager: Killing 15731:com.google.android.turboadapter/u0a237 (adj 985): empty #33
07-10 22:28:45.725  1750  4060 W ProcessStats: Tracking association SourceState{584cdb3 system/1000 BTopFgs #1274735} whose proc state 2 is better than process ProcessState{baa4f70 net.dinglisch.android.taskerm/10289 pkg=net.dinglisch.android.taskerm} proc state 3 (9 skipped)
07-10 22:28:58.919  1750  4060 W ProcessStats: Tracking association SourceState{584cdb3 system/1000 BTopFgs #1274742} whose proc state 2 is better than process ProcessState{baa4f70 net.dinglisch.android.taskerm/10289 pkg=net.dinglisch.android.taskerm} proc state 3 (6 skipped)
07-10 22:28:58.923  1750  2068 W ActivityManager: Stopping service due to app idle: u0a270 -54s675ms com.maxmpz.audioplayer/.player.HeadsetMicroService
07-10 22:28:58.932  1750  4060 I ActivityManager: Killing 14520:com.google.process.gapps/u0a190 (adj 985): empty #33
07-10 22:29:13.155  1750  4446 W ProcessStats: Tracking association SourceState{584cdb3 system/1000 BTopFgs #1274753} whose proc state 2 is better than process ProcessState{baa4f70 net.dinglisch.android.taskerm/10289 pkg=net.dinglisch.android.taskerm} proc state 3 (10 skipped)
07-10 22:29:18.293  1018  1018 I vendor.google.wifi_ext@1.0-service-vendor: Wifi: Reseting SAR Scenario to default
07-10 22:29:20.045  1750  2068 W ActivityManager: Stopping service due to app idle: u0a572 -2m4s755ms com.zhiliaoapp.musically/com.bytedance.common.wschannel.client.WsClientService
07-10 22:29:20.051  1750  3029 I ActivityManager: Killing 19693:com.google.android.webview:webview_service/u0a217 (adj 975): empty #33
07-10 22:29:20.052  1750  3029 I ActivityManager: Killing 954:com.google.process.gservices/u0a190 (adj 985): empty #34
07-10 22:29:23.705  1750  3192 W ActivityTaskManager: getTaskSnapshot: taskId=48802 not found
07-10 22:29:23.718  1750  2045 W ProcessStats: Tracking association SourceState{584cdb3 system/1000 BTopFgs #1274769} whose proc state 2 is better than process ProcessState{baa4f70 net.dinglisch.android.taskerm/10289 pkg=net.dinglisch.android.taskerm} proc state 3 (14 skipped)
07-10 22:29:23.757  1750  2045 V WindowManager: Unknown focus tokens, dropping reportFocusChanged
07-10 22:29:25.661  1750  2062 W UsageStatsService: Unexpected activity event reported! (no.nordicsemi.android.log/no.nordicsemi.android.logger.MainActivity event : 23 instanceId : 48864460)
07-10 22:29:25.662  1750  2046 W ActivityTaskManager: Can't find TaskDisplayArea to determine support for multi window. Task id=48800 attached=false
07-10 22:29:25.662  1750  2046 W ActivityTaskManager: Can't find TaskDisplayArea to determine support for multi window. Task id=48800 attached=false
07-10 22:29:25.774  1750  2045 I ActivityManager: PendingStartActivityUids startActivity to updateOomAdj delay:2047ms, uid:10239
07-10 22:29:26.139  1750  2045 I ActivityManager: Killing 16028:no.nordicsemi.android.log/u0a368 (adj 200): remove task
07-10 22:29:26.148  1750  2045 V WindowManager: Unknown focus tokens, dropping reportFocusChanged
07-10 22:29:26.149  1750  2394 W ActivityManager: Foreground service started from background can not have location/camera/microphone access: service no.nordicsemi.android.mcp/.ble.BluetoothLeService
07-10 22:29:26.149  1750  2394 I ActivityManager: Background started FGS: Allowed [callingPackage: no.nordicsemi.android.mcp; callingUid: 10366; uidState: SVC ; intent: Intent { cmp=no.nordicsemi.android.mcp/.ble.BluetoothLeService }; code:ACTIVITY_VISIBILITY_GRACE_PERIOD; tempAllowListReason:<null>; targetSdkVersion:31; callerTargetSdkVersion:31; startForegroundCount:4; bindFromPackage:null]
07-10 22:29:26.159  1750  1750 W NotificationHistory: Attempted to add notif for locked/gone/disabled user 0
07-10 22:29:26.177  1750  2062 W UsageStatsService: Unexpected activity event reported! (com.google.android.apps.nexuslauncher/com.android.quickstep.RecentsActivity event : 23 instanceId : 250830940)
07-10 22:29:26.208  1750  4246 I ActivityManager: Killing 15581:no.nordicsemi.android.mcp/u0a366 (adj 50): depends on provider no.nordicsemi.android.log/no.nordicsemi.android.logger.provider.LogContentProvider in dying proc no.nordicsemi.android.log (adj -10000)
07-10 22:29:26.212  1750  2045 W ActivityManager: setHasOverlayUi called on unknown pid: 16028
07-10 22:29:26.247  1750  4060 I WindowManager: WIN DEATH: Window{464fa22 u0 no.nordicsemi.android.mcp/no.nordicsemi.android.mcp.MainActivity}
07-10 22:29:26.254  1750  2045 W ActivityManager: setHasOverlayUi called on unknown pid: 15581
07-10 22:29:26.255  1750  2062 W UsageStatsService: Unexpected activity event reported! (no.nordicsemi.android.mcp/no.nordicsemi.android.mcp.MainActivity event : 23 instanceId : 10010730)
07-10 22:29:26.620  1750  4058 D ContentCapturePerUserService: Notified activity assist data for activity: Token{43751d1 ActivityRecord{f21b436 u0 kr.ftlab.radon_eye_v2/.ActivityDetail t48803}} without a session Id
07-10 22:29:35.011  1750  2045 V WindowManager: Unknown focus tokens, dropping reportFocusChanged
07-10 22:29:35.502  1750  2504 W ProcessStats: Tracking association SourceState{584cdb3 system/1000 BTopFgs #1274803} whose proc state 2 is better than process ProcessState{baa4f70 net.dinglisch.android.taskerm/10289 pkg=net.dinglisch.android.taskerm} proc state 3 (29 skipped)
07-10 22:29:35.918  1750  2045 V WindowManager: Unknown focus tokens, dropping reportFocusChanged
07-10 22:29:36.902  1750  4058 W ActivityTaskManager: getApplicationThreadForTopActivity failed: No process for ActivityRecord{d56c5f8 u0 no.nordicsemi.android.mcp/.MainActivity t48797}
07-10 22:29:36.913  1750  2045 D CompatibilityChangeReporter: Compat change id reported: 135634846; UID 10366; state: DISABLED
07-10 22:29:36.913  1750  2045 D CompatibilityChangeReporter: Compat change id reported: 177438394; UID 10366; state: DISABLED
07-10 22:29:36.913  1750  2045 D CompatibilityChangeReporter: Compat change id reported: 135772972; UID 10366; state: DISABLED
07-10 22:29:36.914  1750  2045 D CompatibilityChangeReporter: Compat change id reported: 135754954; UID 10366; state: ENABLED
07-10 22:29:36.921  1750  2045 I ActivityManager: PendingStartActivityUids startActivity to updateOomAdj delay:1031ms, uid:10239
07-10 22:29:36.921  1750  2069 D CompatibilityChangeReporter: Compat change id reported: 143937733; UID 10366; state: ENABLED
07-10 22:29:36.934  1750  2069 I ActivityManager: Start proc 20547:no.nordicsemi.android.mcp/u0a366 for pre-top-activity {no.nordicsemi.android.mcp/no.nordicsemi.android.mcp.MainActivity}
07-10 22:29:36.934  1750  2490 W WindowManager: Cannot find window which accessibility connection is added to
07-10 22:29:37.209  1750  2504 D CompatibilityChangeReporter: Compat change id reported: 135634846; UID 10368; state: DISABLED
07-10 22:29:37.209  1750  2504 D CompatibilityChangeReporter: Compat change id reported: 177438394; UID 10368; state: DISABLED
07-10 22:29:37.209  1750  2504 D CompatibilityChangeReporter: Compat change id reported: 135772972; UID 10368; state: DISABLED
07-10 22:29:37.209  1750  2504 D CompatibilityChangeReporter: Compat change id reported: 135754954; UID 10368; state: ENABLED
07-10 22:29:37.209  1750  2069 D CompatibilityChangeReporter: Compat change id reported: 143937733; UID 10368; state: ENABLED
07-10 22:29:37.217  1750  2069 I ActivityManager: Start proc 20573:no.nordicsemi.android.log/u0a368 for content provider {no.nordicsemi.android.log/no.nordicsemi.android.logger.provider.LogContentProvider}
07-10 22:29:37.353  1750  2045 V WindowManager: Unknown focus tokens, dropping reportFocusChanged
07-10 22:29:37.380  1750  2062 W UsageStatsService: Unexpected activity event reported! (com.google.android.apps.nexuslauncher/com.android.quickstep.RecentsActivity event : 23 instanceId : 250830940)
07-10 22:29:38.344  1750  2490 W WindowManager: Cannot find window which accessibility connection is added to
07-10 22:29:38.347  1750  2490 W WindowManager: Failed looking up window session=Session{a4e8de0 2380:u0a10245} callers=com.android.server.wm.WindowManagerService.windowForClientLocked:5771 com.android.server.wm.WindowManagerService.removeWindow:2051 com.android.server.wm.Session.remove:218 
07-10 22:29:45.944  1750  4058 W ProcessStats: Tracking association SourceState{584cdb3 system/1000 BTopFgs #1274839} whose proc state 2 is better than process ProcessState{baa4f70 net.dinglisch.android.taskerm/10289 pkg=net.dinglisch.android.taskerm} proc state 3 (22 skipped)
07-10 22:29:47.820  1750  2226 D ActivityManager: freezing 11377 com.android.chrome:sandboxed_process0:org.chromium.content.app.SandboxedProcessService0:42
07-10 22:29:47.822  1750  2226 D ActivityManager: froze 11377 com.android.chrome:sandboxed_process0:org.chromium.content.app.SandboxedProcessService0:42
07-10 22:29:47.824  1750  2226 D ActivityManager: freezing 26736 com.android.chrome:privileged_process0
07-10 22:29:47.825  1750  2226 D ActivityManager: froze 26736 com.android.chrome:privileged_process0
07-10 22:29:47.827  1750  2226 D ActivityManager: freezing 13750 com.android.chrome:sandboxed_process0:org.chromium.content.app.SandboxedProcessService0:52
07-10 22:29:47.828  1750  2226 D ActivityManager: froze 13750 com.android.chrome:sandboxed_process0:org.chromium.content.app.SandboxedProcessService0:52
07-10 22:29:49.747  1750  2258 W NetworkPolicy: shared quota unsupported; generating rule for each iface
07-10 22:29:52.028  1750  2045 V WindowManager: Unknown focus tokens, dropping reportFocusChanged
07-10 22:29:52.942  1750  4058 D CompatibilityChangeReporter: Compat change id reported: 197654537; UID 10366; state: ENABLED
07-10 22:29:52.968  1750  2045 V WindowManager: Unknown focus tokens, dropping reportFocusChanged
07-10 22:29:53.991  1750  4060 W ActivityManager: Foreground service started from background can not have location/camera/microphone access: service no.nordicsemi.android.mcp/.ble.BluetoothLeService
07-10 22:29:53.991  1750  4060 I ActivityManager: Background started FGS: Allowed [callingPackage: no.nordicsemi.android.mcp; callingUid: 10366; uidState: SVC ; intent: Intent { cmp=no.nordicsemi.android.mcp/.ble.BluetoothLeService }; code:ACTIVITY_VISIBILITY_GRACE_PERIOD; tempAllowListReason:<null>; targetSdkVersion:31; callerTargetSdkVersion:31; startForegroundCount:0; bindFromPackage:null]; startForegroundDelayMs:16955
07-10 22:29:53.992  1750  2045 V WindowManager: Unknown focus tokens, dropping reportFocusChanged
07-10 22:29:53.996  1750  2062 W UsageStatsService: Unexpected activity event reported! (com.google.android.apps.nexuslauncher/com.android.quickstep.RecentsActivity event : 23 instanceId : 250830940)
07-10 22:29:54.006  1750  1750 W NotificationHistory: Attempted to add notif for locked/gone/disabled user 0
07-10 22:29:55.296  1750  4246 W AppOps  : Noting op not finished: uid 10447 pkg com.urbandroid.sleep code 79 startTime of in progress event=1657506475246
07-10 22:29:55.302  1750  4246 W AppOps  : Noting op not finished: uid 10190 pkg com.google.android.gms code 113 startTime of in progress event=1657506409350
07-10 22:29:55.310  1750  4246 W AppOps  : Noting op not finished: uid 10190 pkg com.google.android.gms code 113 startTime of in progress event=1657506409350
07-10 22:29:55.317  1750  4246 W AppOps  : Noting op not finished: uid 10190 pkg com.google.android.gms code 113 startTime of in progress event=1657506409350
07-10 22:29:55.327  1750  4365 W AppOps  : Noting op not finished: uid 10202 pkg com.google.android.apps.maps code 79 startTime of in progress event=1657506475268
07-10 22:29:55.336  1750  4365 W AppOps  : Noting op not finished: uid 10223 pkg com.google.android.gms.location.history code 79 startTime of in progress event=1657363153686
07-10 22:29:56.840  1750  2068 W ProcessStats: Tracking association SourceState{584cdb3 system/1000 BTopFgs #1274873} whose proc state 2 is better than process ProcessState{baa4f70 net.dinglisch.android.taskerm/10289 pkg=net.dinglisch.android.taskerm} proc state 3 (31 skipped)
07-10 22:29:56.862  1750  2096 E KernelCpuUidActiveTimeReader: Negative delta from active time for uid: 10229, delta: -12
07-10 22:29:56.862  1750  2096 E KernelCpuUidActiveTimeReader: Negative delta from active time for uid: 10114, delta: -16
07-10 22:29:56.862  1750  2096 E KernelCpuUidActiveTimeReader: Negative delta from active time for uid: 10151, delta: -22
07-10 22:29:56.862  1750  2096 E KernelCpuUidActiveTimeReader: Negative delta from active time for uid: 10290, delta: -30
07-10 22:29:56.862  1750  2096 E KernelCpuUidActiveTimeReader: Negative delta from active time for uid: 10167, delta: -11
07-10 22:29:56.863  1750  2096 E KernelCpuUidActiveTimeReader: Negative delta from active time for uid: 10157, delta: -17
07-10 22:29:56.863  1750  2096 E KernelCpuUidActiveTimeReader: Negative delta from active time for uid: 10521, delta: -19
07-10 22:29:56.863  1750  2096 E KernelCpuUidActiveTimeReader: Negative delta from active time for uid: 10343, delta: -33
07-10 22:29:56.863  1750  2096 E KernelCpuUidActiveTimeReader: Negative delta from active time for uid: 10105, delta: -12
07-10 22:29:56.863  1750  2096 E KernelCpuUidActiveTimeReader: Negative delta from active time for uid: 10236, delta: -2
07-10 22:29:56.863  1750  2096 E KernelCpuUidActiveTimeReader: Negative delta from active time for uid: 10121, delta: -8
07-10 22:29:56.863  1750  2096 E KernelCpuUidActiveTimeReader: Negative delta from active time for uid: 10184, delta: -30
07-10 22:29:56.863  1750  2096 E KernelCpuUidActiveTimeReader: Negative delta from active time for uid: 10404, delta: -24
07-10 22:29:56.863  1750  2096 E KernelCpuUidActiveTimeReader: Negative delta from active time for uid: 10281, delta: -44
07-10 22:29:56.872  1750  4308 D CompatibilityChangeReporter: Compat change id reported: 135634846; UID 10237; state: DISABLED
07-10 22:29:56.872  1750  4308 D CompatibilityChangeReporter: Compat change id reported: 177438394; UID 10237; state: DISABLED
07-10 22:29:56.872  1750  4308 D CompatibilityChangeReporter: Compat change id reported: 135772972; UID 10237; state: DISABLED
07-10 22:29:56.872  1750  4308 D CompatibilityChangeReporter: Compat change id reported: 135754954; UID 10237; state: ENABLED
07-10 22:29:56.872  1750  2069 D CompatibilityChangeReporter: Compat change id reported: 143937733; UID 10237; state: ENABLED
07-10 22:29:56.880  1750  2069 I ActivityManager: Start proc 20703:com.google.android.turboadapter/u0a237 for service {com.google.android.turboadapter/com.google.android.turboadapter.GoogleBatteryService}
07-10 22:29:56.953  1750  2504 I ActivityManager: Killing 18832:com.google.android.projection.gearhead:provider/u0a144 (adj 975): empty #33
07-10 22:29:56.963  1750  1750 D CompatibilityChangeReporter: Compat change id reported: 135634846; UID 10303; state: DISABLED
07-10 22:29:56.963  1750  1750 D CompatibilityChangeReporter: Compat change id reported: 177438394; UID 10303; state: DISABLED
07-10 22:29:56.963  1750  1750 D CompatibilityChangeReporter: Compat change id reported: 135772972; UID 10303; state: DISABLED
07-10 22:29:56.963  1750  1750 D CompatibilityChangeReporter: Compat change id reported: 135754954; UID 10303; state: ENABLED
07-10 22:29:56.963  1750  2069 D CompatibilityChangeReporter: Compat change id reported: 143937733; UID 10303; state: ENABLED
07-10 22:29:56.971  1750  2069 I ActivityManager: Start proc 20723:com.nstudio.weatherhere/u0a303 for service {com.nstudio.weatherhere/com.nstudio.weatherhere.widget.WidgetUpdateJobService}
07-10 22:29:56.997  1750  4060 D CompatibilityChangeReporter: Compat change id reported: 168419799; UID 10303; state: DISABLED
07-10 22:29:57.301  1750  4246 D CompatibilityChangeReporter: Compat change id reported: 135634846; UID 10190; state: DISABLED
07-10 22:29:57.301  1750  4246 D CompatibilityChangeReporter: Compat change id reported: 177438394; UID 10190; state: DISABLED
07-10 22:29:57.301  1750  4246 D CompatibilityChangeReporter: Compat change id reported: 135772972; UID 10190; state: DISABLED
07-10 22:29:57.301  1750  4246 D CompatibilityChangeReporter: Compat change id reported: 135754954; UID 10190; state: ENABLED
07-10 22:29:57.301  1750  2069 D CompatibilityChangeReporter: Compat change id reported: 143937733; UID 10190; state: ENABLED
07-10 22:29:57.315  1750  2069 I ActivityManager: Start proc 20788:com.google.process.gservices/u0a190 for content provider {com.google.android.gsf/com.google.android.gsf.gservices.GservicesProvider}
07-10 22:29:57.844  1750  4060 I ActivityManager: Killing 18070:com.amazon.avod.thirdpartyclient/u0a275 (adj 975): empty #33
07-10 22:29:57.844  1750  4060 I ActivityManager: Killing 18544:com.facebook.katana/u0a258 (adj 975): empty #34
07-10 22:29:57.859  1750  2045 V WindowManager: Unknown focus tokens, dropping reportFocusChanged
07-10 22:29:57.908  1750  2082 I ActivityManager: Process PhantomProcessRecord {110135a 19555:18544:nightwatch.txt/u0a258} died
07-10 22:29:59.211  1750  2045 V WindowManager: Unknown focus tokens, dropping reportFocusChanged
07-10 22:29:59.911  1750  2096 E KernelCpuUidActiveTimeReader: Negative delta from active time for uid: 10229, delta: -12
07-10 22:29:59.911  1750  2096 E KernelCpuUidActiveTimeReader: Negative delta from active time for uid: 10114, delta: -16
07-10 22:29:59.911  1750  2096 E KernelCpuUidActiveTimeReader: Negative delta from active time for uid: 10151, delta: -22
07-10 22:29:59.911  1750  2096 E KernelCpuUidActiveTimeReader: Negative delta from active time for uid: 10290, delta: -30
07-10 22:29:59.911  1750  2096 E KernelCpuUidActiveTimeReader: Negative delta from active time for uid: 10167, delta: -11
07-10 22:29:59.912  1750  2096 E KernelCpuUidActiveTimeReader: Negative delta from active time for uid: 10157, delta: -17
07-10 22:29:59.912  1750  2096 E KernelCpuUidActiveTimeReader: Negative delta from active time for uid: 10521, delta: -19
07-10 22:29:59.912  1750  2096 E KernelCpuUidActiveTimeReader: Negative delta from active time for uid: 10343, delta: -33
07-10 22:29:59.912  1750  2096 E KernelCpuUidActiveTimeReader: Negative delta from active time for uid: 10105, delta: -12
07-10 22:29:59.912  1750  2096 E KernelCpuUidActiveTimeReader: Negative delta from active time for uid: 10236, delta: -2
07-10 22:29:59.912  1750  2096 E KernelCpuUidActiveTimeReader: Negative delta from active time for uid: 10121, delta: -8
07-10 22:29:59.912  1750  2096 E KernelCpuUidActiveTimeReader: Negative delta from active time for uid: 10184, delta: -30
07-10 22:29:59.912  1750  2096 E KernelCpuUidActiveTimeReader: Negative delta from active time for uid: 10404, delta: -24
07-10 22:29:59.912  1750  2096 E KernelCpuUidActiveTimeReader: Negative delta from active time for uid: 10281, delta: -44
07-10 22:30:00.021  1750  3192 D CompatibilityChangeReporter: Compat change id reported: 174042980; UID 10366; state: DISABLED
07-10 22:30:00.021  1750  3192 D CompatibilityChangeReporter: Compat change id reported: 184838306; UID 10366; state: DISABLED
07-10 22:30:00.021  1750  3192 D CompatibilityChangeReporter: Compat change id reported: 185004937; UID 10366; state: DISABLED
07-10 22:30:00.022  1750  3192 D CompatibilityChangeReporter: Compat change id reported: 181136395; UID 10366; state: DISABLED
07-10 22:30:00.022  1750  3192 D CompatibilityChangeReporter: Compat change id reported: 174042936; UID 10366; state: DISABLED
07-10 22:30:00.026  1750  3192 D CompatibilityChangeReporter: Compat change id reported: 168419799; UID 10366; state: DISABLED
07-10 22:30:00.060  1750  4309 D CompatibilityChangeReporter: Compat change id reported: 168419799; UID 10190; state: DISABLED
07-10 22:30:00.073  1750  2045 V WindowManager: Unknown focus tokens, dropping reportFocusChanged
07-10 22:30:00.078  1750  2045 V WindowManager: Unknown focus tokens, dropping reportFocusChanged
07-10 22:30:00.368  1750  4309 W AppOps  : Noting op not finished: uid 10447 pkg com.urbandroid.sleep code 79 startTime of in progress event=1657506595312
07-10 22:30:00.376  1750  2490 W AppOps  : Noting op not finished: uid 10190 pkg com.google.android.gms code 113 startTime of in progress event=1657506409350
07-10 22:30:00.386  1750  2490 W AppOps  : Noting op not finished: uid 10190 pkg com.google.android.gms code 113 startTime of in progress event=1657506409350
07-10 22:30:00.396  1750  4309 W AppOps  : Noting op not finished: uid 10190 pkg com.google.android.gms code 113 startTime of in progress event=1657506409350
07-10 22:30:00.402  1750  4309 W AppOps  : Noting op not finished: uid 10202 pkg com.google.android.apps.maps code 79 startTime of in progress event=1657506595343
07-10 22:30:00.407  1750  3192 W AppOps  : Noting op not finished: uid 10223 pkg com.google.android.gms.location.history code 79 startTime of in progress event=1657363153686
07-10 22:30:00.442  1750  2045 V WindowManager: Unknown focus tokens, dropping reportFocusChanged
07-10 22:30:00.459  1750  2062 W UsageStatsService: Unexpected activity event reported! (com.google.android.apps.nexuslauncher/com.android.quickstep.RecentsActivity event : 23 instanceId : 250830940)
07-10 22:30:03.790  1750  4058 W AppOps  : Noting op not finished: uid 10447 pkg com.urbandroid.sleep code 79 startTime of in progress event=1657506600388
07-10 22:30:03.816  1750  4058 D CompatibilityChangeReporter: Compat change id reported: 171306433; UID 10190; state: ENABLED
07-10 22:30:06.003  1750  4060 W ActivityManager: Background start not allowed: service Intent { cmp=com.zhiliaoapp.musically/com.bytedance.common.wschannel.client.WsClientService } to com.zhiliaoapp.musically/com.bytedance.common.wschannel.client.WsClientService from pid=1295 uid=10572 pkg=com.zhiliaoapp.musically startFg?=false
07-10 22:30:07.419  1750  4058 W ProcessStats: Tracking association SourceState{584cdb3 system/1000 BTopFgs #1275016} whose proc state 2 is better than process ProcessState{baa4f70 net.dinglisch.android.taskerm/10289 pkg=net.dinglisch.android.taskerm} proc state 3 (111 skipped)
07-10 22:30:16.823  1750  1786 W ActivityManager: Background start not allowed: service Intent { cmp=com.zhiliaoapp.musically/com.bytedance.common.wschannel.client.WsClientService } to com.zhiliaoapp.musically/com.bytedance.common.wschannel.client.WsClientService from pid=1295 uid=10572 pkg=com.zhiliaoapp.musically startFg?=false
07-10 22:30:20.174  1750  2490 W ProcessStats: Tracking association SourceState{584cdb3 system/1000 BTopFgs #1275038} whose proc state 2 is better than process ProcessState{baa4f70 net.dinglisch.android.taskerm/10289 pkg=net.dinglisch.android.taskerm} proc state 3 (21 skipped)
07-10 22:30:20.784  1750  1750 I ContentCaptureManagerService: Content capture data sharing session terminated successfully for package 'com.google.android.googlequicksearchbox'
07-10 22:30:28.135  1750  2258 W NetworkPolicy: shared quota unsupported; generating rule for each iface
07-10 22:30:31.340  1750  2490 W ProcessStats: Tracking association SourceState{584cdb3 system/1000 BTopFgs #1275066} whose proc state 2 is better than process ProcessState{baa4f70 net.dinglisch.android.taskerm/10289 pkg=net.dinglisch.android.taskerm} proc state 3 (24 skipped)
07-10 22:30:41.356  1750  2062 W ProcessStats: Tracking association SourceState{584cdb3 system/1000 BTopFgs #1275078} whose proc state 2 is better than process ProcessState{baa4f70 net.dinglisch.android.taskerm/10289 pkg=net.dinglisch.android.taskerm} proc state 3 (8 skipped)
07-10 22:30:56.960  1750  2504 W ProcessStats: Tracking association SourceState{584cdb3 system/1000 BTopFgs #1275091} whose proc state 2 is better than process ProcessState{baa4f70 net.dinglisch.android.taskerm/10289 pkg=net.dinglisch.android.taskerm} proc state 3 (11 skipped)
07-10 22:31:16.244  1750  4309 W ProcessStats: Tracking association SourceState{584cdb3 system/1000 BTopFgs #1275105} whose proc state 2 is better than process ProcessState{baa4f70 net.dinglisch.android.taskerm/10289 pkg=net.dinglisch.android.taskerm} proc state 3 (8 skipped)
07-10 22:31:29.886  1750  4309 W ProcessStats: Tracking association SourceState{584cdb3 system/1000 BTopFgs #1275111} whose proc state 2 is better than process ProcessState{baa4f70 net.dinglisch.android.taskerm/10289 pkg=net.dinglisch.android.taskerm} proc state 3 (5 skipped)
07-10 22:31:41.199  1750  4309 W ProcessStats: Tracking association SourceState{584cdb3 system/1000 BTopFgs #1275122} whose proc state 2 is better than process ProcessState{baa4f70 net.dinglisch.android.taskerm/10289 pkg=net.dinglisch.android.taskerm} proc state 3 (8 skipped)
07-10 22:31:47.124  1750  2504 W ActivityManager: Background start not allowed: service Intent { cmp=com.zhiliaoapp.musically/com.bytedance.common.wschannel.client.WsClientService } to com.zhiliaoapp.musically/com.bytedance.common.wschannel.client.WsClientService from pid=1295 uid=10572 pkg=com.zhiliaoapp.musically startFg?=false
07-10 22:31:51.344  1750  4446 W ProcessStats: Tracking association SourceState{584cdb3 system/1000 BTopFgs #1275135} whose proc state 2 is better than process ProcessState{baa4f70 net.dinglisch.android.taskerm/10289 pkg=net.dinglisch.android.taskerm} proc state 3 (12 skipped)
07-10 22:32:03.423  1750  2062 W ProcessStats: Tracking association SourceState{584cdb3 system/1000 BTopFgs #1275143} whose proc state 2 is better than process ProcessState{baa4f70 net.dinglisch.android.taskerm/10289 pkg=net.dinglisch.android.taskerm} proc state 3 (7 skipped)
07-10 22:32:03.850  1750  1786 W AppOps  : Noting op not finished: uid 10447 pkg com.urbandroid.sleep code 79 startTime of in progress event=1657506603846
07-10 22:32:03.858  1750  1786 W AppOps  : Noting op not finished: uid 10190 pkg com.google.android.gms code 113 startTime of in progress event=1657506409350
07-10 22:32:03.871  1750  1786 W AppOps  : Noting op not finished: uid 10190 pkg com.google.android.gms code 113 startTime of in progress event=1657506409350
07-10 22:32:03.880  1750  2497 W AppOps  : Noting op not finished: uid 10190 pkg com.google.android.gms code 113 startTime of in progress event=1657506409350
07-10 22:32:03.890  1750  2497 W AppOps  : Noting op not finished: uid 10202 pkg com.google.android.apps.maps code 79 startTime of in progress event=1657506600412
07-10 22:32:03.893  1750  4309 W AppOps  : Noting op not finished: uid 10223 pkg com.google.android.gms.location.history code 79 startTime of in progress event=1657363153686
07-10 22:32:06.874  1750  1750 I ContentCaptureManagerService: Content capture data sharing session terminated successfully for package 'com.google.android.googlequicksearchbox'
07-10 22:32:06.878  1750  1750 I ContentCaptureManagerService: Content capture data sharing session terminated successfully for package 'com.google.android.googlequicksearchbox'
07-10 22:32:07.034  1750  1750 I ContentCaptureManagerService: Content capture data sharing session terminated successfully for package 'com.google.android.googlequicksearchbox'
07-10 22:32:07.306  1750  1750 I ContentCaptureManagerService: Content capture data sharing session terminated successfully for package 'com.google.android.googlequicksearchbox'
07-10 22:32:07.308  1750  1750 I ContentCaptureManagerService: Content capture data sharing session terminated successfully for package 'com.google.android.googlequicksearchbox'
07-10 22:32:08.945  1750  1750 I ContentCaptureManagerService: Content capture data sharing session terminated successfully for package 'com.google.android.googlequicksearchbox'
07-10 22:32:08.951  1750  1750 I ContentCaptureManagerService: Content capture data sharing session terminated successfully for package 'com.google.android.googlequicksearchbox'
07-10 22:32:12.198  1750  1750 I ContentCaptureManagerService: Content capture data sharing session terminated successfully for package 'com.google.android.googlequicksearchbox'
07-10 22:32:12.218  1750  1750 I ContentCaptureManagerService: Content capture data sharing session terminated successfully for package 'com.google.android.googlequicksearchbox'
07-10 22:32:13.838  1750  2211 W ProcessStats: Tracking association SourceState{584cdb3 system/1000 BTopFgs #1275173} whose proc state 2 is better than process ProcessState{baa4f70 net.dinglisch.android.taskerm/10289 pkg=net.dinglisch.android.taskerm} proc state 3 (28 skipped)
07-10 22:32:14.995  1750  4309 W ActivityManager: Background start not allowed: service Intent { cmp=com.zhiliaoapp.musically/com.bytedance.common.wschannel.client.WsClientService } to com.zhiliaoapp.musically/com.bytedance.common.wschannel.client.WsClientService from pid=1295 uid=10572 pkg=com.zhiliaoapp.musically startFg?=false
07-10 22:32:23.899  1750  2297 W ProcessStats: Tracking association SourceState{584cdb3 system/1000 BTopFgs #1275186} whose proc state 2 is better than process ProcessState{baa4f70 net.dinglisch.android.taskerm/10289 pkg=net.dinglisch.android.taskerm} proc state 3 (12 skipped)
07-10 22:32:23.903  1018  1018 I vendor.google.wifi_ext@1.0-service-vendor: Wifi: Setting SAR Scenario to 3
07-10 22:32:29.305  1750  2062 I UsageStatsService: User[0] Flushing usage stats to disk
07-10 22:32:35.585  1750  2490 W ProcessStats: Tracking association SourceState{584cdb3 system/1000 BTopFgs #1275195} whose proc state 2 is better than process ProcessState{baa4f70 net.dinglisch.android.taskerm/10289 pkg=net.dinglisch.android.taskerm} proc state 3 (7 skipped)
07-10 22:32:41.248  1018  1018 I vendor.google.wifi_ext@1.0-service-vendor: Wifi: Reseting SAR Scenario to default
07-10 22:32:43.546  1750  2045 V WindowManager: Unknown focus tokens, dropping reportFocusChanged
07-10 22:32:44.546  1750  2045 I ActivityManager: PendingStartActivityUids startActivity to updateOomAdj delay:1021ms, uid:10239
07-10 22:32:44.938  1750  2045 V WindowManager: Unknown focus tokens, dropping reportFocusChanged
07-10 22:32:44.948  1750  2497 W ActivityManager: Foreground service started from background can not have location/camera/microphone access: service no.nordicsemi.android.mcp/.ble.BluetoothLeService
07-10 22:32:44.948  1750  2497 I ActivityManager: Background started FGS: Allowed [callingPackage: no.nordicsemi.android.mcp; callingUid: 10366; uidState: SVC ; intent: Intent { cmp=no.nordicsemi.android.mcp/.ble.BluetoothLeService }; code:ACTIVITY_VISIBILITY_GRACE_PERIOD; tempAllowListReason:<null>; targetSdkVersion:31; callerTargetSdkVersion:31; startForegroundCount:1; bindFromPackage:null]
07-10 22:32:44.959  1750  1750 W NotificationHistory: Attempted to add notif for locked/gone/disabled user 0
07-10 22:32:44.980  1750  2062 W UsageStatsService: Unexpected activity event reported! (com.google.android.apps.nexuslauncher/com.android.quickstep.RecentsActivity event : 23 instanceId : 250830940)
07-10 22:32:45.923  1750  4365 W ProcessStats: Tracking association SourceState{584cdb3 system/1000 BTopFgs #1275215} whose proc state 2 is better than process ProcessState{baa4f70 net.dinglisch.android.taskerm/10289 pkg=net.dinglisch.android.taskerm} proc state 3 (16 skipped)
07-10 22:32:47.576  1018  1018 I vendor.google.wifi_ext@1.0-service-vendor: Wifi: Setting SAR Scenario to 3
07-10 22:32:49.530  1750  3129 W AppOps  : Noting op not finished: uid 10447 pkg com.urbandroid.sleep code 79 startTime of in progress event=1657506723875
07-10 22:32:49.535  1750  3129 W AppOps  : Noting op not finished: uid 10202 pkg com.google.android.apps.maps code 79 startTime of in progress event=1657506723903
07-10 22:32:49.543  1750  3129 W AppOps  : Noting op not finished: uid 10152 pkg com.google.android.apps.scone code 79 startTime of in progress event=1657491189605
07-10 22:32:49.548  1750  2490 W AppOps  : Noting op not finished: uid 10170 pkg com.google.android.googlequicksearchbox code 79 startTime of in progress event=1657488307730
07-10 22:32:49.631  1750  1786 W AppOps  : Noting op not finished: uid 10202 pkg com.google.android.apps.maps code 79 startTime of in progress event=1657506769627
07-10 22:32:51.350  1750  2045 V WindowManager: Unknown focus tokens, dropping reportFocusChanged
07-10 22:32:51.792  1750  2045 V WindowManager: Unknown focus tokens, dropping reportFocusChanged
07-10 22:32:52.517  1750  2045 V WindowManager: Unknown focus tokens, dropping reportFocusChanged
07-10 22:32:52.528  1750  2045 V WindowManager: Unknown focus tokens, dropping reportFocusChanged
07-10 22:32:52.884  1750  2045 V WindowManager: Unknown focus tokens, dropping reportFocusChanged
07-10 22:32:52.915  1750  2062 W UsageStatsService: Unexpected activity event reported! (com.google.android.apps.nexuslauncher/com.android.quickstep.RecentsActivity event : 23 instanceId : 250830940)
07-10 22:32:56.155  1750  1750 I ContentCaptureManagerService: Content capture data sharing session terminated successfully for package 'com.google.android.googlequicksearchbox'
07-10 22:32:56.158  1750  1750 I ContentCaptureManagerService: Content capture data sharing session terminated successfully for package 'com.google.android.googlequicksearchbox'
07-10 22:32:56.297  1750  1750 I ContentCaptureManagerService: Content capture data sharing session terminated successfully for package 'com.google.android.googlequicksearchbox'
07-10 22:32:56.862  1750  1750 I ContentCaptureManagerService: Content capture data sharing session terminated successfully for package 'com.google.android.googlequicksearchbox'
07-10 22:32:56.880  1750  1750 I ContentCaptureManagerService: Content capture data sharing session terminated successfully for package 'com.google.android.googlequicksearchbox'
07-10 22:32:57.910  1750  1750 I ContentCaptureManagerService: Content capture data sharing session terminated successfully for package 'com.google.android.googlequicksearchbox'
07-10 22:32:57.978  1750  2062 W ProcessStats: Tracking association SourceState{584cdb3 system/1000 BTopFgs #1275286} whose proc state 2 is better than process ProcessState{baa4f70 net.dinglisch.android.taskerm/10289 pkg=net.dinglisch.android.taskerm} proc state 3 (58 skipped)
07-10 22:32:59.770  1750  1750 I ContentCaptureManagerService: Content capture data sharing session terminated successfully for package 'com.google.android.googlequicksearchbox'
07-10 22:32:59.786  1750  1750 I ContentCaptureManagerService: Content capture data sharing session terminated successfully for package 'com.google.android.googlequicksearchbox'
07-10 22:33:05.935  1018  1018 I vendor.google.wifi_ext@1.0-service-vendor: Wifi: Reseting SAR Scenario to default
07-10 22:33:09.569  1750  2211 W ProcessStats: Tracking association SourceState{584cdb3 system/1000 BTopFgs #1275303} whose proc state 2 is better than process ProcessState{baa4f70 net.dinglisch.android.taskerm/10289 pkg=net.dinglisch.android.taskerm} proc state 3 (15 skipped)
07-10 22:33:18.373  1750  2490 W AppOps  : Noting op not finished: uid 10447 pkg com.urbandroid.sleep code 79 startTime of in progress event=1657506769646
07-10 22:33:18.384  1750  2490 W AppOps  : Noting op not finished: uid 10202 pkg com.google.android.apps.maps code 79 startTime of in progress event=1657506769656
07-10 22:33:18.401  1750  2490 W AppOps  : Noting op not finished: uid 10152 pkg com.google.android.apps.scone code 79 startTime of in progress event=1657491189605
07-10 22:33:18.408  1750  2490 W AppOps  : Noting op not finished: uid 10170 pkg com.google.android.googlequicksearchbox code 79 startTime of in progress event=1657488307730
07-10 22:33:18.479  1750  2490 W AppOps  : Noting op not finished: uid 10202 pkg com.google.android.apps.maps code 79 startTime of in progress event=1657506798476
07-10 22:33:20.793  1750  1786 W ProcessStats: Tracking association SourceState{584cdb3 system/1000 BTopFgs #1275342} whose proc state 2 is better than process ProcessState{baa4f70 net.dinglisch.android.taskerm/10289 pkg=net.dinglisch.android.taskerm} proc state 3 (31 skipped)
07-10 22:33:31.338  1750  4060 W ProcessStats: Tracking association SourceState{584cdb3 system/1000 BTopFgs #1275346} whose proc state 2 is better than process ProcessState{baa4f70 net.dinglisch.android.taskerm/10289 pkg=net.dinglisch.android.taskerm} proc state 3 (2 skipped)
07-10 22:33:32.740  1750  3129 I ActivityTaskManager: START u0 {act=android.settings.SETTINGS flg=0x14000000 cmp=com.android.settings/.homepage.SettingsHomepageActivity} from uid 10245
07-10 22:33:33.001  1750  3129 W ActivityTaskManager: Can't find TaskDisplayArea to determine support for multi window. Task id=48804 attached=false
07-10 22:33:33.005  1750  3129 D CompatibilityChangeReporter: Compat change id reported: 174042980; UID 1000; state: DISABLED
07-10 22:33:33.008  1750  3129 D CompatibilityChangeReporter: Compat change id reported: 197654537; UID 1000; state: ENABLED
07-10 22:33:33.019  1750  2045 D CompatibilityChangeReporter: Compat change id reported: 135634846; UID 1000; state: DISABLED
