07-10 22:27:07.540  1750  4099 W ActivityManager: Unbind failed: could not find connection for android.os.BinderProxy@4f88b0c
07-10 22:27:07.545  1750  4246 D CompatibilityChangeReporter: Compat change id reported: 135634846; UID 10277; state: DISABLED
07-10 22:27:07.545  1750  4246 D CompatibilityChangeReporter: Compat change id reported: 177438394; UID 10277; state: DISABLED
07-10 22:27:07.545  1750  4246 D CompatibilityChangeReporter: Compat change id reported: 135772972; UID 10277; state: DISABLED
07-10 22:27:07.545  1750  4246 D CompatibilityChangeReporter: Compat change id reported: 135754954; UID 10277; state: ENABLED
07-10 22:27:07.577  1750  2069 W ActivityManager: Slow operation: 68ms so far, now at startProcess: returned from zygote!
07-10 22:27:07.582  1750  4264 W ActivityManager: Permission Denial: Accessing service com.zhiliaoapp.musically/com.ss.android.ugc.aweme.feed.background.BackgroundAudioBrowserService from pid=18630, uid=1002 that is not exported from uid 10572
07-10 22:27:07.584  1750  2069 W ActivityManager: Slow operation: 74ms so far, now at startProcess: done updating battery stats
07-10 22:27:07.584  1750  2069 W ActivityManager: Slow operation: 74ms so far, now at startProcess: building log message
07-10 22:27:07.584  1750  2069 I ActivityManager: Start proc 18131:com.melodis.midomiMusicIdentifier.freemium/u0a388 for service {com.melodis.midomiMusicIdentifier.freemium/com.soundhound.android.feature.player.service.ShPlayerService}
07-10 22:27:07.584  1750  2069 W ActivityManager: Slow operation: 74ms so far, now at startProcess: starting to update pids map
07-10 22:27:07.584  1750  2069 W ActivityManager: Slow operation: 74ms so far, now at startProcess: done updating pids map
07-10 22:27:07.584  1750  2069 W ActivityManager: Slow operation: 53ms so far, now at startProcess: asking zygote to start proc
07-10 22:27:07.584  1750  2069 D CompatibilityChangeReporter: Compat change id reported: 143937733; UID 10381; state: ENABLED
07-10 22:27:07.584  1750  4099 W ActivityManager: Unbind failed: could not find connection for android.os.BinderProxy@f171109
07-10 22:27:07.587  1750  4099 W ActivityManager: Permission Denial: Accessing service com.zhiliaoapp.musically/com.ss.android.ugc.aweme.dsp.playerservice.plugin.mediasession.common.MediaSessionService from pid=18630, uid=1002 that is not exported from uid 10572
07-10 22:27:07.593  1750  4230 W ActivityManager: Unbind failed: could not find connection for android.os.BinderProxy@e83a328
07-10 22:27:07.607  1750  2259 D CompatibilityChangeReporter: Compat change id reported: 171306433; UID 10358; state: ENABLED
07-10 22:27:07.608  1750  4264 D CompatibilityChangeReporter: Compat change id reported: 135634846; UID 10363; state: DISABLED
07-10 22:27:07.608  1750  4264 D CompatibilityChangeReporter: Compat change id reported: 177438394; UID 10363; state: DISABLED
07-10 22:27:07.609  1750  4264 D CompatibilityChangeReporter: Compat change id reported: 135772972; UID 10363; state: DISABLED
07-10 22:27:07.609  1750  2069 W ActivityManager: Slow operation: 77ms so far, now at startProcess: returned from zygote!
07-10 22:27:07.609  1750  4264 D CompatibilityChangeReporter: Compat change id reported: 135754954; UID 10363; state: ENABLED
07-10 22:27:07.613  1750  2069 W ActivityManager: Slow operation: 81ms so far, now at startProcess: done updating battery stats
07-10 22:27:07.613  1750  2069 W ActivityManager: Slow operation: 81ms so far, now at startProcess: building log message
07-10 22:27:07.613  1750  2069 I ActivityManager: Start proc 18138:com.scannerradio/u0a381 for service {com.scannerradio/com.scannerradio.MyMediaBrowserService}
07-10 22:27:07.613  1750  2069 W ActivityManager: Slow operation: 81ms so far, now at startProcess: starting to update pids map
07-10 22:27:07.613  1750  2069 W ActivityManager: Slow operation: 81ms so far, now at startProcess: done updating pids map
07-10 22:27:07.613  1750  2069 W ActivityManager: Slow operation: 69ms so far, now at startProcess: asking zygote to start proc
07-10 22:27:07.613  1750  2069 D CompatibilityChangeReporter: Compat change id reported: 143937733; UID 10277; state: ENABLED
07-10 22:27:07.632  1750  2069 W ActivityManager: Slow operation: 87ms so far, now at startProcess: returned from zygote!
07-10 22:27:07.639  1750  2069 W ActivityManager: Slow operation: 95ms so far, now at startProcess: done updating battery stats
07-10 22:27:07.639  1750  2069 W ActivityManager: Slow operation: 95ms so far, now at startProcess: building log message
07-10 22:27:07.639  1750  2069 I ActivityManager: Start proc 18139:com.soundcloud.android/u0a277 for service {com.soundcloud.android/com.soundcloud.android.playback.players.MediaService}
07-10 22:27:07.639  1750  2069 W ActivityManager: Slow operation: 95ms so far, now at startProcess: starting to update pids map
07-10 22:27:07.639  1750  2069 W ActivityManager: Slow operation: 95ms so far, now at startProcess: done updating pids map
07-10 22:27:07.640  1750  2069 D CompatibilityChangeReporter: Compat change id reported: 143937733; UID 10363; state: ENABLED
07-10 22:27:07.651  1750  4230 D CompatibilityChangeReporter: Compat change id reported: 135634846; UID 10415; state: DISABLED
07-10 22:27:07.651  1750  4230 D CompatibilityChangeReporter: Compat change id reported: 177438394; UID 10415; state: DISABLED
07-10 22:27:07.651  1750  4230 D CompatibilityChangeReporter: Compat change id reported: 135772972; UID 10415; state: DISABLED
07-10 22:27:07.651  1750  4230 D CompatibilityChangeReporter: Compat change id reported: 135754954; UID 10415; state: ENABLED
07-10 22:27:07.666  1750  2044 D BluetoothManagerService: MESSAGE_BLUETOOTH_STATE_CHANGE: TURNING_ON > ON
07-10 22:27:07.666  1750  2044 D BluetoothManagerService: Broadcasting onBluetoothStateChange(true) to 29 receivers.
07-10 22:27:07.666  1750  2044 D BluetoothManagerService: Creating new ProfileServiceConnections object for profile: 1
07-10 22:27:07.742  1750  2068 W BroadcastQueue: Background execution not allowed: receiving Intent { act=android.bluetooth.device.action.UUID flg=0x10 (has extras) } to com.google.android.gms/.chimera.GmsIntentOperationService$PersistentTrustedReceiver
07-10 22:27:07.744  1750  2068 W BroadcastQueue: Background execution not allowed: receiving Intent { act=android.bluetooth.device.action.UUID flg=0x10 (has extras) } to com.google.android.googlequicksearchbox/com.google.android.apps.gsa.broadcastreceiver.external.ExternalCommonBroadcastReceiver
07-10 22:27:07.747  1750  2069 W ActivityManager: Slow operation: 139ms so far, now at startProcess: returned from zygote!
07-10 22:27:07.748  1750  2069 W ActivityManager: Slow operation: 139ms so far, now at startProcess: done updating battery stats
07-10 22:27:07.748  1750  2069 W ActivityManager: Slow operation: 140ms so far, now at startProcess: building log message
07-10 22:27:07.748  1750  2069 I ActivityManager: Start proc 18186:org.leetzone.android.yatsewidgetfree/u0a363 for service {org.leetzone.android.yatsewidgetfree/org.leetzone.android.yatsewidget.service.core.PlayerService}
07-10 22:27:07.748  1750  2069 W ActivityManager: Slow operation: 140ms so far, now at startProcess: starting to update pids map
07-10 22:27:07.748  1750  2069 W ActivityManager: Slow operation: 140ms so far, now at startProcess: done updating pids map
07-10 22:27:07.748  1750  2069 W ActivityManager: Slow operation: 98ms so far, now at startProcess: asking zygote to start proc
07-10 22:27:07.748  1750  2069 D CompatibilityChangeReporter: Compat change id reported: 143937733; UID 10415; state: ENABLED
07-10 22:27:07.771  1750  2069 W ActivityManager: Slow operation: 121ms so far, now at startProcess: returned from zygote!
07-10 22:27:07.823  1750  2069 W ActivityManager: Slow operation: 173ms so far, now at startProcess: done updating battery stats
07-10 22:27:07.824  1750  2069 W ActivityManager: Slow operation: 173ms so far, now at startProcess: building log message
07-10 22:27:07.824  1750  2069 I ActivityManager: Start proc 18191:org.videolan.vlc/u0a415 for service {org.videolan.vlc/org.videolan.vlc.PlaybackService}
07-10 22:27:07.824  1750  2069 W ActivityManager: Slow operation: 173ms so far, now at startProcess: starting to update pids map
07-10 22:27:07.824  1750  2069 W ActivityManager: Slow operation: 174ms so far, now at startProcess: done updating pids map
07-10 22:27:07.832  1750  2042 D CompanionDeviceManagerService: onPackageModified(packageName = com.android.bluetooth)
07-10 22:27:07.869  1750  2068 W BroadcastQueue: Background execution not allowed: receiving Intent { act=android.bluetooth.device.action.UUID flg=0x10 (has extras) } to com.google.android.projection.gearhead/com.google.android.apps.auto.carservice.gmscorecompat.CarBluetoothReceiver
07-10 22:27:07.911  1750  2082 I ActivityManager: Process PhantomProcessRecord {283f32e 8434:8296:nightwatch.txt/u0a258} died
07-10 22:27:07.919  1750  1750 I Telecom : DefaultDialerCache: Refreshing default dialer for user 0: now com.google.android.dialer: DDC.oR@l24
07-10 22:27:07.919  1750  1750 I Telecom : DefaultDialerCache: Refreshing default dialer for user 11: now com.google.android.dialer: DDC.oR@l24
07-10 22:27:07.933  1750  2394 D CompatibilityChangeReporter: Compat change id reported: 168419799; UID 10363; state: DISABLED
07-10 22:27:07.941  1750  2259 D CompatibilityChangeReporter: Compat change id reported: 171306433; UID 10363; state: ENABLED
07-10 22:27:07.964  1750  2068 W BroadcastQueue: Background execution not allowed: receiving Intent { act=android.bluetooth.device.action.UUID flg=0x10 (has extras) } to com.google.android.gms/.chimera.GmsIntentOperationService$PersistentTrustedReceiver
07-10 22:27:07.979  1750  2042 W Looper  : Slow dispatch took 104ms android.fg h=android.os.Handler c=com.android.internal.infra.ServiceConnector$Impl$$ExternalSyntheticLambda2@8b0a5d3 m=0
07-10 22:27:07.993  1750  2044 D BluetoothManagerService: Sending BLE State Change: TURNING_ON > ON
07-10 22:27:08.000  1750  3192 I ActivityManager: Process com.facebook.katana (pid 8296) has died: cch+75 CEM 
07-10 22:27:08.098  1750  2068 W BroadcastQueue: Background execution not allowed: receiving Intent { act=android.bluetooth.device.action.UUID flg=0x10 (has extras) } to com.google.android.googlequicksearchbox/com.google.android.apps.gsa.broadcastreceiver.external.ExternalCommonBroadcastReceiver
07-10 22:27:08.175  1750  2044 D BluetoothManagerService: Sending State Change: TURNING_ON > ON
07-10 22:27:08.181  1750  1750 W Looper  : Slow dispatch took 201ms main h=android.app.ActivityThread$H c=android.app.LoadedApk$ServiceDispatcher$RunConnection@65fb10 m=0
07-10 22:27:08.181  1750  1750 W Looper  : Slow delivery took 202ms main h=android.view.InputFilter$H c=null m=3
07-10 22:27:08.210  1750  1750 D CompanionDeviceManagerService: D0:1B:49:3F:0E:CB disconnected w/ reason: (1100) Local request
07-10 22:27:08.210  1750  1750 D CompanionDeviceManagerService: onDeviceDisconnected(address = D0:1B:49:3F:0E:CB)
07-10 22:27:08.210  1750  1750 I CompanionDeviceManagerService: onDeviceDisappeared(address = D0:1B:49:3F:0E:CB)
07-10 22:27:08.211  1750  1750 D CompanionDeviceManagerService: unscheduling TriggerDeviceDisappearedRunnable(address = D0:1B:49:3F:0E:CB)
07-10 22:27:08.217  1750  4309 I ActivityManager: Process com.google.android.apps.wellbeing (pid 13415) has died: cch+75 CEM 
07-10 22:27:08.261  1750  2068 W BroadcastQueue: Background execution not allowed: receiving Intent { act=android.bluetooth.device.action.UUID flg=0x10 (has extras) } to com.google.android.projection.gearhead/com.google.android.apps.auto.carservice.gmscorecompat.CarBluetoothReceiver
07-10 22:27:08.289  1750  1750 D CompanionDeviceManagerService: Received BT state transition broadcast: TURNING_ON -> ON
07-10 22:27:08.289  1750  1750 I CompanionDeviceManagerService: startBleScan()
07-10 22:27:08.289  1750  1750 W Looper  : Drained
07-10 22:27:08.320  1750  2975 D CompatibilityChangeReporter: Compat change id reported: 168419799; UID 10415; state: DISABLED
07-10 22:27:08.320  1750  2975 W ActivityManager: Slow operation: 51ms so far, now at attachApplicationLocked: immediately before bindApplication
07-10 22:27:08.328  1750  2975 W ActivityManager: Slow operation: 58ms so far, now at attachApplicationLocked: immediately after bindApplication
07-10 22:27:08.328  1750  2975 W ActivityManager: Slow operation: 58ms so far, now at attachApplicationLocked: after updateLruProcessLocked
07-10 22:27:08.334  1750  2975 W ActivityManager: Slow operation: 65ms so far, now at attachApplicationLocked: after mServices.attachApplicationLocked
07-10 22:27:08.359  1750  1750 D CompanionDeviceManagerService: 58:BF:25:EC:3C:8A disconnected w/ reason: (1100) Local request
07-10 22:27:08.359  1750  1750 D CompanionDeviceManagerService: onDeviceDisconnected(address = 58:BF:25:EC:3C:8A)
07-10 22:27:08.373  1750  2200 I ActivityManager: Process com.google.android.apps.docs (pid 13355) has died: cch+65 CEM 
07-10 22:27:08.403  1750  2068 W BroadcastQueue: Background execution not allowed: receiving Intent { act=android.bluetooth.device.action.UUID flg=0x10 (has extras) } to com.google.android.gms/.chimera.GmsIntentOperationService$PersistentTrustedReceiver
07-10 22:27:08.403  1750  2068 W BroadcastQueue: Background execution not allowed: receiving Intent { act=android.bluetooth.device.action.UUID flg=0x10 (has extras) } to com.google.android.googlequicksearchbox/com.google.android.apps.gsa.broadcastreceiver.external.ExternalCommonBroadcastReceiver
07-10 22:27:08.403  1750  2068 W BroadcastQueue: Background execution not allowed: receiving Intent { act=android.bluetooth.device.action.UUID flg=0x10 (has extras) } to com.google.android.projection.gearhead/com.google.android.apps.auto.carservice.gmscorecompat.CarBluetoothReceiver
07-10 22:27:08.404  1750  2068 W BroadcastQueue: Background execution not allowed: receiving Intent { act=android.bluetooth.device.action.UUID flg=0x10 (has extras) } to com.google.android.gms/.chimera.GmsIntentOperationService$PersistentTrustedReceiver
07-10 22:27:08.404  1750  2068 W BroadcastQueue: Background execution not allowed: receiving Intent { act=android.bluetooth.device.action.UUID flg=0x10 (has extras) } to com.google.android.googlequicksearchbox/com.google.android.apps.gsa.broadcastreceiver.external.ExternalCommonBroadcastReceiver
07-10 22:27:08.404  1750  2068 W BroadcastQueue: Background execution not allowed: receiving Intent { act=android.bluetooth.device.action.UUID flg=0x10 (has extras) } to com.google.android.projection.gearhead/com.google.android.apps.auto.carservice.gmscorecompat.CarBluetoothReceiver
07-10 22:27:08.439  1750  2043 W Looper  : Slow dispatch took 439ms android.ui h=com.android.server.am.ActivityManagerService$UiHandler c=null m=68
07-10 22:27:08.476  1750  2497 I CompanionDeviceManagerService: Updating associations: {Association { userId = 0, deviceMacAddress = D0:1B:49:3F:0E:CB, packageName = com.samsung.android.waterplugin, deviceProfile = null, notifyOnDeviceNearby = false, timeApprovedMs = Thu Jul 07 14:43:08 EDT 2022 }, Association { userId = 0, deviceMacAddress = 08:BF:A0:F6:23:8D, packageName = com.samsung.android.gearnplugin, deviceProfile = null, notifyOnDeviceNearby = false, timeApprovedMs = Wed Dec 31 19:00:00 EST 1969 }}  -->  {Association { userId = 0, deviceMacAddress = D0:1B:49:3F:0E:CB, packageName = com.samsung.android.waterplugin, deviceProfile = null, notifyOnDeviceNearby = false, timeApprovedMs = Thu Jul 07 14:43:08 EDT 2022 }, Association { userId = 0, deviceMacAddress = 08:BF:A0:F6:23:8D, packageName = com.samsung.android.gearnplugin, deviceProfile = null, notifyOnDeviceNearby = false, timeApprovedMs = Wed Dec 31 19:00:00 EST 1969 }}
07-10 22:27:08.762  1750  2497 I CompanionDeviceManagerService: startBleScan()
07-10 22:27:08.762  1750  3029 I CompanionDeviceManagerService: Updating associations: {Association { userId = 0, deviceMacAddress = D0:1B:49:3F:0E:CB, packageName = com.samsung.android.waterplugin, deviceProfile = null, notifyOnDeviceNearby = false, timeApprovedMs = Thu Jul 07 14:43:08 EDT 2022 }, Association { userId = 0, deviceMacAddress = 08:BF:A0:F6:23:8D, packageName = com.samsung.android.gearnplugin, deviceProfile = null, notifyOnDeviceNearby = false, timeApprovedMs = Wed Dec 31 19:00:00 EST 1969 }}  -->  {Association { userId = 0, deviceMacAddress = D0:1B:49:3F:0E:CB, packageName = com.samsung.android.waterplugin, deviceProfile = null, notifyOnDeviceNearby = false, timeApprovedMs = Thu Jul 07 14:43:08 EDT 2022 }, Association { userId = 0, deviceMacAddress = 08:BF:A0:F6:23:8D, packageName = com.samsung.android.gearnplugin, deviceProfile = null, notifyOnDeviceNearby = false, timeApprovedMs = Wed Dec 31 19:00:00 EST 1969 }}
07-10 22:27:08.786  1750  3029 I CompanionDeviceManagerService: startBleScan()
07-10 22:27:08.807  1750  2043 W Looper  : Slow delivery took 491ms android.ui h=com.android.server.am.ActivityManagerService$UiHandler c=null m=68
07-10 22:27:08.807  1750  2043 W Looper  : Slow dispatch took 367ms android.ui h=com.android.server.am.ActivityManagerService$UiHandler c=null m=68
07-10 22:27:08.943  1750  3029 I ContentCaptureManagerService: Data share request accepted by Content Capture service
07-10 22:27:08.948  1750  4085 I ContentCaptureManagerService: Data share request accepted by Content Capture service
07-10 22:27:09.097  1750  1750 I Telecom : BluetoothDeviceManager: Got BluetoothHeadset: com.android.server.telecom.BluetoothHeadsetProxy@1befeaf: BMSL.oSC@l3Q
07-10 22:27:09.101  1750  1750 I Telecom : BluetoothDeviceManager: Got BluetoothHearingAid: android.bluetooth.BluetoothHearingAid@5673861: BMSL.oSC@l3U
07-10 22:27:09.158  1750  2043 W Looper  : Drained
07-10 22:27:09.208  1750  2487 D CompatibilityChangeReporter: Compat change id reported: 135634846; UID 10258; state: DISABLED
07-10 22:27:09.208  1750  2487 D CompatibilityChangeReporter: Compat change id reported: 177438394; UID 10258; state: DISABLED
07-10 22:27:09.208  1750  2487 D CompatibilityChangeReporter: Compat change id reported: 135772972; UID 10258; state: DISABLED
07-10 22:27:09.208  1750  2487 D CompatibilityChangeReporter: Compat change id reported: 135754954; UID 10258; state: ENABLED
07-10 22:27:09.209  1750  2069 D CompatibilityChangeReporter: Compat change id reported: 143937733; UID 10258; state: ENABLED
07-10 22:27:09.286  1750  2069 W ActivityManager: Slow operation: 78ms so far, now at startProcess: returned from zygote!
07-10 22:27:09.298  1750  2069 W ActivityManager: Slow operation: 91ms so far, now at startProcess: done updating battery stats
07-10 22:27:09.298  1750  2069 W ActivityManager: Slow operation: 91ms so far, now at startProcess: building log message
07-10 22:27:09.298  1750  2069 I ActivityManager: Start proc 18544:com.facebook.katana/u0a258 for content provider {com.facebook.katana/com.facebook.platform.common.provider.PlatformProviderBase}
07-10 22:27:09.298  1750  2069 W ActivityManager: Slow operation: 91ms so far, now at startProcess: starting to update pids map
07-10 22:27:09.299  1750  2069 W ActivityManager: Slow operation: 91ms so far, now at startProcess: done updating pids map
07-10 22:27:09.370  1750  2062 I CompanionDeviceManagerService: Writing associations to disk: {Association { userId = 0, deviceMacAddress = D0:1B:49:3F:0E:CB, packageName = com.samsung.android.waterplugin, deviceProfile = null, notifyOnDeviceNearby = false, timeApprovedMs = Thu Jul 07 14:43:08 EDT 2022 }, Association { userId = 0, deviceMacAddress = 08:BF:A0:F6:23:8D, packageName = com.samsung.android.gearnplugin, deviceProfile = null, notifyOnDeviceNearby = false, timeApprovedMs = Wed Dec 31 19:00:00 EST 1969 }}
07-10 22:27:09.372  1750  2062 I CompanionDeviceManagerService: Writing associations to disk: {Association { userId = 0, deviceMacAddress = D0:1B:49:3F:0E:CB, packageName = com.samsung.android.waterplugin, deviceProfile = null, notifyOnDeviceNearby = false, timeApprovedMs = Thu Jul 07 14:43:08 EDT 2022 }, Association { userId = 0, deviceMacAddress = 08:BF:A0:F6:23:8D, packageName = com.samsung.android.gearnplugin, deviceProfile = null, notifyOnDeviceNearby = false, timeApprovedMs = Wed Dec 31 19:00:00 EST 1969 }}
07-10 22:27:09.405  1750  4055 D CompatibilityChangeReporter: Compat change id reported: 168419799; UID 10258; state: DISABLED
07-10 22:27:09.419  1750  4055 W ActivityManager: Slow operation: 71ms so far, now at attachApplicationLocked: immediately before bindApplication
07-10 22:27:09.420  1750  4055 W ActivityManager: Slow operation: 72ms so far, now at attachApplicationLocked: immediately after bindApplication
07-10 22:27:09.420  1750  4055 W ActivityManager: Slow operation: 72ms so far, now at attachApplicationLocked: after updateLruProcessLocked
07-10 22:27:09.421  1750  4055 W ActivityManager: Slow operation: 73ms so far, now at attachApplicationLocked: after mServices.attachApplicationLocked
07-10 22:27:09.422  1750  4055 W ActivityManager: Slow operation: 74ms so far, now at attachApplicationLocked: after updateOomAdjLocked
07-10 22:27:09.803  2380  2380 V DeadZone: consuming errant click: (215.0,6.0)
07-10 22:27:09.803  2380  2380 V DeadZone: consuming errant click: (215.0,6.0)
07-10 22:27:09.871  1750  2487 D CompatibilityChangeReporter: Compat change id reported: 168419799; UID 10415; state: DISABLED
07-10 22:27:09.890 15678 15678 E ActivityThread: Failed to find provider info for no.nordicsemi.android.log
07-10 22:27:09.950  1750  4060 W BroadcastQueue: Permission Denial: receiving Intent { act=android.bluetooth.device.action.ACL_DISCONNECTED flg=0x5000010 (has extras) } to com.ifttt.ifttt/com.ifttt.nativeservices.bluetooth.BluetoothBroadcastReceiver requires android.permission.BLUETOOTH_CONNECT due to sender com.android.bluetooth (uid 1002)
07-10 22:27:10.069  1750  4055 W ActivityManager: Foreground service started from background can not have location/camera/microphone access: service org.videolan.vlc/.MediaParsingService
07-10 22:27:10.070  1750  4055 W ActivityManager: Background started FGS: Disallowed [callingPackage: org.videolan.vlc; callingUid: 10415; uidState: IMPF; intent: Intent { act=medialibrary_init cmp=org.videolan.vlc/.MediaParsingService (has extras) }; code:DENIED; tempAllowListReason:<null>; targetSdkVersion:30; callerTargetSdkVersion:30; startForegroundCount:0; bindFromPackage:null]
07-10 22:27:10.071  1750  4055 D CompatibilityChangeReporter: Compat change id reported: 170668199; UID 10415; state: DISABLED
07-10 22:27:10.071  1750  2068 I DropBoxManagerService: add tag=system_server_wtf isTagEnabled=true flags=0x2
07-10 22:27:10.071  1750  2068 W DropBoxManagerService: Dropping: system_server_wtf (1258 > 0 bytes)
07-10 22:27:10.102  1750  4055 W ActivityManager: Foreground service started from background can not have location/camera/microphone access: service org.videolan.vlc/.MediaParsingService
07-10 22:27:10.106  1750  1750 W NotificationHistory: Attempted to add notif for locked/gone/disabled user 0
07-10 22:27:10.175  1750  3192 W ActivityManager: Receiver with filter android.content.IntentFilter@a127f6a already registered for pid 2380, callerPackage is com.android.systemui
07-10 22:27:10.198  1750  4848 D CompatibilityChangeReporter: Compat change id reported: 177438394; UID 10144; state: DISABLED
07-10 22:27:10.199  1750  4848 D CompatibilityChangeReporter: Compat change id reported: 135772972; UID 10144; state: DISABLED
07-10 22:27:10.199  1750  4848 D CompatibilityChangeReporter: Compat change id reported: 135754954; UID 10144; state: ENABLED
07-10 22:27:10.199  1750  2069 D CompatibilityChangeReporter: Compat change id reported: 143937733; UID 10144; state: ENABLED
07-10 22:27:10.209  1750  2069 I ActivityManager: Start proc 18832:com.google.android.projection.gearhead:provider/u0a144 for content provider {com.google.android.projection.gearhead/com.google.android.apps.auto.components.projectionstate.ProjectionStateProvider}
07-10 22:27:10.277  1750  3192 W ActivityTaskManager: Finishing task with all activities already finished
07-10 22:27:10.277  1750  3192 W ActivityTaskManager: Duplicate finish request for r=ActivityRecord{26ff4ac u0 kr.ftlab.radon_eye_v2/.ActivityDetail t48801 f}}
07-10 22:27:10.777  1750  2046 W ActivityTaskManager: Can't find TaskDisplayArea to determine support for multi window. Task id=48801 attached=false
07-10 22:27:10.777  1750  2046 W ActivityTaskManager: Can't find TaskDisplayArea to determine support for multi window. Task id=48801 attached=false
07-10 22:27:10.845  1750  4446 D CompatibilityChangeReporter: Compat change id reported: 168419799; UID 10358; state: DISABLED
07-10 22:27:10.851  1750  4446 W ProcessStats: Tracking association SourceState{584cdb3 system/1000 BTopFgs #1272967} whose proc state 2 is better than process ProcessState{baa4f70 net.dinglisch.android.taskerm/10289 pkg=net.dinglisch.android.taskerm} proc state 3 (506 skipped)
07-10 22:27:10.854  1750  1750 D CompanionDeviceManagerService: onDeviceConnected(address = 58:BF:25:EC:3C:8A)
07-10 22:27:10.854  1750  1750 I CompanionDeviceManagerService: onDeviceNearby(justAppeared, address = 58:BF:25:EC:3C:8A)
07-10 22:27:10.871  1750  4232 D CompatibilityChangeReporter: Compat change id reported: 168419799; UID 10381; state: DISABLED
07-10 22:27:11.057  1750  4085 D CompatibilityChangeReporter: Compat change id reported: 168419799; UID 10388; state: DISABLED
07-10 22:27:11.176  1750  1750 D CompanionDeviceManagerService: onDeviceConnected(address = D0:1B:49:3F:0E:CB)
07-10 22:27:11.176  1750  1750 I CompanionDeviceManagerService: onDeviceNearby(justAppeared, address = D0:1B:49:3F:0E:CB)
07-10 22:27:11.296  1750  3129 D CompatibilityChangeReporter: Compat change id reported: 168419799; UID 10446; state: DISABLED
07-10 22:27:11.305  1750  1750 W NotificationHistory: Attempted to add notif for locked/gone/disabled user 0
07-10 22:27:11.490  1750  2045 V WindowManager: Unknown focus tokens, dropping reportFocusChanged
07-10 22:27:11.523  1750  4309 W WindowManager: Failed to load bitmap: /data/system_ce/0/snapshots/48801.jpg
07-10 22:27:11.654  1750  2200 D CompatibilityChangeReporter: Compat change id reported: 168419799; UID 10209; state: DISABLED
07-10 22:27:11.704  1750  4232 W NotificationService: Toast already killed. pkg=kr.ftlab.radon_eye_v2 token=android.os.BinderProxy@8fec583
07-10 22:27:11.759  1750  2497 D CompatibilityChangeReporter: Compat change id reported: 183164979; UID 10209; state: ENABLED
07-10 22:27:11.959  1750  3029 W BroadcastQueue: Background execution not allowed: receiving Intent { act=android.bluetooth.device.action.UUID flg=0x10 (has extras) } to com.google.android.gms/.chimera.GmsIntentOperationService$PersistentTrustedReceiver
07-10 22:27:11.963  1750  2068 W BroadcastQueue: Background execution not allowed: receiving Intent { act=android.bluetooth.device.action.UUID flg=0x10 (has extras) } to com.google.android.googlequicksearchbox/com.google.android.apps.gsa.broadcastreceiver.external.ExternalCommonBroadcastReceiver
07-10 22:27:11.963  1750  2068 W BroadcastQueue: Background execution not allowed: receiving Intent { act=android.bluetooth.device.action.UUID flg=0x10 (has extras) } to com.google.android.projection.gearhead/com.google.android.apps.auto.carservice.gmscorecompat.CarBluetoothReceiver
07-10 22:27:11.963  1750  2068 W BroadcastQueue: Background execution not allowed: receiving Intent { act=android.bluetooth.device.action.UUID flg=0x10 (has extras) } to com.google.android.gms/.chimera.GmsIntentOperationService$PersistentTrustedReceiver
07-10 22:27:11.963  1750  2068 W BroadcastQueue: Background execution not allowed: receiving Intent { act=android.bluetooth.device.action.UUID flg=0x10 (has extras) } to com.google.android.googlequicksearchbox/com.google.android.apps.gsa.broadcastreceiver.external.ExternalCommonBroadcastReceiver
07-10 22:27:11.964  1750  2068 W BroadcastQueue: Background execution not allowed: receiving Intent { act=android.bluetooth.device.action.UUID flg=0x10 (has extras) } to com.google.android.projection.gearhead/com.google.android.apps.auto.carservice.gmscorecompat.CarBluetoothReceiver
07-10 22:27:12.045  1750  1750 I Telecom : BluetoothStateReceiver: Device D0:1B:49:3F:0E:CB changed state to 1: BSR.oR@l3c
07-10 22:27:12.065  1750  2068 W BroadcastQueue: Permission Denial: receiving Intent { act=android.bluetooth.adapter.action.CONNECTION_STATE_CHANGED flg=0x4000010 (has extras) } to ProcessRecord{5f08b0a 18092:com.audible.application/u0a446} (pid=18092, uid=10446) requires android.permission.BLUETOOTH_CONNECT due to sender com.android.bluetooth (uid 1002)
07-10 22:27:12.117  1750  2062 W NotificationHistory: Attempted to remove conversation for locked/gone/disabled user 0
07-10 22:27:12.167  1750  2200 D BiometricService: canAuthenticate: User=0, Caller=0, Authenticators=15
07-10 22:27:12.168  1750  2200 D BiometricService/PreAuthInfo: Package: com.android.vending Sensor ID: 0 Modality: 2 Status: 1
07-10 22:27:12.168  1750  2200 D BiometricService/PreAuthInfo: getCanAuthenticateInternal Modality: 2 AuthenticatorStatus: 1
07-10 22:27:12.168  1750  2200 D AuthService: canAuthenticate, userId: 0, callingUserId: 0, authenticators: 15, result: 0
07-10 22:27:12.169  1750  4230 D BiometricService: canAuthenticate: User=0, Caller=0, Authenticators=255
07-10 22:27:12.169  1750  4230 D BiometricService/PreAuthInfo: Package: com.android.vending Sensor ID: 0 Modality: 2 Status: 1
07-10 22:27:12.169  1750  4230 D BiometricService/PreAuthInfo: getCanAuthenticateInternal Modality: 2 AuthenticatorStatus: 1
07-10 22:27:12.169  1750  4230 D AuthService: canAuthenticate, userId: 0, callingUserId: 0, authenticators: 255, result: 0
07-10 22:27:12.170  1750  4230 D BiometricService: canAuthenticate: User=0, Caller=0, Authenticators=15
07-10 22:27:12.170  1750  4230 D BiometricService/PreAuthInfo: Package: com.android.vending Sensor ID: 0 Modality: 2 Status: 1
07-10 22:27:12.170  1750  4230 D BiometricService/PreAuthInfo: getCanAuthenticateInternal Modality: 2 AuthenticatorStatus: 1
07-10 22:27:12.170  1750  4230 D AuthService: canAuthenticate, userId: 0, callingUserId: 0, authenticators: 15, result: 0
07-10 22:27:12.194  1750  4309 D CompatibilityChangeReporter: Compat change id reported: 168419799; UID 10144; state: DISABLED
07-10 22:27:12.195  1750  2996 I ContentCaptureManagerService: Data share request accepted by Content Capture service
07-10 22:27:12.218  1750  2504 I ContentCaptureManagerService: Data share request accepted by Content Capture service
07-10 22:27:12.295  1750  4059 W BroadcastQueue: Permission Denial: receiving Intent { act=android.bluetooth.device.action.ACL_DISCONNECTED flg=0x5000010 (has extras) } to com.ifttt.ifttt/com.ifttt.nativeservices.bluetooth.BluetoothBroadcastReceiver requires android.permission.BLUETOOTH_CONNECT due to sender com.android.bluetooth (uid 1002)
07-10 22:27:12.390  1750  4309 W BroadcastQueue: Background execution not allowed: receiving Intent { act=android.bluetooth.adapter.action.STATE_CHANGED flg=0x4000010 (has extras) } to com.google.android.gms/.chimera.GmsIntentOperationService$PersistentTrustedReceiver
07-10 22:27:12.395  1750  2068 W BroadcastQueue: Background execution not allowed: receiving Intent { act=android.bluetooth.adapter.action.STATE_CHANGED flg=0x4000010 (has extras) } to com.pandora.android/.api.bluetooth.AutoStartReceiver
07-10 22:27:12.395  1750  2068 W BroadcastQueue: Background execution not allowed: receiving Intent { act=android.bluetooth.adapter.action.STATE_CHANGED flg=0x4000010 (has extras) } to com.thehomedepot/com.pointrlabs.core.receiver.StartupBroadcastReceiver
07-10 22:27:12.397  1750  4099 W BroadcastQueue: Background execution not allowed: receiving Intent { act=android.bluetooth.device.action.UUID flg=0x10 (has extras) } to com.google.android.gms/.chimera.GmsIntentOperationService$PersistentTrustedReceiver
07-10 22:27:12.399  1750  2068 W BroadcastQueue: Background execution not allowed: receiving Intent { act=android.bluetooth.device.action.UUID flg=0x10 (has extras) } to com.google.android.googlequicksearchbox/com.google.android.apps.gsa.broadcastreceiver.external.ExternalCommonBroadcastReceiver
07-10 22:27:12.400  1750  2068 W BroadcastQueue: Background execution not allowed: receiving Intent { act=android.bluetooth.device.action.UUID flg=0x10 (has extras) } to com.google.android.projection.gearhead/com.google.android.apps.auto.carservice.gmscorecompat.CarBluetoothReceiver
07-10 22:27:12.400  1750  2068 W BroadcastQueue: Background execution not allowed: receiving Intent { act=android.bluetooth.device.action.UUID flg=0x10 (has extras) } to com.google.android.gms/.chimera.GmsIntentOperationService$PersistentTrustedReceiver
07-10 22:27:12.400  1750  2068 W BroadcastQueue: Background execution not allowed: receiving Intent { act=android.bluetooth.device.action.UUID flg=0x10 (has extras) } to com.google.android.googlequicksearchbox/com.google.android.apps.gsa.broadcastreceiver.external.ExternalCommonBroadcastReceiver
07-10 22:27:12.400  1750  2068 W BroadcastQueue: Background execution not allowed: receiving Intent { act=android.bluetooth.device.action.UUID flg=0x10 (has extras) } to com.google.android.projection.gearhead/com.google.android.apps.auto.carservice.gmscorecompat.CarBluetoothReceiver
07-10 22:27:12.400  1750  2068 W BroadcastQueue: Background execution not allowed: receiving Intent { act=android.bluetooth.device.action.UUID flg=0x10 (has extras) } to com.google.android.gms/.chimera.GmsIntentOperationService$PersistentTrustedReceiver
07-10 22:27:12.400  1750  2068 W BroadcastQueue: Background execution not allowed: receiving Intent { act=android.bluetooth.device.action.UUID flg=0x10 (has extras) } to com.google.android.googlequicksearchbox/com.google.android.apps.gsa.broadcastreceiver.external.ExternalCommonBroadcastReceiver
07-10 22:27:12.400  1750  2068 W BroadcastQueue: Background execution not allowed: receiving Intent { act=android.bluetooth.device.action.UUID flg=0x10 (has extras) } to com.google.android.projection.gearhead/com.google.android.apps.auto.carservice.gmscorecompat.CarBluetoothReceiver
07-10 22:27:12.400  1750  2068 W BroadcastQueue: Background execution not allowed: receiving Intent { act=android.bluetooth.device.action.UUID flg=0x10 (has extras) } to com.google.android.gms/.chimera.GmsIntentOperationService$PersistentTrustedReceiver
07-10 22:27:12.400  1750  2068 W BroadcastQueue: Background execution not allowed: receiving Intent { act=android.bluetooth.device.action.UUID flg=0x10 (has extras) } to com.google.android.googlequicksearchbox/com.google.android.apps.gsa.broadcastreceiver.external.ExternalCommonBroadcastReceiver
07-10 22:27:12.401  1750  2068 W BroadcastQueue: Background execution not allowed: receiving Intent { act=android.bluetooth.device.action.UUID flg=0x10 (has extras) } to com.google.android.projection.gearhead/com.google.android.apps.auto.carservice.gmscorecompat.CarBluetoothReceiver
07-10 22:27:12.407  1750  4309 W BroadcastQueue: Background execution not allowed: receiving Intent { act=android.bluetooth.device.action.UUID flg=0x10 (has extras) } to com.google.android.gms/.chimera.GmsIntentOperationService$PersistentTrustedReceiver
07-10 22:27:12.409  1750  2068 W BroadcastQueue: Background execution not allowed: receiving Intent { act=android.bluetooth.device.action.UUID flg=0x10 (has extras) } to com.google.android.googlequicksearchbox/com.google.android.apps.gsa.broadcastreceiver.external.ExternalCommonBroadcastReceiver
07-10 22:27:12.410  1750  2068 W BroadcastQueue: Background execution not allowed: receiving Intent { act=android.bluetooth.device.action.UUID flg=0x10 (has extras) } to com.google.android.projection.gearhead/com.google.android.apps.auto.carservice.gmscorecompat.CarBluetoothReceiver
07-10 22:27:12.410  1750  2068 W BroadcastQueue: Background execution not allowed: receiving Intent { act=android.bluetooth.device.action.UUID flg=0x10 (has extras) } to com.google.android.gms/.chimera.GmsIntentOperationService$PersistentTrustedReceiver
07-10 22:27:12.410  1750  2068 W BroadcastQueue: Background execution not allowed: receiving Intent { act=android.bluetooth.device.action.UUID flg=0x10 (has extras) } to com.google.android.googlequicksearchbox/com.google.android.apps.gsa.broadcastreceiver.external.ExternalCommonBroadcastReceiver
07-10 22:27:12.410  1750  2068 W BroadcastQueue: Background execution not allowed: receiving Intent { act=android.bluetooth.device.action.UUID flg=0x10 (has extras) } to com.google.android.projection.gearhead/com.google.android.apps.auto.carservice.gmscorecompat.CarBluetoothReceiver
07-10 22:27:12.410  1750  2068 W BroadcastQueue: Background execution not allowed: receiving Intent { act=android.bluetooth.device.action.UUID flg=0x10 (has extras) } to com.google.android.gms/.chimera.GmsIntentOperationService$PersistentTrustedReceiver
07-10 22:27:12.410  1750  2068 W BroadcastQueue: Background execution not allowed: receiving Intent { act=android.bluetooth.device.action.UUID flg=0x10 (has extras) } to com.google.android.googlequicksearchbox/com.google.android.apps.gsa.broadcastreceiver.external.ExternalCommonBroadcastReceiver
07-10 22:27:12.410  1750  2068 W BroadcastQueue: Background execution not allowed: receiving Intent { act=android.bluetooth.device.action.UUID flg=0x10 (has extras) } to com.google.android.projection.gearhead/com.google.android.apps.auto.carservice.gmscorecompat.CarBluetoothReceiver
07-10 22:27:12.410  1750  2068 W BroadcastQueue: Background execution not allowed: receiving Intent { act=android.bluetooth.device.action.UUID flg=0x10 (has extras) } to com.google.android.gms/.chimera.GmsIntentOperationService$PersistentTrustedReceiver
07-10 22:27:12.411  1750  2068 W BroadcastQueue: Background execution not allowed: receiving Intent { act=android.bluetooth.device.action.UUID flg=0x10 (has extras) } to com.google.android.googlequicksearchbox/com.google.android.apps.gsa.broadcastreceiver.external.ExternalCommonBroadcastReceiver
07-10 22:27:12.411  1750  2068 W BroadcastQueue: Background execution not allowed: receiving Intent { act=android.bluetooth.device.action.UUID flg=0x10 (has extras) } to com.google.android.projection.gearhead/com.google.android.apps.auto.carservice.gmscorecompat.CarBluetoothReceiver
07-10 22:27:12.411  1750  2068 W BroadcastQueue: Background execution not allowed: receiving Intent { act=android.bluetooth.device.action.UUID flg=0x10 (has extras) } to com.google.android.gms/.chimera.GmsIntentOperationService$PersistentTrustedReceiver
07-10 22:27:12.411  1750  2068 W BroadcastQueue: Background execution not allowed: receiving Intent { act=android.bluetooth.device.action.UUID flg=0x10 (has extras) } to com.google.android.googlequicksearchbox/com.google.android.apps.gsa.broadcastreceiver.external.ExternalCommonBroadcastReceiver
07-10 22:27:12.411  1750  2068 W BroadcastQueue: Background execution not allowed: receiving Intent { act=android.bluetooth.device.action.UUID flg=0x10 (has extras) } to com.google.android.projection.gearhead/com.google.android.apps.auto.carservice.gmscorecompat.CarBluetoothReceiver
07-10 22:27:12.411  1750  2068 W BroadcastQueue: Background execution not allowed: receiving Intent { act=android.bluetooth.device.action.UUID flg=0x10 (has extras) } to com.google.android.gms/.chimera.GmsIntentOperationService$PersistentTrustedReceiver
07-10 22:27:12.411  1750  2068 W BroadcastQueue: Background execution not allowed: receiving Intent { act=android.bluetooth.device.action.UUID flg=0x10 (has extras) } to com.google.android.googlequicksearchbox/com.google.android.apps.gsa.broadcastreceiver.external.ExternalCommonBroadcastReceiver
07-10 22:27:12.411  1750  2068 W BroadcastQueue: Background execution not allowed: receiving Intent { act=android.bluetooth.device.action.UUID flg=0x10 (has extras) } to com.google.android.projection.gearhead/com.google.android.apps.auto.carservice.gmscorecompat.CarBluetoothReceiver
07-10 22:27:12.424  1750  4309 I DropBoxManagerService: add tag=platform_stats_bookmark isTagEnabled=true flags=0x2
07-10 22:27:12.424  1750  4309 W DropBoxManagerService: Dropping: platform_stats_bookmark (13 > 0 bytes)
07-10 22:27:12.444  1750  3192 D CompatibilityChangeReporter: Compat change id reported: 135634846; UID 10102; state: DISABLED
07-10 22:27:12.444  1750  3192 D CompatibilityChangeReporter: Compat change id reported: 177438394; UID 10102; state: DISABLED
07-10 22:27:12.444  1750  3192 D CompatibilityChangeReporter: Compat change id reported: 135772972; UID 10102; state: DISABLED
07-10 22:27:12.444  1750  3192 D CompatibilityChangeReporter: Compat change id reported: 135754954; UID 10102; state: ENABLED
07-10 22:27:12.445  1750  2069 D CompatibilityChangeReporter: Compat change id reported: 143937733; UID 10102; state: ENABLED
07-10 22:27:12.459  1750  2069 I ActivityManager: Start proc 19355:com.android.musicfx/u0a102 for broadcast {com.android.musicfx/com.android.musicfx.ControlPanelReceiver}
07-10 22:27:12.612  1750  1750 I Telecom : BluetoothStateReceiver: Device D0:1B:49:3F:0E:CB changed state to 2: BSR.oR@l3g
07-10 22:27:12.613  1750  2944 I Telecom : CallAudioRouteStateMachine: Message received: BLUETOOTH_DEVICE_LIST_CHANGED=7, arg1=0: BSR.oR->CARSM.pM_BLUETOOTH_DEVICE_LIST_CHANGED@l3g
07-10 22:27:12.613  1750  2944 I Telecom : QuiescentEarpieceRoute: Processing message BLUETOOTH_DEVICE_LIST_CHANGED: BSR.oR->CARSM.pM_BLUETOOTH_DEVICE_LIST_CHANGED@l3g
07-10 22:27:12.613  1750  2944 I Telecom : Logging.Events: Non-call EVENT: AUDIO_ROUTE, Bluetooth device list changed: BSR.oR->CARSM.pM_BLUETOOTH_DEVICE_LIST_CHANGED@l3g
07-10 22:27:12.615  1750  2942 I Telecom : BluetoothRouteManager: Message received: NEW_DEVICE_CONNECTED.: BSR.oR->BRM.pM_1@l3g
07-10 22:27:12.629  1750  2068 W BroadcastQueue: Permission Denial: receiving Intent { act=android.bluetooth.headset.profile.action.ACTIVE_DEVICE_CHANGED flg=0x5000010 (has extras) } to ProcessRecord{5f08b0a 18092:com.audible.application/u0a446} (pid=18092, uid=10446) requires android.permission.BLUETOOTH_CONNECT due to sender com.android.bluetooth (uid 1002)
07-10 22:27:12.641  1750  2068 W BroadcastQueue: Permission Denial: receiving Intent { act=android.bluetooth.adapter.action.CONNECTION_STATE_CHANGED flg=0x4000010 (has extras) } to ProcessRecord{5f08b0a 18092:com.audible.application/u0a446} (pid=18092, uid=10446) requires android.permission.BLUETOOTH_CONNECT due to sender com.android.bluetooth (uid 1002)
07-10 22:27:12.761  1750  1750 W Looper  : Slow dispatch took 133ms main h=android.app.ActivityThread$H c=android.app.LoadedApk$ReceiverDispatcher$Args$$ExternalSyntheticLambda0@3150779 m=0
07-10 22:27:12.762  1750  1750 I Telecom : BluetoothStateReceiver: Device D0:1B:49:3F:0E:CB is now the preferred BT device for HFP: BSR.oR@l3k
07-10 22:27:12.762  1750  2944 I Telecom : CallAudioRouteStateMachine: Message received: BT_ACTIVE_DEVICE_PRESENT=8, arg1=0: BSR.oR->CARSM.pM_BT_ACTIVE_DEVICE_PRESENT@l3k
07-10 22:27:12.762  1750  2944 I Telecom : QuiescentEarpieceRoute: Processing message BT_ACTIVE_DEVICE_PRESENT: BSR.oR->CARSM.pM_BT_ACTIVE_DEVICE_PRESENT@l3k
07-10 22:27:12.762  1750  2944 I Telecom : Logging.Events: Non-call EVENT: AUDIO_ROUTE, Bluetooth active device present: BSR.oR->CARSM.pM_BT_ACTIVE_DEVICE_PRESENT@l3k
07-10 22:27:12.763  1750  2944 I Telecom : CallAudioRouteStateMachine: Message received: SWITCH_BLUETOOTH=1002, arg1=0: BSR.oR->CARSM.pM_BT_ACTIVE_DEVICE_PRESENT->CARSM.pM_SWITCH_BLUETOOTH@l3k
07-10 22:27:12.763  1750  2944 I Telecom : QuiescentEarpieceRoute: Processing message SWITCH_BLUETOOTH: BSR.oR->CARSM.pM_BT_ACTIVE_DEVICE_PRESENT->CARSM.pM_SWITCH_BLUETOOTH@l3k
07-10 22:27:12.763  1750  2944 I Telecom : Logging.Events: Non-call EVENT: AUDIO_ROUTE, Leaving state QuiescentEarpieceRoute: BSR.oR->CARSM.pM_BT_ACTIVE_DEVICE_PRESENT->CARSM.pM_SWITCH_BLUETOOTH@l3k
07-10 22:27:12.763  1750  2944 I Telecom : Logging.Events: Non-call EVENT: AUDIO_ROUTE, Entering state QuiescentBluetoothRoute: BSR.oR->CARSM.pM_BT_ACTIVE_DEVICE_PRESENT->CARSM.pM_SWITCH_BLUETOOTH@l3k
07-10 22:27:12.763  1750  1750 I Telecom : WiredHeadsetManager: ACTION_HEADSET_PLUG event, plugged in: false, : WHC.oADA@l3o
07-10 22:27:12.802  1750  1750 I Telecom : WiredHeadsetManager: ACTION_HEADSET_PLUG event, plugged in: false, : WHC.oADA@l3s
07-10 22:27:12.956  1750  3192 I ActivityManager: Killing 14023:com.google.android.webview:sandboxed_process0:org.chromium.content.app.SandboxedProcessService0:0/u0a408i505 (adj 995): empty #33
07-10 22:27:12.984  1750  4365 D CompatibilityChangeReporter: Compat change id reported: 168419799; UID 10275; state: DISABLED
07-10 22:27:12.990  1750  2045 I ActivityManager: Killing 15678:kr.ftlab.radon_eye_v2/u0a594 (adj 900): remove task
07-10 22:27:13.023  1750  1787 I Telecom : PhoneAccountRegistrar: getSimCallManager: SimCallManager for subId 2 queried, returning: null
07-10 22:27:13.028  1750  2045 V WindowManager: Unknown focus tokens, dropping reportFocusChanged
07-10 22:27:13.058  1750  2200 W ActivityManager: Scheduling restart of crashed service com.nextdoor/org.chromium.content.app.SandboxedProcessService0:0 in 1000ms for connection
07-10 22:27:13.129  1750  2096 E KernelCpuUidActiveTimeReader: Negative delta from active time for uid: 10229, delta: -12
07-10 22:27:13.130  1750  2096 E KernelCpuUidActiveTimeReader: Negative delta from active time for uid: 10114, delta: -16
07-10 22:27:13.130  1750  2096 E KernelCpuUidActiveTimeReader: Negative delta from active time for uid: 10151, delta: -22
07-10 22:27:13.130  1750  2096 E KernelCpuUidActiveTimeReader: Negative delta from active time for uid: 10290, delta: -30
07-10 22:27:13.130  1750  2096 E KernelCpuUidActiveTimeReader: Negative delta from active time for uid: 10167, delta: -11
07-10 22:27:13.130  1750  2096 E KernelCpuUidActiveTimeReader: Negative delta from active time for uid: 10157, delta: -17
07-10 22:27:13.130  1750  2096 E KernelCpuUidActiveTimeReader: Negative delta from active time for uid: 10521, delta: -19
07-10 22:27:13.130  1750  2096 E KernelCpuUidActiveTimeReader: Negative delta from active time for uid: 10343, delta: -33
07-10 22:27:13.131  1750  2096 E KernelCpuUidActiveTimeReader: Negative delta from active time for uid: 10105, delta: -12
07-10 22:27:13.131  1750  2096 E KernelCpuUidActiveTimeReader: Negative delta from active time for uid: 10236, delta: -2
07-10 22:27:13.131  1750  2096 E KernelCpuUidActiveTimeReader: Negative delta from active time for uid: 10121, delta: -8
07-10 22:27:13.131  1750  2096 E KernelCpuUidActiveTimeReader: Negative delta from active time for uid: 10184, delta: -30
07-10 22:27:13.131  1750  2096 E KernelCpuUidActiveTimeReader: Negative delta from active time for uid: 10404, delta: -24
07-10 22:27:13.131  1750  2096 E KernelCpuUidActiveTimeReader: Negative delta from active time for uid: 10281, delta: -44
07-10 22:27:13.140  1750  2096 D KernelCpuUidUserSysTimeReader: Removing uids 99503-99503
07-10 22:27:13.160  1750  4058 D CompatibilityChangeReporter: Compat change id reported: 157233955; UID 10144; state: ENABLED
07-10 22:27:13.166  1750  4309 D CompatibilityChangeReporter: Compat change id reported: 168419799; UID 10305; state: DISABLED
07-10 22:27:13.184  1750  2504 W BroadcastQueue: Permission Denial: receiving Intent { act=android.bluetooth.device.action.ACL_CONNECTED flg=0x5000010 (has extras) } to com.ifttt.ifttt/com.ifttt.nativeservices.bluetooth.BluetoothBroadcastReceiver requires android.permission.BLUETOOTH_CONNECT due to sender com.android.bluetooth (uid 1002)
07-10 22:27:13.374  1750  4060 D CompatibilityChangeReporter: Compat change id reported: 135634846; UID 10446; state: DISABLED
07-10 22:27:13.374  1750  4060 D CompatibilityChangeReporter: Compat change id reported: 177438394; UID 10446; state: DISABLED
07-10 22:27:13.374  1750  4060 D CompatibilityChangeReporter: Compat change id reported: 135772972; UID 10446; state: DISABLED
07-10 22:27:13.374  1750  4060 D CompatibilityChangeReporter: Compat change id reported: 135754954; UID 10446; state: ENABLED
07-10 22:27:13.375  1750  2069 D CompatibilityChangeReporter: Compat change id reported: 143937733; UID 10446; state: ENABLED
07-10 22:27:13.415  1750  4230 D BiometricService: canAuthenticate: User=0, Caller=0, Authenticators=15
07-10 22:27:13.415  1750  4230 D BiometricService/PreAuthInfo: Package: com.android.vending Sensor ID: 0 Modality: 2 Status: 1
07-10 22:27:13.415  1750  4230 D BiometricService/PreAuthInfo: getCanAuthenticateInternal Modality: 2 AuthenticatorStatus: 1
07-10 22:27:13.415  1750  4230 D AuthService: canAuthenticate, userId: 0, callingUserId: 0, authenticators: 15, result: 0
07-10 22:27:13.416  1750  4309 D BiometricService: canAuthenticate: User=0, Caller=0, Authenticators=255
07-10 22:27:13.417  1750  4309 D BiometricService/PreAuthInfo: Package: com.android.vending Sensor ID: 0 Modality: 2 Status: 1
07-10 22:27:13.417  1750  4309 D BiometricService/PreAuthInfo: getCanAuthenticateInternal Modality: 2 AuthenticatorStatus: 1
07-10 22:27:13.417  1750  4309 D AuthService: canAuthenticate, userId: 0, callingUserId: 0, authenticators: 255, result: 0
07-10 22:27:13.419  1750  2504 D BiometricService: canAuthenticate: User=0, Caller=0, Authenticators=15
07-10 22:27:13.419  1750  2504 D BiometricService/PreAuthInfo: Package: com.android.vending Sensor ID: 0 Modality: 2 Status: 1
07-10 22:27:13.419  1750  2504 D BiometricService/PreAuthInfo: getCanAuthenticateInternal Modality: 2 AuthenticatorStatus: 1
07-10 22:27:13.419  1750  2504 D AuthService: canAuthenticate, userId: 0, callingUserId: 0, authenticators: 15, result: 0
07-10 22:27:13.439  1750  2069 W ActivityManager: Slow operation: 67ms so far, now at startProcess: done updating battery stats
07-10 22:27:13.439  1750  2069 W ActivityManager: Slow operation: 67ms so far, now at startProcess: building log message
