07-10 22:33:33.019  1750  2045 D CompatibilityChangeReporter: Compat change id reported: 177438394; UID 1000; state: DISABLED
07-10 22:33:33.020  1750  2045 D CompatibilityChangeReporter: Compat change id reported: 135772972; UID 1000; state: DISABLED
07-10 22:33:33.020  1750  2045 D CompatibilityChangeReporter: Compat change id reported: 135754954; UID 1000; state: ENABLED
07-10 22:33:33.026  1750  2069 I ActivityManager: Start proc 21327:com.android.settings/1000 for pre-top-activity {com.android.settings/com.android.settings.homepage.SettingsHomepageActivity}
07-10 22:33:33.050  1750  3129 D CompatibilityChangeReporter: Compat change id reported: 181136395; UID 1000; state: DISABLED
07-10 22:33:33.051  1750  3129 D CompatibilityChangeReporter: Compat change id reported: 174042936; UID 1000; state: DISABLED
07-10 22:33:33.242  1750  4060 D CompatibilityChangeReporter: Compat change id reported: 135634846; UID 10518; state: DISABLED
07-10 22:33:33.243  1750  4060 D CompatibilityChangeReporter: Compat change id reported: 177438394; UID 10518; state: DISABLED
07-10 22:33:33.243  1750  4060 D CompatibilityChangeReporter: Compat change id reported: 135772972; UID 10518; state: DISABLED
07-10 22:33:33.243  1750  4060 D CompatibilityChangeReporter: Compat change id reported: 135754954; UID 10518; state: ENABLED
07-10 22:33:33.243  1750  2069 D CompatibilityChangeReporter: Compat change id reported: 143937733; UID 10518; state: ENABLED
07-10 22:33:33.252  1750  2069 I ActivityManager: Start proc 21352:com.google.android.apps.security.securityhub/u0a518 for content provider {com.google.android.apps.security.securityhub/com.google.android.apps.security.securityhub.settingscontentprovider.SettingsContentProvider}
07-10 22:33:33.253  1750  4060 E UserRestrictionsUtils: Unknown restriction queried by uid 1000 (com.android.providers.settings et al): null
07-10 22:33:33.269  1750  4446 D CompatibilityChangeReporter: Compat change id reported: 135634846; UID 10163; state: DISABLED
07-10 22:33:33.269  1750  4446 D CompatibilityChangeReporter: Compat change id reported: 177438394; UID 10163; state: DISABLED
07-10 22:33:33.269  1750  4446 D CompatibilityChangeReporter: Compat change id reported: 135772972; UID 10163; state: DISABLED
07-10 22:33:33.269  1750  4446 D CompatibilityChangeReporter: Compat change id reported: 135754954; UID 10163; state: ENABLED
07-10 22:33:33.269  1750  2069 D CompatibilityChangeReporter: Compat change id reported: 143937733; UID 10163; state: ENABLED
07-10 22:33:33.276  1750  2069 I ActivityManager: Start proc 21363:com.google.android.apps.wellbeing/u0a163 for content provider {com.google.android.apps.wellbeing/com.google.android.apps.wellbeing.api.impl.WellbeingSettingsProvider}
07-10 22:33:33.295  1750  3129 D CompatibilityChangeReporter: Compat change id reported: 168419799; UID 10518; state: DISABLED
07-10 22:33:33.306  1750  3129 D CompatibilityChangeReporter: Compat change id reported: 168419799; UID 10163; state: DISABLED
07-10 22:33:33.315  1750  4446 D CompatibilityChangeReporter: Compat change id reported: 135634846; UID 10160; state: DISABLED
07-10 22:33:33.315  1750  4446 D CompatibilityChangeReporter: Compat change id reported: 177438394; UID 10160; state: DISABLED
07-10 22:33:33.315  1750  4446 D CompatibilityChangeReporter: Compat change id reported: 135772972; UID 10160; state: DISABLED
07-10 22:33:33.315  1750  4446 D CompatibilityChangeReporter: Compat change id reported: 135754954; UID 10160; state: ENABLED
07-10 22:33:33.315  1750  2069 D CompatibilityChangeReporter: Compat change id reported: 143937733; UID 10160; state: ENABLED
07-10 22:33:33.323  1750  2069 I ActivityManager: Start proc 21384:com.google.android.settings.intelligence/u0a160 for service {com.google.android.settings.intelligence/com.google.android.settings.intelligence.modules.suggestions.SuggestionService}
07-10 22:33:33.378  1750  2259 D CompatibilityChangeReporter: Compat change id reported: 171306433; UID 10160; state: ENABLED
07-10 22:33:33.692  1750  4099 W ActivityManager: Foreground service started from background can not have location/camera/microphone access: service no.nordicsemi.android.mcp/.ble.BluetoothLeService
07-10 22:33:33.692  1750  4099 I ActivityManager: Background started FGS: Allowed [callingPackage: no.nordicsemi.android.mcp; callingUid: 10366; uidState: SVC ; intent: Intent { cmp=no.nordicsemi.android.mcp/.ble.BluetoothLeService }; code:ACTIVITY_VISIBILITY_GRACE_PERIOD; tempAllowListReason:<null>; targetSdkVersion:31; callerTargetSdkVersion:31; startForegroundCount:2; bindFromPackage:null]
07-10 22:33:33.708  1750  1750 W NotificationHistory: Attempted to add notif for locked/gone/disabled user 0
07-10 22:33:34.687  1750  4058 D CompatibilityChangeReporter: Compat change id reported: 171306433; UID 1000; state: ENABLED
07-10 22:33:38.333  1750  2068 I ActivityManager: Killing 7476:com.zhiliaoapp.musically/u0a572 (adj 905): excessive cpu 7900 during 300068 dur=228112319 limit=2
07-10 22:33:40.479  1750  4058 I ActivityTaskManager: START u0 {act=android.intent.action.MAIN cmp=com.android.settings/.SubSettings (has extras)} from uid 1000
07-10 22:33:40.490  1750  4058 W ActivityTaskManager: Tried to set launchTime (0) < mLastActivityLaunchTime (228107034)
07-10 22:33:40.558  1750  4058 I SystemUpdateManagerService: No existing info file /data/system/system-update-info.xml
07-10 22:33:41.351  1750  2062 W ProcessStats: Tracking association SourceState{584cdb3 system/1000 BTopFgs #1275459} whose proc state 2 is better than process ProcessState{baa4f70 net.dinglisch.android.taskerm/10289 pkg=net.dinglisch.android.taskerm} proc state 3 (67 skipped)
07-10 22:33:41.923  1750  4058 I ActivityTaskManager: START u0 {act=android.intent.action.MAIN cmp=com.android.settings/.SubSettings (has extras)} from uid 1000
07-10 22:33:41.932  1750  4058 W ActivityTaskManager: Tried to set launchTime (0) < mLastActivityLaunchTime (228114477)
07-10 22:33:41.968  1750  4058 E UserRestrictionsUtils: Unknown restriction queried by uid 1000 (com.android.providers.settings et al): null
07-10 22:33:41.968  1750  4058 E UserRestrictionsUtils: Unknown restriction queried by uid 1000 (com.android.providers.settings et al): null
07-10 22:33:41.969  1750  4058 E UserRestrictionsUtils: Unknown restriction queried by uid 1000 (com.android.providers.settings et al): null
07-10 22:33:41.969  1750  4058 E UserRestrictionsUtils: Unknown restriction queried by uid 1000 (com.android.providers.settings et al): null
07-10 22:33:41.970  1750  4058 E UserRestrictionsUtils: Unknown restriction queried by uid 1000 (com.android.providers.settings et al): null
07-10 22:33:41.970  1750  4058 E UserRestrictionsUtils: Unknown restriction queried by uid 1000 (com.android.providers.settings et al): null
07-10 22:33:41.974  1750  4058 E UserRestrictionsUtils: Unknown restriction queried by uid 1000 (com.android.providers.settings et al): null
07-10 22:33:42.245  1750  4099 I OemLock : Update OEM Unlock bit in pst partition to false
07-10 22:33:45.307  1750  1787 W ActivityManager: Background start not allowed: service Intent { cmp=com.zhiliaoapp.musically/com.bytedance.common.wschannel.client.WsClientService } to com.zhiliaoapp.musically/com.bytedance.common.wschannel.client.WsClientService from pid=1295 uid=10572 pkg=com.zhiliaoapp.musically startFg?=false
07-10 22:33:45.311  1750  1787 D CompatibilityChangeReporter: Compat change id reported: 135634846; UID 10572; state: DISABLED
07-10 22:33:45.311  1750  1787 D CompatibilityChangeReporter: Compat change id reported: 177438394; UID 10572; state: DISABLED
07-10 22:33:45.311  1750  1787 D CompatibilityChangeReporter: Compat change id reported: 135772972; UID 10572; state: DISABLED
07-10 22:33:45.312  1750  2069 D CompatibilityChangeReporter: Compat change id reported: 143937733; UID 10572; state: ENABLED
07-10 22:33:45.321  1750  2069 I ActivityManager: Start proc 21551:com.zhiliaoapp.musically/u0a572 for service {com.zhiliaoapp.musically/com.bytedance.common.wschannel.client.WsClientService}
07-10 22:33:45.556  1750  2045 V WindowManager: Unknown focus tokens, dropping reportFocusChanged
07-10 22:33:46.542  1750  2258 W NetworkPolicy: shared quota unsupported; generating rule for each iface
07-10 22:33:47.084  1750  2045 V WindowManager: Unknown focus tokens, dropping reportFocusChanged
07-10 22:33:48.574  1750  2045 V WindowManager: Unknown focus tokens, dropping reportFocusChanged
07-10 22:33:49.299  2380  2380 V DeadZone: consuming errant click: (231.0,23.0)
07-10 22:33:49.300  2380  2380 V DeadZone: consuming errant click: (231.0,23.0)
07-10 22:33:49.950  1750  2504 I SystemUpdateManagerService: No existing info file /data/system/system-update-info.xml
07-10 22:33:52.266  1750  2062 W ProcessStats: Tracking association SourceState{584cdb3 system/1000 BTopFgs #1275531} whose proc state 2 is better than process ProcessState{baa4f70 net.dinglisch.android.taskerm/10289 pkg=net.dinglisch.android.taskerm} proc state 3 (46 skipped)
07-10 22:33:52.731  1750  4309 D CompatibilityChangeReporter: Compat change id reported: 197654537; UID 1000; state: ENABLED
07-10 22:33:52.754  1750  2045 V WindowManager: Unknown focus tokens, dropping reportFocusChanged
07-10 22:33:53.661  1750  2045 I ActivityManager: Killing 18038:android.process.acore/u0a103 (adj 995): empty #33
07-10 22:33:53.662  1750  2045 I ActivityManager: Killing 21327:com.android.settings/1000 (adj 900): remove task
07-10 22:33:53.710  1750  1787 I WindowManager: WIN DEATH: Window{38f5e6e u0 com.android.settings/com.android.settings.homepage.SettingsHomepageActivity}
07-10 22:33:53.713  1750  2497 W WindowManager: Cannot find window which accessibility connection is added to
07-10 22:33:53.715  1750  2046 W ActivityTaskManager: Can't find TaskDisplayArea to determine support for multi window. Task id=48804 attached=false
07-10 22:33:53.715  1750  2046 W ActivityTaskManager: Can't find TaskDisplayArea to determine support for multi window. Task id=48804 attached=false
07-10 22:33:53.717  1750  2045 W ActivityManager: setHasOverlayUi called on unknown pid: 21327
07-10 22:33:53.717  1750  2062 W UsageStatsService: Unexpected activity event reported! (com.android.settings/com.android.settings.homepage.SettingsHomepageActivity event : 23 instanceId : 93141746)
07-10 22:33:53.882  1750  1750 D CompatibilityChangeReporter: Compat change id reported: 175319604; UID 1000; state: ENABLED
07-10 22:33:57.612  1750  2045 V WindowManager: Unknown focus tokens, dropping reportFocusChanged
07-10 22:33:58.795  1750  2045 V WindowManager: Unknown focus tokens, dropping reportFocusChanged
07-10 22:33:59.829  1750  1787 I ActivityManager: PendingStartActivityUids startActivity to updateOomAdj delay:1055ms, uid:10239
07-10 22:34:00.721  1750  2497 W ActivityManager: Foreground service started from background can not have location/camera/microphone access: service no.nordicsemi.android.mcp/.ble.BluetoothLeService
07-10 22:34:00.721  1750  2497 I ActivityManager: Background started FGS: Allowed [callingPackage: no.nordicsemi.android.mcp; callingUid: 10366; uidState: SVC ; intent: Intent { cmp=no.nordicsemi.android.mcp/.ble.BluetoothLeService }; code:ACTIVITY_VISIBILITY_GRACE_PERIOD; tempAllowListReason:<null>; targetSdkVersion:31; callerTargetSdkVersion:31; startForegroundCount:3; bindFromPackage:null]
07-10 22:34:00.721  1750  2045 V WindowManager: Unknown focus tokens, dropping reportFocusChanged
07-10 22:34:00.731  1750  1750 W NotificationHistory: Attempted to add notif for locked/gone/disabled user 0
07-10 22:34:00.756  1750  2062 W UsageStatsService: Unexpected activity event reported! (com.google.android.apps.nexuslauncher/com.android.quickstep.RecentsActivity event : 23 instanceId : 250830940)
07-10 22:34:03.237  1750  2285 W ProcessStats: Tracking association SourceState{584cdb3 system/1000 BTopFgs #1275588} whose proc state 2 is better than process ProcessState{baa4f70 net.dinglisch.android.taskerm/10289 pkg=net.dinglisch.android.taskerm} proc state 3 (40 skipped)
07-10 22:34:03.936  1750  1786 W AppOps  : Noting op not finished: uid 10447 pkg com.urbandroid.sleep code 79 startTime of in progress event=1657506798712
07-10 22:34:03.942  1750  1786 W AppOps  : Noting op not finished: uid 10190 pkg com.google.android.gms code 113 startTime of in progress event=1657506409350
07-10 22:34:03.952  1750  1786 W AppOps  : Noting op not finished: uid 10190 pkg com.google.android.gms code 113 startTime of in progress event=1657506409350
07-10 22:34:03.961  1750  1786 W AppOps  : Noting op not finished: uid 10190 pkg com.google.android.gms code 113 startTime of in progress event=1657506409350
07-10 22:34:03.969  1750  1786 W AppOps  : Noting op not finished: uid 10202 pkg com.google.android.apps.maps code 79 startTime of in progress event=1657506798496
07-10 22:34:03.973  1750  1787 W AppOps  : Noting op not finished: uid 10223 pkg com.google.android.gms.location.history code 79 startTime of in progress event=1657363153686
07-10 22:34:04.686  1750  2285 W ActivityManager: Background start not allowed: service Intent { cmp=com.zhiliaoapp.musically/com.ss.android.socialbase.downloader.downloader.DownloadService } to com.zhiliaoapp.musically/com.ss.android.socialbase.downloader.downloader.DownloadService from pid=21551 uid=10572 pkg=com.zhiliaoapp.musically startFg?=false
07-10 22:34:04.712  1750  2045 V WindowManager: Unknown focus tokens, dropping reportFocusChanged
07-10 22:34:06.456  1750  2045 V WindowManager: Unknown focus tokens, dropping reportFocusChanged
07-10 22:34:06.999  1750  2045 I ActivityManager: Killing 19512:com.google.android.webview:sandboxed_process0:org.chromium.content.app.SandboxedProcessService0:0/u0a446i506 (adj 975): empty #33
07-10 22:34:07.014  1750  2045 I ActivityManager: Killing 18092:com.audible.application/u0a446 (adj 985): empty #33
07-10 22:34:07.045  1750  2045 V WindowManager: Unknown focus tokens, dropping reportFocusChanged
07-10 22:34:07.055  1750  2045 V WindowManager: Unknown focus tokens, dropping reportFocusChanged
07-10 22:34:07.069  1750  4309 W ActivityManager: Scheduling restart of crashed service com.audible.application/org.chromium.content.app.SandboxedProcessService0:0 in 1000ms for connection
07-10 22:34:07.098  1750  2096 E KernelCpuUidActiveTimeReader: Negative delta from active time for uid: 10229, delta: -12
07-10 22:34:07.098  1750  2096 E KernelCpuUidActiveTimeReader: Negative delta from active time for uid: 10114, delta: -16
07-10 22:34:07.098  1750  2096 E KernelCpuUidActiveTimeReader: Negative delta from active time for uid: 10151, delta: -22
07-10 22:34:07.098  1750  2096 E KernelCpuUidActiveTimeReader: Negative delta from active time for uid: 10290, delta: -30
07-10 22:34:07.098  1750  2096 E KernelCpuUidActiveTimeReader: Negative delta from active time for uid: 10167, delta: -11
07-10 22:34:07.098  1750  2096 E KernelCpuUidActiveTimeReader: Negative delta from active time for uid: 10157, delta: -17
07-10 22:34:07.098  1750  2096 E KernelCpuUidActiveTimeReader: Negative delta from active time for uid: 10521, delta: -19
07-10 22:34:07.098  1750  2096 E KernelCpuUidActiveTimeReader: Negative delta from active time for uid: 10343, delta: -33
07-10 22:34:07.099  1750  2096 E KernelCpuUidActiveTimeReader: Negative delta from active time for uid: 10105, delta: -12
07-10 22:34:07.099  1750  2096 E KernelCpuUidActiveTimeReader: Negative delta from active time for uid: 10236, delta: -2
07-10 22:34:07.099  1750  2096 E KernelCpuUidActiveTimeReader: Negative delta from active time for uid: 10121, delta: -8
07-10 22:34:07.099  1750  2096 E KernelCpuUidActiveTimeReader: Negative delta from active time for uid: 10184, delta: -30
07-10 22:34:07.099  1750  2096 E KernelCpuUidActiveTimeReader: Negative delta from active time for uid: 10404, delta: -24
07-10 22:34:07.099  1750  2096 E KernelCpuUidActiveTimeReader: Negative delta from active time for uid: 10281, delta: -44
07-10 22:34:07.102  1750  2096 D KernelCpuUidUserSysTimeReader: Removing uids 99505-99505
07-10 22:34:07.425  1750  2045 V WindowManager: Unknown focus tokens, dropping reportFocusChanged
07-10 22:34:07.432  1750  2062 W UsageStatsService: Unexpected activity event reported! (com.google.android.apps.nexuslauncher/com.android.quickstep.RecentsActivity event : 23 instanceId : 250830940)
07-10 22:34:13.069  1750  3129 D CompatibilityChangeReporter: Compat change id reported: 168419799; UID 10572; state: DISABLED
07-10 22:34:13.101  1750  2996 W ActivityManager: Background start not allowed: service Intent { cmp=com.zhiliaoapp.musically/com.ss.android.message.NotifyService } to com.zhiliaoapp.musically/com.ss.android.message.NotifyService from pid=21551 uid=10572 pkg=com.zhiliaoapp.musically startFg?=false
07-10 22:34:13.682  1750  2062 W ProcessStats: Tracking association SourceState{584cdb3 system/1000 BTopFgs #1275646} whose proc state 2 is better than process ProcessState{baa4f70 net.dinglisch.android.taskerm/10289 pkg=net.dinglisch.android.taskerm} proc state 3 (52 skipped)
07-10 22:34:13.739  1750  2045 I DisplayDeviceRepository: Display device changed: DisplayDeviceInfo{"Built-in Screen": uniqueId="local:4630946523002478721", 1080 x 2340, modeId 1, defaultModeId 1, supportedModes [{id=1, width=1080, height=2340, fps=60.000004, alternativeRefreshRates=[90.0]}, {id=2, width=1080, height=2340, fps=90.0, alternativeRefreshRates=[60.000004]}], colorMode 0, supportedColorModes [0, 7, 9], hdrCapabilities HdrCapabilities{mSupportedHdrTypes=[2, 3], mMaxLuminance=500.0, mMaxAverageLuminance=500.0, mMinLuminance=0.0}, allmSupported false, gameContentTypeSupported false, density 440, 435.428 x 433.839 dpi, appVsyncOff 2333332, presDeadline 11500000, cutout DisplayCutout{insets=Rect(0, 136 - 0, 0) waterfall=Insets{left=0, top=0, right=0, bottom=0} boundingRect={Bounds=[Rect(0, 0 - 0, 0), Rect(0, 0 - 145, 136), Rect(0, 0 - 0, 0), Rect(0, 0 - 0, 0)]} cutoutPathParserInfo={CutoutPathParserInfo{displayWidth=1080 displayHeight=2340 density={2.75} cutoutSpec={M 41,77 a 40,40 0 1 0 80,0 40,40 0 1 0 -80,0 Z @left} rotation={0} scale={1.0}}}}, touch INTERNAL, rotation 0, type INTERNAL, address {port=129, model=0x40446d53ad64a0}, deviceProductInfo DeviceProductInfo{name=, manufacturerPnpId=QCM, productId=1, modelYear=null, manufactureDate=ManufactureDate{week=27, year=2006}, connectionToSinkType=0}, state ON, frameRateOverride , brightnessMinimum 0.0, brightnessMaximum 1.0, brightnessDefault 0.2901961, roundedCorners RoundedCorners{[RoundedCorner{position=TopLeft, radius=108, center=Point(108, 108)}, RoundedCorner{position=TopRight, radius=108, center=Point(972, 108)}, RoundedCorner{position=BottomRight, radius=108, center=Point(972, 2232)}, RoundedCorner{position=BottomLeft, radius=108, center=Point(108, 2232)}]}, FLAG_DEFAULT_DISPLAY, FLAG_ROTATES_WITH_CONTENT, FLAG_SECURE, FLAG_SUPPORTS_PROTECTED_BUFFERS}
07-10 22:34:14.106  1750  3129 W ActivityManager: Background start not allowed: service Intent { cmp=com.zhiliaoapp.musically/com.bytedance.common.wschannel.server.WsChannelService } to com.zhiliaoapp.musically/com.bytedance.common.wschannel.server.WsChannelService from pid=21551 uid=10572 pkg=com.zhiliaoapp.musically startFg?=false
07-10 22:34:14.122  1750  2504 W ActivityManager: Background start not allowed: service Intent { cmp=com.zhiliaoapp.musically/com.bytedance.common.wschannel.client.WsClientService } to com.zhiliaoapp.musically/com.bytedance.common.wschannel.client.WsClientService from pid=1295 uid=10572 pkg=com.zhiliaoapp.musically startFg?=false
07-10 22:34:18.003 21551 21655 E ActivityThread: Failed to find provider info for com.teslacoilsw.notifier
07-10 22:34:21.726  1750  2045 I DisplayDeviceRepository: Display device changed: DisplayDeviceInfo{"Built-in Screen": uniqueId="local:4630946523002478721", 1080 x 2340, modeId 2, defaultModeId 1, supportedModes [{id=1, width=1080, height=2340, fps=60.000004, alternativeRefreshRates=[90.0]}, {id=2, width=1080, height=2340, fps=90.0, alternativeRefreshRates=[60.000004]}], colorMode 0, supportedColorModes [0, 7, 9], hdrCapabilities HdrCapabilities{mSupportedHdrTypes=[2, 3], mMaxLuminance=500.0, mMaxAverageLuminance=500.0, mMinLuminance=0.0}, allmSupported false, gameContentTypeSupported false, density 440, 435.428 x 433.839 dpi, appVsyncOff 2333333, presDeadline 11500000, cutout DisplayCutout{insets=Rect(0, 136 - 0, 0) waterfall=Insets{left=0, top=0, right=0, bottom=0} boundingRect={Bounds=[Rect(0, 0 - 0, 0), Rect(0, 0 - 145, 136), Rect(0, 0 - 0, 0), Rect(0, 0 - 0, 0)]} cutoutPathParserInfo={CutoutPathParserInfo{displayWidth=1080 displayHeight=2340 density={2.75} cutoutSpec={M 41,77 a 40,40 0 1 0 80,0 40,40 0 1 0 -80,0 Z @left} rotation={0} scale={1.0}}}}, touch INTERNAL, rotation 0, type INTERNAL, address {port=129, model=0x40446d53ad64a0}, deviceProductInfo DeviceProductInfo{name=, manufacturerPnpId=QCM, productId=1, modelYear=null, manufactureDate=ManufactureDate{week=27, year=2006}, connectionToSinkType=0}, state ON, frameRateOverride , brightnessMinimum 0.0, brightnessMaximum 1.0, brightnessDefault 0.2901961, roundedCorners RoundedCorners{[RoundedCorner{position=TopLeft, radius=108, center=Point(108, 108)}, RoundedCorner{position=TopRight, radius=108, center=Point(972, 108)}, RoundedCorner{position=BottomRight, radius=108, center=Point(972, 2232)}, RoundedCorner{position=BottomLeft, radius=108, center=Point(108, 2232)}]}, FLAG_DEFAULT_DISPLAY, FLAG_ROTATES_WITH_CONTENT, FLAG_SECURE, FLAG_SUPPORTS_PROTECTED_BUFFERS}
07-10 22:34:22.945  1750  1786 D BluetoothManagerService: disable(): mBluetooth = android.bluetooth.IBluetooth$Stub$Proxy@377b444 mBinding = false
07-10 22:34:22.946  1750  1786 D BluetoothManagerService: Bluetooth persisted state: 1
07-10 22:34:22.946  1750  1786 D BluetoothManagerService: Persisting Bluetooth Setting: 0
07-10 22:34:22.946  1750  2044 D BluetoothManagerService: MESSAGE_DISABLE: mBluetooth = android.bluetooth.IBluetooth$Stub$Proxy@377b444, mBinding = false
07-10 22:34:23.247  1750  2044 D BluetoothManagerService: MESSAGE_HANDLE_DISABLE_DELAYED: disabling:false
07-10 22:34:23.247  1750  2044 D BluetoothManagerService: Sending off request.
07-10 22:34:23.252  1750  2044 D BluetoothManagerService: MESSAGE_BLUETOOTH_STATE_CHANGE: ON > TURNING_OFF
07-10 22:34:23.252  1750  2044 D BluetoothManagerService: Sending BLE State Change: ON > TURNING_OFF
07-10 22:34:23.255  1750  2044 D BluetoothManagerService: Sending State Change: ON > TURNING_OFF
07-10 22:34:23.263  1750  1750 D CompanionDeviceManagerService: Received BT state transition broadcast: ON -> TURNING_OFF
07-10 22:34:23.317  1750  2068 W BroadcastQueue: Background execution not allowed: receiving Intent { act=android.bluetooth.adapter.action.STATE_CHANGED flg=0x4000010 (has extras) } to com.google.android.gms/.chimera.GmsIntentOperationService$PersistentTrustedReceiver
07-10 22:34:23.346  1750  2068 W BroadcastQueue: Background execution not allowed: receiving Intent { act=android.bluetooth.adapter.action.STATE_CHANGED flg=0x4000010 (has extras) } to com.pandora.android/.api.bluetooth.AutoStartReceiver
07-10 22:34:23.358  1750  2068 W BroadcastQueue: Background execution not allowed: receiving Intent { act=android.bluetooth.adapter.action.STATE_CHANGED flg=0x4000010 (has extras) } to com.thehomedepot/com.pointrlabs.core.receiver.StartupBroadcastReceiver
07-10 22:34:23.361  1750  1750 I Telecom : WiredHeadsetManager: ACTION_HEADSET_PLUG event, plugged in: false, : WHC.oADR@mAs
07-10 22:34:23.373  1750  2043 W Looper  : Slow dispatch took 109ms android.ui h=com.android.server.am.ActivityManagerService$UiHandler c=null m=68
07-10 22:34:23.377  1750  1750 I Telecom : BluetoothDeviceManager: Lost BluetoothHeadset service. Removing all tracked devices: BMSL.oSD@mAw
07-10 22:34:23.377  1750  2944 I Telecom : CallAudioRouteStateMachine: Message received: BT_ACTIVE_DEVICE_GONE=9, arg1=0: BMSL.oSD->CARSM.pM_BT_ACTIVE_DEVICE_GONE@mAw
07-10 22:34:23.378  1750  2944 I Telecom : QuiescentBluetoothRoute: Processing message BT_ACTIVE_DEVICE_GONE: BMSL.oSD->CARSM.pM_BT_ACTIVE_DEVICE_GONE@mAw
07-10 22:34:23.378  1750  2944 I Telecom : Logging.Events: Non-call EVENT: AUDIO_ROUTE, Bluetooth active device gone: BMSL.oSD->CARSM.pM_BT_ACTIVE_DEVICE_GONE@mAw
07-10 22:34:23.378  1750  1750 I Telecom : BluetoothDeviceManager: Lost BluetoothHeadset service. Removing all tracked devices: BMSL.oSD@mA0
07-10 22:34:23.378  1750  2942 I Telecom : BluetoothRouteManager: Message received: LOST_DEVICE.: BMSL.oSD->BRM.pM_2@mAw
07-10 22:34:23.378  1750  2944 I Telecom : CallAudioRouteStateMachine: Message received: SWITCH_BASELINE_ROUTE=1005, arg1=0: BMSL.oSD->CARSM.pM_BT_ACTIVE_DEVICE_GONE->CARSM.pM_SWITCH_BASELINE_ROUTE@mAw
07-10 22:34:23.378  1750  2944 I Telecom : QuiescentBluetoothRoute: Processing message SWITCH_BASELINE_ROUTE: BMSL.oSD->CARSM.pM_BT_ACTIVE_DEVICE_GONE->CARSM.pM_SWITCH_BASELINE_ROUTE@mAw
07-10 22:34:23.378  1750  2944 I Telecom : CallAudioRouteStateMachine: Message received: SWITCH_EARPIECE=1001, arg1=0: BMSL.oSD->CARSM.pM_BT_ACTIVE_DEVICE_GONE->CARSM.pM_SWITCH_BASELINE_ROUTE->CARSM.pM_SWITCH_EARPIECE@mAw
07-10 22:34:23.378  1750  2944 I Telecom : QuiescentBluetoothRoute: Processing message SWITCH_EARPIECE: BMSL.oSD->CARSM.pM_BT_ACTIVE_DEVICE_GONE->CARSM.pM_SWITCH_BASELINE_ROUTE->CARSM.pM_SWITCH_EARPIECE@mAw
07-10 22:34:23.378  1750  2944 I Telecom : Logging.Events: Non-call EVENT: AUDIO_ROUTE, Leaving state QuiescentBluetoothRoute: BMSL.oSD->CARSM.pM_BT_ACTIVE_DEVICE_GONE->CARSM.pM_SWITCH_BASELINE_ROUTE->CARSM.pM_SWITCH_EARPIECE@mAw
07-10 22:34:23.378  1750  2944 I Telecom : Logging.Events: Non-call EVENT: AUDIO_ROUTE, Entering state QuiescentEarpieceRoute: BMSL.oSD->CARSM.pM_BT_ACTIVE_DEVICE_GONE->CARSM.pM_SWITCH_BASELINE_ROUTE->CARSM.pM_SWITCH_EARPIECE@mAw
07-10 22:34:23.385  1750  2944 I Telecom : CallAudioRouteStateMachine: Message received: BLUETOOTH_DEVICE_LIST_CHANGED=7, arg1=0: BMSL.oSD->CARSM.pM_BLUETOOTH_DEVICE_LIST_CHANGED@mAw
07-10 22:34:23.385  1750  2944 I Telecom : QuiescentEarpieceRoute: Processing message BLUETOOTH_DEVICE_LIST_CHANGED: BMSL.oSD->CARSM.pM_BLUETOOTH_DEVICE_LIST_CHANGED@mAw
07-10 22:34:23.385  1750  2944 I Telecom : Logging.Events: Non-call EVENT: AUDIO_ROUTE, Bluetooth device list changed: BMSL.oSD->CARSM.pM_BLUETOOTH_DEVICE_LIST_CHANGED@mAw
07-10 22:34:23.388  1750  4058 I ContentCaptureManagerService: Data share request accepted by Content Capture service
07-10 22:34:23.467  1750  2043 W Looper  : Slow delivery took 200ms android.ui h=com.android.server.am.ActivityManagerService$UiHandler c=null m=68
07-10 22:34:23.472  1750  2043 W Looper  : Drained
07-10 22:34:23.513  1750  1750 I Telecom : BluetoothDeviceManager: Lost BluetoothHearingAid service. Removing all tracked devices.: BMSL.oSD@mA4
07-10 22:34:23.515  1750  2044 D BluetoothManagerService: MESSAGE_BLUETOOTH_STATE_CHANGE: TURNING_OFF > BLE_ON
07-10 22:34:23.515  1750  2044 D BluetoothManagerService: Intermediate off, back to LE only mode
07-10 22:34:23.515  1750  2044 D BluetoothManagerService: Sending BLE State Change: TURNING_OFF > BLE_ON
07-10 22:34:23.518  1750  2044 D BluetoothManagerService: Broadcasting onBluetoothStateChange(false) to 29 receivers.
07-10 22:34:23.523  1750  1750 D CompanionDeviceManagerService: Received BT state transition broadcast: TURNING_OFF -> BLE_ON
07-10 22:34:23.523  1750  2044 D BluetoothManagerService: Calling sendBrEdrDownCallback callbacks
07-10 22:34:23.523  1750  2044 D BluetoothManagerService: isBleAppPresent() count: 1
07-10 22:34:23.524  1750  1750 E CompanionDeviceManagerService: BLE on, but BluetoothLeScanner == null
07-10 22:34:23.524  1750  2044 D BluetoothManagerService: Sending State Change: TURNING_OFF > OFF
07-10 22:34:23.525  1750  2068 I DropBoxManagerService: add tag=system_server_wtf isTagEnabled=true flags=0x2
07-10 22:34:23.525  1750  2068 W DropBoxManagerService: Dropping: system_server_wtf (1188 > 0 bytes)
07-10 22:34:23.529  1750  2044 D BluetoothManagerService: MESSAGE_BLUETOOTH_STATE_CHANGE: BLE_ON > BLE_TURNING_OFF
07-10 22:34:23.529  1750  2044 D BluetoothManagerService: Sending BLE State Change: BLE_ON > BLE_TURNING_OFF
07-10 22:34:23.542  1750  2068 W BroadcastQueue: Background execution not allowed: receiving Intent { act=android.bluetooth.adapter.action.STATE_CHANGED flg=0x4000010 (has extras) } to com.google.android.gms/.chimera.GmsIntentOperationService$PersistentTrustedReceiver
07-10 22:34:23.549  1750  2044 D BluetoothManagerService: MESSAGE_HANDLE_DISABLE_DELAYED: disabling:true
07-10 22:34:23.549  1750  2044 D BluetoothManagerService: Handle disable is finished
07-10 22:34:23.559  1750  1750 D CompanionDeviceManagerService: Received BT state transition broadcast: BLE_ON -> BLE_TURNING_OFF
07-10 22:34:23.560  1750  2068 W BroadcastQueue: Background execution not allowed: receiving Intent { act=android.bluetooth.adapter.action.STATE_CHANGED flg=0x4000010 (has extras) } to com.pandora.android/.api.bluetooth.AutoStartReceiver
07-10 22:34:23.560  1750  2068 W BroadcastQueue: Background execution not allowed: receiving Intent { act=android.bluetooth.adapter.action.STATE_CHANGED flg=0x4000010 (has extras) } to com.thehomedepot/com.pointrlabs.core.receiver.StartupBroadcastReceiver
07-10 22:34:23.582  1750  4264 D BluetoothManagerService: enableBle(com.google.android.gms):  mBluetooth =android.bluetooth.IBluetooth$Stub$Proxy@377b444 mBinding = false mState = BLE_TURNING_OFF
07-10 22:34:23.582  1750  4264 D BluetoothManagerService: 1 registered Ble Apps
07-10 22:34:23.582  1750  2044 D BluetoothManagerService: MESSAGE_ENABLE(0): mBluetooth = android.bluetooth.IBluetooth$Stub$Proxy@377b444
07-10 22:34:23.613  1750  4308 I ContentCaptureManagerService: Data share request accepted by Content Capture service
07-10 22:34:23.629  1750  4057 I ContentCaptureManagerService: Data share request accepted by Content Capture service
07-10 22:34:23.732  1750  4057 W ProcessStats: Tracking association SourceState{584cdb3 system/1000 BTopFgs #1275799} whose proc state 2 is better than process ProcessState{baa4f70 net.dinglisch.android.taskerm/10289 pkg=net.dinglisch.android.taskerm} proc state 3 (131 skipped)
07-10 22:34:24.032  1750  1750 D CompanionDeviceManagerService: D0:1B:49:3F:0E:CB disconnected w/ reason: (1100) Local request
07-10 22:34:24.032  1750  1750 D CompanionDeviceManagerService: onDeviceDisconnected(address = D0:1B:49:3F:0E:CB)
07-10 22:34:24.179  1750  1787 D BluetoothManagerService: enable(com.android.systemui):  mBluetooth =android.bluetooth.IBluetooth$Stub$Proxy@377b444 mBinding = false mState = BLE_TURNING_OFF
07-10 22:34:24.179  1750  1787 D BluetoothManagerService: enable returning
07-10 22:34:24.258  1750  2042 D CompanionDeviceManagerService: onPackageModified(packageName = com.android.bluetooth)
07-10 22:34:24.313  1750  1750 I Telecom : DefaultDialerCache: Refreshing default dialer for user 0: now com.google.android.dialer: DDC.oR@mBA
07-10 22:34:24.313  1750  1750 I Telecom : DefaultDialerCache: Refreshing default dialer for user 11: now com.google.android.dialer: DDC.oR@mBA
07-10 22:34:24.592  1750  4057 D BluetoothManagerService: enableBle(com.google.android.gms):  mBluetooth =android.bluetooth.IBluetooth$Stub$Proxy@377b444 mBinding = false mState = BLE_TURNING_OFF
07-10 22:34:24.592  1750  4057 D BluetoothManagerService: 1 registered Ble Apps
07-10 22:34:24.600  1750  1750 D CompanionDeviceManagerService: 58:BF:25:EC:3C:8A disconnected w/ reason: (1100) Local request
07-10 22:34:24.600  1750  1750 D CompanionDeviceManagerService: onDeviceDisconnected(address = 58:BF:25:EC:3C:8A)
07-10 22:34:25.506  1750  2044 D BluetoothManagerService: MESSAGE_BLUETOOTH_STATE_CHANGE: BLE_TURNING_OFF > OFF
07-10 22:34:25.506  1750  2044 D BluetoothManagerService: Bluetooth is complete send Service Down
07-10 22:34:25.506  1750  2044 D BluetoothManagerService: Broadcasting onBluetoothServiceDown() to 31 receivers.
07-10 22:34:25.511  1750  2044 D BluetoothManagerService: unbindAndFinish(): android.bluetooth.IBluetooth$Stub$Proxy@377b444 mBinding = false mUnbinding = false
07-10 22:34:25.520  1750  2044 D BluetoothManagerService: Sending BLE State Change: BLE_TURNING_OFF > OFF
07-10 22:34:25.520  1750  2044 D BluetoothManagerService: Entering STATE_OFF but mEnabled is true; restarting.
07-10 22:34:25.520  1750  2044 E BluetoothManagerService: waitForState [10] time out
07-10 22:34:25.521  1750  1750 D CompanionDeviceManagerService: Received BT state transition broadcast: BLE_TURNING_OFF -> OFF
07-10 22:34:25.525  1750  4085 D BluetoothManagerService: enableBle(com.google.android.gms):  mBluetooth =null mBinding = false mState = OFF
07-10 22:34:25.525  1750  4085 D BluetoothManagerService: 1 registered Ble Apps
07-10 22:34:25.530  1750  2068 W BroadcastQueue: Background execution not allowed: receiving Intent { act=android.intent.action.DROPBOX_ENTRY_ADDED flg=0x10 (has extras) } to com.google.android.gms/.stats.service.DropBoxEntryAddedReceiver
07-10 22:34:25.530  1750  2068 W BroadcastQueue: Background execution not allowed: receiving Intent { act=android.intent.action.DROPBOX_ENTRY_ADDED flg=0x10 (has extras) } to com.google.android.gms/.chimera.GmsIntentOperationService$PersistentTrustedReceiver
07-10 22:34:25.619  1750  1787 I ActivityManager: Process com.android.bluetooth (pid 18630) has died: fg  SVC 
07-10 22:34:25.685  1750  2044 D BluetoothManagerService: Handle enable is finished
07-10 22:34:25.795  1750  2044 D BluetoothManagerService: MESSAGE_ENABLE(0): mBluetooth = null
07-10 22:34:25.796  1750  2044 D BluetoothManagerService: binding Bluetooth service
07-10 22:34:25.799  1750  2044 D CompatibilityChangeReporter: Compat change id reported: 135634846; UID 1002; state: DISABLED
07-10 22:34:25.811  1750  2069 I ActivityManager: Start proc 22136:com.android.bluetooth/1002 for service {com.android.bluetooth/com.android.bluetooth.btservice.AdapterService}
07-10 22:34:25.842  1750  2044 D BluetoothManagerService: MESSAGE_ENABLE(0): mBluetooth = null
07-10 22:34:25.982  1750  2044 D BluetoothManagerService: MESSAGE_ENABLE(0): mBluetooth = null
07-10 22:34:25.982  1750  2044 D BluetoothManagerService: Persisting Bluetooth Setting: 1
07-10 22:34:26.174  1750  1750 D BluetoothManagerService: BluetoothServiceConnection: com.android.bluetooth.btservice.AdapterService
07-10 22:34:26.174  1750  2044 D BluetoothManagerService: MESSAGE_BLUETOOTH_SERVICE_CONNECTED: 1
07-10 22:34:26.177  1750  2044 D BluetoothManagerService: Broadcasting onBluetoothServiceUp() to 31 receivers.
07-10 22:34:26.187  1750  2044 D BluetoothManagerService: MESSAGE_BLUETOOTH_STATE_CHANGE: OFF > BLE_TURNING_ON
07-10 22:34:26.187  1750  2044 D BluetoothManagerService: Sending BLE State Change: OFF > BLE_TURNING_ON
07-10 22:34:26.187  1750  1750 D CompanionDeviceManagerService: Received BT state transition broadcast: OFF -> BLE_TURNING_ON
07-10 22:34:26.534  1750  4085 D BluetoothManagerService: enableBle(com.google.android.gms):  mBluetooth =android.bluetooth.IBluetooth$Stub$Proxy@9b4775d mBinding = false mState = BLE_TURNING_ON
07-10 22:34:26.534  1750  4085 D BluetoothManagerService: 1 registered Ble Apps
07-10 22:34:27.544  1750  4085 D BluetoothManagerService: enableBle(com.google.android.gms):  mBluetooth =android.bluetooth.IBluetooth$Stub$Proxy@9b4775d mBinding = false mState = BLE_TURNING_ON
07-10 22:34:27.544  1750  4085 D BluetoothManagerService: 1 registered Ble Apps
07-10 22:34:27.650  1750  1750 D BluetoothManagerService: Bluetooth Adapter address changed to 58:24:29:42:62:6F
07-10 22:34:27.651  1750  1750 D BluetoothManagerService: Stored Bluetoothaddress: 58:24:29:42:62:6F
07-10 22:34:27.652  1750  1750 D BluetoothManagerService: Bluetooth Adapter name changed to Pixel 5 by android
07-10 22:34:27.652  1750  1750 D BluetoothManagerService: Stored Bluetooth name: Pixel 5
07-10 22:34:27.714  1750  2044 D BluetoothManagerService: MESSAGE_BLUETOOTH_STATE_CHANGE: BLE_TURNING_ON > BLE_ON
07-10 22:34:27.714  1750  2044 D BluetoothManagerService: Bluetooth is in LE only mode
07-10 22:34:27.714  1750  2044 D BluetoothManagerService: Binding Bluetooth GATT service
07-10 22:34:27.718  1750  2044 D BluetoothManagerService: Sending BLE State Change: BLE_TURNING_ON > BLE_ON
07-10 22:34:27.719  1750  1750 D CompanionDeviceManagerService: Received BT state transition broadcast: BLE_TURNING_ON -> BLE_ON
07-10 22:34:27.719  1750  1750 I CompanionDeviceManagerService: startBleScan()
07-10 22:34:27.720  1750  1750 D BluetoothManagerService: BluetoothServiceConnection: com.android.bluetooth.gatt.GattService
07-10 22:34:27.720  1750  2044 D BluetoothManagerService: MESSAGE_BLUETOOTH_SERVICE_CONNECTED: 2
07-10 22:34:27.720  1750  2044 D BluetoothManagerService: continueFromBleOnState()
07-10 22:34:27.721  1750  2044 D BluetoothManagerService: Persisting Bluetooth Setting: 1
07-10 22:34:27.722  1750  2044 D BluetoothManagerService: MESSAGE_BLUETOOTH_STATE_CHANGE: BLE_ON > TURNING_ON
07-10 22:34:27.722  1750  2044 D BluetoothManagerService: Sending BLE State Change: BLE_ON > TURNING_ON
07-10 22:34:27.722  1750  2044 D BluetoothManagerService: Sending State Change: OFF > TURNING_ON
07-10 22:34:27.723  1750  1750 D CompanionDeviceManagerService: Received BT state transition broadcast: BLE_ON -> TURNING_ON
07-10 22:34:27.745  1750  2068 W BroadcastQueue: Background execution not allowed: receiving Intent { act=android.bluetooth.adapter.action.STATE_CHANGED flg=0x4000010 (has extras) } to com.google.android.gms/.chimera.GmsIntentOperationService$PersistentTrustedReceiver
07-10 22:34:27.745  1750  2068 W BroadcastQueue: Background execution not allowed: receiving Intent { act=android.bluetooth.adapter.action.STATE_CHANGED flg=0x4000010 (has extras) } to com.pandora.android/.api.bluetooth.AutoStartReceiver
07-10 22:34:27.768  1750  2068 W BroadcastQueue: Background execution not allowed: receiving Intent { act=android.bluetooth.adapter.action.STATE_CHANGED flg=0x4000010 (has extras) } to com.thehomedepot/com.pointrlabs.core.receiver.StartupBroadcastReceiver
07-10 22:34:27.807  1750  3117 I ContentCaptureManagerService: Data share request accepted by Content Capture service
07-10 22:34:27.808  1750  1787 I ContentCaptureManagerService: Data share request accepted by Content Capture service
07-10 22:34:27.950  1750  3117 D CompatibilityChangeReporter: Compat change id reported: 135634846; UID 10103; state: DISABLED
07-10 22:34:27.950  1750  3117 D CompatibilityChangeReporter: Compat change id reported: 177438394; UID 10103; state: DISABLED
07-10 22:34:27.950  1750  3117 D CompatibilityChangeReporter: Compat change id reported: 135772972; UID 10103; state: DISABLED
07-10 22:34:27.950  1750  3117 D CompatibilityChangeReporter: Compat change id reported: 135754954; UID 10103; state: ENABLED
07-10 22:34:27.950  1750  2069 D CompatibilityChangeReporter: Compat change id reported: 143937733; UID 10103; state: ENABLED
07-10 22:34:27.965  1750  2069 I ActivityManager: Start proc 22225:android.process.acore/u0a103 for content provider {com.android.providers.contacts/com.android.providers.contacts.ContactsProvider2}
07-10 22:34:27.992  1750  4085 D CompatibilityChangeReporter: Compat change id reported: 135634846; UID 10275; state: DISABLED
07-10 22:34:27.993  1750  4085 D CompatibilityChangeReporter: Compat change id reported: 177438394; UID 10275; state: DISABLED
07-10 22:34:27.993  1750  4085 D CompatibilityChangeReporter: Compat change id reported: 135772972; UID 10275; state: DISABLED
07-10 22:34:27.993  1750  4085 D CompatibilityChangeReporter: Compat change id reported: 135754954; UID 10275; state: ENABLED
07-10 22:34:27.993  1750  2069 D CompatibilityChangeReporter: Compat change id reported: 143937733; UID 10275; state: ENABLED
07-10 22:34:28.008  1750  2069 I ActivityManager: Start proc 22240:com.amazon.avod.thirdpartyclient/u0a275 for service {com.amazon.avod.thirdpartyclient/com.amazon.avod.voicecontrols.service.PrimeVideoMediaService}
07-10 22:34:28.011  1750  4085 D CompatibilityChangeReporter: Compat change id reported: 135634846; UID 10446; state: DISABLED
07-10 22:34:28.011  1750  4085 D CompatibilityChangeReporter: Compat change id reported: 177438394; UID 10446; state: DISABLED
07-10 22:34:28.011  1750  4085 D CompatibilityChangeReporter: Compat change id reported: 135772972; UID 10446; state: DISABLED
07-10 22:34:28.011  1750  4085 D CompatibilityChangeReporter: Compat change id reported: 135754954; UID 10446; state: ENABLED
07-10 22:34:28.012  1750  2069 D CompatibilityChangeReporter: Compat change id reported: 143937733; UID 10446; state: ENABLED
07-10 22:34:28.030  1750  2069 I ActivityManager: Start proc 22242:com.audible.application/u0a446 for service {com.audible.application/com.audible.application.media.AudibleMediaBrowserService}
07-10 22:34:28.042  1750  2285 D CompatibilityChangeReporter: Compat change id reported: 168419799; UID 10103; state: DISABLED
07-10 22:34:28.154  1750  2200 W ActivityManager: Permission Denial: Accessing service com.shazam.android/com.shazam.player.android.service.MusicPlayerService from pid=22136, uid=1002 that is not exported from uid 10353
07-10 22:34:28.155  1750  4085 W ActivityManager: Unbind failed: could not find connection for android.os.BinderProxy@77a5378
07-10 22:34:28.229  1750  4246 W ActivityManager: Permission Denial: Accessing service com.zhiliaoapp.musically/com.ss.android.ugc.aweme.feed.background.BackgroundAudioBrowserService from pid=22136, uid=1002 that is not exported from uid 10572
07-10 22:34:28.240  1750  2285 W ActivityManager: Unbind failed: could not find connection for android.os.BinderProxy@ae59043
07-10 22:34:28.257  1750  2200 W ActivityManager: Permission Denial: Accessing service com.zhiliaoapp.musically/com.ss.android.ugc.aweme.dsp.playerservice.plugin.mediasession.common.MediaSessionService from pid=22136, uid=1002 that is not exported from uid 10572
07-10 22:34:28.261  1750  2200 W ActivityManager: Unbind failed: could not find connection for android.os.BinderProxy@2f197
07-10 22:34:28.383  1750  2044 D BluetoothManagerService: MESSAGE_BLUETOOTH_STATE_CHANGE: TURNING_ON > ON
07-10 22:34:28.383  1750  2044 D BluetoothManagerService: Broadcasting onBluetoothStateChange(true) to 27 receivers.
07-10 22:34:28.384  1750  2044 D BluetoothManagerService: Creating new ProfileServiceConnections object for profile: 1
07-10 22:34:28.476  1750  2068 W BroadcastQueue: Background execution not allowed: receiving Intent { act=android.bluetooth.device.action.UUID flg=0x10 (has extras) } to com.google.android.gms/.chimera.GmsIntentOperationService$PersistentTrustedReceiver
07-10 22:34:28.486  1750  2068 W BroadcastQueue: Background execution not allowed: receiving Intent { act=android.bluetooth.device.action.UUID flg=0x10 (has extras) } to com.google.android.googlequicksearchbox/com.google.android.apps.gsa.broadcastreceiver.external.ExternalCommonBroadcastReceiver
07-10 22:34:28.486  1750  2068 W BroadcastQueue: Background execution not allowed: receiving Intent { act=android.bluetooth.device.action.UUID flg=0x10 (has extras) } to com.google.android.projection.gearhead/com.google.android.apps.auto.carservice.gmscorecompat.CarBluetoothReceiver
07-10 22:34:28.516  1750  2068 W BroadcastQueue: Background execution not allowed: receiving Intent { act=android.bluetooth.device.action.UUID flg=0x10 (has extras) } to com.google.android.gms/.chimera.GmsIntentOperationService$PersistentTrustedReceiver
07-10 22:34:28.516  1750  2068 W BroadcastQueue: Background execution not allowed: receiving Intent { act=android.bluetooth.device.action.UUID flg=0x10 (has extras) } to com.google.android.googlequicksearchbox/com.google.android.apps.gsa.broadcastreceiver.external.ExternalCommonBroadcastReceiver
07-10 22:34:28.516  1750  2068 W BroadcastQueue: Background execution not allowed: receiving Intent { act=android.bluetooth.device.action.UUID flg=0x10 (has extras) } to com.google.android.projection.gearhead/com.google.android.apps.auto.carservice.gmscorecompat.CarBluetoothReceiver
07-10 22:34:28.552  1750  2068 W BroadcastQueue: Background execution not allowed: receiving Intent { act=android.bluetooth.device.action.UUID flg=0x10 (has extras) } to com.google.android.gms/.chimera.GmsIntentOperationService$PersistentTrustedReceiver
07-10 22:34:28.552  1750  2068 W BroadcastQueue: Background execution not allowed: receiving Intent { act=android.bluetooth.device.action.UUID flg=0x10 (has extras) } to com.google.android.googlequicksearchbox/com.google.android.apps.gsa.broadcastreceiver.external.ExternalCommonBroadcastReceiver
07-10 22:34:28.553  1750  2068 W BroadcastQueue: Background execution not allowed: receiving Intent { act=android.bluetooth.device.action.UUID flg=0x10 (has extras) } to com.google.android.projection.gearhead/com.google.android.apps.auto.carservice.gmscorecompat.CarBluetoothReceiver
07-10 22:34:28.602  1750  2068 W BroadcastQueue: Background execution not allowed: receiving Intent { act=android.bluetooth.device.action.UUID flg=0x10 (has extras) } to com.google.android.gms/.chimera.GmsIntentOperationService$PersistentTrustedReceiver
07-10 22:34:28.619  1750  2068 W BroadcastQueue: Background execution not allowed: receiving Intent { act=android.bluetooth.device.action.UUID flg=0x10 (has extras) } to com.google.android.googlequicksearchbox/com.google.android.apps.gsa.broadcastreceiver.external.ExternalCommonBroadcastReceiver
07-10 22:34:28.620  1750  2043 W Looper  : Slow dispatch took 109ms android.ui h=com.android.server.am.ActivityManagerService$UiHandler c=null m=68
07-10 22:34:28.639  1750  2068 W BroadcastQueue: Background execution not allowed: receiving Intent { act=android.bluetooth.device.action.UUID flg=0x10 (has extras) } to com.google.android.projection.gearhead/com.google.android.apps.auto.carservice.gmscorecompat.CarBluetoothReceiver
07-10 22:34:28.673  1750  1787 W AlarmManager: Window length 329205304ms too long; limiting to 1 day
07-10 22:34:28.681  1750  2044 D BluetoothManagerService: Sending BLE State Change: TURNING_ON > ON
07-10 22:34:28.710  1750  2044 D BluetoothManagerService: Sending State Change: TURNING_ON > ON
07-10 22:34:28.710  1750  1750 D CompanionDeviceManagerService: Received BT state transition broadcast: TURNING_ON -> ON
07-10 22:34:28.711  1750  1750 I CompanionDeviceManagerService: startBleScan()
07-10 22:34:28.834  1750  2043 W Looper  : Slow dispatch took 117ms android.ui h=com.android.server.am.ActivityManagerService$UiHandler c=null m=68
07-10 22:34:28.902  1750  2045 V WindowManager: Unknown focus tokens, dropping reportFocusChanged
07-10 22:34:28.910  1750  3117 I CompanionDeviceManagerService: Updating associations: {Association { userId = 0, deviceMacAddress = D0:1B:49:3F:0E:CB, packageName = com.samsung.android.waterplugin, deviceProfile = null, notifyOnDeviceNearby = false, timeApprovedMs = Thu Jul 07 14:43:08 EDT 2022 }, Association { userId = 0, deviceMacAddress = 08:BF:A0:F6:23:8D, packageName = com.samsung.android.gearnplugin, deviceProfile = null, notifyOnDeviceNearby = false, timeApprovedMs = Wed Dec 31 19:00:00 EST 1969 }}  -->  {Association { userId = 0, deviceMacAddress = D0:1B:49:3F:0E:CB, packageName = com.samsung.android.waterplugin, deviceProfile = null, notifyOnDeviceNearby = false, timeApprovedMs = Thu Jul 07 14:43:08 EDT 2022 }, Association { userId = 0, deviceMacAddress = 08:BF:A0:F6:23:8D, packageName = com.samsung.android.gearnplugin, deviceProfile = null, notifyOnDeviceNearby = false, timeApprovedMs = Wed Dec 31 19:00:00 EST 1969 }}
07-10 22:34:28.910  1750  2062 I CompanionDeviceManagerService: Writing associations to disk: {Association { userId = 0, deviceMacAddress = D0:1B:49:3F:0E:CB, packageName = com.samsung.android.waterplugin, deviceProfile = null, notifyOnDeviceNearby = false, timeApprovedMs = Thu Jul 07 14:43:08 EDT 2022 }, Association { userId = 0, deviceMacAddress = 08:BF:A0:F6:23:8D, packageName = com.samsung.android.gearnplugin, deviceProfile = null, notifyOnDeviceNearby = false, timeApprovedMs = Wed Dec 31 19:00:00 EST 1969 }}
07-10 22:34:28.934  1750  2043 W Looper  : Slow dispatch took 100ms android.ui h=com.android.server.am.ActivityManagerService$UiHandler c=null m=68
07-10 22:34:28.941  1750  3117 I CompanionDeviceManagerService: startBleScan()
07-10 22:34:28.961  1750  2043 W Looper  : Slow delivery took 295ms android.ui h=com.android.server.am.ActivityManagerService$UiHandler c=null m=68
07-10 22:34:28.991  1750  2285 I CompanionDeviceManagerService: Updating associations: {Association { userId = 0, deviceMacAddress = D0:1B:49:3F:0E:CB, packageName = com.samsung.android.waterplugin, deviceProfile = null, notifyOnDeviceNearby = false, timeApprovedMs = Thu Jul 07 14:43:08 EDT 2022 }, Association { userId = 0, deviceMacAddress = 08:BF:A0:F6:23:8D, packageName = com.samsung.android.gearnplugin, deviceProfile = null, notifyOnDeviceNearby = false, timeApprovedMs = Wed Dec 31 19:00:00 EST 1969 }}  -->  {Association { userId = 0, deviceMacAddress = D0:1B:49:3F:0E:CB, packageName = com.samsung.android.waterplugin, deviceProfile = null, notifyOnDeviceNearby = false, timeApprovedMs = Thu Jul 07 14:43:08 EDT 2022 }, Association { userId = 0, deviceMacAddress = 08:BF:A0:F6:23:8D, packageName = com.samsung.android.gearnplugin, deviceProfile = null, notifyOnDeviceNearby = false, timeApprovedMs = Wed Dec 31 19:00:00 EST 1969 }}
07-10 22:34:28.991  1750  2062 I CompanionDeviceManagerService: Writing associations to disk: {Association { userId = 0, deviceMacAddress = D0:1B:49:3F:0E:CB, packageName = com.samsung.android.waterplugin, deviceProfile = null, notifyOnDeviceNearby = false, timeApprovedMs = Thu Jul 07 14:43:08 EDT 2022 }, Association { userId = 0, deviceMacAddress = 08:BF:A0:F6:23:8D, packageName = com.samsung.android.gearnplugin, deviceProfile = null, notifyOnDeviceNearby = false, timeApprovedMs = Wed Dec 31 19:00:00 EST 1969 }}
07-10 22:34:28.996  1750  2285 I CompanionDeviceManagerService: startBleScan()
