07-10 23:38:12.916  1750  1750 V SoundTriggerService: 9f6ad62a-1f0b-11e7-87c5-40a8f03d3f15: runOp 0
07-10 23:38:14.175  1750  3129 V SoundTriggerService: 9f6ad62a-1f0b-11e7-87c5-40a8f03d3f15: destroy
07-10 23:38:14.176  1750  4446 I SoundTriggerService: startRecognition(): id = 9f6ad62a-1f0b-11e7-87c5-40a8f03d3f15
07-10 23:38:14.176  1750  4446 W SoundTriggerHelper: Canceling previous recognition for model id: 9f6ad62a-1f0b-11e7-87c5-40a8f03d3f15
07-10 23:38:14.176  1750  4446 V SoundTriggerService: 9f6ad62a-1f0b-11e7-87c5-40a8f03d3f15: onError: -2147483648
07-10 23:38:14.179  1750  4446 W SoundTriggerService: 9f6ad62a-1f0b-11e7-87c5-40a8f03d3f15: Dropped operation as already destroyed or marked for destruction
07-10 23:38:14.236  1750  4446 I SoundTriggerHelper: startRecognition successful.
07-10 23:38:14.236  1750  4446 W SoundTriggerService: error onStart(): Model 9f6ad62a-1f0b-11e7-87c5-40a8f03d3f15 already started
07-10 23:38:14.238  1750  4446 I SoundTriggerService: deleteSoundModel(): id = 12caddb1-acdb-4dce-8cb0-2e95a2313aee
07-10 23:38:14.238  1750  4446 W SoundTriggerHelper: Unload error: Attempting unload invalid generic model with id:12caddb1-acdb-4dce-8cb0-2e95a2313aee
07-10 23:38:14.238  1750  4446 W SoundTriggerService: error onStop(): Model 12caddb1-acdb-4dce-8cb0-2e95a2313aee has no stats available
07-10 23:38:22.915  1750  3129 W ProcessStats: Tracking association SourceState{584cdb3 system/1000 BTopFgs #1301706} whose proc state 2 is better than process ProcessState{baa4f70 net.dinglisch.android.taskerm/10289 pkg=net.dinglisch.android.taskerm} proc state 3 (49 skipped)
07-10 23:38:34.389  1750  3029 W ProcessStats: Tracking association SourceState{584cdb3 system/1000 BTopFgs #1301740} whose proc state 2 is better than process ProcessState{baa4f70 net.dinglisch.android.taskerm/10289 pkg=net.dinglisch.android.taskerm} proc state 3 (33 skipped)
07-10 23:38:47.616  1750  2285 W ProcessStats: Tracking association SourceState{584cdb3 system/1000 BTopFgs #1301744} whose proc state 2 is better than process ProcessState{baa4f70 net.dinglisch.android.taskerm/10289 pkg=net.dinglisch.android.taskerm} proc state 3 (3 skipped)
07-10 23:39:00.005  1750  2068 D CompatibilityChangeReporter: Compat change id reported: 135634846; UID 10337; state: DISABLED
07-10 23:39:00.005  1750  2068 D CompatibilityChangeReporter: Compat change id reported: 177438394; UID 10337; state: DISABLED
07-10 23:39:00.006  1750  2068 D CompatibilityChangeReporter: Compat change id reported: 135772972; UID 10337; state: DISABLED
07-10 23:39:00.006  1750  2068 D CompatibilityChangeReporter: Compat change id reported: 135754954; UID 10337; state: ENABLED
07-10 23:39:00.007  1750  2069 D CompatibilityChangeReporter: Compat change id reported: 143937733; UID 10337; state: ENABLED
07-10 23:39:00.023  1750  1750 D CompatibilityChangeReporter: Compat change id reported: 135634846; UID 10410; state: DISABLED
07-10 23:39:00.023  1750  1750 D CompatibilityChangeReporter: Compat change id reported: 177438394; UID 10410; state: DISABLED
07-10 23:39:00.023  1750  1750 D CompatibilityChangeReporter: Compat change id reported: 135772972; UID 10410; state: DISABLED
07-10 23:39:00.023  1750  1750 D CompatibilityChangeReporter: Compat change id reported: 135754954; UID 10410; state: ENABLED
07-10 23:39:00.027  1750  1750 D CompatibilityChangeReporter: Compat change id reported: 135634846; UID 10306; state: DISABLED
07-10 23:39:00.027  1750  1750 D CompatibilityChangeReporter: Compat change id reported: 177438394; UID 10306; state: DISABLED
07-10 23:39:00.027  1750  1750 D CompatibilityChangeReporter: Compat change id reported: 135772972; UID 10306; state: DISABLED
07-10 23:39:00.027  1750  1750 D CompatibilityChangeReporter: Compat change id reported: 135754954; UID 10306; state: ENABLED
07-10 23:39:00.031  1750  2069 I ActivityManager: Start proc 26489:com.google.android.apps.authenticator2/u0a337 for broadcast {com.google.android.apps.authenticator2/com.google.android.apps.authenticator.auditlog.AuditLogTimerReceiver}
07-10 23:39:00.032  1750  2069 D CompatibilityChangeReporter: Compat change id reported: 143937733; UID 10410; state: ENABLED
07-10 23:39:00.047  1750  2069 I ActivityManager: Start proc 26501:com.google.android.apps.nbu.paisa.user/u0a410 for service {com.google.android.apps.nbu.paisa.user/com.google.android.libraries.internal.growth.growthkit.internal.jobs.impl.GrowthKitJobService}
07-10 23:39:00.047  1750  2069 D CompatibilityChangeReporter: Compat change id reported: 143937733; UID 10306; state: ENABLED
07-10 23:39:00.056  1750  2285 D CompatibilityChangeReporter: Compat change id reported: 168419799; UID 10337; state: DISABLED
07-10 23:39:00.075  1750  2069 I ActivityManager: Start proc 26518:com.google.android.apps.translate/u0a306 for service {com.google.android.apps.translate/com.google.android.libraries.internal.growth.growthkit.internal.jobs.impl.GrowthKitJobService}
07-10 23:39:00.254  1750  2285 I ActivityManager: Killing 23716:com.google.process.gapps/u0a190 (adj 975): empty #33
07-10 23:39:00.255  1750  2285 W ProcessStats: Tracking association SourceState{584cdb3 system/1000 BTopFgs #1301755} whose proc state 2 is better than process ProcessState{baa4f70 net.dinglisch.android.taskerm/10289 pkg=net.dinglisch.android.taskerm} proc state 3 (5 skipped)
07-10 23:39:00.295  1750  3029 I ActivityManager: Killing 24106:com.nstudio.weatherhere/u0a303 (adj 985): empty #33
07-10 23:39:00.363  1750  2285 D CompatibilityChangeReporter: Compat change id reported: 135634846; UID 10339; state: DISABLED
07-10 23:39:00.363  1750  2285 D CompatibilityChangeReporter: Compat change id reported: 177438394; UID 10339; state: DISABLED
07-10 23:39:00.363  1750  2285 D CompatibilityChangeReporter: Compat change id reported: 135772972; UID 10339; state: DISABLED
07-10 23:39:00.363  1750  2285 D CompatibilityChangeReporter: Compat change id reported: 135754954; UID 10339; state: DISABLED
07-10 23:39:00.363  1750  2069 D CompatibilityChangeReporter: Compat change id reported: 143937733; UID 10339; state: DISABLED
07-10 23:39:00.372  1750  2069 I ActivityManager: Start proc 26574:com.google.android.apps.genie.geniewidget/u0a339 for service {com.google.android.apps.genie.geniewidget/com.firebase.jobdispatcher.GooglePlayReceiver}
07-10 23:39:00.400  1750  2285 D CompatibilityChangeReporter: Compat change id reported: 168419799; UID 10339; state: DISABLED
07-10 23:39:01.458  1750  2258 W NetworkPolicy: shared quota unsupported; generating rule for each iface
07-10 23:39:01.530  1750  4231 I ActivityManager: Killing 24105:com.gianteagle.apps.grocery/u0a409 (adj 975): empty #33
07-10 23:39:03.195  2380 14871 D PowerUI : can't show warning due to - plugged: true status unknown: false
07-10 23:39:11.445  1750  4446 W ProcessStats: Tracking association SourceState{584cdb3 system/1000 BTopFgs #1301925} whose proc state 2 is better than process ProcessState{baa4f70 net.dinglisch.android.taskerm/10289 pkg=net.dinglisch.android.taskerm} proc state 3 (145 skipped)
07-10 23:39:16.380  1750  1750 V SoundTriggerService: 9f6ad62a-1f0b-11e7-87c5-40a8f03d3f15: Generic sound trigger event: GenericRecognitionEvent ::RecognitionEvent [status=0, soundModelHandle=4, captureAvailable=true, captureSession=1786185, captureDelayMs=0, capturePreambleMs=0, triggerInData=false, sampleRate=16000, encoding=2, channelMask=16, data=19]
07-10 23:39:16.393  1750  1750 V SoundTriggerService: 9f6ad62a-1f0b-11e7-87c5-40a8f03d3f15: onServiceConnected(android.os.BinderProxy@e663d55)
07-10 23:39:16.393  1750  1750 V SoundTriggerService: 9f6ad62a-1f0b-11e7-87c5-40a8f03d3f15: runOp 0
07-10 23:39:17.904  1750  4231 V SoundTriggerService: 9f6ad62a-1f0b-11e7-87c5-40a8f03d3f15: destroy
07-10 23:39:17.905  1750  2996 I SoundTriggerService: startRecognition(): id = 9f6ad62a-1f0b-11e7-87c5-40a8f03d3f15
07-10 23:39:17.905  1750  2996 W SoundTriggerHelper: Canceling previous recognition for model id: 9f6ad62a-1f0b-11e7-87c5-40a8f03d3f15
07-10 23:39:17.905  1750  2996 V SoundTriggerService: 9f6ad62a-1f0b-11e7-87c5-40a8f03d3f15: onError: -2147483648
07-10 23:39:17.909  1750  2996 W SoundTriggerService: 9f6ad62a-1f0b-11e7-87c5-40a8f03d3f15: Dropped operation as already destroyed or marked for destruction
07-10 23:39:17.966  1750  2996 I SoundTriggerHelper: startRecognition successful.
07-10 23:39:17.966  1750  2996 W SoundTriggerService: error onStart(): Model 9f6ad62a-1f0b-11e7-87c5-40a8f03d3f15 already started
07-10 23:39:17.968  1750  2996 I SoundTriggerService: deleteSoundModel(): id = 12caddb1-acdb-4dce-8cb0-2e95a2313aee
07-10 23:39:17.969  1750  2996 W SoundTriggerHelper: Unload error: Attempting unload invalid generic model with id:12caddb1-acdb-4dce-8cb0-2e95a2313aee
07-10 23:39:17.969  1750  2996 W SoundTriggerService: error onStop(): Model 12caddb1-acdb-4dce-8cb0-2e95a2313aee has no stats available
07-10 23:39:22.317  1750  2996 W ProcessStats: Tracking association SourceState{584cdb3 system/1000 BTopFgs #1301966} whose proc state 2 is better than process ProcessState{baa4f70 net.dinglisch.android.taskerm/10289 pkg=net.dinglisch.android.taskerm} proc state 3 (34 skipped)
07-10 23:39:32.646  1750  2068 W ProcessStats: Tracking association SourceState{584cdb3 system/1000 BTopFgs #1301977} whose proc state 2 is better than process ProcessState{baa4f70 net.dinglisch.android.taskerm/10289 pkg=net.dinglisch.android.taskerm} proc state 3 (10 skipped)
07-10 23:39:47.622  1750  4231 W ProcessStats: Tracking association SourceState{584cdb3 system/1000 BTopFgs #1301981} whose proc state 2 is better than process ProcessState{baa4f70 net.dinglisch.android.taskerm/10289 pkg=net.dinglisch.android.taskerm} proc state 3 (3 skipped)
07-10 23:39:49.867  1750  4060 I ActivityManager: Killing 24580:com.google.ar.core/u0a218 (adj 985): empty #33
07-10 23:39:56.198  1750  1750 I JobServiceContext: Client timed out while executing (no jobFinished received). Sending onStop: 9fe5b0 #u0a584/1006 com.nytimes.crossword/androidx.work.impl.background.systemjob.SystemJobService
07-10 23:39:56.286  1750  2996 I ActivityManager: Killing 24684:com.google.android.projection.gearhead:car/u0a144 (adj 975): empty #33
07-10 23:39:56.287  1750  2996 I ActivityManager: Killing 20676:com.google.android.projection.gearhead:shared/u0a144 (adj 975): empty #34
07-10 23:39:56.328  1750  2996 D CompatibilityChangeReporter: Compat change id reported: 168419799; UID 10584; state: DISABLED
07-10 23:40:00.144  1750  2062 E DiscreteRegistry: Deleting file 1657424086963tl
07-10 23:40:00.497  1750  4446 W ProcessStats: Tracking association SourceState{584cdb3 system/1000 BTopFgs #1302029} whose proc state 2 is better than process ProcessState{baa4f70 net.dinglisch.android.taskerm/10289 pkg=net.dinglisch.android.taskerm} proc state 3 (44 skipped)
07-10 23:40:03.201  2380  9009 D PowerUI : can't show warning due to - plugged: true status unknown: false
07-10 23:40:12.807  1750  1750 V SoundTriggerService: 9f6ad62a-1f0b-11e7-87c5-40a8f03d3f15: Generic sound trigger event: GenericRecognitionEvent ::RecognitionEvent [status=0, soundModelHandle=4, captureAvailable=true, captureSession=1786185, captureDelayMs=0, capturePreambleMs=0, triggerInData=false, sampleRate=16000, encoding=2, channelMask=16, data=19]
07-10 23:40:12.816  1750  1750 W ProcessStats: Tracking association SourceState{584cdb3 system/1000 BTopFgs #1302039} whose proc state 2 is better than process ProcessState{baa4f70 net.dinglisch.android.taskerm/10289 pkg=net.dinglisch.android.taskerm} proc state 3 (4 skipped)
07-10 23:40:12.818  1750  1750 V SoundTriggerService: 9f6ad62a-1f0b-11e7-87c5-40a8f03d3f15: onServiceConnected(android.os.BinderProxy@65af01)
07-10 23:40:12.819  1750  1750 V SoundTriggerService: 9f6ad62a-1f0b-11e7-87c5-40a8f03d3f15: runOp 0
07-10 23:40:14.070  1750  4230 W AppOps  : Noting op not finished: uid 10447 pkg com.urbandroid.sleep code 79 startTime of in progress event=1657510458798
07-10 23:40:14.074  1750  4230 W AppOps  : Noting op not finished: uid 10202 pkg com.google.android.apps.maps code 79 startTime of in progress event=1657510455356
07-10 23:40:14.080  1750  4230 W AppOps  : Noting op not finished: uid 10190 pkg com.google.android.gms code 113 startTime of in progress event=1657510066126
07-10 23:40:14.087  1750  4230 W AppOps  : Noting op not finished: uid 10190 pkg com.google.android.gms code 113 startTime of in progress event=1657510047200
07-10 23:40:14.095  1750  4230 W AppOps  : Noting op not finished: uid 10223 pkg com.google.android.gms.location.history code 79 startTime of in progress event=1657509937610
07-10 23:40:14.106  1750  4309 W AppOps  : Noting op not finished: uid 10190 pkg com.google.android.gms code 113 startTime of in progress event=1657510047200
07-10 23:40:14.169  1750  4230 V SoundTriggerService: 9f6ad62a-1f0b-11e7-87c5-40a8f03d3f15: destroy
07-10 23:40:14.170  1750  4058 I SoundTriggerService: startRecognition(): id = 9f6ad62a-1f0b-11e7-87c5-40a8f03d3f15
07-10 23:40:14.170  1750  4058 W SoundTriggerHelper: Canceling previous recognition for model id: 9f6ad62a-1f0b-11e7-87c5-40a8f03d3f15
07-10 23:40:14.170  1750  4058 V SoundTriggerService: 9f6ad62a-1f0b-11e7-87c5-40a8f03d3f15: onError: -2147483648
07-10 23:40:14.172  1750  4058 W SoundTriggerService: 9f6ad62a-1f0b-11e7-87c5-40a8f03d3f15: Dropped operation as already destroyed or marked for destruction
07-10 23:40:14.230  1750  4058 I SoundTriggerHelper: startRecognition successful.
07-10 23:40:14.230  1750  4058 W SoundTriggerService: error onStart(): Model 9f6ad62a-1f0b-11e7-87c5-40a8f03d3f15 already started
07-10 23:40:14.232  1750  4058 I SoundTriggerService: deleteSoundModel(): id = 12caddb1-acdb-4dce-8cb0-2e95a2313aee
07-10 23:40:14.233  1750  4058 W SoundTriggerHelper: Unload error: Attempting unload invalid generic model with id:12caddb1-acdb-4dce-8cb0-2e95a2313aee
07-10 23:40:14.233  1750  4058 W SoundTriggerService: error onStop(): Model 12caddb1-acdb-4dce-8cb0-2e95a2313aee has no stats available
07-10 23:40:17.491  1750  4058 W AppOps  : Noting op not finished: uid 10447 pkg com.urbandroid.sleep code 79 startTime of in progress event=1657510814097
07-10 23:40:23.006  1750  4230 W ProcessStats: Tracking association SourceState{584cdb3 system/1000 BTopFgs #1302073} whose proc state 2 is better than process ProcessState{baa4f70 net.dinglisch.android.taskerm/10289 pkg=net.dinglisch.android.taskerm} proc state 3 (29 skipped)
07-10 23:40:34.496  1750  2068 W ProcessStats: Tracking association SourceState{584cdb3 system/1000 BTopFgs #1302079} whose proc state 2 is better than process ProcessState{baa4f70 net.dinglisch.android.taskerm/10289 pkg=net.dinglisch.android.taskerm} proc state 3 (5 skipped)
07-10 23:40:47.663  1750  4309 W ProcessStats: Tracking association SourceState{584cdb3 system/1000 BTopFgs #1302084} whose proc state 2 is better than process ProcessState{baa4f70 net.dinglisch.android.taskerm/10289 pkg=net.dinglisch.android.taskerm} proc state 3 (4 skipped)
07-10 23:40:55.146  1750  1750 D CompatibilityChangeReporter: Compat change id reported: 135634846; UID 10280; state: DISABLED
07-10 23:40:55.146  1750  1750 D CompatibilityChangeReporter: Compat change id reported: 177438394; UID 10280; state: DISABLED
07-10 23:40:55.146  1750  1750 D CompatibilityChangeReporter: Compat change id reported: 135772972; UID 10280; state: DISABLED
07-10 23:40:55.146  1750  1750 D CompatibilityChangeReporter: Compat change id reported: 135754954; UID 10280; state: ENABLED
07-10 23:40:55.147  1750  2069 D CompatibilityChangeReporter: Compat change id reported: 143937733; UID 10280; state: ENABLED
07-10 23:40:55.153  1750  2504 D CompatibilityChangeReporter: Compat change id reported: 135634846; UID 10380; state: DISABLED
07-10 23:40:55.153  1750  2504 D CompatibilityChangeReporter: Compat change id reported: 177438394; UID 10380; state: DISABLED
07-10 23:40:55.153  1750  2504 D CompatibilityChangeReporter: Compat change id reported: 135772972; UID 10380; state: DISABLED
07-10 23:40:55.153  1750  2504 D CompatibilityChangeReporter: Compat change id reported: 135754954; UID 10380; state: DISABLED
07-10 23:40:55.159  1750  2069 I ActivityManager: Start proc 26853:com.reddit.frontpage/u0a280 for service {com.reddit.frontpage/androidx.work.impl.background.systemjob.SystemJobService}
07-10 23:40:55.159  1750  2069 D CompatibilityChangeReporter: Compat change id reported: 143937733; UID 10380; state: DISABLED
07-10 23:40:55.171  1750  2069 I ActivityManager: Start proc 26854:com.google.android.apps.fireball/u0a380 for broadcast {com.google.android.apps.fireball/com.google.firebase.iid.FirebaseInstanceIdInternalReceiver}
07-10 23:40:55.205  1750  2504 D CompatibilityChangeReporter: Compat change id reported: 168419799; UID 10380; state: DISABLED
07-10 23:40:55.328  2380 16206 D PowerUI : can't show warning due to - plugged: true status unknown: false
07-10 23:41:00.697  1750  4446 W ProcessStats: Tracking association SourceState{584cdb3 system/1000 BTopFgs #1302163} whose proc state 2 is better than process ProcessState{baa4f70 net.dinglisch.android.taskerm/10289 pkg=net.dinglisch.android.taskerm} proc state 3 (67 skipped)
07-10 23:41:03.197  2380 12345 D PowerUI : can't show warning due to - plugged: true status unknown: false
07-10 23:41:10.696  1750  1750 I SoundTriggerHelper: Recognition success
07-10 23:41:10.698  4002 28461 I AlwaysOnHotwordDetector: onDetected
07-10 23:41:10.743  1750  4230 W ProcessStats: Tracking association SourceState{584cdb3 system/1000 BTopFgs #1302177} whose proc state 2 is better than process ProcessState{baa4f70 net.dinglisch.android.taskerm/10289 pkg=net.dinglisch.android.taskerm} proc state 3 (11 skipped)
07-10 23:41:12.173  1750  4309 I SoundTriggerHelper: startRecognition successful.
07-10 23:41:17.575  1750  1750 V SoundTriggerService: 9f6ad62a-1f0b-11e7-87c5-40a8f03d3f15: Generic sound trigger event: GenericRecognitionEvent ::RecognitionEvent [status=0, soundModelHandle=4, captureAvailable=true, captureSession=1786185, captureDelayMs=0, capturePreambleMs=0, triggerInData=false, sampleRate=16000, encoding=2, channelMask=16, data=19]
07-10 23:41:17.593  1750  1750 V SoundTriggerService: 9f6ad62a-1f0b-11e7-87c5-40a8f03d3f15: onServiceConnected(android.os.BinderProxy@ad37fca)
07-10 23:41:17.593  1750  1750 V SoundTriggerService: 9f6ad62a-1f0b-11e7-87c5-40a8f03d3f15: runOp 0
07-10 23:41:19.085  1750  4230 V SoundTriggerService: 9f6ad62a-1f0b-11e7-87c5-40a8f03d3f15: destroy
07-10 23:41:19.086  1750  2504 I SoundTriggerService: startRecognition(): id = 9f6ad62a-1f0b-11e7-87c5-40a8f03d3f15
07-10 23:41:19.086  1750  2504 W SoundTriggerHelper: Canceling previous recognition for model id: 9f6ad62a-1f0b-11e7-87c5-40a8f03d3f15
07-10 23:41:19.086  1750  2504 V SoundTriggerService: 9f6ad62a-1f0b-11e7-87c5-40a8f03d3f15: onError: -2147483648
07-10 23:41:19.089  1750  2504 W SoundTriggerService: 9f6ad62a-1f0b-11e7-87c5-40a8f03d3f15: Dropped operation as already destroyed or marked for destruction
07-10 23:41:19.144  1750  2504 I SoundTriggerHelper: startRecognition successful.
07-10 23:41:19.144  1750  2504 W SoundTriggerService: error onStart(): Model 9f6ad62a-1f0b-11e7-87c5-40a8f03d3f15 already started
07-10 23:41:19.145  1750  2504 I SoundTriggerService: deleteSoundModel(): id = 12caddb1-acdb-4dce-8cb0-2e95a2313aee
07-10 23:41:19.145  1750  2504 W SoundTriggerHelper: Unload error: Attempting unload invalid generic model with id:12caddb1-acdb-4dce-8cb0-2e95a2313aee
07-10 23:41:19.145  1750  2504 W SoundTriggerService: error onStop(): Model 12caddb1-acdb-4dce-8cb0-2e95a2313aee has no stats available
07-10 23:41:23.028  1750  2504 W ProcessStats: Tracking association SourceState{584cdb3 system/1000 BTopFgs #1302195} whose proc state 2 is better than process ProcessState{baa4f70 net.dinglisch.android.taskerm/10289 pkg=net.dinglisch.android.taskerm} proc state 3 (14 skipped)
07-10 23:41:26.176  1750  2068 D CompatibilityChangeReporter: Compat change id reported: 168419799; UID 10188; state: DISABLED
07-10 23:41:26.189  2380  3536 D PowerUI : can't show warning due to - plugged: true status unknown: false
07-10 23:41:26.212  1750  2096 E KernelCpuUidActiveTimeReader: Negative delta from active time for uid: 10229, delta: -12
07-10 23:41:26.212  1750  2096 E KernelCpuUidActiveTimeReader: Negative delta from active time for uid: 10114, delta: -16
07-10 23:41:26.212  1750  2096 E KernelCpuUidActiveTimeReader: Negative delta from active time for uid: 10151, delta: -22
07-10 23:41:26.212  1750  2096 E KernelCpuUidActiveTimeReader: Negative delta from active time for uid: 10290, delta: -30
07-10 23:41:26.212  1750  2096 E KernelCpuUidActiveTimeReader: Negative delta from active time for uid: 10167, delta: -11
07-10 23:41:26.212  1750  2096 E KernelCpuUidActiveTimeReader: Negative delta from active time for uid: 10157, delta: -17
07-10 23:41:26.213  1750  2096 E KernelCpuUidActiveTimeReader: Negative delta from active time for uid: 10521, delta: -19
07-10 23:41:26.213  1750  2096 E KernelCpuUidActiveTimeReader: Negative delta from active time for uid: 10343, delta: -33
07-10 23:41:26.213  1750  2096 E KernelCpuUidActiveTimeReader: Negative delta from active time for uid: 10105, delta: -12
07-10 23:41:26.213  1750  2096 E KernelCpuUidActiveTimeReader: Negative delta from active time for uid: 10236, delta: -2
07-10 23:41:26.213  1750  2096 E KernelCpuUidActiveTimeReader: Negative delta from active time for uid: 10184, delta: -30
07-10 23:41:26.213  1750  2096 E KernelCpuUidActiveTimeReader: Negative delta from active time for uid: 10404, delta: -24
07-10 23:41:26.213  1750  2096 E KernelCpuUidActiveTimeReader: Negative delta from active time for uid: 10281, delta: -44
07-10 23:41:33.488  1750  2226 D ActivityManager: freezing 21375 com.google.android.permissioncontroller
07-10 23:41:33.490  1750  2226 D ActivityManager: froze 21375 com.google.android.permissioncontroller
07-10 23:41:36.367  1750  2068 W ProcessStats: Tracking association SourceState{584cdb3 system/1000 BTopFgs #1302233} whose proc state 2 is better than process ProcessState{baa4f70 net.dinglisch.android.taskerm/10289 pkg=net.dinglisch.android.taskerm} proc state 3 (25 skipped)
07-10 23:41:45.218  1750  2068 D CompatibilityChangeReporter: Compat change id reported: 168419799; UID 10271; state: DISABLED
07-10 23:41:45.252  1750  2996 D CompatibilityChangeReporter: Compat change id reported: 168419799; UID 10297; state: DISABLED
07-10 23:41:47.724  1750  4446 W ProcessStats: Tracking association SourceState{584cdb3 system/1000 BTopFgs #1302255} whose proc state 2 is better than process ProcessState{baa4f70 net.dinglisch.android.taskerm/10289 pkg=net.dinglisch.android.taskerm} proc state 3 (16 skipped)
07-10 23:41:47.976  1750  4446 W AlarmManager: Window length 1657598400000ms too long; limiting to 1 day
07-10 23:42:02.773  1750  4446 W ProcessStats: Tracking association SourceState{584cdb3 system/1000 BTopFgs #1302261} whose proc state 2 is better than process ProcessState{baa4f70 net.dinglisch.android.taskerm/10289 pkg=net.dinglisch.android.taskerm} proc state 3 (5 skipped)
07-10 23:42:03.198  2380  3014 D PowerUI : can't show warning due to - plugged: true status unknown: false
07-10 23:42:13.359  1750  1750 V SoundTriggerService: 9f6ad62a-1f0b-11e7-87c5-40a8f03d3f15: Generic sound trigger event: GenericRecognitionEvent ::RecognitionEvent [status=0, soundModelHandle=4, captureAvailable=true, captureSession=1786185, captureDelayMs=0, capturePreambleMs=0, triggerInData=false, sampleRate=16000, encoding=2, channelMask=16, data=19]
07-10 23:42:13.368  1750  1750 W ProcessStats: Tracking association SourceState{584cdb3 system/1000 BTopFgs #1302266} whose proc state 2 is better than process ProcessState{baa4f70 net.dinglisch.android.taskerm/10289 pkg=net.dinglisch.android.taskerm} proc state 3 (2 skipped)
07-10 23:42:13.370  1750  1750 V SoundTriggerService: 9f6ad62a-1f0b-11e7-87c5-40a8f03d3f15: onServiceConnected(android.os.BinderProxy@c0c22eb)
07-10 23:42:13.371  1750  1750 V SoundTriggerService: 9f6ad62a-1f0b-11e7-87c5-40a8f03d3f15: runOp 0
07-10 23:42:14.853  1750  4230 V SoundTriggerService: 9f6ad62a-1f0b-11e7-87c5-40a8f03d3f15: destroy
07-10 23:42:14.854  1750  4446 I SoundTriggerService: startRecognition(): id = 9f6ad62a-1f0b-11e7-87c5-40a8f03d3f15
07-10 23:42:14.854  1750  4446 W SoundTriggerHelper: Canceling previous recognition for model id: 9f6ad62a-1f0b-11e7-87c5-40a8f03d3f15
07-10 23:42:14.854  1750  4446 V SoundTriggerService: 9f6ad62a-1f0b-11e7-87c5-40a8f03d3f15: onError: -2147483648
07-10 23:42:14.856  1750  4446 W SoundTriggerService: 9f6ad62a-1f0b-11e7-87c5-40a8f03d3f15: Dropped operation as already destroyed or marked for destruction
07-10 23:42:14.910  1750  4446 I SoundTriggerHelper: startRecognition successful.
07-10 23:42:14.910  1750  4446 W SoundTriggerService: error onStart(): Model 9f6ad62a-1f0b-11e7-87c5-40a8f03d3f15 already started
07-10 23:42:14.912  1750  4446 I SoundTriggerService: deleteSoundModel(): id = 12caddb1-acdb-4dce-8cb0-2e95a2313aee
07-10 23:42:14.912  1750  4446 W SoundTriggerHelper: Unload error: Attempting unload invalid generic model with id:12caddb1-acdb-4dce-8cb0-2e95a2313aee
07-10 23:42:14.912  1750  4446 W SoundTriggerService: error onStop(): Model 12caddb1-acdb-4dce-8cb0-2e95a2313aee has no stats available
07-10 23:42:18.909  1750  2096 E KernelCpuUidActiveTimeReader: Negative delta from active time for uid: 10229, delta: -12
07-10 23:42:18.910  1750  2096 E KernelCpuUidActiveTimeReader: Negative delta from active time for uid: 10114, delta: -16
07-10 23:42:18.910  1750  2096 E KernelCpuUidActiveTimeReader: Negative delta from active time for uid: 10151, delta: -22
07-10 23:42:18.910  1750  2096 E KernelCpuUidActiveTimeReader: Negative delta from active time for uid: 10290, delta: -30
07-10 23:42:18.910  1750  2096 E KernelCpuUidActiveTimeReader: Negative delta from active time for uid: 10167, delta: -11
07-10 23:42:18.910  1750  2096 E KernelCpuUidActiveTimeReader: Negative delta from active time for uid: 10157, delta: -17
07-10 23:42:18.911  1750  2096 E KernelCpuUidActiveTimeReader: Negative delta from active time for uid: 10521, delta: -19
07-10 23:42:18.911  1750  2096 E KernelCpuUidActiveTimeReader: Negative delta from active time for uid: 10343, delta: -33
07-10 23:42:18.911  1750  2096 E KernelCpuUidActiveTimeReader: Negative delta from active time for uid: 10105, delta: -12
07-10 23:42:18.911  1750  2096 E KernelCpuUidActiveTimeReader: Negative delta from active time for uid: 10236, delta: -2
07-10 23:42:18.911  1750  2096 E KernelCpuUidActiveTimeReader: Negative delta from active time for uid: 10184, delta: -30
07-10 23:42:18.911  1750  2096 E KernelCpuUidActiveTimeReader: Negative delta from active time for uid: 10404, delta: -24
07-10 23:42:18.911  1750  2096 E KernelCpuUidActiveTimeReader: Negative delta from active time for uid: 10281, delta: -44
07-10 23:42:24.187  1750  4230 W ProcessStats: Tracking association SourceState{584cdb3 system/1000 BTopFgs #1302275} whose proc state 2 is better than process ProcessState{baa4f70 net.dinglisch.android.taskerm/10289 pkg=net.dinglisch.android.taskerm} proc state 3 (6 skipped)
07-10 23:42:38.147  1750  4230 W ProcessStats: Tracking association SourceState{584cdb3 system/1000 BTopFgs #1302276} whose proc state 2 is better than process ProcessState{baa4f70 net.dinglisch.android.taskerm/10289 pkg=net.dinglisch.android.taskerm} proc state 3 (0 skipped)
07-10 23:42:48.038  1750  2226 D ActivityManager: freezing 24410 android.process.media
07-10 23:42:48.040  1750  2226 D ActivityManager: froze 24410 android.process.media
07-10 23:42:53.113  1750  2996 W ProcessStats: Tracking association SourceState{584cdb3 system/1000 BTopFgs #1302281} whose proc state 2 is better than process ProcessState{baa4f70 net.dinglisch.android.taskerm/10289 pkg=net.dinglisch.android.taskerm} proc state 3 (4 skipped)
07-10 23:43:03.201  2380  3910 D PowerUI : can't show warning due to - plugged: true status unknown: false
07-10 23:43:03.205  1750  4446 W ProcessStats: Tracking association SourceState{584cdb3 system/1000 BTopFgs #1302290} whose proc state 2 is better than process ProcessState{baa4f70 net.dinglisch.android.taskerm/10289 pkg=net.dinglisch.android.taskerm} proc state 3 (8 skipped)
07-10 23:43:19.479  1750  2068 W ProcessStats: Tracking association SourceState{584cdb3 system/1000 BTopFgs #1302301} whose proc state 2 is better than process ProcessState{baa4f70 net.dinglisch.android.taskerm/10289 pkg=net.dinglisch.android.taskerm} proc state 3 (9 skipped)
07-10 23:43:34.153  1750  1750 V SoundTriggerService: 9f6ad62a-1f0b-11e7-87c5-40a8f03d3f15: Generic sound trigger event: GenericRecognitionEvent ::RecognitionEvent [status=0, soundModelHandle=4, captureAvailable=true, captureSession=1786185, captureDelayMs=0, capturePreambleMs=0, triggerInData=false, sampleRate=16000, encoding=2, channelMask=16, data=19]
07-10 23:43:34.159  1750  1750 W ProcessStats: Tracking association SourceState{584cdb3 system/1000 BTopFgs #1302310} whose proc state 2 is better than process ProcessState{baa4f70 net.dinglisch.android.taskerm/10289 pkg=net.dinglisch.android.taskerm} proc state 3 (7 skipped)
07-10 23:43:34.161  1750  1750 V SoundTriggerService: 9f6ad62a-1f0b-11e7-87c5-40a8f03d3f15: onServiceConnected(android.os.BinderProxy@966d152)
07-10 23:43:34.161  1750  1750 V SoundTriggerService: 9f6ad62a-1f0b-11e7-87c5-40a8f03d3f15: runOp 0
07-10 23:43:35.603  1750  4446 V SoundTriggerService: 9f6ad62a-1f0b-11e7-87c5-40a8f03d3f15: destroy
07-10 23:43:35.604  1750  2487 I SoundTriggerService: startRecognition(): id = 9f6ad62a-1f0b-11e7-87c5-40a8f03d3f15
07-10 23:43:35.604  1750  2487 W SoundTriggerHelper: Canceling previous recognition for model id: 9f6ad62a-1f0b-11e7-87c5-40a8f03d3f15
07-10 23:43:35.605  1750  2487 V SoundTriggerService: 9f6ad62a-1f0b-11e7-87c5-40a8f03d3f15: onError: -2147483648
07-10 23:43:35.607  1750  2487 W SoundTriggerService: 9f6ad62a-1f0b-11e7-87c5-40a8f03d3f15: Dropped operation as already destroyed or marked for destruction
07-10 23:43:35.661  1750  2487 I SoundTriggerHelper: startRecognition successful.
07-10 23:43:35.661  1750  2487 W SoundTriggerService: error onStart(): Model 9f6ad62a-1f0b-11e7-87c5-40a8f03d3f15 already started
07-10 23:43:35.663  1750  2487 I SoundTriggerService: deleteSoundModel(): id = 12caddb1-acdb-4dce-8cb0-2e95a2313aee
07-10 23:43:35.664  1750  2487 W SoundTriggerHelper: Unload error: Attempting unload invalid generic model with id:12caddb1-acdb-4dce-8cb0-2e95a2313aee
07-10 23:43:35.664  1750  2487 W SoundTriggerService: error onStop(): Model 12caddb1-acdb-4dce-8cb0-2e95a2313aee has no stats available
07-10 23:43:47.735  1750  4230 W ProcessStats: Tracking association SourceState{584cdb3 system/1000 BTopFgs #1302318} whose proc state 2 is better than process ProcessState{baa4f70 net.dinglisch.android.taskerm/10289 pkg=net.dinglisch.android.taskerm} proc state 3 (5 skipped)
07-10 23:44:00.715  1750  2068 W ProcessStats: Tracking association SourceState{584cdb3 system/1000 BTopFgs #1302322} whose proc state 2 is better than process ProcessState{baa4f70 net.dinglisch.android.taskerm/10289 pkg=net.dinglisch.android.taskerm} proc state 3 (3 skipped)
07-10 23:44:03.193  2380 12694 D PowerUI : can't show warning due to - plugged: true status unknown: false
07-10 23:44:12.605  1750  2226 D ActivityManager: freezing 25752 com.instagram.android:mqtt
07-10 23:44:12.608  1750  2226 D ActivityManager: froze 25752 com.instagram.android:mqtt
07-10 23:44:18.993  1750  4230 W ProcessStats: Tracking association SourceState{584cdb3 system/1000 BTopFgs #1302331} whose proc state 2 is better than process ProcessState{baa4f70 net.dinglisch.android.taskerm/10289 pkg=net.dinglisch.android.taskerm} proc state 3 (7 skipped)
07-10 23:44:27.076  1750  1750 D CompatibilityChangeReporter: Compat change id reported: 135634846; UID 10585; state: DISABLED
07-10 23:44:27.076  1750  1750 D CompatibilityChangeReporter: Compat change id reported: 177438394; UID 10585; state: DISABLED
07-10 23:44:27.076  1750  1750 D CompatibilityChangeReporter: Compat change id reported: 135772972; UID 10585; state: DISABLED
07-10 23:44:27.077  1750  1750 D CompatibilityChangeReporter: Compat change id reported: 135754954; UID 10585; state: ENABLED
07-10 23:44:27.077  1750  2069 D CompatibilityChangeReporter: Compat change id reported: 143937733; UID 10585; state: ENABLED
07-10 23:44:27.092  1750  2069 I ActivityManager: Start proc 27269:com.cbs.app/u0a585 for service {com.cbs.app/androidx.work.impl.background.systemjob.SystemJobService}
07-10 23:44:27.111  1750  4446 D CompatibilityChangeReporter: Compat change id reported: 168419799; UID 10585; state: DISABLED
07-10 23:44:27.299  1750  4446 D CompatibilityChangeReporter: Compat change id reported: 135634846; UID 10585; state: DISABLED
07-10 23:44:27.299  1750  4446 D CompatibilityChangeReporter: Compat change id reported: 177438394; UID 10585; state: DISABLED
07-10 23:44:27.299  1750  4446 D CompatibilityChangeReporter: Compat change id reported: 135772972; UID 10585; state: DISABLED
07-10 23:44:27.299  1750  4446 D CompatibilityChangeReporter: Compat change id reported: 135754954; UID 10585; state: ENABLED
07-10 23:44:27.299  1750  2069 D CompatibilityChangeReporter: Compat change id reported: 143937733; UID 10585; state: ENABLED
07-10 23:44:27.308  1750  2069 I ActivityManager: Start proc 27312:com.cbs.app:provider/u0a585 for content provider {com.cbs.app/com.cbs.downloader.impl.CBSContentProvider}
07-10 23:44:27.718  1750  2068 D CompatibilityChangeReporter: Compat change id reported: 135634846; UID 10585; state: DISABLED
07-10 23:44:27.719  1750  2068 D CompatibilityChangeReporter: Compat change id reported: 177438394; UID 10585; state: DISABLED
07-10 23:44:27.719  1750  2068 D CompatibilityChangeReporter: Compat change id reported: 135772972; UID 10585; state: DISABLED
07-10 23:44:27.719  1750  2068 D CompatibilityChangeReporter: Compat change id reported: 135754954; UID 10585; state: ENABLED
07-10 23:44:27.719  1750  2069 D CompatibilityChangeReporter: Compat change id reported: 143937733; UID 10585; state: ENABLED
07-10 23:44:27.729  1750  2069 I ActivityManager: Start proc 27515:com.cbs.app:vservice/u0a585 for broadcast {com.cbs.app/com.penthera.virtuososdk.service.VirtuosoService$ServiceMessageReceiver}
07-10 23:44:27.750  1750  4446 I ActivityManager: Killing 21375:com.google.android.permissioncontroller/u0a254 (adj 975): empty #33
07-10 23:44:27.750  1750  4446 I ActivityManager: Killing 24894:com.google.android.apps.youtube.music/u0a209 (adj 975): empty #34
07-10 23:44:28.161  1750  4058 I ActivityManager: Killing 25245:com.google.android.euicc/u0a182 (adj 975): empty #33
07-10 23:44:28.749  1750  2042 D CompanionDeviceManagerService: onPackageModified(packageName = com.cbs.app)
07-10 23:44:28.790  1750  1750 I Telecom : DefaultDialerCache: Refreshing default dialer for user 0: now com.google.android.dialer: DDC.oR@m68
07-10 23:44:28.790  1750  1750 I Telecom : DefaultDialerCache: Refreshing default dialer for user 11: now com.google.android.dialer: DDC.oR@m68
07-10 23:44:28.795  1750  2042 D CompatibilityChangeReporter: Compat change id reported: 135634846; UID 10254; state: DISABLED
07-10 23:44:28.795  1750  2042 D CompatibilityChangeReporter: Compat change id reported: 177438394; UID 10254; state: DISABLED
07-10 23:44:28.795  1750  2042 D CompatibilityChangeReporter: Compat change id reported: 135772972; UID 10254; state: DISABLED
07-10 23:44:28.796  1750  2042 D CompatibilityChangeReporter: Compat change id reported: 135754954; UID 10254; state: DISABLED
07-10 23:44:28.796  1750  2069 D CompatibilityChangeReporter: Compat change id reported: 143937733; UID 10254; state: DISABLED
07-10 23:44:28.805  1750  2069 I ActivityManager: Start proc 27668:com.google.android.permissioncontroller/u0a254 for service {com.google.android.permissioncontroller/com.android.permissioncontroller.permission.service.PermissionControllerServiceImpl}
07-10 23:44:28.824  1750  2996 D CompatibilityChangeReporter: Compat change id reported: 135634846; UID 10182; state: DISABLED
07-10 23:44:28.825  1750  2996 D CompatibilityChangeReporter: Compat change id reported: 177438394; UID 10182; state: DISABLED
07-10 23:44:28.825  1750  2996 D CompatibilityChangeReporter: Compat change id reported: 135772972; UID 10182; state: DISABLED
07-10 23:44:28.825  1750  2996 D CompatibilityChangeReporter: Compat change id reported: 135754954; UID 10182; state: ENABLED
07-10 23:44:28.825  1750  2069 D CompatibilityChangeReporter: Compat change id reported: 143937733; UID 10182; state: ENABLED
07-10 23:44:28.835  1750  2069 I ActivityManager: Start proc 27690:com.google.android.euicc/u0a182 for service {com.google.android.euicc/com.android.euicc.service.EuiccServiceImpl}
07-10 23:44:28.873  1750  2497 D CompatibilityChangeReporter: Compat change id reported: 168419799; UID 10182; state: DISABLED
07-10 23:44:28.995  1750  1787 W ProcessStats: Tracking association SourceState{584cdb3 system/1000 BTopFgs #1302444} whose proc state 2 is better than process ProcessState{baa4f70 net.dinglisch.android.taskerm/10289 pkg=net.dinglisch.android.taskerm} proc state 3 (92 skipped)
07-10 23:44:29.942  1750  1750 V SoundTriggerService: 9f6ad62a-1f0b-11e7-87c5-40a8f03d3f15: Generic sound trigger event: GenericRecognitionEvent ::RecognitionEvent [status=0, soundModelHandle=4, captureAvailable=true, captureSession=1786185, captureDelayMs=0, capturePreambleMs=0, triggerInData=false, sampleRate=16000, encoding=2, channelMask=16, data=19]
07-10 23:44:29.950  1750  1750 V SoundTriggerService: 9f6ad62a-1f0b-11e7-87c5-40a8f03d3f15: onServiceConnected(android.os.BinderProxy@9106843)
07-10 23:44:29.951  1750  1750 V SoundTriggerService: 9f6ad62a-1f0b-11e7-87c5-40a8f03d3f15: runOp 0
07-10 23:44:31.490  1750  1787 V SoundTriggerService: 9f6ad62a-1f0b-11e7-87c5-40a8f03d3f15: destroy
07-10 23:44:31.491  1750  2497 I SoundTriggerService: startRecognition(): id = 9f6ad62a-1f0b-11e7-87c5-40a8f03d3f15
07-10 23:44:31.492  1750  2497 W SoundTriggerHelper: Canceling previous recognition for model id: 9f6ad62a-1f0b-11e7-87c5-40a8f03d3f15
07-10 23:44:31.492  1750  2497 V SoundTriggerService: 9f6ad62a-1f0b-11e7-87c5-40a8f03d3f15: onError: -2147483648
07-10 23:44:31.494  1750  2497 W SoundTriggerService: 9f6ad62a-1f0b-11e7-87c5-40a8f03d3f15: Dropped operation as already destroyed or marked for destruction
07-10 23:44:31.555  1750  2497 I SoundTriggerHelper: startRecognition successful.
07-10 23:44:31.555  1750  2497 W SoundTriggerService: error onStart(): Model 9f6ad62a-1f0b-11e7-87c5-40a8f03d3f15 already started
07-10 23:44:31.557  1750  2497 I SoundTriggerService: deleteSoundModel(): id = 12caddb1-acdb-4dce-8cb0-2e95a2313aee
07-10 23:44:31.558  1750  2497 W SoundTriggerHelper: Unload error: Attempting unload invalid generic model with id:12caddb1-acdb-4dce-8cb0-2e95a2313aee
07-10 23:44:31.559  1750  2497 W SoundTriggerService: error onStop(): Model 12caddb1-acdb-4dce-8cb0-2e95a2313aee has no stats available
07-10 23:44:39.346  1750  4060 W ProcessStats: Tracking association SourceState{584cdb3 system/1000 BTopFgs #1302473} whose proc state 2 is better than process ProcessState{baa4f70 net.dinglisch.android.taskerm/10289 pkg=net.dinglisch.android.taskerm} proc state 3 (18 skipped)
07-10 23:44:42.151  1750  2200 I DropBoxManagerService: add tag=event_data isTagEnabled=true flags=0x2
07-10 23:44:42.152  1750  2200 W DropBoxManagerService: Dropping: event_data (39 > 0 bytes)
07-10 23:44:42.154  1750  2068 W BroadcastQueue: Background execution not allowed: receiving Intent { act=android.intent.action.DROPBOX_ENTRY_ADDED flg=0x10 (has extras) } to com.google.android.gms/.stats.service.DropBoxEntryAddedReceiver
07-10 23:44:42.161  1750  2068 W BroadcastQueue: Background execution not allowed: receiving Intent { act=android.intent.action.DROPBOX_ENTRY_ADDED flg=0x10 (has extras) } to com.google.android.gms/.chimera.GmsIntentOperationService$PersistentTrustedReceiver
07-10 23:44:42.179  1750  2200 I DropBoxManagerService: add tag=dumpsys:account isTagEnabled=true flags=0x2
07-10 23:44:42.179  1750  2200 W DropBoxManagerService: Dropping: dumpsys:account (447 > 0 bytes)
07-10 23:44:42.182  1750  2068 W BroadcastQueue: Background execution not allowed: receiving Intent { act=android.intent.action.DROPBOX_ENTRY_ADDED flg=0x10 (has extras) } to com.google.android.gms/.stats.service.DropBoxEntryAddedReceiver
07-10 23:44:42.184  1750  2068 W BroadcastQueue: Background execution not allowed: receiving Intent { act=android.intent.action.DROPBOX_ENTRY_ADDED flg=0x10 (has extras) } to com.google.android.gms/.chimera.GmsIntentOperationService$PersistentTrustedReceiver
07-10 23:44:42.369  1750  2096 E KernelCpuUidActiveTimeReader: Negative delta from active time for uid: 10229, delta: -12
07-10 23:44:42.369  1750  2096 E KernelCpuUidActiveTimeReader: Negative delta from active time for uid: 10114, delta: -16
07-10 23:44:42.369  1750  2096 E KernelCpuUidActiveTimeReader: Negative delta from active time for uid: 10151, delta: -22
07-10 23:44:42.369  1750  2096 E KernelCpuUidActiveTimeReader: Negative delta from active time for uid: 10290, delta: -30
07-10 23:44:42.369  1750  2096 E KernelCpuUidActiveTimeReader: Negative delta from active time for uid: 10167, delta: -11
07-10 23:44:42.370  1750  2096 E KernelCpuUidActiveTimeReader: Negative delta from active time for uid: 10157, delta: -17
07-10 23:44:42.370  1750  2096 E KernelCpuUidActiveTimeReader: Negative delta from active time for uid: 10521, delta: -19
07-10 23:44:42.370  1750  2096 E KernelCpuUidActiveTimeReader: Negative delta from active time for uid: 10343, delta: -33
07-10 23:44:42.370  1750  2096 E KernelCpuUidActiveTimeReader: Negative delta from active time for uid: 10105, delta: -12
07-10 23:44:42.370  1750  2096 E KernelCpuUidActiveTimeReader: Negative delta from active time for uid: 10236, delta: -2
07-10 23:44:42.370  1750  2096 E KernelCpuUidActiveTimeReader: Negative delta from active time for uid: 10184, delta: -30
07-10 23:44:42.370  1750  2096 E KernelCpuUidActiveTimeReader: Negative delta from active time for uid: 10404, delta: -24
07-10 23:44:42.371  1750  2096 E KernelCpuUidActiveTimeReader: Negative delta from active time for uid: 10281, delta: -44
07-10 23:44:51.112  1750  1787 W ProcessStats: Tracking association SourceState{584cdb3 system/1000 BTopFgs #1302558} whose proc state 2 is better than process ProcessState{baa4f70 net.dinglisch.android.taskerm/10289 pkg=net.dinglisch.android.taskerm} proc state 3 (79 skipped)
07-10 23:45:00.721  1750  2226 D ActivityManager: freezing 21899 com.google.android.cellbroadcastreceiver
07-10 23:45:00.722  1750  2226 D ActivityManager: froze 21899 com.google.android.cellbroadcastreceiver
07-10 23:45:02.571  1750  2068 W ProcessStats: Tracking association SourceState{584cdb3 system/1000 BTopFgs #1302571} whose proc state 2 is better than process ProcessState{baa4f70 net.dinglisch.android.taskerm/10289 pkg=net.dinglisch.android.taskerm} proc state 3 (12 skipped)
07-10 23:45:03.206  2380 14871 D PowerUI : can't show warning due to - plugged: true status unknown: false
07-10 23:45:10.717  2380  9009 D PowerUI : can't show warning due to - plugged: true status unknown: false
07-10 23:45:23.167  1750  2996 W ProcessStats: Tracking association SourceState{584cdb3 system/1000 BTopFgs #1302579} whose proc state 2 is better than process ProcessState{baa4f70 net.dinglisch.android.taskerm/10289 pkg=net.dinglisch.android.taskerm} proc state 3 (5 skipped)
07-10 23:45:25.729  1750  1750 V SoundTriggerService: 9f6ad62a-1f0b-11e7-87c5-40a8f03d3f15: Generic sound trigger event: GenericRecognitionEvent ::RecognitionEvent [status=0, soundModelHandle=4, captureAvailable=true, captureSession=1786185, captureDelayMs=0, capturePreambleMs=0, triggerInData=false, sampleRate=16000, encoding=2, channelMask=16, data=19]
07-10 23:45:25.742  1750  1750 V SoundTriggerService: 9f6ad62a-1f0b-11e7-87c5-40a8f03d3f15: onServiceConnected(android.os.BinderProxy@eed595e)
07-10 23:45:25.742  1750  1750 V SoundTriggerService: 9f6ad62a-1f0b-11e7-87c5-40a8f03d3f15: runOp 0
07-10 23:45:27.245  1750  2996 V SoundTriggerService: 9f6ad62a-1f0b-11e7-87c5-40a8f03d3f15: destroy
07-10 23:45:27.257  1750  2497 I SoundTriggerService: loadGenericSoundModel(): id = 9f6ad62a-1f0b-11e7-87c5-40a8f03d3f15
07-10 23:45:27.263  1750  2497 I SoundTriggerService: loadGenericSoundModel(): id = 9f6ad62a-1f0b-11e7-87c5-40a8f03d3f15
07-10 23:45:27.263  1750  2497 W SoundTriggerHelper: Unload error: Attempting unload invalid generic model with id:9f6ad62a-1f0b-11e7-87c5-40a8f03d3f15
07-10 23:45:27.265  1750  2497 I SoundTriggerService: startRecognition(): id = 9f6ad62a-1f0b-11e7-87c5-40a8f03d3f15
07-10 23:45:27.723  1750  2497 I SoundTriggerHelper: startRecognition successful.
07-10 23:45:27.724  1750  2497 W SoundTriggerService: error onStart(): Model 9f6ad62a-1f0b-11e7-87c5-40a8f03d3f15 already started
07-10 23:45:27.726  1750  2497 I SoundTriggerService: deleteSoundModel(): id = 12caddb1-acdb-4dce-8cb0-2e95a2313aee
07-10 23:45:27.727  1750  2497 W SoundTriggerHelper: Unload error: Attempting unload invalid generic model with id:12caddb1-acdb-4dce-8cb0-2e95a2313aee
07-10 23:45:27.727  1750  2497 W SoundTriggerService: error onStop(): Model 12caddb1-acdb-4dce-8cb0-2e95a2313aee has no stats available
07-10 23:45:29.084  1750  2200 I ActivityManager: Killing 24410:android.process.media/u0a104 (adj 975): empty #33
07-10 23:45:29.128  1750  2200 I ActivityManager: Killing 23807:com.facebook.katana/u0a258 (adj 985): empty #33
07-10 23:45:29.241  1750  2082 I ActivityManager: Process PhantomProcessRecord {6861228 23907:23807:nightwatch.txt/u0a258} died
07-10 23:45:38.217  1750  2497 W ProcessStats: Tracking association SourceState{584cdb3 system/1000 BTopFgs #1302597} whose proc state 2 is better than process ProcessState{baa4f70 net.dinglisch.android.taskerm/10289 pkg=net.dinglisch.android.taskerm} proc state 3 (13 skipped)
07-10 23:45:42.180  2380 16206 D PowerUI : can't show warning due to - plugged: true status unknown: false
07-10 23:45:42.208  1750  2096 E KernelCpuUidActiveTimeReader: Negative delta from active time for uid: 10229, delta: -12
07-10 23:45:42.208  1750  2096 E KernelCpuUidActiveTimeReader: Negative delta from active time for uid: 10114, delta: -16
07-10 23:45:42.208  1750  2096 E KernelCpuUidActiveTimeReader: Negative delta from active time for uid: 10151, delta: -22
07-10 23:45:42.209  1750  2096 E KernelCpuUidActiveTimeReader: Negative delta from active time for uid: 10290, delta: -30
07-10 23:45:42.209  1750  2096 E KernelCpuUidActiveTimeReader: Negative delta from active time for uid: 10167, delta: -11
07-10 23:45:42.209  1750  2096 E KernelCpuUidActiveTimeReader: Negative delta from active time for uid: 10157, delta: -17
07-10 23:45:42.209  1750  2096 E KernelCpuUidActiveTimeReader: Negative delta from active time for uid: 10521, delta: -19
07-10 23:45:42.209  1750  2096 E KernelCpuUidActiveTimeReader: Negative delta from active time for uid: 10343, delta: -33
07-10 23:45:42.209  1750  2096 E KernelCpuUidActiveTimeReader: Negative delta from active time for uid: 10105, delta: -12
07-10 23:45:42.209  1750  2096 E KernelCpuUidActiveTimeReader: Negative delta from active time for uid: 10236, delta: -2
07-10 23:45:42.209  1750  2096 E KernelCpuUidActiveTimeReader: Negative delta from active time for uid: 10184, delta: -30
07-10 23:45:42.209  1750  2096 E KernelCpuUidActiveTimeReader: Negative delta from active time for uid: 10404, delta: -24
07-10 23:45:42.210  1750  2096 E KernelCpuUidActiveTimeReader: Negative delta from active time for uid: 10281, delta: -44
07-10 23:45:46.100  1750  2226 D ActivityManager: freezing 29946 com.google.android.webview:sandboxed_process0:org.chromium.content.app.SandboxedProcessService0:1
07-10 23:45:46.102  1750  2226 D ActivityManager: froze 29946 com.google.android.webview:sandboxed_process0:org.chromium.content.app.SandboxedProcessService0:1
07-10 23:45:48.246  1750  2062 W ProcessStats: Tracking association SourceState{584cdb3 system/1000 BTopFgs #1302642} whose proc state 2 is better than process ProcessState{baa4f70 net.dinglisch.android.taskerm/10289 pkg=net.dinglisch.android.taskerm} proc state 3 (32 skipped)
07-10 23:45:58.707  1750  2285 W ProcessStats: Tracking association SourceState{584cdb3 system/1000 BTopFgs #1302647} whose proc state 2 is better than process ProcessState{baa4f70 net.dinglisch.android.taskerm/10289 pkg=net.dinglisch.android.taskerm} proc state 3 (4 skipped)
07-10 23:46:03.197  2380 12345 D PowerUI : can't show warning due to - plugged: true status unknown: false
07-10 23:46:12.794  1750  2068 W ProcessStats: Tracking association SourceState{584cdb3 system/1000 BTopFgs #1302654} whose proc state 2 is better than process ProcessState{baa4f70 net.dinglisch.android.taskerm/10289 pkg=net.dinglisch.android.taskerm} proc state 3 (5 skipped)
07-10 23:46:12.841  1750  4057 W AppOps  : Noting op not finished: uid 10447 pkg com.urbandroid.sleep code 79 startTime of in progress event=1657510817550
07-10 23:46:12.846  1750  4057 W AppOps  : Noting op not finished: uid 10202 pkg com.google.android.apps.maps code 79 startTime of in progress event=1657510814102
07-10 23:46:12.850  1750  4057 W AppOps  : Noting op not finished: uid 10190 pkg com.google.android.gms code 113 startTime of in progress event=1657510066126
07-10 23:46:12.860  1750  4264 W AppOps  : Noting op not finished: uid 10190 pkg com.google.android.gms code 113 startTime of in progress event=1657510047200
07-10 23:46:12.868  1750  4057 W AppOps  : Noting op not finished: uid 10223 pkg com.google.android.gms.location.history code 79 startTime of in progress event=1657509937610
07-10 23:46:12.874  1750  4057 W AppOps  : Noting op not finished: uid 10190 pkg com.google.android.gms code 113 startTime of in progress event=1657510047200
