07-13 01:00:02.008  1750  2211 W ProcessStats: Tracking association SourceState{584cdb3 system/1000 BTopFgs #1938780} whose proc state 2 is better than process ProcessState{baa4f70 net.dinglisch.android.taskerm/10289 pkg=net.dinglisch.android.taskerm} proc state 3 (87 skipped)
07-13 01:00:05.772  1750  4308 W AppOps  : Noting op not finished: uid 10202 pkg com.google.android.apps.maps code 79 startTime of in progress event=1657688046888
07-13 01:00:05.780  1750  4308 W AppOps  : Noting op not finished: uid 10190 pkg com.google.android.gms code 113 startTime of in progress event=1657679667890
07-13 01:00:05.790  1750  4308 W AppOps  : Noting op not finished: uid 10223 pkg com.google.android.gms.location.history code 79 startTime of in progress event=1657600184482
07-13 01:00:05.796  1750  4308 W AppOps  : Noting op not finished: uid 10190 pkg com.google.android.gms code 113 startTime of in progress event=1657679667890
07-13 01:00:05.801  1750  4308 W AppOps  : Noting op not finished: uid 10190 pkg com.google.android.gms code 113 startTime of in progress event=1657687686926
07-13 01:00:05.807  1750  4308 W AppOps  : Noting op not finished: uid 10447 pkg com.urbandroid.sleep code 79 startTime of in progress event=1657688382190
07-13 01:00:07.265  1750  4246 I ActivityManager: Killing 27635:com.google.ar.core/u0a218 (adj 935): empty #33
07-13 01:00:09.220  1750  4246 W AppOps  : Noting op not finished: uid 10447 pkg com.urbandroid.sleep code 79 startTime of in progress event=1657688405894
07-13 01:01:29.823  1750  1750 W Looper  : Slow delivery took 292ms main h=com.android.server.job.controllers.QuotaController$QcHandler c=null m=6
07-13 01:01:29.825  1750  1750 W Looper  : Drained
07-13 01:01:31.410  1750  3117 W ProcessStats: Tracking association SourceState{584cdb3 system/1000 BTopFgs #1938866} whose proc state 2 is better than process ProcessState{baa4f70 net.dinglisch.android.taskerm/10289 pkg=net.dinglisch.android.taskerm} proc state 3 (66 skipped)
07-13 01:01:57.844  1750  2211 I ActivityManager: Killing 10618:com.google.android.apps.messaging/u0a200 (adj 985): empty #33
07-13 01:03:47.606  1750  4365 W ProcessStats: Tracking association SourceState{584cdb3 system/1000 BTopFgs #1938889} whose proc state 2 is better than process ProcessState{baa4f70 net.dinglisch.android.taskerm/10289 pkg=net.dinglisch.android.taskerm} proc state 3 (13 skipped)
07-13 01:03:49.585  1750  1750 W Looper  : Slow delivery took 236ms main h=android.os.Handler c=com.android.internal.os.BinderCallsStats$1@682e047 m=0
07-13 01:03:49.634  1750  5782 W AppOps  : Noting op not finished: uid 10186 pkg com.google.android.as code 102 startTime of in progress event=1657639043969
07-13 01:03:49.635  1750  1750 V SoundTriggerService: 9f6ad62a-1f0b-11e7-87c5-40a8f03d3f15: Generic sound trigger event: GenericRecognitionEvent ::RecognitionEvent [status=0, soundModelHandle=7, captureAvailable=true, captureSession=2677449, captureDelayMs=0, capturePreambleMs=0, triggerInData=false, sampleRate=16000, encoding=2, channelMask=16, data=19]
07-13 01:03:49.645  1750  1750 W Looper  : Drained
07-13 01:03:49.661  1750  1750 V SoundTriggerService: 9f6ad62a-1f0b-11e7-87c5-40a8f03d3f15: onServiceConnected(android.os.BinderProxy@a997c3)
07-13 01:03:49.661  1750  1750 V SoundTriggerService: 9f6ad62a-1f0b-11e7-87c5-40a8f03d3f15: runOp 0
07-13 01:03:53.972  1750  4365 V SoundTriggerService: 9f6ad62a-1f0b-11e7-87c5-40a8f03d3f15: destroy
07-13 01:03:53.973  1750  4246 I SoundTriggerService: startRecognition(): id = 9f6ad62a-1f0b-11e7-87c5-40a8f03d3f15
07-13 01:03:53.974  1750  4246 W SoundTriggerHelper: Canceling previous recognition for model id: 9f6ad62a-1f0b-11e7-87c5-40a8f03d3f15
07-13 01:03:53.974  1750  4246 V SoundTriggerService: 9f6ad62a-1f0b-11e7-87c5-40a8f03d3f15: onError: -2147483648
07-13 01:03:53.977  1750  4246 W SoundTriggerService: 9f6ad62a-1f0b-11e7-87c5-40a8f03d3f15: Dropped operation as already destroyed or marked for destruction
07-13 01:03:54.034  1750  4246 I SoundTriggerHelper: startRecognition successful.
07-13 01:03:54.035  1750  4246 W SoundTriggerService: error onStart(): Model 9f6ad62a-1f0b-11e7-87c5-40a8f03d3f15 already started
07-13 01:03:54.036  1750  4246 I SoundTriggerService: deleteSoundModel(): id = 12caddb1-acdb-4dce-8cb0-2e95a2313aee
07-13 01:03:54.037  1750  4246 W SoundTriggerHelper: Unload error: Attempting unload invalid generic model with id:12caddb1-acdb-4dce-8cb0-2e95a2313aee
07-13 01:03:54.037  1750  4246 W SoundTriggerService: error onStop(): Model 12caddb1-acdb-4dce-8cb0-2e95a2313aee has no stats available
07-13 01:04:49.243  1750  2211 I ActivityManager: Killing 28152:com.nstudio.weatherhere/u0a303 (adj 985): empty #33
07-13 01:04:49.266  1750  5782 W AppOps  : Noting op not finished: uid 10186 pkg com.google.android.as code 102 startTime of in progress event=1657639043969
07-13 01:04:49.267  1750  1750 V SoundTriggerService: 9f6ad62a-1f0b-11e7-87c5-40a8f03d3f15: Generic sound trigger event: GenericRecognitionEvent ::RecognitionEvent [status=0, soundModelHandle=7, captureAvailable=true, captureSession=2677449, captureDelayMs=0, capturePreambleMs=0, triggerInData=false, sampleRate=16000, encoding=2, channelMask=16, data=19]
07-13 01:04:49.276  1750  1750 V SoundTriggerService: 9f6ad62a-1f0b-11e7-87c5-40a8f03d3f15: onServiceConnected(android.os.BinderProxy@8ff7b3)
07-13 01:04:49.277  1750  1750 V SoundTriggerService: 9f6ad62a-1f0b-11e7-87c5-40a8f03d3f15: runOp 0
07-13 01:04:52.028  1750  4060 V SoundTriggerService: 9f6ad62a-1f0b-11e7-87c5-40a8f03d3f15: destroy
07-13 01:04:52.030  1750  2285 I SoundTriggerService: startRecognition(): id = 9f6ad62a-1f0b-11e7-87c5-40a8f03d3f15
07-13 01:04:52.031  1750  2285 W SoundTriggerHelper: Canceling previous recognition for model id: 9f6ad62a-1f0b-11e7-87c5-40a8f03d3f15
07-13 01:04:52.031  1750  2285 V SoundTriggerService: 9f6ad62a-1f0b-11e7-87c5-40a8f03d3f15: onError: -2147483648
07-13 01:04:52.034  1750  2285 W SoundTriggerService: 9f6ad62a-1f0b-11e7-87c5-40a8f03d3f15: Dropped operation as already destroyed or marked for destruction
07-13 01:04:52.092  1750  2285 I SoundTriggerHelper: startRecognition successful.
07-13 01:04:52.093  1750  2285 W SoundTriggerService: error onStart(): Model 9f6ad62a-1f0b-11e7-87c5-40a8f03d3f15 already started
07-13 01:04:52.095  1750  2285 I SoundTriggerService: deleteSoundModel(): id = 12caddb1-acdb-4dce-8cb0-2e95a2313aee
07-13 01:04:52.095  1750  2285 W SoundTriggerHelper: Unload error: Attempting unload invalid generic model with id:12caddb1-acdb-4dce-8cb0-2e95a2313aee
07-13 01:04:52.095  1750  2285 W SoundTriggerService: error onStop(): Model 12caddb1-acdb-4dce-8cb0-2e95a2313aee has no stats available
07-13 01:05:00.841  1750  2068 W ProcessStats: Tracking association SourceState{584cdb3 system/1000 BTopFgs #1938905} whose proc state 2 is better than process ProcessState{baa4f70 net.dinglisch.android.taskerm/10289 pkg=net.dinglisch.android.taskerm} proc state 3 (9 skipped)
07-13 01:05:00.870  1750  3192 D CompatibilityChangeReporter: Compat change id reported: 171306433; UID 1000; state: ENABLED
07-13 01:05:22.088  1750  2096 D KernelCpuUidUserSysTimeReader: Removing uids 99774-99774
07-13 01:06:00.848  1750  2062 E DiscreteRegistry: Deleting file 1657602285658tl
07-13 01:06:05.908  1750  2285 W AppOps  : Noting op not finished: uid 10202 pkg com.google.android.apps.maps code 79 startTime of in progress event=1657688405871
07-13 01:06:05.916  1750  2285 W AppOps  : Noting op not finished: uid 10190 pkg com.google.android.gms code 113 startTime of in progress event=1657679667890
07-13 01:06:05.930  1750  3192 W AppOps  : Noting op not finished: uid 10223 pkg com.google.android.gms.location.history code 79 startTime of in progress event=1657600184482
07-13 01:06:05.940  1750  3192 W AppOps  : Noting op not finished: uid 10190 pkg com.google.android.gms code 113 startTime of in progress event=1657679667890
07-13 01:06:05.950  1750  3192 W AppOps  : Noting op not finished: uid 10190 pkg com.google.android.gms code 113 startTime of in progress event=1657687686926
07-13 01:06:05.965  1750  4446 W AppOps  : Noting op not finished: uid 10447 pkg com.urbandroid.sleep code 79 startTime of in progress event=1657688409250
07-13 01:06:09.297  1750  5782 W AppOps  : Noting op not finished: uid 10186 pkg com.google.android.as code 102 startTime of in progress event=1657639043969
07-13 01:06:09.298  1750  1750 V SoundTriggerService: 9f6ad62a-1f0b-11e7-87c5-40a8f03d3f15: Generic sound trigger event: GenericRecognitionEvent ::RecognitionEvent [status=0, soundModelHandle=7, captureAvailable=true, captureSession=2677449, captureDelayMs=0, capturePreambleMs=0, triggerInData=false, sampleRate=16000, encoding=2, channelMask=16, data=19]
07-13 01:06:09.306  1750  1750 V SoundTriggerService: 9f6ad62a-1f0b-11e7-87c5-40a8f03d3f15: onServiceConnected(android.os.BinderProxy@ac585da)
07-13 01:06:09.306  1750  1750 V SoundTriggerService: 9f6ad62a-1f0b-11e7-87c5-40a8f03d3f15: runOp 0
07-13 01:06:09.346  1750  4446 W AppOps  : Noting op not finished: uid 10447 pkg com.urbandroid.sleep code 79 startTime of in progress event=1657688765987
07-13 01:06:12.250  1750  2285 V SoundTriggerService: 9f6ad62a-1f0b-11e7-87c5-40a8f03d3f15: destroy
07-13 01:06:12.252  1750  4246 I SoundTriggerService: startRecognition(): id = 9f6ad62a-1f0b-11e7-87c5-40a8f03d3f15
07-13 01:06:12.252  1750  4246 W SoundTriggerHelper: Canceling previous recognition for model id: 9f6ad62a-1f0b-11e7-87c5-40a8f03d3f15
07-13 01:06:12.252  1750  4246 V SoundTriggerService: 9f6ad62a-1f0b-11e7-87c5-40a8f03d3f15: onError: -2147483648
07-13 01:06:12.256  1750  4246 W SoundTriggerService: 9f6ad62a-1f0b-11e7-87c5-40a8f03d3f15: Dropped operation as already destroyed or marked for destruction
07-13 01:06:12.313  1750  4246 I SoundTriggerHelper: startRecognition successful.
07-13 01:06:12.313  1750  4246 W SoundTriggerService: error onStart(): Model 9f6ad62a-1f0b-11e7-87c5-40a8f03d3f15 already started
07-13 01:06:12.315  1750  4246 I SoundTriggerService: deleteSoundModel(): id = 12caddb1-acdb-4dce-8cb0-2e95a2313aee
07-13 01:06:12.315  1750  4246 W SoundTriggerHelper: Unload error: Attempting unload invalid generic model with id:12caddb1-acdb-4dce-8cb0-2e95a2313aee
07-13 01:06:12.315  1750  4246 W SoundTriggerService: error onStop(): Model 12caddb1-acdb-4dce-8cb0-2e95a2313aee has no stats available
07-13 01:06:58.080  1750  2285 W ProcessStats: Tracking association SourceState{584cdb3 system/1000 BTopFgs #1938949} whose proc state 2 is better than process ProcessState{baa4f70 net.dinglisch.android.taskerm/10289 pkg=net.dinglisch.android.taskerm} proc state 3 (28 skipped)
07-13 01:06:58.647  1750  1750 I ContentCaptureManagerService: Content capture data sharing session terminated successfully for package 'com.google.android.googlequicksearchbox'
07-13 01:07:05.850  1750  5782 W AppOps  : Noting op not finished: uid 10186 pkg com.google.android.as code 102 startTime of in progress event=1657639043969
07-13 01:07:05.851  1750  1750 V SoundTriggerService: 9f6ad62a-1f0b-11e7-87c5-40a8f03d3f15: Generic sound trigger event: GenericRecognitionEvent ::RecognitionEvent [status=0, soundModelHandle=7, captureAvailable=true, captureSession=2677449, captureDelayMs=0, capturePreambleMs=0, triggerInData=false, sampleRate=16000, encoding=2, channelMask=16, data=19]
07-13 01:07:05.862  1750  1750 V SoundTriggerService: 9f6ad62a-1f0b-11e7-87c5-40a8f03d3f15: onServiceConnected(android.os.BinderProxy@fac0452)
07-13 01:07:05.863  1750  1750 V SoundTriggerService: 9f6ad62a-1f0b-11e7-87c5-40a8f03d3f15: runOp 0
07-13 01:07:07.482  1750  2068 W ActivityManager: Stopping service due to app idle: u0a263 -1h18m21s514ms com.facebook.orca/com.facebook.mqttlite.MqttService
07-13 01:07:09.563  1750  4060 V SoundTriggerService: 9f6ad62a-1f0b-11e7-87c5-40a8f03d3f15: destroy
07-13 01:07:09.565  1750  2285 I SoundTriggerService: startRecognition(): id = 9f6ad62a-1f0b-11e7-87c5-40a8f03d3f15
07-13 01:07:09.566  1750  2285 W SoundTriggerHelper: Canceling previous recognition for model id: 9f6ad62a-1f0b-11e7-87c5-40a8f03d3f15
07-13 01:07:09.566  1750  2285 V SoundTriggerService: 9f6ad62a-1f0b-11e7-87c5-40a8f03d3f15: onError: -2147483648
07-13 01:07:09.570  1750  2285 W SoundTriggerService: 9f6ad62a-1f0b-11e7-87c5-40a8f03d3f15: Dropped operation as already destroyed or marked for destruction
07-13 01:07:09.630  1750  2285 I SoundTriggerHelper: startRecognition successful.
07-13 01:07:09.631  1750  2285 W SoundTriggerService: error onStart(): Model 9f6ad62a-1f0b-11e7-87c5-40a8f03d3f15 already started
07-13 01:07:09.633  1750  2285 I SoundTriggerService: deleteSoundModel(): id = 12caddb1-acdb-4dce-8cb0-2e95a2313aee
07-13 01:07:09.634  1750  2285 W SoundTriggerHelper: Unload error: Attempting unload invalid generic model with id:12caddb1-acdb-4dce-8cb0-2e95a2313aee
07-13 01:07:09.634  1750  2285 W SoundTriggerService: error onStop(): Model 12caddb1-acdb-4dce-8cb0-2e95a2313aee has no stats available
07-13 01:08:01.828  1750  1750 W Looper  : Slow delivery took 272ms main h=android.os.Handler c=<recycled PooledLambda@c1e7b4d> m=1
07-13 01:08:01.851  1750  1750 W Looper  : Drained
07-13 01:08:27.852  1750  4446 W AlarmManager: Window length 511244484ms too long; limiting to 1 day
07-13 01:08:28.127  1750  2257 W ProcessStats: Tracking association SourceState{584cdb3 system/1000 BTopFgs #1938990} whose proc state 2 is better than process ProcessState{baa4f70 net.dinglisch.android.taskerm/10289 pkg=net.dinglisch.android.taskerm} proc state 3 (22 skipped)
07-13 01:08:49.072  1750  2258 W NetworkPolicy: shared quota unsupported; generating rule for each iface
07-13 01:08:49.084  1750  5782 W AppOps  : Noting op not finished: uid 10186 pkg com.google.android.as code 102 startTime of in progress event=1657639043969
07-13 01:08:49.086  1750  1750 V SoundTriggerService: 9f6ad62a-1f0b-11e7-87c5-40a8f03d3f15: Generic sound trigger event: GenericRecognitionEvent ::RecognitionEvent [status=0, soundModelHandle=7, captureAvailable=true, captureSession=2677449, captureDelayMs=0, capturePreambleMs=0, triggerInData=false, sampleRate=16000, encoding=2, channelMask=16, data=19]
07-13 01:08:49.102  1750  1750 V SoundTriggerService: 9f6ad62a-1f0b-11e7-87c5-40a8f03d3f15: onServiceConnected(android.os.BinderProxy@e30cf03)
07-13 01:08:49.103  1750  1750 V SoundTriggerService: 9f6ad62a-1f0b-11e7-87c5-40a8f03d3f15: runOp 0
07-13 01:08:49.405  1750  2258 W NetworkPolicy: shared quota unsupported; generating rule for each iface
07-13 01:08:51.803  1750  2096 E KernelCpuUidActiveTimeReader: Negative delta from active time for uid: 10229, delta: -12
07-13 01:08:51.805  1750  2096 E KernelCpuUidActiveTimeReader: Negative delta from active time for uid: 10151, delta: -22
07-13 01:08:51.805  1750  2096 E KernelCpuUidActiveTimeReader: Negative delta from active time for uid: 10167, delta: -11
07-13 01:08:51.806  1750  2096 E KernelCpuUidActiveTimeReader: Negative delta from active time for uid: 10157, delta: -17
07-13 01:08:51.807  1750  2096 E KernelCpuUidActiveTimeReader: Negative delta from active time for uid: 10521, delta: -19
07-13 01:08:51.807  1750  2096 E KernelCpuUidActiveTimeReader: Negative delta from active time for uid: 10343, delta: -33
07-13 01:08:51.807  1750  2096 E KernelCpuUidActiveTimeReader: Negative delta from active time for uid: 10105, delta: -12
07-13 01:08:51.808  1750  2096 E KernelCpuUidActiveTimeReader: Negative delta from active time for uid: 10236, delta: -2
07-13 01:08:51.808  1750  2096 E KernelCpuUidActiveTimeReader: Negative delta from active time for uid: 10184, delta: -30
07-13 01:08:51.809  1750  2096 E KernelCpuUidActiveTimeReader: Negative delta from active time for uid: 10404, delta: -24
07-13 01:08:51.809  1750  2096 E KernelCpuUidActiveTimeReader: Negative delta from active time for uid: 10281, delta: -44
07-13 01:08:52.535  1750  2211 I ActivityManager: Killing 28145:com.android.chrome/u0a205 (adj 985): empty #33
07-13 01:08:53.368  1750  4060 I SoundTriggerService: startRecognition(): id = 9f6ad62a-1f0b-11e7-87c5-40a8f03d3f15
07-13 01:08:53.369  1750  4060 W SoundTriggerHelper: Canceling previous recognition for model id: 9f6ad62a-1f0b-11e7-87c5-40a8f03d3f15
07-13 01:08:53.369  1750  3192 V SoundTriggerService: 9f6ad62a-1f0b-11e7-87c5-40a8f03d3f15: destroy
07-13 01:08:53.369  1750  4060 V SoundTriggerService: 9f6ad62a-1f0b-11e7-87c5-40a8f03d3f15: onError: -2147483648
07-13 01:08:53.376  1750  4060 W SoundTriggerService: 9f6ad62a-1f0b-11e7-87c5-40a8f03d3f15: Dropped operation as already destroyed or marked for destruction
07-13 01:08:53.440  1750  4060 I SoundTriggerHelper: startRecognition successful.
07-13 01:08:53.441  1750  4060 W SoundTriggerService: error onStart(): Model 9f6ad62a-1f0b-11e7-87c5-40a8f03d3f15 already started
07-13 01:08:53.444  1750  4060 I SoundTriggerService: deleteSoundModel(): id = 12caddb1-acdb-4dce-8cb0-2e95a2313aee
07-13 01:08:53.445  1750  4060 W SoundTriggerHelper: Unload error: Attempting unload invalid generic model with id:12caddb1-acdb-4dce-8cb0-2e95a2313aee
07-13 01:08:53.445  1750  4060 W SoundTriggerService: error onStop(): Model 12caddb1-acdb-4dce-8cb0-2e95a2313aee has no stats available
07-13 01:10:54.801  1750  5782 W AppOps  : Noting op not finished: uid 10186 pkg com.google.android.as code 102 startTime of in progress event=1657639043969
07-13 01:10:54.802  1750  1750 V SoundTriggerService: 9f6ad62a-1f0b-11e7-87c5-40a8f03d3f15: Generic sound trigger event: GenericRecognitionEvent ::RecognitionEvent [status=0, soundModelHandle=7, captureAvailable=true, captureSession=2677449, captureDelayMs=0, capturePreambleMs=0, triggerInData=false, sampleRate=16000, encoding=2, channelMask=16, data=19]
07-13 01:10:54.813  1750  1750 V SoundTriggerService: 9f6ad62a-1f0b-11e7-87c5-40a8f03d3f15: onServiceConnected(android.os.BinderProxy@5bef29d)
07-13 01:10:54.814  1750  1750 V SoundTriggerService: 9f6ad62a-1f0b-11e7-87c5-40a8f03d3f15: runOp 0
07-13 01:10:57.401  1750  4230 W ProcessStats: Tracking association SourceState{584cdb3 system/1000 BTopFgs #1939014} whose proc state 2 is better than process ProcessState{baa4f70 net.dinglisch.android.taskerm/10289 pkg=net.dinglisch.android.taskerm} proc state 3 (17 skipped)
07-13 01:10:58.626  1750  3192 V SoundTriggerService: 9f6ad62a-1f0b-11e7-87c5-40a8f03d3f15: destroy
07-13 01:10:58.629  1750  4057 I SoundTriggerService: startRecognition(): id = 9f6ad62a-1f0b-11e7-87c5-40a8f03d3f15
07-13 01:10:58.630  1750  4057 W SoundTriggerHelper: Canceling previous recognition for model id: 9f6ad62a-1f0b-11e7-87c5-40a8f03d3f15
07-13 01:10:58.630  1750  4057 V SoundTriggerService: 9f6ad62a-1f0b-11e7-87c5-40a8f03d3f15: onError: -2147483648
07-13 01:10:58.636  1750  4057 W SoundTriggerService: 9f6ad62a-1f0b-11e7-87c5-40a8f03d3f15: Dropped operation as already destroyed or marked for destruction
07-13 01:10:58.697  1750  4057 I SoundTriggerHelper: startRecognition successful.
07-13 01:10:58.698  1750  4057 W SoundTriggerService: error onStart(): Model 9f6ad62a-1f0b-11e7-87c5-40a8f03d3f15 already started
07-13 01:10:58.702  1750  4057 I SoundTriggerService: deleteSoundModel(): id = 12caddb1-acdb-4dce-8cb0-2e95a2313aee
07-13 01:10:58.703  1750  4057 W SoundTriggerHelper: Unload error: Attempting unload invalid generic model with id:12caddb1-acdb-4dce-8cb0-2e95a2313aee
07-13 01:10:58.703  1750  4057 W SoundTriggerService: error onStop(): Model 12caddb1-acdb-4dce-8cb0-2e95a2313aee has no stats available
07-13 01:12:05.972  1750  4057 W AppOps  : Noting op not finished: uid 10202 pkg com.google.android.apps.maps code 79 startTime of in progress event=1657688765953
07-13 01:12:05.981  1750  4057 W AppOps  : Noting op not finished: uid 10190 pkg com.google.android.gms code 113 startTime of in progress event=1657679667890
07-13 01:12:05.997  1750  4057 W AppOps  : Noting op not finished: uid 10223 pkg com.google.android.gms.location.history code 79 startTime of in progress event=1657600184482
07-13 01:12:06.012  1750  4057 W AppOps  : Noting op not finished: uid 10190 pkg com.google.android.gms code 113 startTime of in progress event=1657679667890
07-13 01:12:06.027  1750  4057 W AppOps  : Noting op not finished: uid 10190 pkg com.google.android.gms code 113 startTime of in progress event=1657687686926
07-13 01:12:06.046  1750  4057 W AppOps  : Noting op not finished: uid 10447 pkg com.urbandroid.sleep code 79 startTime of in progress event=1657688769380
07-13 01:12:09.428  1750  4057 W AppOps  : Noting op not finished: uid 10447 pkg com.urbandroid.sleep code 79 startTime of in progress event=1657689126070
07-13 01:12:20.041  1750  5782 W AppOps  : Noting op not finished: uid 10186 pkg com.google.android.as code 102 startTime of in progress event=1657639043969
07-13 01:12:20.043  1750  1750 V SoundTriggerService: 9f6ad62a-1f0b-11e7-87c5-40a8f03d3f15: Generic sound trigger event: GenericRecognitionEvent ::RecognitionEvent [status=0, soundModelHandle=7, captureAvailable=true, captureSession=2677449, captureDelayMs=0, capturePreambleMs=0, triggerInData=false, sampleRate=16000, encoding=2, channelMask=16, data=19]
07-13 01:12:20.069  1750  1750 V SoundTriggerService: 9f6ad62a-1f0b-11e7-87c5-40a8f03d3f15: onServiceConnected(android.os.BinderProxy@1056b40)
07-13 01:12:20.070  1750  1750 V SoundTriggerService: 9f6ad62a-1f0b-11e7-87c5-40a8f03d3f15: runOp 0
07-13 01:12:22.573  1750  4057 W ProcessStats: Tracking association SourceState{584cdb3 system/1000 BTopFgs #1939044} whose proc state 2 is better than process ProcessState{baa4f70 net.dinglisch.android.taskerm/10289 pkg=net.dinglisch.android.taskerm} proc state 3 (21 skipped)
07-13 01:12:24.303  1750  3192 I SoundTriggerService: startRecognition(): id = 9f6ad62a-1f0b-11e7-87c5-40a8f03d3f15
07-13 01:12:24.303  1750  4057 V SoundTriggerService: 9f6ad62a-1f0b-11e7-87c5-40a8f03d3f15: destroy
07-13 01:12:24.304  1750  3192 W SoundTriggerHelper: Canceling previous recognition for model id: 9f6ad62a-1f0b-11e7-87c5-40a8f03d3f15
07-13 01:12:24.304  1750  3192 V SoundTriggerService: 9f6ad62a-1f0b-11e7-87c5-40a8f03d3f15: onError: -2147483648
07-13 01:12:24.312  1750  3192 W SoundTriggerService: 9f6ad62a-1f0b-11e7-87c5-40a8f03d3f15: Dropped operation as already destroyed or marked for destruction
07-13 01:12:24.380  1750  3192 I SoundTriggerHelper: startRecognition successful.
07-13 01:12:24.380  1750  3192 W SoundTriggerService: error onStart(): Model 9f6ad62a-1f0b-11e7-87c5-40a8f03d3f15 already started
07-13 01:12:24.384  1750  3192 I SoundTriggerService: deleteSoundModel(): id = 12caddb1-acdb-4dce-8cb0-2e95a2313aee
07-13 01:12:24.385  1750  3192 W SoundTriggerHelper: Unload error: Attempting unload invalid generic model with id:12caddb1-acdb-4dce-8cb0-2e95a2313aee
07-13 01:12:24.385  1750  3192 W SoundTriggerService: error onStop(): Model 12caddb1-acdb-4dce-8cb0-2e95a2313aee has no stats available
07-13 01:12:34.578  1750  4230 W ProcessStats: Tracking association SourceState{584cdb3 system/1000 BTopFgs #1939052} whose proc state 2 is better than process ProcessState{baa4f70 net.dinglisch.android.taskerm/10289 pkg=net.dinglisch.android.taskerm} proc state 3 (5 skipped)
07-13 01:12:35.836  1750  1750 D AnyMotionDetector: angleBetween: this = timeMillisSinceBoot=509865036 | x=-0.027087037, y=-0.009483174, z=0.99958813, other = timeMillisSinceBoot=509872464 | x=-0.026974836, y=-0.009803302, z=0.999588, degrees = 0.019435922
07-13 01:12:35.840  1750  1750 D CompatibilityChangeReporter: Compat change id reported: 168936375; UID 1000; state: ENABLED
07-13 01:12:35.843  1750  1750 D CompatibilityChangeReporter: Compat change id reported: 73144566; UID 1000; state: ENABLED
07-13 01:12:35.905  1750  4230 D CompatibilityChangeReporter: Compat change id reported: 168936375; UID 10190; state: ENABLED
07-13 01:12:35.908  1750  4230 D CompatibilityChangeReporter: Compat change id reported: 73144566; UID 10190; state: ENABLED
07-13 01:12:36.073  1750  2068 D CompatibilityChangeReporter: Compat change id reported: 135634846; UID 10390; state: DISABLED
07-13 01:12:36.074  1750  2068 D CompatibilityChangeReporter: Compat change id reported: 177438394; UID 10390; state: DISABLED
07-13 01:12:36.074  1750  2068 D CompatibilityChangeReporter: Compat change id reported: 135772972; UID 10390; state: DISABLED
07-13 01:12:36.074  1750  2068 D CompatibilityChangeReporter: Compat change id reported: 135754954; UID 10390; state: ENABLED
07-13 01:12:36.074  1750  2069 D CompatibilityChangeReporter: Compat change id reported: 143937733; UID 10390; state: ENABLED
07-13 01:12:36.093  1750  2069 I ActivityManager: Start proc 31179:com.bestbuy.android/u0a390 for broadcast {com.bestbuy.android/com.bestbuy.android.managers.location.LocationMonitorReceiver}
07-13 01:12:36.146  1750  4060 D CompatibilityChangeReporter: Compat change id reported: 168419799; UID 10390; state: DISABLED
07-13 01:12:37.569  1750  4060 D CompatibilityChangeReporter: Compat change id reported: 135634846; UID 10218; state: DISABLED
07-13 01:12:37.569  1750  4060 D CompatibilityChangeReporter: Compat change id reported: 177438394; UID 10218; state: DISABLED
07-13 01:12:37.569  1750  4060 D CompatibilityChangeReporter: Compat change id reported: 135772972; UID 10218; state: DISABLED
07-13 01:12:37.569  1750  4060 D CompatibilityChangeReporter: Compat change id reported: 135754954; UID 10218; state: ENABLED
07-13 01:12:37.569  1750  2069 D CompatibilityChangeReporter: Compat change id reported: 143937733; UID 10218; state: ENABLED
07-13 01:12:37.581  1750  2069 I ActivityManager: Start proc 31275:com.google.ar.core/u0a218 for content provider {com.google.ar.core/com.google.ar.core.services.ArCoreContentProvider}
07-13 01:12:37.601  1750  4060 D CompatibilityChangeReporter: Compat change id reported: 168419799; UID 10218; state: DISABLED
07-13 01:12:38.103  1750  4060 I ActivityManager: Killing 28394:com.google.android.apps.photos:mediametadataservice/u0a210 (adj 985): empty #33
07-13 01:12:38.103  1750  4060 I ActivityManager: Killing 28061:com.google.android.gms.unstable/u0a190 (adj 985): empty #34
07-13 01:12:38.215  1750  4309 D CompatibilityChangeReporter: Compat change id reported: 135634846; UID 10390; state: DISABLED
07-13 01:12:38.215  1750  4309 D CompatibilityChangeReporter: Compat change id reported: 177438394; UID 10390; state: DISABLED
07-13 01:12:38.215  1750  4309 D CompatibilityChangeReporter: Compat change id reported: 135772972; UID 10390; state: DISABLED
07-13 01:12:38.215  1750  4309 D CompatibilityChangeReporter: Compat change id reported: 135754954; UID 10390; state: ENABLED
07-13 01:12:38.215  1750  2069 D CompatibilityChangeReporter: Compat change id reported: 143937733; UID 10390; state: ENABLED
07-13 01:12:38.232  1750  2069 I ActivityManager: Start proc 31305:com.google.android.webview:sandboxed_process0:org.chromium.content.app.SandboxedProcessService0:0/u0i776 for  {com.bestbuy.android/org.chromium.content.app.SandboxedProcessService0:0}
07-13 01:12:38.677  1750  4060 I ActivityManager: Killing 28442:com.amazon.avod.thirdpartyclient/u0a275 (adj 985): empty #33
07-13 01:12:39.105  1750  2043 W Looper  : Slow delivery took 205ms android.ui h=com.android.server.am.ActivityManagerService$UiHandler c=null m=31
07-13 01:12:39.115  1750  2043 W Looper  : Drained
07-13 01:13:47.216  1750  5782 W AppOps  : Noting op not finished: uid 10186 pkg com.google.android.as code 102 startTime of in progress event=1657639043969
07-13 01:13:47.217  1750  1750 V SoundTriggerService: 9f6ad62a-1f0b-11e7-87c5-40a8f03d3f15: Generic sound trigger event: GenericRecognitionEvent ::RecognitionEvent [status=0, soundModelHandle=7, captureAvailable=true, captureSession=2677449, captureDelayMs=0, capturePreambleMs=0, triggerInData=false, sampleRate=16000, encoding=2, channelMask=16, data=19]
07-13 01:13:47.220  1750  1750 W ProcessStats: Tracking association SourceState{584cdb3 system/1000 BTopFgs #1939149} whose proc state 2 is better than process ProcessState{baa4f70 net.dinglisch.android.taskerm/10289 pkg=net.dinglisch.android.taskerm} proc state 3 (66 skipped)
07-13 01:13:47.234  1750  1750 V SoundTriggerService: 9f6ad62a-1f0b-11e7-87c5-40a8f03d3f15: onServiceConnected(android.os.BinderProxy@6a3657c)
07-13 01:13:47.234  1750  1750 V SoundTriggerService: 9f6ad62a-1f0b-11e7-87c5-40a8f03d3f15: runOp 0
07-13 01:13:49.734  1750  4309 V SoundTriggerService: 9f6ad62a-1f0b-11e7-87c5-40a8f03d3f15: destroy
07-13 01:13:49.734  1750  4446 I SoundTriggerService: startRecognition(): id = 9f6ad62a-1f0b-11e7-87c5-40a8f03d3f15
07-13 01:13:49.735  1750  4446 W SoundTriggerHelper: Canceling previous recognition for model id: 9f6ad62a-1f0b-11e7-87c5-40a8f03d3f15
07-13 01:13:49.735  1750  4446 V SoundTriggerService: 9f6ad62a-1f0b-11e7-87c5-40a8f03d3f15: onError: -2147483648
07-13 01:13:49.737  1750  4446 W SoundTriggerService: 9f6ad62a-1f0b-11e7-87c5-40a8f03d3f15: Dropped operation as already destroyed or marked for destruction
07-13 01:13:49.788  1750  4446 I SoundTriggerHelper: startRecognition successful.
07-13 01:13:49.788  1750  4446 W SoundTriggerService: error onStart(): Model 9f6ad62a-1f0b-11e7-87c5-40a8f03d3f15 already started
07-13 01:13:49.789  1750  4446 I SoundTriggerService: deleteSoundModel(): id = 12caddb1-acdb-4dce-8cb0-2e95a2313aee
07-13 01:13:49.790  1750  4446 W SoundTriggerHelper: Unload error: Attempting unload invalid generic model with id:12caddb1-acdb-4dce-8cb0-2e95a2313aee
07-13 01:13:49.790  1750  4446 W SoundTriggerService: error onStop(): Model 12caddb1-acdb-4dce-8cb0-2e95a2313aee has no stats available
07-13 01:15:11.191  1750  5782 W AppOps  : Noting op not finished: uid 10186 pkg com.google.android.as code 102 startTime of in progress event=1657639043969
07-13 01:15:11.192  1750  1750 V SoundTriggerService: 9f6ad62a-1f0b-11e7-87c5-40a8f03d3f15: Generic sound trigger event: GenericRecognitionEvent ::RecognitionEvent [status=0, soundModelHandle=7, captureAvailable=true, captureSession=2677449, captureDelayMs=0, capturePreambleMs=0, triggerInData=false, sampleRate=16000, encoding=2, channelMask=16, data=19]
07-13 01:15:11.195  1750  1750 W ProcessStats: Tracking association SourceState{584cdb3 system/1000 BTopFgs #1939159} whose proc state 2 is better than process ProcessState{baa4f70 net.dinglisch.android.taskerm/10289 pkg=net.dinglisch.android.taskerm} proc state 3 (6 skipped)
07-13 01:15:11.199  1750  1750 V SoundTriggerService: 9f6ad62a-1f0b-11e7-87c5-40a8f03d3f15: onServiceConnected(android.os.BinderProxy@6e234d6)
07-13 01:15:11.199  1750  1750 V SoundTriggerService: 9f6ad62a-1f0b-11e7-87c5-40a8f03d3f15: runOp 0
07-13 01:15:13.058  1750  4060 V SoundTriggerService: 9f6ad62a-1f0b-11e7-87c5-40a8f03d3f15: destroy
07-13 01:15:13.059  1750  1787 I SoundTriggerService: startRecognition(): id = 9f6ad62a-1f0b-11e7-87c5-40a8f03d3f15
07-13 01:15:13.060  1750  1787 W SoundTriggerHelper: Canceling previous recognition for model id: 9f6ad62a-1f0b-11e7-87c5-40a8f03d3f15
07-13 01:15:13.060  1750  1787 V SoundTriggerService: 9f6ad62a-1f0b-11e7-87c5-40a8f03d3f15: onError: -2147483648
07-13 01:15:13.062  1750  1787 W SoundTriggerService: 9f6ad62a-1f0b-11e7-87c5-40a8f03d3f15: Dropped operation as already destroyed or marked for destruction
07-13 01:15:13.114  1750  1787 I SoundTriggerHelper: startRecognition successful.
07-13 01:15:13.115  1750  1787 W SoundTriggerService: error onStart(): Model 9f6ad62a-1f0b-11e7-87c5-40a8f03d3f15 already started
07-13 01:15:13.116  1750  1787 I SoundTriggerService: deleteSoundModel(): id = 12caddb1-acdb-4dce-8cb0-2e95a2313aee
07-13 01:15:13.116  1750  1787 W SoundTriggerHelper: Unload error: Attempting unload invalid generic model with id:12caddb1-acdb-4dce-8cb0-2e95a2313aee
07-13 01:15:13.116  1750  1787 W SoundTriggerService: error onStop(): Model 12caddb1-acdb-4dce-8cb0-2e95a2313aee has no stats available
07-13 01:18:05.858  1750  1787 W AppOps  : Noting op not finished: uid 10202 pkg com.google.android.apps.maps code 79 startTime of in progress event=1657689158692
07-13 01:18:05.863  1750  1787 W AppOps  : Noting op not finished: uid 10190 pkg com.google.android.gms code 113 startTime of in progress event=1657679667890
07-13 01:18:05.869  1750  1787 W AppOps  : Noting op not finished: uid 10223 pkg com.google.android.gms.location.history code 79 startTime of in progress event=1657600184482
07-13 01:18:05.874  1750  1787 W AppOps  : Noting op not finished: uid 10190 pkg com.google.android.gms code 113 startTime of in progress event=1657679667890
07-13 01:18:05.882  1750  4309 W AppOps  : Noting op not finished: uid 10190 pkg com.google.android.gms code 113 startTime of in progress event=1657687686926
07-13 01:18:05.891  1750  4365 W AppOps  : Noting op not finished: uid 10447 pkg com.urbandroid.sleep code 79 startTime of in progress event=1657689129459
07-13 01:18:09.310  1750  1787 W AppOps  : Noting op not finished: uid 10447 pkg com.urbandroid.sleep code 79 startTime of in progress event=1657689485914
07-13 01:18:09.319  1750  2068 W ProcessStats: Tracking association SourceState{584cdb3 system/1000 BTopFgs #1939184} whose proc state 2 is better than process ProcessState{baa4f70 net.dinglisch.android.taskerm/10289 pkg=net.dinglisch.android.taskerm} proc state 3 (17 skipped)
07-13 01:18:26.167  1750  5782 W AppOps  : Noting op not finished: uid 10186 pkg com.google.android.as code 102 startTime of in progress event=1657639043969
07-13 01:18:26.167  1750  1750 V SoundTriggerService: 9f6ad62a-1f0b-11e7-87c5-40a8f03d3f15: Generic sound trigger event: GenericRecognitionEvent ::RecognitionEvent [status=0, soundModelHandle=7, captureAvailable=true, captureSession=2677449, captureDelayMs=0, capturePreambleMs=0, triggerInData=false, sampleRate=16000, encoding=2, channelMask=16, data=19]
07-13 01:18:26.173  1750  1750 V SoundTriggerService: 9f6ad62a-1f0b-11e7-87c5-40a8f03d3f15: onServiceConnected(android.os.BinderProxy@56fd937)
07-13 01:18:26.173  1750  1750 V SoundTriggerService: 9f6ad62a-1f0b-11e7-87c5-40a8f03d3f15: runOp 0
07-13 01:18:27.960  1750  1787 V SoundTriggerService: 9f6ad62a-1f0b-11e7-87c5-40a8f03d3f15: destroy
07-13 01:18:27.961  1750  4099 I SoundTriggerService: startRecognition(): id = 9f6ad62a-1f0b-11e7-87c5-40a8f03d3f15
07-13 01:18:27.962  1750  4099 W SoundTriggerHelper: Canceling previous recognition for model id: 9f6ad62a-1f0b-11e7-87c5-40a8f03d3f15
07-13 01:18:27.962  1750  4099 V SoundTriggerService: 9f6ad62a-1f0b-11e7-87c5-40a8f03d3f15: onError: -2147483648
07-13 01:18:27.963  1750  4099 W SoundTriggerService: 9f6ad62a-1f0b-11e7-87c5-40a8f03d3f15: Dropped operation as already destroyed or marked for destruction
07-13 01:18:28.018  1750  4099 I SoundTriggerHelper: startRecognition successful.
07-13 01:18:28.018  1750  4099 W SoundTriggerService: error onStart(): Model 9f6ad62a-1f0b-11e7-87c5-40a8f03d3f15 already started
07-13 01:18:28.021  1750  4099 I SoundTriggerService: deleteSoundModel(): id = 12caddb1-acdb-4dce-8cb0-2e95a2313aee
07-13 01:18:28.021  1750  4099 W SoundTriggerHelper: Unload error: Attempting unload invalid generic model with id:12caddb1-acdb-4dce-8cb0-2e95a2313aee
07-13 01:18:28.021  1750  4099 W SoundTriggerService: error onStop(): Model 12caddb1-acdb-4dce-8cb0-2e95a2313aee has no stats available
07-13 01:19:21.948  1750  5782 W AppOps  : Noting op not finished: uid 10186 pkg com.google.android.as code 102 startTime of in progress event=1657639043969
07-13 01:19:21.949  1750  1750 V SoundTriggerService: 9f6ad62a-1f0b-11e7-87c5-40a8f03d3f15: Generic sound trigger event: GenericRecognitionEvent ::RecognitionEvent [status=0, soundModelHandle=7, captureAvailable=true, captureSession=2677449, captureDelayMs=0, capturePreambleMs=0, triggerInData=false, sampleRate=16000, encoding=2, channelMask=16, data=19]
07-13 01:19:21.953  1750  1750 V SoundTriggerService: 9f6ad62a-1f0b-11e7-87c5-40a8f03d3f15: onServiceConnected(android.os.BinderProxy@7181179)
07-13 01:19:21.954  1750  1750 V SoundTriggerService: 9f6ad62a-1f0b-11e7-87c5-40a8f03d3f15: runOp 0
07-13 01:19:23.430  1750  4099 V SoundTriggerService: 9f6ad62a-1f0b-11e7-87c5-40a8f03d3f15: destroy
07-13 01:19:23.430  1750  1787 I SoundTriggerService: startRecognition(): id = 9f6ad62a-1f0b-11e7-87c5-40a8f03d3f15
07-13 01:19:23.431  1750  1787 W SoundTriggerHelper: Canceling previous recognition for model id: 9f6ad62a-1f0b-11e7-87c5-40a8f03d3f15
07-13 01:19:23.431  1750  1787 V SoundTriggerService: 9f6ad62a-1f0b-11e7-87c5-40a8f03d3f15: onError: -2147483648
07-13 01:19:23.433  1750  1787 W SoundTriggerService: 9f6ad62a-1f0b-11e7-87c5-40a8f03d3f15: Dropped operation as already destroyed or marked for destruction
07-13 01:19:23.490  1750  1787 I SoundTriggerHelper: startRecognition successful.
07-13 01:19:23.490  1750  1787 W SoundTriggerService: error onStart(): Model 9f6ad62a-1f0b-11e7-87c5-40a8f03d3f15 already started
07-13 01:19:23.492  1750  1787 I SoundTriggerService: deleteSoundModel(): id = 12caddb1-acdb-4dce-8cb0-2e95a2313aee
07-13 01:19:23.493  1750  1787 W SoundTriggerHelper: Unload error: Attempting unload invalid generic model with id:12caddb1-acdb-4dce-8cb0-2e95a2313aee
07-13 01:19:23.493  1750  1787 W SoundTriggerService: error onStop(): Model 12caddb1-acdb-4dce-8cb0-2e95a2313aee has no stats available
07-13 01:19:26.948  1750  1787 W ProcessStats: Tracking association SourceState{584cdb3 system/1000 BTopFgs #1939203} whose proc state 2 is better than process ProcessState{baa4f70 net.dinglisch.android.taskerm/10289 pkg=net.dinglisch.android.taskerm} proc state 3 (11 skipped)
07-13 01:20:18.356  1750  5782 W AppOps  : Noting op not finished: uid 10186 pkg com.google.android.as code 102 startTime of in progress event=1657639043969
07-13 01:20:18.356  1750  1750 V SoundTriggerService: 9f6ad62a-1f0b-11e7-87c5-40a8f03d3f15: Generic sound trigger event: GenericRecognitionEvent ::RecognitionEvent [status=0, soundModelHandle=7, captureAvailable=true, captureSession=2677449, captureDelayMs=0, capturePreambleMs=0, triggerInData=false, sampleRate=16000, encoding=2, channelMask=16, data=19]
07-13 01:20:18.362  1750  1750 V SoundTriggerService: 9f6ad62a-1f0b-11e7-87c5-40a8f03d3f15: onServiceConnected(android.os.BinderProxy@2803a9c)
07-13 01:20:18.363  1750  1750 V SoundTriggerService: 9f6ad62a-1f0b-11e7-87c5-40a8f03d3f15: runOp 0
07-13 01:20:20.003  1750  4099 V SoundTriggerService: 9f6ad62a-1f0b-11e7-87c5-40a8f03d3f15: destroy
07-13 01:20:20.004  1750  4446 I SoundTriggerService: startRecognition(): id = 9f6ad62a-1f0b-11e7-87c5-40a8f03d3f15
07-13 01:20:20.004  1750  4446 W SoundTriggerHelper: Canceling previous recognition for model id: 9f6ad62a-1f0b-11e7-87c5-40a8f03d3f15
07-13 01:20:20.004  1750  4446 V SoundTriggerService: 9f6ad62a-1f0b-11e7-87c5-40a8f03d3f15: onError: -2147483648
07-13 01:20:20.007  1750  4446 W SoundTriggerService: 9f6ad62a-1f0b-11e7-87c5-40a8f03d3f15: Dropped operation as already destroyed or marked for destruction
07-13 01:20:20.059  1750  4446 I SoundTriggerHelper: startRecognition successful.
07-13 01:20:20.059  1750  4446 W SoundTriggerService: error onStart(): Model 9f6ad62a-1f0b-11e7-87c5-40a8f03d3f15 already started
07-13 01:20:20.061  1750  4446 I SoundTriggerService: deleteSoundModel(): id = 12caddb1-acdb-4dce-8cb0-2e95a2313aee
07-13 01:20:20.061  1750  4446 W SoundTriggerHelper: Unload error: Attempting unload invalid generic model with id:12caddb1-acdb-4dce-8cb0-2e95a2313aee
07-13 01:20:20.061  1750  4446 W SoundTriggerService: error onStop(): Model 12caddb1-acdb-4dce-8cb0-2e95a2313aee has no stats available
07-13 01:21:00.890  1750  2062 E DiscreteRegistry: Deleting file 1657602491985tl
07-13 01:21:00.890  1750  2062 E DiscreteRegistry: Deleting file 1657603199459tl
07-13 01:23:03.158  1750  5782 W AppOps  : Noting op not finished: uid 10186 pkg com.google.android.as code 102 startTime of in progress event=1657639043969
07-13 01:23:03.158  1750  1750 V SoundTriggerService: 9f6ad62a-1f0b-11e7-87c5-40a8f03d3f15: Generic sound trigger event: GenericRecognitionEvent ::RecognitionEvent [status=0, soundModelHandle=7, captureAvailable=true, captureSession=2677449, captureDelayMs=0, capturePreambleMs=0, triggerInData=false, sampleRate=16000, encoding=2, channelMask=16, data=19]
07-13 01:23:03.162  1750  1750 W ProcessStats: Tracking association SourceState{584cdb3 system/1000 BTopFgs #1939216} whose proc state 2 is better than process ProcessState{baa4f70 net.dinglisch.android.taskerm/10289 pkg=net.dinglisch.android.taskerm} proc state 3 (6 skipped)
07-13 01:23:03.164  1750  1750 V SoundTriggerService: 9f6ad62a-1f0b-11e7-87c5-40a8f03d3f15: onServiceConnected(android.os.BinderProxy@cf50dd0)
07-13 01:23:03.164  1750  1750 V SoundTriggerService: 9f6ad62a-1f0b-11e7-87c5-40a8f03d3f15: runOp 0
07-13 01:23:04.742  1750  4365 V SoundTriggerService: 9f6ad62a-1f0b-11e7-87c5-40a8f03d3f15: destroy
07-13 01:23:04.743  1750  4099 I SoundTriggerService: startRecognition(): id = 9f6ad62a-1f0b-11e7-87c5-40a8f03d3f15
07-13 01:23:04.744  1750  4099 W SoundTriggerHelper: Canceling previous recognition for model id: 9f6ad62a-1f0b-11e7-87c5-40a8f03d3f15
07-13 01:23:04.744  1750  4099 V SoundTriggerService: 9f6ad62a-1f0b-11e7-87c5-40a8f03d3f15: onError: -2147483648
07-13 01:23:04.747  1750  4099 W SoundTriggerService: 9f6ad62a-1f0b-11e7-87c5-40a8f03d3f15: Dropped operation as already destroyed or marked for destruction
07-13 01:23:04.801  1750  4099 I SoundTriggerHelper: startRecognition successful.
07-13 01:23:04.802  1750  4099 W SoundTriggerService: error onStart(): Model 9f6ad62a-1f0b-11e7-87c5-40a8f03d3f15 already started
07-13 01:23:04.803  1750  4099 I SoundTriggerService: deleteSoundModel(): id = 12caddb1-acdb-4dce-8cb0-2e95a2313aee
07-13 01:23:04.803  1750  4099 W SoundTriggerHelper: Unload error: Attempting unload invalid generic model with id:12caddb1-acdb-4dce-8cb0-2e95a2313aee
07-13 01:23:04.804  1750  4099 W SoundTriggerService: error onStop(): Model 12caddb1-acdb-4dce-8cb0-2e95a2313aee has no stats available
07-13 01:23:24.659  1750  1750 I SoundTriggerHelper: Recognition success
07-13 01:23:24.660  4002 27111 I AlwaysOnHotwordDetector: onDetected
07-13 01:23:26.097  1750  4365 I SoundTriggerHelper: startRecognition successful.
07-13 01:23:29.228  1750  4365 W ProcessStats: Tracking association SourceState{584cdb3 system/1000 BTopFgs #1939226} whose proc state 2 is better than process ProcessState{baa4f70 net.dinglisch.android.taskerm/10289 pkg=net.dinglisch.android.taskerm} proc state 3 (5 skipped)
07-13 01:25:10.745  1750  5782 W AppOps  : Noting op not finished: uid 10186 pkg com.google.android.as code 102 startTime of in progress event=1657639043969
07-13 01:25:10.745  1750  1750 V SoundTriggerService: 9f6ad62a-1f0b-11e7-87c5-40a8f03d3f15: Generic sound trigger event: GenericRecognitionEvent ::RecognitionEvent [status=0, soundModelHandle=7, captureAvailable=true, captureSession=2677449, captureDelayMs=0, capturePreambleMs=0, triggerInData=false, sampleRate=16000, encoding=2, channelMask=16, data=19]
07-13 01:25:10.750  1750  1750 V SoundTriggerService: 9f6ad62a-1f0b-11e7-87c5-40a8f03d3f15: onServiceConnected(android.os.BinderProxy@62fa7c7)
07-13 01:25:10.750  1750  1750 V SoundTriggerService: 9f6ad62a-1f0b-11e7-87c5-40a8f03d3f15: runOp 0
07-13 01:25:12.477  1750  4365 V SoundTriggerService: 9f6ad62a-1f0b-11e7-87c5-40a8f03d3f15: destroy
07-13 01:25:12.479  1750  4446 I SoundTriggerService: startRecognition(): id = 9f6ad62a-1f0b-11e7-87c5-40a8f03d3f15
07-13 01:25:12.479  1750  4446 W SoundTriggerHelper: Canceling previous recognition for model id: 9f6ad62a-1f0b-11e7-87c5-40a8f03d3f15
07-13 01:25:12.479  1750  4446 V SoundTriggerService: 9f6ad62a-1f0b-11e7-87c5-40a8f03d3f15: onError: -2147483648
07-13 01:25:12.481  1750  4446 W SoundTriggerService: 9f6ad62a-1f0b-11e7-87c5-40a8f03d3f15: Dropped operation as already destroyed or marked for destruction
07-13 01:25:12.537  1750  4446 I SoundTriggerHelper: startRecognition successful.
07-13 01:25:12.538  1750  4446 W SoundTriggerService: error onStart(): Model 9f6ad62a-1f0b-11e7-87c5-40a8f03d3f15 already started
07-13 01:25:12.540  1750  4446 I SoundTriggerService: deleteSoundModel(): id = 12caddb1-acdb-4dce-8cb0-2e95a2313aee
07-13 01:25:12.540  1750  4446 W SoundTriggerHelper: Unload error: Attempting unload invalid generic model with id:12caddb1-acdb-4dce-8cb0-2e95a2313aee
07-13 01:25:12.540  1750  4446 W SoundTriggerService: error onStop(): Model 12caddb1-acdb-4dce-8cb0-2e95a2313aee has no stats available
07-13 01:25:15.804  1750  4446 W ProcessStats: Tracking association SourceState{584cdb3 system/1000 BTopFgs #1939234} whose proc state 2 is better than process ProcessState{baa4f70 net.dinglisch.android.taskerm/10289 pkg=net.dinglisch.android.taskerm} proc state 3 (3 skipped)
07-13 01:25:32.439  1750  4365 W ContextImpl: Calling a method in the system process without a qualified user: android.app.ContextImpl.sendBroadcastMultiplePermissions:1214 com.android.server.TelephonyRegistry.broadcastServiceStateChanged:2911 com.android.server.TelephonyRegistry.notifyServiceStateForPhoneId:1613 com.android.internal.telephony.ITelephonyRegistry$Stub.onTransact:455 android.os.Binder.execTransactInternal:1179 
07-13 01:25:32.439  1750  2068 W BroadcastQueue: Permission Denial: receiving Intent { act=android.intent.action.SERVICE_STATE flg=0x1000010 (has extras) } to ProcessRecord{b767ac8 2380:com.android.systemui/u0a245} (pid=2380, uid=10245) requires android.permission.READ_PHONE_STATE due to sender android (uid 1001)
07-13 01:25:32.439  1750  4365 W ContextImpl: Calling a method in the system process without a qualified user: android.app.ContextImpl.sendBroadcastMultiplePermissions:1264 com.android.server.TelephonyRegistry.broadcastServiceStateChanged:2914 com.android.server.TelephonyRegistry.notifyServiceStateForPhoneId:1613 com.android.internal.telephony.ITelephonyRegistry$Stub.onTransact:455 android.os.Binder.execTransactInternal:1179 
07-13 01:25:32.440  1750  2068 W BroadcastQueue: Permission Denial: receiving Intent { act=android.intent.action.SERVICE_STATE flg=0x1000010 (has extras) } to ProcessRecord{9c88137 5094:com.google.android.wearable.app:background/u0a552} (pid=5094, uid=10552) requires android.permission.READ_PHONE_STATE due to sender android (uid 1001)
07-13 01:25:32.440  1750  2068 W BroadcastQueue: Permission Denial: receiving Intent { act=android.intent.action.SERVICE_STATE flg=0x1000010 (has extras) } to com.google.android.cellbroadcastreceiver/com.android.cellbroadcastreceiver.CellBroadcastReceiver requires android.permission.READ_PHONE_STATE due to sender android (uid 1001)
07-13 01:25:32.440  1750  2068 W BroadcastQueue: Permission Denial: receiving Intent { act=android.intent.action.SERVICE_STATE flg=0x1000010 (has extras) } to ProcessRecord{b767ac8 2380:com.android.systemui/u0a245} (pid=2380, uid=10245) requires android.permission.ACCESS_FINE_LOCATION due to sender android (uid 1001)
07-13 01:25:32.441  1750  4365 W ContextImpl: Calling a method in the system process without a qualified user: android.app.ContextImpl.sendBroadcastMultiplePermissions:1264 com.android.server.TelephonyRegistry.broadcastServiceStateChanged:2923 com.android.server.TelephonyRegistry.notifyServiceStateForPhoneId:1613 com.android.internal.telephony.ITelephonyRegistry$Stub.onTransact:455 android.os.Binder.execTransactInternal:1179 
07-13 01:25:32.441  1750  2068 W BroadcastQueue: Permission Denial: receiving Intent { act=android.intent.action.SERVICE_STATE flg=0x1000010 (has extras) } to ProcessRecord{9c88137 5094:com.google.android.wearable.app:background/u0a552} (pid=5094, uid=10552) requires android.permission.READ_PRIVILEGED_PHONE_STATE due to sender android (uid 1001)
07-13 01:25:32.441  1750  2068 W BroadcastQueue: Permission Denial: receiving Intent { act=android.intent.action.SERVICE_STATE flg=0x1000010 (has extras) } to com.google.android.cellbroadcastreceiver/com.android.cellbroadcastreceiver.CellBroadcastReceiver requires android.permission.ACCESS_FINE_LOCATION due to sender android (uid 1001)
07-13 01:25:32.441  1750  2068 W BroadcastQueue: Permission Denial: receiving Intent { act=android.intent.action.SERVICE_STATE flg=0x1000010 (has extras) } to ProcessRecord{b767ac8 2380:com.android.systemui/u0a245} (pid=2380, uid=10245) requires android.permission.READ_PHONE_STATE due to sender android (uid 1001)
07-13 01:25:32.441  1750  4365 W ContextImpl: Calling a method in the system process without a qualified user: android.app.ContextImpl.sendBroadcastMultiplePermissions:1264 com.android.server.TelephonyRegistry.broadcastServiceStateChanged:2926 com.android.server.TelephonyRegistry.notifyServiceStateForPhoneId:1613 com.android.internal.telephony.ITelephonyRegistry$Stub.onTransact:455 android.os.Binder.execTransactInternal:1179 
07-13 01:25:32.441  1750  2068 W BroadcastQueue: Permission Denial: receiving Intent { act=android.intent.action.SERVICE_STATE flg=0x1000010 (has extras) } to ProcessRecord{9c88137 5094:com.google.android.wearable.app:background/u0a552} (pid=5094, uid=10552) requires android.permission.READ_PHONE_STATE due to sender android (uid 1001)
07-13 01:25:32.442  1750  2068 W BroadcastQueue: Permission Denial: receiving Intent { act=android.intent.action.SERVICE_STATE flg=0x1000010 (has extras) } to com.google.android.cellbroadcastreceiver/com.android.cellbroadcastreceiver.CellBroadcastReceiver requires android.permission.READ_PHONE_STATE due to sender android (uid 1001)
07-13 01:25:32.442  1750  2068 W BroadcastQueue: Permission Denial: receiving Intent { act=android.intent.action.SERVICE_STATE flg=0x1000010 (has extras) } to ProcessRecord{9c88137 5094:com.google.android.wearable.app:background/u0a552} (pid=5094, uid=10552) requires android.permission.READ_PRIVILEGED_PHONE_STATE due to sender android (uid 1001)
07-13 01:26:36.035  1750  5782 W AppOps  : Noting op not finished: uid 10186 pkg com.google.android.as code 102 startTime of in progress event=1657639043969
