07-11 00:14:00.753  1750  2069 I ActivityManager: Start proc 944:android.process.media/u0a104 for service {com.android.providers.downloads/com.android.providers.downloads.DownloadIdleService}
07-11 00:14:00.754  1750  2069 D CompatibilityChangeReporter: Compat change id reported: 143937733; UID 10340; state: ENABLED
07-11 00:14:00.772  1750  2069 I ActivityManager: Start proc 950:com.google.android.play.games/u0a340 for service {com.google.android.play.games/com.google.android.libraries.internal.growth.growthkit.internal.jobs.impl.GrowthKitJobService}
07-11 00:14:00.797  1750 32478 I PFTBT   : Transport suggested backoff=0
07-11 00:14:00.797  1750 32478 V BackupManagerConstants: getBackupFinishedNotificationReceivers(...) returns 
07-11 00:14:00.797  1750 32478 I PFTBT   : Unbinding agent in com.hbo.hbonow
07-11 00:14:00.807  1750 32478 W ActivityManager: Unbinding backup agent with no active backup
07-11 00:14:00.807  1750 32478 I PFTBT   : Full backup completed with status: 0
07-11 00:14:00.819  1750 32478 V BackupManagerConstants: getFullBackupIntervalMilliseconds(...) returns 86400000
07-11 00:14:00.819  1750 32478 V BackupManagerConstants: getFullBackupRequiredNetworkType(...) returns 2
07-11 00:14:00.819  1750 32478 V BackupManagerConstants: getFullBackupRequireCharging(...) returns true
07-11 00:14:00.823  1750 32478 I PFTBT   : Full data backup pass finished.
07-11 00:14:00.823  1750 32478 V BackupManagerService: [UserID:0] Released wakelock:*backup*-0-3997
07-11 00:14:00.826  1750  1750 V BackupManagerConstants: getFullBackupIntervalMilliseconds(...) returns 86400000
07-11 00:14:00.826  1750  1750 V BackupManagerConstants: getKeyValueBackupIntervalMilliseconds(...) returns 14400000
07-11 00:14:00.826  1750  1750 I BackupManagerService: [UserID:0] Beginning scheduled full backup operation
07-11 00:14:00.826  1750  1750 D PFTBT   : backupmanager pftbt token=1b87bf6e
07-11 00:14:00.827  1750  1750 V BackupManagerService: [UserID:0] Acquired wakelock:*backup*-0-3997
07-11 00:14:00.841  1750  1750 I TransportClient: BackupTransportService#4262: Notifying [PFTBT.run()] transport = IBackupTransport
07-11 00:14:00.841  1750  1033 I PFTBT   : Initiating full-data transport backup of com.vrem.wifianalyzer token: 461881198
07-11 00:14:00.848  1750  2996 D BackupTransportManager: Transport com.google.android.gms/.backup.BackupTransportService updated its attributes
07-11 00:14:00.957  1750  4085 D CompatibilityChangeReporter: Compat change id reported: 135634846; UID 10221; state: DISABLED
07-11 00:14:00.957  1750  4085 D CompatibilityChangeReporter: Compat change id reported: 177438394; UID 10221; state: DISABLED
07-11 00:14:00.958  1750  4085 D CompatibilityChangeReporter: Compat change id reported: 135772972; UID 10221; state: DISABLED
07-11 00:14:00.958  1750  4085 D CompatibilityChangeReporter: Compat change id reported: 135754954; UID 10221; state: ENABLED
07-11 00:14:00.959  1750  2069 D CompatibilityChangeReporter: Compat change id reported: 143937733; UID 10221; state: ENABLED
07-11 00:14:00.973  1750  2069 I ActivityManager: Start proc 1075:com.google.android.inputmethod.latin:train/u0a221 for service {com.google.android.inputmethod.latin/com.google.android.gms.learning.internal.training.InAppTrainingService}
07-11 00:14:00.994  1750  3029 I ActivityManager: Killing 27269:com.cbs.app/u0a585 (adj 975): empty #33
07-11 00:14:01.138  1750  1105 D CompatibilityChangeReporter: Compat change id reported: 135634846; UID 10341; state: DISABLED
07-11 00:14:01.139  1750  1105 D CompatibilityChangeReporter: Compat change id reported: 177438394; UID 10341; state: DISABLED
07-11 00:14:01.139  1750  1105 D CompatibilityChangeReporter: Compat change id reported: 135772972; UID 10341; state: DISABLED
07-11 00:14:01.139  1750  1105 D CompatibilityChangeReporter: Compat change id reported: 135754954; UID 10341; state: ENABLED
07-11 00:14:01.139  1750  1105 D BackupManagerService: [UserID:0] awaiting agent for ApplicationInfo{5b90a72 com.vrem.wifianalyzer}
07-11 00:14:01.139  1750  2069 D CompatibilityChangeReporter: Compat change id reported: 143937733; UID 10341; state: ENABLED
07-11 00:14:01.147  1750  2069 I ActivityManager: Start proc 1109:com.vrem.wifianalyzer/u0a341 for backup {android/FullBackupAgent}
07-11 00:14:01.176  1750  2487 D CompatibilityChangeReporter: Compat change id reported: 168419799; UID 10341; state: DISABLED
07-11 00:14:01.266   944  1146 D DownloadManager: Removed 0 stale downloads
07-11 00:14:01.330  1750  2497 D BackupManagerService: [UserID:0] agentConnected pkg=com.vrem.wifianalyzer agent=android.os.BinderProxy@108b76
07-11 00:14:01.331  1750  1105 I BackupManagerService: [UserID:0] got agent android.app.IBackupAgent$Stub$Proxy@4cd8577
07-11 00:14:01.369   944  1146 D DownloadManager: Found 5 files in database
07-11 00:14:01.369   944  1146 D DownloadManager: Found 0 files on disk
07-11 00:14:01.385  1750  1786 I ActivityManager: Killing 30216:com.tmobile.digits/u0a17 (adj 975): empty #33
07-11 00:14:01.389  1750  2354 E SyncManager: SYNC_OP_STATE_INVALID: NOT_SYNCABLE
07-11 00:14:01.390  1750  2068 I DropBoxManagerService: add tag=system_server_wtf isTagEnabled=true flags=0x2
07-11 00:14:01.390  1750  2068 W DropBoxManagerService: Dropping: system_server_wtf (943 > 0 bytes)
07-11 00:14:01.392  1750  1750 D CompatibilityChangeReporter: Compat change id reported: 177438394; UID 10346; state: DISABLED
07-11 00:14:01.392  1750  1750 D CompatibilityChangeReporter: Compat change id reported: 135772972; UID 10346; state: DISABLED
07-11 00:14:01.392  1750  1750 D CompatibilityChangeReporter: Compat change id reported: 135754954; UID 10346; state: ENABLED
07-11 00:14:01.393  1750  2069 D CompatibilityChangeReporter: Compat change id reported: 143937733; UID 10346; state: ENABLED
07-11 00:14:01.401  1750  2069 I ActivityManager: Start proc 1219:com.google.android.keep/u0a346 for service {com.google.android.keep/com.google.android.libraries.notifications.entrypoints.scheduled.ScheduledTaskService}
07-11 00:14:01.414  1750  1225 I BackupRestoreController: Getting widget state for user: 0
07-11 00:14:01.414  1750  1225 D BackupManagerService: Calling doFullBackup() on com.vrem.wifianalyzer
07-11 00:14:01.426  1750  4060 D CompatibilityChangeReporter: Compat change id reported: 168419799; UID 10346; state: DISABLED
07-11 00:14:01.553  1750  4060 I ActivityManager: Process com.vrem.wifianalyzer (pid 1109) has died: bkup TRNB
07-11 00:14:01.747  1750  4085 I ActivityManager: Killing 25885:com.sec.android.app.shealth/u0a398 (adj 985): empty #33
07-11 00:14:01.930  1750  1786 D CompatibilityChangeReporter: Compat change id reported: 168419799; UID 10306; state: DISABLED
07-11 00:14:01.976  1750  1033 I PFTBT   : Transport suggested backoff=0
07-11 00:14:01.976  1750  1033 V BackupManagerConstants: getBackupFinishedNotificationReceivers(...) returns 
07-11 00:14:01.977  1750  1033 I PFTBT   : Unbinding agent in com.vrem.wifianalyzer
07-11 00:14:01.979  1750  1033 W ActivityManager: Unbinding backup agent with no active backup
07-11 00:14:01.979  1750  1033 I PFTBT   : Full backup completed with status: 0
07-11 00:14:01.983  1750  1033 V BackupManagerConstants: getFullBackupIntervalMilliseconds(...) returns 86400000
07-11 00:14:01.983  1750  1033 V BackupManagerConstants: getFullBackupRequiredNetworkType(...) returns 2
07-11 00:14:01.983  1750  1033 V BackupManagerConstants: getFullBackupRequireCharging(...) returns true
07-11 00:14:01.986  1750  1033 I PFTBT   : Full data backup pass finished.
07-11 00:14:01.986  1750  1033 V BackupManagerService: [UserID:0] Released wakelock:*backup*-0-3997
07-11 00:14:01.986  1750  1750 V BackupManagerConstants: getFullBackupIntervalMilliseconds(...) returns 86400000
07-11 00:14:01.986  1750  1750 V BackupManagerConstants: getKeyValueBackupIntervalMilliseconds(...) returns 14400000
07-11 00:14:01.986  1750  1750 I BackupManagerService: [UserID:0] Beginning scheduled full backup operation
07-11 00:14:01.988  1750  1750 D PFTBT   : backupmanager pftbt token=4af3c71
07-11 00:14:01.989  1750  1750 V BackupManagerService: [UserID:0] Acquired wakelock:*backup*-0-3997
07-11 00:14:02.010  1750  1750 I TransportClient: BackupTransportService#4263: Notifying [PFTBT.run()] transport = IBackupTransport
07-11 00:14:02.011  1750  1323 I PFTBT   : Initiating full-data transport backup of com.instagram.android token: 78593137
07-11 00:14:02.016  1750  2996 D BackupTransportManager: Transport com.google.android.gms/.backup.BackupTransportService updated its attributes
07-11 00:14:02.058  1750  4060 I ActivityManager: Killing 28654:com.android.providers.calendar/u0a107 (adj 985): empty #33
07-11 00:14:02.252  1750  1331 D BackupManagerService: [UserID:0] awaiting agent for ApplicationInfo{bebefcb com.instagram.android}
07-11 00:14:02.264  1750  2394 D BackupManagerService: [UserID:0] agentConnected pkg=com.instagram.android agent=android.os.BinderProxy@fc661e5
07-11 00:14:02.264  1750  1331 I BackupManagerService: [UserID:0] got agent android.app.IBackupAgent$Stub$Proxy@569a4ba
07-11 00:14:02.303  1750  1323 W PFTBT   : Error -1002 backing up com.instagram.android
07-11 00:14:02.320  1750  1323 I PFTBT   : Transport suggested backoff=0
07-11 00:14:02.321  1750  1323 I PFTBT   : Transport rejected backup of com.instagram.android, skipping
07-11 00:14:02.328  1750  1323 I PFTBT   : Unbinding agent in com.instagram.android
07-11 00:14:02.331  1750  1323 W ActivityManager: Unbinding backup agent with no active backup
07-11 00:14:02.331  1750  1323 I PFTBT   : Full backup completed with status: 0
07-11 00:14:02.335  1750  1323 V BackupManagerConstants: getFullBackupIntervalMilliseconds(...) returns 86400000
07-11 00:14:02.335  1750  1323 V BackupManagerConstants: getFullBackupRequiredNetworkType(...) returns 2
07-11 00:14:02.336  1750  1323 V BackupManagerConstants: getFullBackupRequireCharging(...) returns true
07-11 00:14:02.346  1750  1750 V BackupManagerConstants: getFullBackupIntervalMilliseconds(...) returns 86400000
07-11 00:14:02.346  1750  1750 V BackupManagerConstants: getKeyValueBackupIntervalMilliseconds(...) returns 14400000
07-11 00:14:02.346  1750  1750 I BackupManagerService: [UserID:0] Beginning scheduled full backup operation
07-11 00:14:02.347  1750  1323 I PFTBT   : Full data backup pass finished.
07-11 00:14:02.347  1750  1323 V BackupManagerService: [UserID:0] Released wakelock:*backup*-0-3997
07-11 00:14:02.347  1750  1750 D PFTBT   : backupmanager pftbt token=3cb67674
07-11 00:14:02.348  1750  1750 V BackupManagerService: [UserID:0] Acquired wakelock:*backup*-0-3997
07-11 00:14:02.361  1750  1750 I TransportClient: BackupTransportService#4264: Notifying [PFTBT.run()] transport = IBackupTransport
07-11 00:14:02.362  1750  1333 I PFTBT   : Initiating full-data transport backup of com.jsolwindlabs.usbotg token: 1018590836
07-11 00:14:02.373  1750  2487 D BackupTransportManager: Transport com.google.android.gms/.backup.BackupTransportService updated its attributes
07-11 00:14:02.604  1750  1376 D CompatibilityChangeReporter: Compat change id reported: 135634846; UID 10443; state: DISABLED
07-11 00:14:02.604  1750  1376 D CompatibilityChangeReporter: Compat change id reported: 177438394; UID 10443; state: DISABLED
07-11 00:14:02.604  1750  1376 D CompatibilityChangeReporter: Compat change id reported: 135772972; UID 10443; state: DISABLED
07-11 00:14:02.604  1750  1376 D CompatibilityChangeReporter: Compat change id reported: 135754954; UID 10443; state: ENABLED
07-11 00:14:02.604  1750  1376 D BackupManagerService: [UserID:0] awaiting agent for ApplicationInfo{ee1b079 com.jsolwindlabs.usbotg}
07-11 00:14:02.604  1750  2069 D CompatibilityChangeReporter: Compat change id reported: 143937733; UID 10443; state: ENABLED
07-11 00:14:02.611  1750  2069 I ActivityManager: Start proc 1377:com.jsolwindlabs.usbotg/u0a443 for backup {android/FullBackupAgent}
07-11 00:14:02.642  1750  4085 D CompatibilityChangeReporter: Compat change id reported: 168419799; UID 10443; state: DISABLED
07-11 00:14:02.715  1750  4085 D BackupManagerService: [UserID:0] agentConnected pkg=com.jsolwindlabs.usbotg agent=android.os.BinderProxy@cf5fe8e
07-11 00:14:02.715  1750  1376 I BackupManagerService: [UserID:0] got agent android.app.IBackupAgent$Stub$Proxy@820d6af
07-11 00:14:02.754  1750  1333 W PFTBT   : Error -1002 backing up com.jsolwindlabs.usbotg
07-11 00:14:02.774  1750  1333 I PFTBT   : Transport suggested backoff=0
07-11 00:14:02.774  1750  1333 I PFTBT   : Transport rejected backup of com.jsolwindlabs.usbotg, skipping
07-11 00:14:02.774  1750  1333 I PFTBT   : Unbinding agent in com.jsolwindlabs.usbotg
07-11 00:14:02.775  1750  1333 W ActivityManager: Unbinding backup agent with no active backup
07-11 00:14:02.775  1750  1333 I PFTBT   : Full backup completed with status: 0
07-11 00:14:02.780  1750  1333 V BackupManagerConstants: getFullBackupIntervalMilliseconds(...) returns 86400000
07-11 00:14:02.780  1750  1333 V BackupManagerConstants: getFullBackupRequiredNetworkType(...) returns 2
07-11 00:14:02.780  1750  1333 V BackupManagerConstants: getFullBackupRequireCharging(...) returns true
07-11 00:14:02.794  1750  4085 I ActivityManager: Process com.jsolwindlabs.usbotg (pid 1377) has died: bkup TRNB
07-11 00:14:02.802  1750  1333 D CompatibilityChangeReporter: Compat change id reported: 135634846; UID 10207; state: DISABLED
07-11 00:14:02.802  1750  1333 D CompatibilityChangeReporter: Compat change id reported: 177438394; UID 10207; state: DISABLED
07-11 00:14:02.802  1750  1333 D CompatibilityChangeReporter: Compat change id reported: 135772972; UID 10207; state: DISABLED
07-11 00:14:02.802  1750  1333 D CompatibilityChangeReporter: Compat change id reported: 135754954; UID 10207; state: ENABLED
07-11 00:14:02.803  1750  2069 D CompatibilityChangeReporter: Compat change id reported: 143937733; UID 10207; state: ENABLED
07-11 00:14:02.809  1750  1333 I PFTBT   : Full data backup pass finished.
07-11 00:14:02.810  1750  1333 V BackupManagerService: [UserID:0] Released wakelock:*backup*-0-3997
07-11 00:14:02.811  1750  1750 V BackupManagerConstants: getFullBackupIntervalMilliseconds(...) returns 86400000
07-11 00:14:02.811  1750  1750 V BackupManagerConstants: getKeyValueBackupIntervalMilliseconds(...) returns 14400000
07-11 00:14:02.811  1750  1750 I BackupManagerService: [UserID:0] Beginning scheduled full backup operation
07-11 00:14:02.811  1750  1750 D PFTBT   : backupmanager pftbt token=331a0977
07-11 00:14:02.812  1750  1750 V BackupManagerService: [UserID:0] Acquired wakelock:*backup*-0-3997
07-11 00:14:02.813  1750  2069 I ActivityManager: Start proc 1413:com.google.android.apps.work.clouddpc/u0a207 for service {com.google.android.apps.work.clouddpc/com.google.android.apps.work.clouddpc.base.services.HealthCheckJobService}
07-11 00:14:02.827  1750  1750 I TransportClient: BackupTransportService#4265: Notifying [PFTBT.run()] transport = IBackupTransport
07-11 00:14:02.828  1750  1410 I PFTBT   : Initiating full-data transport backup of com.gma.water.sort.puzzle token: 857344375
07-11 00:14:02.833  1750  2487 D BackupTransportManager: Transport com.google.android.gms/.backup.BackupTransportService updated its attributes
07-11 00:14:02.847  1750  2394 D CompatibilityChangeReporter: Compat change id reported: 168419799; UID 10207; state: DISABLED
07-11 00:14:03.006  1750  1410 I PFTBT   : Transport rejected backup of com.gma.water.sort.puzzle, skipping
07-11 00:14:03.007  1750  1410 I PFTBT   : Unbinding agent in com.gma.water.sort.puzzle
07-11 00:14:03.007  1750  1410 W ActivityManager: Unbinding backup agent with no active backup
07-11 00:14:03.007  1750  1410 I PFTBT   : Full backup completed with status: 0
07-11 00:14:03.014  1750  1410 V BackupManagerConstants: getFullBackupIntervalMilliseconds(...) returns 86400000
07-11 00:14:03.014  1750  1410 V BackupManagerConstants: getFullBackupRequiredNetworkType(...) returns 2
07-11 00:14:03.015  1750  1410 V BackupManagerConstants: getFullBackupRequireCharging(...) returns true
07-11 00:14:03.021  1750  1410 I PFTBT   : Full data backup pass finished.
07-11 00:14:03.021  1750  1410 V BackupManagerService: [UserID:0] Released wakelock:*backup*-0-3997
07-11 00:14:03.022  1750  1750 V BackupManagerConstants: getFullBackupIntervalMilliseconds(...) returns 86400000
07-11 00:14:03.022  1750  1750 V BackupManagerConstants: getKeyValueBackupIntervalMilliseconds(...) returns 14400000
07-11 00:14:03.022  1750  1750 I BackupManagerService: [UserID:0] Beginning scheduled full backup operation
07-11 00:14:03.022  1750  1750 D PFTBT   : backupmanager pftbt token=7bcaeb79
07-11 00:14:03.023  1750  1750 V BackupManagerService: [UserID:0] Acquired wakelock:*backup*-0-3997
07-11 00:14:03.035  1750  1750 I TransportClient: BackupTransportService#4266: Notifying [PFTBT.run()] transport = IBackupTransport
07-11 00:14:03.036  1750  1457 I PFTBT   : Initiating full-data transport backup of com.peoplefun.wordcross token: 2076896121
07-11 00:14:03.041  1750  2394 D BackupTransportManager: Transport com.google.android.gms/.backup.BackupTransportService updated its attributes
07-11 00:14:03.180  2380  3536 D PowerUI : can't show warning due to - plugged: true status unknown: false
07-11 00:14:03.217  1750  1457 I PFTBT   : Transport rejected backup of com.peoplefun.wordcross, skipping
07-11 00:14:03.217  1750  1457 I PFTBT   : Unbinding agent in com.peoplefun.wordcross
07-11 00:14:03.218  1750  1457 W ActivityManager: Unbinding backup agent with no active backup
07-11 00:14:03.218  1750  1457 I PFTBT   : Full backup completed with status: 0
07-11 00:14:03.224  1750  1457 V BackupManagerConstants: getFullBackupIntervalMilliseconds(...) returns 86400000
07-11 00:14:03.224  1750  1457 V BackupManagerConstants: getFullBackupRequiredNetworkType(...) returns 2
07-11 00:14:03.224  1750  1457 V BackupManagerConstants: getFullBackupRequireCharging(...) returns true
07-11 00:14:03.228  1750  1457 I PFTBT   : Full data backup pass finished.
07-11 00:14:03.229  1750  1457 V BackupManagerService: [UserID:0] Released wakelock:*backup*-0-3997
07-11 00:14:03.230  1750  1750 V BackupManagerConstants: getFullBackupIntervalMilliseconds(...) returns 86400000
07-11 00:14:03.230  1750  1750 V BackupManagerConstants: getKeyValueBackupIntervalMilliseconds(...) returns 14400000
07-11 00:14:03.230  1750  1750 I BackupManagerService: [UserID:0] Beginning scheduled full backup operation
07-11 00:14:03.230  1750  1750 D PFTBT   : backupmanager pftbt token=13941e7b
07-11 00:14:03.230  1750  1750 V BackupManagerService: [UserID:0] Acquired wakelock:*backup*-0-3997
07-11 00:14:03.245  1750  1750 I TransportClient: BackupTransportService#4267: Notifying [PFTBT.run()] transport = IBackupTransport
07-11 00:14:03.245  1750  1461 I PFTBT   : Initiating full-data transport backup of org.wikipedia.beta token: 328474235
07-11 00:14:03.254  1750  2996 D BackupTransportManager: Transport com.google.android.gms/.backup.BackupTransportService updated its attributes
07-11 00:14:03.395  1750  2068 W BroadcastQueue: Background execution not allowed: receiving Intent { act=android.intent.action.DROPBOX_ENTRY_ADDED flg=0x10 (has extras) } to com.google.android.gms/.stats.service.DropBoxEntryAddedReceiver
07-11 00:14:03.395  1750  2068 W BroadcastQueue: Background execution not allowed: receiving Intent { act=android.intent.action.DROPBOX_ENTRY_ADDED flg=0x10 (has extras) } to com.google.android.gms/.chimera.GmsIntentOperationService$PersistentTrustedReceiver
07-11 00:14:03.441  1750  1463 D BackupManagerService: [UserID:0] awaiting agent for ApplicationInfo{e64bbcd org.wikipedia.beta}
07-11 00:14:03.446  1750  2394 D BackupManagerService: [UserID:0] agentConnected pkg=org.wikipedia.beta agent=android.os.BinderProxy@7a84419
07-11 00:14:03.446  1750  1463 I BackupManagerService: [UserID:0] got agent android.app.IBackupAgent$Stub$Proxy@bbaccde
07-11 00:14:03.489  1750  1469 I BackupRestoreController: Getting widget state for user: 0
07-11 00:14:03.489  1750  1469 D BackupManagerService: Calling doFullBackup() on org.wikipedia.beta
07-11 00:14:04.091  1750  4085 D CompatibilityChangeReporter: Compat change id reported: 135634846; UID 10449; state: DISABLED
07-11 00:14:04.091  1750  4085 D CompatibilityChangeReporter: Compat change id reported: 177438394; UID 10449; state: DISABLED
07-11 00:14:04.091  1750  4085 D CompatibilityChangeReporter: Compat change id reported: 135772972; UID 10449; state: DISABLED
07-11 00:14:04.091  1750  4085 D CompatibilityChangeReporter: Compat change id reported: 135754954; UID 10449; state: ENABLED
07-11 00:14:04.092  1750  2069 D CompatibilityChangeReporter: Compat change id reported: 143937733; UID 10449; state: ENABLED
07-11 00:14:04.103  1750  2069 I ActivityManager: Start proc 1544:com.google.android.apps.youtube.creator/u0a449 for service {com.google.android.apps.youtube.creator/androidx.work.impl.background.systemjob.SystemJobService}
07-11 00:14:04.131  1750  4085 D CompatibilityChangeReporter: Compat change id reported: 168419799; UID 10449; state: DISABLED
07-11 00:14:04.180  1750  4085 D CompatibilityChangeReporter: Compat change id reported: 135634846; UID 10273; state: DISABLED
07-11 00:14:04.180  1750  4085 D CompatibilityChangeReporter: Compat change id reported: 177438394; UID 10273; state: DISABLED
07-11 00:14:04.180  1750  4085 D CompatibilityChangeReporter: Compat change id reported: 135772972; UID 10273; state: DISABLED
07-11 00:14:04.180  1750  4085 D CompatibilityChangeReporter: Compat change id reported: 135754954; UID 10273; state: ENABLED
07-11 00:14:04.181  1750  2069 D CompatibilityChangeReporter: Compat change id reported: 143937733; UID 10273; state: ENABLED
07-11 00:14:04.189  1750  2069 I ActivityManager: Start proc 1560:com.pnc.ecommerce.mobile/u0a273 for service {com.pnc.ecommerce.mobile/com.trusteer.taz.service.TasService}
07-11 00:14:04.207  1750  4085 I ActivityManager: Process org.wikipedia.beta (pid 25537) has died: bkup TRNB
07-11 00:14:04.229  1750  4309 D CompatibilityChangeReporter: Compat change id reported: 168419799; UID 10273; state: DISABLED
07-11 00:14:04.455  1560  1560 E LoadedApk: Unable to instantiate appComponentFactory
07-11 00:14:04.455  1560  1560 E LoadedApk: java.lang.ClassNotFoundException: Didn't find class "framework.android.PNCApplication" on path: DexPathList[[zip file "/data/app/~~7C-VkwArU9Zg35gNNHakAQ==/com.pnc.ecommerce.mobile-BUWvt4BFCAOULlMTkxwwBw==/base.apk"],nativeLibraryDirectories=[/data/app/~~7C-VkwArU9Zg35gNNHakAQ==/com.pnc.ecommerce.mobile-BUWvt4BFCAOULlMTkxwwBw==/lib/arm64, /data/app/~~7C-VkwArU9Zg35gNNHakAQ==/com.pnc.ecommerce.mobile-BUWvt4BFCAOULlMTkxwwBw==/base.apk!/lib/arm64-v8a, /system/lib64, /system_ext/lib64]]
07-11 00:14:04.455  1560  1560 E LoadedApk: 	at dalvik.system.BaseDexClassLoader.findClass(BaseDexClassLoader.java:218)
07-11 00:14:04.455  1560  1560 E LoadedApk: 	at java.lang.ClassLoader.loadClass(ClassLoader.java:379)
07-11 00:14:04.455  1560  1560 E LoadedApk: 	at java.lang.ClassLoader.loadClass(ClassLoader.java:312)
07-11 00:14:04.455  1560  1560 E LoadedApk: 	at android.app.LoadedApk.createAppFactory(LoadedApk.java:262)
07-11 00:14:04.455  1560  1560 E LoadedApk: 	at android.app.LoadedApk.createOrUpdateClassLoaderLocked(LoadedApk.java:975)
07-11 00:14:04.455  1560  1560 E LoadedApk: 	at android.app.LoadedApk.getClassLoader(LoadedApk.java:1062)
07-11 00:14:04.455  1560  1560 E LoadedApk: 	at android.app.LoadedApk.getResources(LoadedApk.java:1310)
07-11 00:14:04.455  1560  1560 E LoadedApk: 	at android.app.ContextImpl.createAppContext(ContextImpl.java:3036)
07-11 00:14:04.455  1560  1560 E LoadedApk: 	at android.app.ContextImpl.createAppContext(ContextImpl.java:3028)
07-11 00:14:04.455  1560  1560 E LoadedApk: 	at android.app.ActivityThread.handleBindApplication(ActivityThread.java:6660)
07-11 00:14:04.455  1560  1560 E LoadedApk: 	at android.app.ActivityThread.access$1500(ActivityThread.java:256)
07-11 00:14:04.455  1560  1560 E LoadedApk: 	at android.app.ActivityThread$H.handleMessage(ActivityThread.java:2091)
07-11 00:14:04.455  1560  1560 E LoadedApk: 	at android.os.Handler.dispatchMessage(Handler.java:106)
07-11 00:14:04.455  1560  1560 E LoadedApk: 	at android.os.Looper.loopOnce(Looper.java:201)
07-11 00:14:04.455  1560  1560 E LoadedApk: 	at android.os.Looper.loop(Looper.java:288)
07-11 00:14:04.455  1560  1560 E LoadedApk: 	at android.app.ActivityThread.main(ActivityThread.java:7870)
07-11 00:14:04.455  1560  1560 E LoadedApk: 	at java.lang.reflect.Method.invoke(Native Method)
07-11 00:14:04.455  1560  1560 E LoadedApk: 	at com.android.internal.os.RuntimeInit$MethodAndArgsCaller.run(RuntimeInit.java:548)
07-11 00:14:04.455  1560  1560 E LoadedApk: 	at com.android.internal.os.ZygoteInit.main(ZygoteInit.java:1003)
07-11 00:14:04.754  1750  1461 I PFTBT   : Transport suggested backoff=0
07-11 00:14:04.754  1750  1461 V BackupManagerConstants: getBackupFinishedNotificationReceivers(...) returns 
07-11 00:14:04.754  1750  1461 I PFTBT   : Unbinding agent in org.wikipedia.beta
07-11 00:14:04.754  1750  1461 W ActivityManager: Unbinding backup agent with no active backup
07-11 00:14:04.754  1750  1461 I PFTBT   : Full backup completed with status: 0
07-11 00:14:04.761  1750  1461 V BackupManagerConstants: getFullBackupIntervalMilliseconds(...) returns 86400000
07-11 00:14:04.761  1750  1461 V BackupManagerConstants: getFullBackupRequiredNetworkType(...) returns 2
07-11 00:14:04.761  1750  1461 V BackupManagerConstants: getFullBackupRequireCharging(...) returns true
07-11 00:14:04.766  1750  1461 I PFTBT   : Full data backup pass finished.
07-11 00:14:04.767  1750  1461 V BackupManagerService: [UserID:0] Released wakelock:*backup*-0-3997
07-11 00:14:04.768  1750  1750 V BackupManagerConstants: getFullBackupIntervalMilliseconds(...) returns 86400000
07-11 00:14:04.768  1750  1750 V BackupManagerConstants: getKeyValueBackupIntervalMilliseconds(...) returns 14400000
07-11 00:14:04.768  1750  1750 I BackupManagerService: [UserID:0] Beginning scheduled full backup operation
07-11 00:14:04.769  1750  1750 D PFTBT   : backupmanager pftbt token=1f9b57e
07-11 00:14:04.770  1750  1750 V BackupManagerService: [UserID:0] Acquired wakelock:*backup*-0-3997
07-11 00:14:04.786  1750  1750 I TransportClient: BackupTransportService#4268: Notifying [PFTBT.run()] transport = IBackupTransport
07-11 00:14:04.786  1750  1692 I PFTBT   : Initiating full-data transport backup of com.scannerradio token: 33142142
07-11 00:14:04.792  1750  2394 D BackupTransportManager: Transport com.google.android.gms/.backup.BackupTransportService updated its attributes
07-11 00:14:04.850  1750  2394 D CompatibilityChangeReporter: Compat change id reported: 168419799; UID 10217; state: DISABLED
07-11 00:14:04.909  1750  2487 D CompatibilityChangeReporter: Compat change id reported: 171306433; UID 1000; state: ENABLED
07-11 00:14:05.016  1750  1736 D CompatibilityChangeReporter: Compat change id reported: 135634846; UID 10381; state: DISABLED
07-11 00:14:05.016  1750  1736 D CompatibilityChangeReporter: Compat change id reported: 177438394; UID 10381; state: DISABLED
07-11 00:14:05.016  1750  1736 D CompatibilityChangeReporter: Compat change id reported: 135772972; UID 10381; state: DISABLED
07-11 00:14:05.016  1750  1736 D CompatibilityChangeReporter: Compat change id reported: 135754954; UID 10381; state: ENABLED
07-11 00:14:05.016  1750  1736 D BackupManagerService: [UserID:0] awaiting agent for ApplicationInfo{3c6accb com.scannerradio}
07-11 00:14:05.016  1750  2069 D CompatibilityChangeReporter: Compat change id reported: 143937733; UID 10381; state: ENABLED
07-11 00:14:05.025  1750  2069 I ActivityManager: Start proc 1743:com.scannerradio/u0a381 for backup {android/FullBackupAgent}
07-11 00:14:05.763  1750  2394 D BackupManagerService: [UserID:0] agentConnected pkg=com.scannerradio agent=android.os.BinderProxy@d350ee9
07-11 00:14:05.763  1750  1736 I BackupManagerService: [UserID:0] got agent android.app.IBackupAgent$Stub$Proxy@b58876e
07-11 00:14:05.921  1750  1750 D CompatibilityChangeReporter: Compat change id reported: 168419799; UID 10517; state: DISABLED
07-11 00:14:05.937  1750  2354 D CompatibilityChangeReporter: Compat change id reported: 135634846; UID 10572; state: DISABLED
07-11 00:14:05.937  1750  2354 D CompatibilityChangeReporter: Compat change id reported: 177438394; UID 10572; state: DISABLED
07-11 00:14:05.937  1750  2354 D CompatibilityChangeReporter: Compat change id reported: 135772972; UID 10572; state: DISABLED
07-11 00:14:05.938  1750  2069 D CompatibilityChangeReporter: Compat change id reported: 143937733; UID 10572; state: ENABLED
07-11 00:14:05.949  1750  2069 I ActivityManager: Start proc 1809:com.zhiliaoapp.musically:push/u0a572 for service {com.zhiliaoapp.musically/com.bytedance.ies.common.push.account.AccountSyncService}
07-11 00:14:05.967  1750  1841 I BackupRestoreController: Getting widget state for user: 0
07-11 00:14:05.967  1750  1841 D BackupManagerService: Calling doFullBackup() on com.scannerradio
07-11 00:14:06.121  1750  2394 I ActivityManager: Process com.instagram.android (pid 25582) has died: cch+55 CEM 
07-11 00:14:06.375  1750  2394 I ActivityManager: Process com.android.chrome:privileged_process1 (pid 28875) has died: cch+80 CACC
07-11 00:14:06.375  1750  2394 W ActivityManager: Scheduling restart of crashed service com.android.chrome/org.chromium.content.app.PrivilegedProcessService1 in 1000ms for connection
07-11 00:14:06.678  1750  4059 I ActivityManager: Process com.scannerradio (pid 1743) has died: bkup TRNB
07-11 00:14:06.740  1750  4264 D CompatibilityChangeReporter: Compat change id reported: 135634846; UID 10572; state: DISABLED
07-11 00:14:06.740  1750  4264 D CompatibilityChangeReporter: Compat change id reported: 177438394; UID 10572; state: DISABLED
07-11 00:14:06.741  1750  4264 D CompatibilityChangeReporter: Compat change id reported: 135772972; UID 10572; state: DISABLED
07-11 00:14:06.742  1750  2069 D CompatibilityChangeReporter: Compat change id reported: 143937733; UID 10572; state: ENABLED
07-11 00:14:06.749  1750  2285 D CompatibilityChangeReporter: Compat change id reported: 135634846; UID 10161; state: DISABLED
07-11 00:14:06.749  1750  2285 D CompatibilityChangeReporter: Compat change id reported: 177438394; UID 10161; state: DISABLED
07-11 00:14:06.749  1750  2285 D CompatibilityChangeReporter: Compat change id reported: 135772972; UID 10161; state: DISABLED
07-11 00:14:06.749  1750  2285 D CompatibilityChangeReporter: Compat change id reported: 135754954; UID 10161; state: ENABLED
07-11 00:14:06.769  1750  2069 I ActivityManager: Start proc 1938:com.zhiliaoapp.musically/u0a572 for content provider {com.zhiliaoapp.musically/com.ss.android.pushmanager.setting.PushMultiProcessSharedProvider}
07-11 00:14:06.771  1750  2069 D CompatibilityChangeReporter: Compat change id reported: 143937733; UID 10161; state: ENABLED
07-11 00:14:06.796  1750  2069 I ActivityManager: Start proc 1959:com.google.android.partnersetup/u0a161 for service {com.google.android.partnersetup/com.google.android.partnersetup.InstalledAppJobService}
07-11 00:14:06.830  1750  4231 D CompatibilityChangeReporter: Compat change id reported: 168419799; UID 10161; state: DISABLED
07-11 00:14:06.944  1750  2285 W ActivityManager: Background start not allowed: service Intent { cmp=com.zhiliaoapp.musically/com.ss.android.ugc.awemepushlib.di.ies.MessageHandler } to com.zhiliaoapp.musically/com.ss.android.ugc.awemepushlib.di.ies.MessageHandler from pid=1809 uid=10572 pkg=com.zhiliaoapp.musically startFg?=false
07-11 00:14:07.066  1750  1692 I PFTBT   : Transport suggested backoff=0
07-11 00:14:07.067  1750  1692 V BackupManagerConstants: getBackupFinishedNotificationReceivers(...) returns 
07-11 00:14:07.067  1750  1692 I PFTBT   : Unbinding agent in com.scannerradio
07-11 00:14:07.067  1750  1692 W ActivityManager: Unbinding backup agent with no active backup
07-11 00:14:07.067  1750  1692 I PFTBT   : Full backup completed with status: 0
07-11 00:14:07.073  1750  1692 V BackupManagerConstants: getFullBackupIntervalMilliseconds(...) returns 86400000
07-11 00:14:07.074  1750  1692 V BackupManagerConstants: getFullBackupRequiredNetworkType(...) returns 2
07-11 00:14:07.074  1750  1692 V BackupManagerConstants: getFullBackupRequireCharging(...) returns true
07-11 00:14:07.081  1750  1692 I PFTBT   : Full data backup pass finished.
07-11 00:14:07.081  1750  1750 V BackupManagerConstants: getFullBackupIntervalMilliseconds(...) returns 86400000
07-11 00:14:07.081  1750  1750 V BackupManagerConstants: getKeyValueBackupIntervalMilliseconds(...) returns 14400000
07-11 00:14:07.081  1750  1692 V BackupManagerService: [UserID:0] Released wakelock:*backup*-0-3997
07-11 00:14:07.081  1750  1750 I BackupManagerService: [UserID:0] Beginning scheduled full backup operation
07-11 00:14:07.081  1750  1750 D PFTBT   : backupmanager pftbt token=5de36081
07-11 00:14:07.081  1750  1750 V BackupManagerService: [UserID:0] Acquired wakelock:*backup*-0-3997
07-11 00:14:07.088  1750  2394 I ActivityManager: Killing 30468:com.google.android.calendar/u0a226 (adj 999): empty #33
07-11 00:14:07.103  1750  1750 I TransportClient: BackupTransportService#4269: Notifying [PFTBT.run()] transport = IBackupTransport
07-11 00:14:07.103  1750  1999 I PFTBT   : Initiating full-data transport backup of com.wowwee.elmoji token: 1575182465
07-11 00:14:07.107  1750  4231 D BackupTransportManager: Transport com.google.android.gms/.backup.BackupTransportService updated its attributes
07-11 00:14:07.186  1750  4059 I ActivityManager: Process com.google.android.webview:sandboxed_process0:org.chromium.content.app.SandboxedProcessService0:0 (pid 23624) has died: cch+95 CEM 
07-11 00:14:07.187  1750  4059 W ActivityManager: Scheduling restart of crashed service com.urbandroid.sleep/org.chromium.content.app.SandboxedProcessService0:0 in 1000ms for connection
07-11 00:14:07.208  1750  1787 I ActivityManager: Killing 30855:gov.pa.covidtracker/u0a298 (adj 975): empty #33
07-11 00:14:07.217  1750  2096 E KernelCpuUidActiveTimeReader: Negative delta from active time for uid: 10229, delta: -12
07-11 00:14:07.217  1750  2096 E KernelCpuUidActiveTimeReader: Negative delta from active time for uid: 10114, delta: -16
07-11 00:14:07.217  1750  2096 E KernelCpuUidActiveTimeReader: Negative delta from active time for uid: 10151, delta: -22
07-11 00:14:07.218  1750  2096 E KernelCpuUidActiveTimeReader: Negative delta from active time for uid: 10290, delta: -30
07-11 00:14:07.218  1750  2096 E KernelCpuUidActiveTimeReader: Negative delta from active time for uid: 10167, delta: -11
07-11 00:14:07.218  1750  2096 E KernelCpuUidActiveTimeReader: Negative delta from active time for uid: 10157, delta: -17
07-11 00:14:07.218  1750  2096 E KernelCpuUidActiveTimeReader: Negative delta from active time for uid: 10521, delta: -19
07-11 00:14:07.218  1750  2096 E KernelCpuUidActiveTimeReader: Negative delta from active time for uid: 10343, delta: -33
07-11 00:14:07.218  1750  2096 E KernelCpuUidActiveTimeReader: Negative delta from active time for uid: 10105, delta: -12
07-11 00:14:07.218  1750  2096 E KernelCpuUidActiveTimeReader: Negative delta from active time for uid: 10236, delta: -2
07-11 00:14:07.219  1750  2096 E KernelCpuUidActiveTimeReader: Negative delta from active time for uid: 10184, delta: -30
07-11 00:14:07.219  1750  2096 E KernelCpuUidActiveTimeReader: Negative delta from active time for uid: 10404, delta: -24
07-11 00:14:07.219  1750  2096 E KernelCpuUidActiveTimeReader: Negative delta from active time for uid: 10281, delta: -44
07-11 00:14:07.305  1750  2009 D CompatibilityChangeReporter: Compat change id reported: 135634846; UID 10574; state: DISABLED
07-11 00:14:07.305  1750  2009 D BackupManagerService: [UserID:0] awaiting agent for ApplicationInfo{db243a0 com.wowwee.elmoji}
07-11 00:14:07.305  1750  2069 D CompatibilityChangeReporter: Compat change id reported: 143937733; UID 10574; state: DISABLED
07-11 00:14:07.334  1750  2069 I ActivityManager: Start proc 2010:com.wowwee.elmoji/u0a574 for backup {android/FullBackupAgent}
07-11 00:14:07.568  1750  2285 D CompatibilityChangeReporter: Compat change id reported: 168419799; UID 10574; state: DISABLED
07-11 00:14:07.802  1750  2285 I ActivityManager: Killing 23669:com.google.android.apps.maps/u0a202 (adj 945): empty #33
07-11 00:14:07.975  1750  4446 I ActivityManager: Killing 23577:com.urbandroid.sleep/u0a447 (adj 975): empty #33
07-11 00:14:08.333  1750  2975 D BackupManagerService: [UserID:0] agentConnected pkg=com.wowwee.elmoji agent=android.os.BinderProxy@8b744ea
07-11 00:14:08.333  1750  2009 I BackupManagerService: [UserID:0] got agent android.app.IBackupAgent$Stub$Proxy@403d3db
07-11 00:14:08.428  1750  2062 W ProcessStats: Tracking association SourceState{584cdb3 system/1000 BTopFgs #1307457} whose proc state 2 is better than process ProcessState{baa4f70 net.dinglisch.android.taskerm/10289 pkg=net.dinglisch.android.taskerm} proc state 3 (781 skipped)
07-11 00:14:08.577  1750  2351 I BackupRestoreController: Getting widget state for user: 0
07-11 00:14:08.577  1750  2351 D BackupManagerService: Calling doFullBackup() on com.wowwee.elmoji
07-11 00:14:09.153  1750  1787 I ActivityManager: Process com.wowwee.elmoji (pid 2010) has died: bkup TRNB
07-11 00:14:09.174  1750  1999 I PFTBT   : Transport suggested backoff=0
07-11 00:14:09.175  1750  1999 V BackupManagerConstants: getBackupFinishedNotificationReceivers(...) returns 
07-11 00:14:09.175  1750  1999 I PFTBT   : Unbinding agent in com.wowwee.elmoji
07-11 00:14:09.175  1750  1999 W ActivityManager: Unbinding backup agent with no active backup
07-11 00:14:09.175  1750  1999 I PFTBT   : Full backup completed with status: 0
07-11 00:14:09.181  1750  1999 V BackupManagerConstants: getFullBackupIntervalMilliseconds(...) returns 86400000
07-11 00:14:09.181  1750  1999 V BackupManagerConstants: getFullBackupRequiredNetworkType(...) returns 2
07-11 00:14:09.181  1750  1999 V BackupManagerConstants: getFullBackupRequireCharging(...) returns true
07-11 00:14:09.186  1750  1999 I PFTBT   : Full data backup pass finished.
07-11 00:14:09.187  1750  1999 V BackupManagerService: [UserID:0] Released wakelock:*backup*-0-3997
07-11 00:14:09.187  1750  1750 V BackupManagerConstants: getFullBackupIntervalMilliseconds(...) returns 86400000
07-11 00:14:09.187  1750  1750 V BackupManagerConstants: getKeyValueBackupIntervalMilliseconds(...) returns 14400000
07-11 00:14:09.187  1750  1750 I BackupManagerService: [UserID:0] Beginning scheduled full backup operation
07-11 00:14:09.187  1750  1750 D PFTBT   : backupmanager pftbt token=79719284
07-11 00:14:09.187  1750  1750 V BackupManagerService: [UserID:0] Acquired wakelock:*backup*-0-3997
07-11 00:14:09.199  1750  1750 I TransportClient: BackupTransportService#4270: Notifying [PFTBT.run()] transport = IBackupTransport
07-11 00:14:09.200  1750  2402 I PFTBT   : Initiating full-data transport backup of com.google.android.uvexposurereporter token: 2037486212
07-11 00:14:09.205  1750  2487 D BackupTransportManager: Transport com.google.android.gms/.backup.BackupTransportService updated its attributes
07-11 00:14:09.358  1750  2402 I PFTBT   : Transport rejected backup of com.google.android.uvexposurereporter, skipping
07-11 00:14:09.358  1750  2402 I PFTBT   : Unbinding agent in com.google.android.uvexposurereporter
07-11 00:14:09.358  1750  2402 W ActivityManager: Unbinding backup agent with no active backup
07-11 00:14:09.358  1750  2402 I PFTBT   : Full backup completed with status: 0
07-11 00:14:09.364  1750  2402 V BackupManagerConstants: getFullBackupIntervalMilliseconds(...) returns 86400000
07-11 00:14:09.364  1750  2402 V BackupManagerConstants: getFullBackupRequiredNetworkType(...) returns 2
07-11 00:14:09.364  1750  2402 V BackupManagerConstants: getFullBackupRequireCharging(...) returns true
07-11 00:14:09.370  1750  2402 I PFTBT   : Full data backup pass finished.
07-11 00:14:09.370  1750  2402 V BackupManagerService: [UserID:0] Released wakelock:*backup*-0-3997
07-11 00:14:09.370  1750  1750 V BackupManagerConstants: getFullBackupIntervalMilliseconds(...) returns 86400000
07-11 00:14:09.371  1750  1750 V BackupManagerConstants: getKeyValueBackupIntervalMilliseconds(...) returns 14400000
07-11 00:14:09.371  1750  1750 I BackupManagerService: [UserID:0] Beginning scheduled full backup operation
07-11 00:14:09.371  1750  1750 D PFTBT   : backupmanager pftbt token=2182d186
07-11 00:14:09.371  1750  1750 V BackupManagerService: [UserID:0] Acquired wakelock:*backup*-0-3997
07-11 00:14:09.384  1750  1750 I TransportClient: BackupTransportService#4271: Notifying [PFTBT.run()] transport = IBackupTransport
07-11 00:14:09.384  1750  2415 I PFTBT   : Initiating full-data transport backup of com.android.internal.display.cutout.emulation.noCutout token: 562221446
07-11 00:14:09.388  1750  2975 D BackupTransportManager: Transport com.google.android.gms/.backup.BackupTransportService updated its attributes
07-11 00:14:09.498  1750  2415 I PFTBT   : Transport rejected backup of com.android.internal.display.cutout.emulation.noCutout, skipping
07-11 00:14:09.498  1750  2415 I PFTBT   : Unbinding agent in com.android.internal.display.cutout.emulation.noCutout
07-11 00:14:09.498  1750  2415 W ActivityManager: Unbinding backup agent with no active backup
07-11 00:14:09.498  1750  2415 I PFTBT   : Full backup completed with status: 0
07-11 00:14:09.502  1750  2415 V BackupManagerConstants: getFullBackupIntervalMilliseconds(...) returns 86400000
07-11 00:14:09.502  1750  2415 V BackupManagerConstants: getFullBackupRequiredNetworkType(...) returns 2
07-11 00:14:09.502  1750  2415 V BackupManagerConstants: getFullBackupRequireCharging(...) returns true
07-11 00:14:09.504  1750  2415 I PFTBT   : Full data backup pass finished.
07-11 00:14:09.504  1750  2415 V BackupManagerService: [UserID:0] Released wakelock:*backup*-0-3997
07-11 00:14:09.505  1750  1750 V BackupManagerConstants: getFullBackupIntervalMilliseconds(...) returns 86400000
07-11 00:14:09.505  1750  1750 V BackupManagerConstants: getKeyValueBackupIntervalMilliseconds(...) returns 14400000
07-11 00:14:09.505  1750  1750 I BackupManagerService: [UserID:0] Beginning scheduled full backup operation
07-11 00:14:09.508  1750  1750 D PFTBT   : backupmanager pftbt token=36db6288
07-11 00:14:09.509  1750  1750 V BackupManagerService: [UserID:0] Acquired wakelock:*backup*-0-3997
07-11 00:14:09.520  1750  1750 I TransportClient: BackupTransportService#4272: Notifying [PFTBT.run()] transport = IBackupTransport
07-11 00:14:09.520  1750  2419 I PFTBT   : Initiating full-data transport backup of com.android.cts.priv.ctsshim token: 920347272
07-11 00:14:09.525  1750  2285 D BackupTransportManager: Transport com.google.android.gms/.backup.BackupTransportService updated its attributes
07-11 00:14:09.646  1750  2419 I PFTBT   : Transport rejected backup of com.android.cts.priv.ctsshim, skipping
07-11 00:14:09.646  1750  2419 I PFTBT   : Unbinding agent in com.android.cts.priv.ctsshim
07-11 00:14:09.646  1750  2419 W ActivityManager: Unbinding backup agent with no active backup
07-11 00:14:09.646  1750  2419 I PFTBT   : Full backup completed with status: 0
07-11 00:14:09.652  1750  2419 V BackupManagerConstants: getFullBackupIntervalMilliseconds(...) returns 86400000
07-11 00:14:09.652  1750  2419 V BackupManagerConstants: getFullBackupRequiredNetworkType(...) returns 2
07-11 00:14:09.652  1750  2419 V BackupManagerConstants: getFullBackupRequireCharging(...) returns true
07-11 00:14:09.658  1750  2419 I PFTBT   : Full data backup pass finished.
07-11 00:14:09.659  1750  2419 V BackupManagerService: [UserID:0] Released wakelock:*backup*-0-3997
07-11 00:14:09.659  1750  1750 V BackupManagerConstants: getFullBackupIntervalMilliseconds(...) returns 86400000
07-11 00:14:09.659  1750  1750 V BackupManagerConstants: getKeyValueBackupIntervalMilliseconds(...) returns 14400000
07-11 00:14:09.659  1750  1750 I BackupManagerService: [UserID:0] Beginning scheduled full backup operation
07-11 00:14:09.660  1750  1750 D PFTBT   : backupmanager pftbt token=4e93c68a
07-11 00:14:09.660  1750  1750 V BackupManagerService: [UserID:0] Acquired wakelock:*backup*-0-3997
07-11 00:14:09.669  1750  4099 D CompatibilityChangeReporter: Compat change id reported: 168419799; UID 10180; state: DISABLED
07-11 00:14:09.679  1750  1750 I TransportClient: BackupTransportService#4273: Notifying [PFTBT.run()] transport = IBackupTransport
07-11 00:14:09.679  1750  2455 I PFTBT   : Initiating full-data transport backup of com.wowwee.coji token: 1318307466
07-11 00:14:09.683  1750  2487 D BackupTransportManager: Transport com.google.android.gms/.backup.BackupTransportService updated its attributes
07-11 00:14:09.840  1750  2466 D CompatibilityChangeReporter: Compat change id reported: 135634846; UID 10573; state: DISABLED
07-11 00:14:09.840  1750  2466 D CompatibilityChangeReporter: Compat change id reported: 177438394; UID 10573; state: DISABLED
07-11 00:14:09.840  1750  2466 D CompatibilityChangeReporter: Compat change id reported: 135772972; UID 10573; state: DISABLED
07-11 00:14:09.840  1750  2466 D CompatibilityChangeReporter: Compat change id reported: 135754954; UID 10573; state: DISABLED
07-11 00:14:09.840  1750  2466 D BackupManagerService: [UserID:0] awaiting agent for ApplicationInfo{354f2b3 com.wowwee.coji}
07-11 00:14:09.840  1750  2069 D CompatibilityChangeReporter: Compat change id reported: 143937733; UID 10573; state: DISABLED
07-11 00:14:09.848  1750  2258 W NetworkPolicy: shared quota unsupported; generating rule for each iface
07-11 00:14:09.854  1750  2069 I ActivityManager: Start proc 2467:com.wowwee.coji/u0a573 for backup {android/FullBackupAgent}
07-11 00:14:09.880  1750  4309 D CompatibilityChangeReporter: Compat change id reported: 168419799; UID 10573; state: DISABLED
07-11 00:14:10.111  1750  2996 D BackupManagerService: [UserID:0] agentConnected pkg=com.wowwee.coji agent=android.os.BinderProxy@25c68df
07-11 00:14:10.111  1750  2466 I BackupManagerService: [UserID:0] got agent android.app.IBackupAgent$Stub$Proxy@4c6c92c
07-11 00:14:10.289  1750  2498 I BackupRestoreController: Getting widget state for user: 0
07-11 00:14:10.289  1750  2498 D BackupManagerService: Calling doFullBackup() on com.wowwee.coji
07-11 00:14:10.311  1750  4309 D CompatibilityChangeReporter: Compat change id reported: 135634846; UID 10464; state: DISABLED
07-11 00:14:10.311  1750  4309 D CompatibilityChangeReporter: Compat change id reported: 177438394; UID 10464; state: DISABLED
07-11 00:14:10.311  1750  4309 D CompatibilityChangeReporter: Compat change id reported: 135772972; UID 10464; state: DISABLED
07-11 00:14:10.312  1750  4309 D CompatibilityChangeReporter: Compat change id reported: 135754954; UID 10464; state: ENABLED
07-11 00:14:10.312  1750  2069 D CompatibilityChangeReporter: Compat change id reported: 143937733; UID 10464; state: ENABLED
07-11 00:14:10.315  1750  2996 I ActivityManager: Killing 29146:com.google.android.webview:sandboxed_process0:org.chromium.content.app.SandboxedProcessService0:0/u0a390i522 (adj 975): empty #33
07-11 00:14:10.327  1750  2069 I ActivityManager: Start proc 2501:com.Slack/u0a464 for service {com.Slack/androidx.work.impl.background.systemjob.SystemJobService}
07-11 00:14:10.356  1750  4309 D CompatibilityChangeReporter: Compat change id reported: 168419799; UID 10464; state: DISABLED
07-11 00:14:10.360  1750  2996 W ActivityManager: Scheduling restart of crashed service com.bestbuy.android/org.chromium.content.app.SandboxedProcessService0:0 in 1000ms for connection
07-11 00:14:10.390  1750  2096 E KernelCpuUidActiveTimeReader: Negative delta from active time for uid: 10229, delta: -12
07-11 00:14:10.391  1750  2096 E KernelCpuUidActiveTimeReader: Negative delta from active time for uid: 10114, delta: -16
07-11 00:14:10.391  1750  2096 E KernelCpuUidActiveTimeReader: Negative delta from active time for uid: 10151, delta: -22
07-11 00:14:10.391  1750  2096 E KernelCpuUidActiveTimeReader: Negative delta from active time for uid: 10290, delta: -30
07-11 00:14:10.391  1750  2096 E KernelCpuUidActiveTimeReader: Negative delta from active time for uid: 10167, delta: -11
07-11 00:14:10.391  1750  2096 E KernelCpuUidActiveTimeReader: Negative delta from active time for uid: 10157, delta: -17
07-11 00:14:10.392  1750  2096 E KernelCpuUidActiveTimeReader: Negative delta from active time for uid: 10521, delta: -19
07-11 00:14:10.392  1750  2096 E KernelCpuUidActiveTimeReader: Negative delta from active time for uid: 10343, delta: -33
07-11 00:14:10.392  1750  2096 E KernelCpuUidActiveTimeReader: Negative delta from active time for uid: 10105, delta: -12
07-11 00:14:10.392  1750  2096 E KernelCpuUidActiveTimeReader: Negative delta from active time for uid: 10236, delta: -2
07-11 00:14:10.392  1750  2096 E KernelCpuUidActiveTimeReader: Negative delta from active time for uid: 10184, delta: -30
07-11 00:14:10.392  1750  2096 E KernelCpuUidActiveTimeReader: Negative delta from active time for uid: 10404, delta: -24
07-11 00:14:10.392  1750  2096 E KernelCpuUidActiveTimeReader: Negative delta from active time for uid: 10281, delta: -44
07-11 00:14:10.487  1750  2996 I ActivityManager: Process com.wowwee.coji (pid 2467) has died: bkup TRNB
07-11 00:14:10.688  1750  2975 I ActivityManager: Killing 29017:com.bestbuy.android/u0a390 (adj 955): empty #33
07-11 00:14:10.812  1750  2455 I PFTBT   : Transport suggested backoff=0
07-11 00:14:10.812  1750  2455 V BackupManagerConstants: getBackupFinishedNotificationReceivers(...) returns 
07-11 00:14:10.812  1750  2455 I PFTBT   : Unbinding agent in com.wowwee.coji
07-11 00:14:10.813  1750  2455 W ActivityManager: Unbinding backup agent with no active backup
07-11 00:14:10.813  1750  2455 I PFTBT   : Full backup completed with status: 0
