07-12 23:48:42.984  1750  4099 W ActivityManager: 	at android.os.Binder.execTransact(Binder.java:1143)
07-12 23:48:43.040  1750  4055 I ActivityManager: Process com.google.android.webview:webview_service (pid 23315) has died: cch+75 CEM 
07-12 23:48:43.103  8431 25052 E ActivityThread: Failed to find provider info for com.samsung.android.holidays
07-12 23:48:43.105  8431 25052 E ActivityThread: Failed to find provider info for com.sec.android.calendar.preference
07-12 23:48:43.106  8431 25052 E ActivityThread: Failed to find provider info for com.sec.android.calendar.preference
07-12 23:48:43.106  8431 25052 E ActivityThread: Failed to find provider info for com.sec.android.calendar.preference
07-12 23:48:43.106  8431 25052 E ActivityThread: Failed to find provider info for com.sec.android.calendar.preference
07-12 23:48:43.108  8431 25052 E ActivityThread: Failed to find provider info for com.sec.android.calendar.preference
07-12 23:48:43.130  1750  4057 D CompatibilityChangeReporter: Compat change id reported: 143231523; UID 10334; state: DISABLED
07-12 23:48:43.140  1750  4057 I ActivityManager: Process com.google.android.apps.fitness (pid 22858) has died: cch+99 CEM 
07-12 23:48:43.150  8431 25052 E ActivityThread: Failed to find provider info for com.sec.android.calendar.preference
07-12 23:48:43.150  8431 25052 E ActivityThread: Failed to find provider info for com.sec.android.calendar.preference
07-12 23:48:43.166  8431  8431 E ActivityThread: Failed to find provider info for logs
07-12 23:48:43.347  1750  4057 I ActivityManager: Process com.tmobile.digits (pid 23629) has died: cch+85 CEM 
07-12 23:48:43.538  1750  4232 I ActivityManager: Process com.nstudio.weatherhere (pid 23635) has died: cch+85 CEM 
07-12 23:48:43.766  1750  4246 D TextToSpeechManagerPerUserService: Unbinding TTS engine: com.google.android.tts. Reason: client process death is reported
07-12 23:48:43.770  1750  2504 I ActivityManager: Process com.google.android.projection.gearhead:car (pid 10141) has died: cch+75 CEM 
07-12 23:48:43.781  1750  4246 I ActivityManager: Process com.google.android.projection.gearhead:shared (pid 13060) has died: cch+75 CEM 
07-12 23:48:43.787  1750  3117 I ActivityManager: Process com.google.android.contacts (pid 23614) has died: cch+75 CEM 
07-12 23:48:43.793  1750  2285 V ActivityManager: Got obituary of 15234:com.facebook.orca
07-12 23:48:43.794  1750  4230 I ActivityManager: Process com.google.ar.core (pid 23376) has died: cch+75 CEM 
07-12 23:48:43.804  1750  1750 W TextToSpeechManagerPerUserService: Disconnected from TTS engine
07-12 23:48:43.805  1750  1750 I TextToSpeechManagerPerUserService: Failed running callback method: android.os.DeadObjectException
07-12 23:48:43.830 20179 20179 E ActivityThread: Failed to find provider info for com.samsung.android.wms
07-12 23:48:43.845 20179 20179 E ActivityThread: Failed to find provider info for com.samsung.android.wms
07-12 23:48:43.891  1750  1787 W BroadcastQueue: Background execution not allowed: receiving Intent { act=com.samsung.android.wearable.action.WEARABLE_DEVICE_CONNECTED flg=0x10 (has extras) } to com.samsung.android.waterplugin/com.samsung.android.companionservice.service.pay.receiver.WatchPayPluginReceiver
07-12 23:48:43.962  1750  1787 D CompatibilityChangeReporter: Compat change id reported: 135634846; UID 10263; state: DISABLED
07-12 23:48:43.962  1750  1787 D CompatibilityChangeReporter: Compat change id reported: 177438394; UID 10263; state: DISABLED
07-12 23:48:43.962  1750  1787 D CompatibilityChangeReporter: Compat change id reported: 135772972; UID 10263; state: DISABLED
07-12 23:48:43.962  1750  1787 D CompatibilityChangeReporter: Compat change id reported: 135754954; UID 10263; state: ENABLED
07-12 23:48:43.962  1750  2069 D CompatibilityChangeReporter: Compat change id reported: 143937733; UID 10263; state: ENABLED
07-12 23:48:43.972  1750  2069 I ActivityManager: Start proc 25122:com.facebook.orca/u0a263 for service {com.facebook.orca/com.facebook.messengerwear.support.MessengerWearDetectionService}
07-12 23:48:44.252  1750  4057 I ActivityManager: Process com.android.chrome (pid 17802) has died: cch+70 CACC
07-12 23:48:44.253  1750  4057 W ActivityManager: Scheduling restart of crashed service com.android.chrome/org.chromium.chrome.browser.customtabs.CustomTabsConnectionService in 12731ms for connection
07-12 23:48:44.658  1750  1787 D CompatibilityChangeReporter: Compat change id reported: 135634846; UID 10546; state: DISABLED
07-12 23:48:44.658  1750  1787 D CompatibilityChangeReporter: Compat change id reported: 177438394; UID 10546; state: DISABLED
07-12 23:48:44.658  1750  1787 D CompatibilityChangeReporter: Compat change id reported: 135772972; UID 10546; state: DISABLED
07-12 23:48:44.658  1750  1787 D CompatibilityChangeReporter: Compat change id reported: 135754954; UID 10546; state: ENABLED
07-12 23:48:44.659  1750  2069 D CompatibilityChangeReporter: Compat change id reported: 143937733; UID 10546; state: ENABLED
07-12 23:48:44.675  1750  2069 I ActivityManager: Start proc 25162:com.benoitletondor.pixelminimalwatchface/u0a546 for service {com.benoitletondor.pixelminimalwatchface/com.benoitletondor.pixelminimalwatchfacecompanion.WatchMessageReceiver}
07-12 23:48:44.988  1750  4246 D CompatibilityChangeReporter: Compat change id reported: 168419799; UID 10334; state: DISABLED
07-12 23:48:45.333  1750  2996 D CompatibilityChangeReporter: Compat change id reported: 171306433; UID 10263; state: DISABLED
07-12 23:48:45.971  1750  4246 D CompatibilityChangeReporter: Compat change id reported: 168419799; UID 10263; state: DISABLED
07-12 23:48:46.305  1750  4246 D CompatibilityChangeReporter: Compat change id reported: 135634846; UID 10217; state: DISABLED
07-12 23:48:46.305  1750  4246 D CompatibilityChangeReporter: Compat change id reported: 177438394; UID 10217; state: DISABLED
07-12 23:48:46.305  1750  4246 D CompatibilityChangeReporter: Compat change id reported: 135772972; UID 10217; state: DISABLED
07-12 23:48:46.305  1750  4246 D CompatibilityChangeReporter: Compat change id reported: 135754954; UID 10217; state: ENABLED
07-12 23:48:46.306  1750  2069 D CompatibilityChangeReporter: Compat change id reported: 143937733; UID 10217; state: ENABLED
07-12 23:48:46.316  1750  2069 I ActivityManager: Start proc 25326:com.google.android.webview:webview_service/u0a217 for service {com.google.android.webview/org.chromium.android_webview.services.VariationsSeedServer}
07-12 23:48:46.353  1750  4246 D CompatibilityChangeReporter: Compat change id reported: 168419799; UID 10217; state: DISABLED
07-12 23:48:47.102  1750  2062 W Looper  : Slow dispatch took 11241ms android.bg h=android.os.Handler c=android.app.LoadedApk$ReceiverDispatcher$Args$$ExternalSyntheticLambda0@72f5189 m=0
07-12 23:48:47.370  1750  2996 W AlarmManager: Window length 1657772640000ms too long; limiting to 1 day
07-12 23:48:47.548  1750  2996 W ActivityManager: Background start not allowed: service Intent { act=ACTION_STOP_FOREGROUND cmp=gov.pa.covidtracker/androidx.work.impl.foreground.SystemForegroundService } to gov.pa.covidtracker/androidx.work.impl.foreground.SystemForegroundService from pid=23621 uid=10298 pkg=gov.pa.covidtracker startFg?=false
07-12 23:48:47.611  1750  2996 W ActivityManager: Background start not allowed: service Intent { act=ACTION_NOTIFY cmp=gov.pa.covidtracker/androidx.work.impl.foreground.SystemForegroundService (has extras) } to gov.pa.covidtracker/androidx.work.impl.foreground.SystemForegroundService from pid=23621 uid=10298 pkg=gov.pa.covidtracker startFg?=false
07-12 23:48:48.211  1750  2062 W ProcessStats: Tracking association SourceState{584cdb3 system/1000 BTopFgs #1932599} whose proc state 2 is better than process ProcessState{baa4f70 net.dinglisch.android.taskerm/10289 pkg=net.dinglisch.android.taskerm} proc state 3 (885 skipped)
07-12 23:48:48.219  1750  2062 I CompanionDeviceManagerService: Writing associations to disk: {Association { userId = 0, deviceMacAddress = D0:1B:49:3F:0E:CB, packageName = com.samsung.android.waterplugin, deviceProfile = null, notifyOnDeviceNearby = false, timeApprovedMs = Thu Jul 07 14:43:08 EDT 2022 }, Association { userId = 0, deviceMacAddress = 08:BF:A0:F6:23:8D, packageName = com.samsung.android.gearnplugin, deviceProfile = null, notifyOnDeviceNearby = false, timeApprovedMs = Wed Dec 31 19:00:00 EST 1969 }}
07-12 23:48:48.222  1750  2062 I CompanionDeviceManagerService: Writing associations to disk: {Association { userId = 0, deviceMacAddress = D0:1B:49:3F:0E:CB, packageName = com.samsung.android.waterplugin, deviceProfile = null, notifyOnDeviceNearby = false, timeApprovedMs = Thu Jul 07 14:43:08 EDT 2022 }, Association { userId = 0, deviceMacAddress = 08:BF:A0:F6:23:8D, packageName = com.samsung.android.gearnplugin, deviceProfile = null, notifyOnDeviceNearby = false, timeApprovedMs = Wed Dec 31 19:00:00 EST 1969 }}
07-12 23:48:48.226  1750  2062 I CompanionDeviceManagerService: Writing associations to disk: {Association { userId = 0, deviceMacAddress = D0:1B:49:3F:0E:CB, packageName = com.samsung.android.waterplugin, deviceProfile = null, notifyOnDeviceNearby = false, timeApprovedMs = Thu Jul 07 14:43:08 EDT 2022 }, Association { userId = 0, deviceMacAddress = 08:BF:A0:F6:23:8D, packageName = com.samsung.android.gearnplugin, deviceProfile = null, notifyOnDeviceNearby = false, timeApprovedMs = Wed Dec 31 19:00:00 EST 1969 }}
07-12 23:48:48.228  1750  2062 I CompanionDeviceManagerService: Writing associations to disk: {Association { userId = 0, deviceMacAddress = D0:1B:49:3F:0E:CB, packageName = com.samsung.android.waterplugin, deviceProfile = null, notifyOnDeviceNearby = false, timeApprovedMs = Thu Jul 07 14:43:08 EDT 2022 }, Association { userId = 0, deviceMacAddress = 08:BF:A0:F6:23:8D, packageName = com.samsung.android.gearnplugin, deviceProfile = null, notifyOnDeviceNearby = false, timeApprovedMs = Wed Dec 31 19:00:00 EST 1969 }}
07-12 23:48:49.283  1750  3117 W ActivityManager: Background start not allowed: service Intent { act=ACTION_STOP_FOREGROUND cmp=gov.pa.covidtracker/androidx.work.impl.foreground.SystemForegroundService } to gov.pa.covidtracker/androidx.work.impl.foreground.SystemForegroundService from pid=23621 uid=10298 pkg=gov.pa.covidtracker startFg?=false
07-12 23:48:49.441  1750  2996 D CompatibilityChangeReporter: Compat change id reported: 168419799; UID 10258; state: DISABLED
07-12 23:48:49.487  1750  3117 W ActivityManager: Background start not allowed: service Intent { act=Orca.START cmp=com.facebook.katana/com.facebook.mqttlite.MqttService (has extras) } to com.facebook.katana/com.facebook.mqttlite.MqttService from pid=24669 uid=10258 pkg=com.facebook.katana startFg?=false
07-12 23:48:51.817  1750  1750 D CompatibilityChangeReporter: Compat change id reported: 168419799; UID 10264; state: DISABLED
07-12 23:48:52.428  1750  2258 W NetworkPolicy: shared quota unsupported; generating rule for each iface
07-12 23:48:52.882  1018  1018 I vendor.google.wifi_ext@1.0-service-vendor: Wifi: Reseting SAR Scenario to default
07-12 23:48:53.272  8431  8431 E ActivityThread: Failed to find provider info for com.samsung.android.mdecservice.entitlement.gmcontentprovider
07-12 23:48:53.542  1750  2068 W BroadcastQueue: Permission Denial: broadcasting Intent { act=android.net.conn.CONNECTIVITY_CHANGE flg=0x4200010 (has extras) } from null (pid=-1, uid=-1) requires com.facebook.permission.prod.FB_APP_COMMUNICATION due to registered receiver BroadcastFilter{132e64e 10263/u0 ReceiverList{1541d49 25122 com.facebook.orca/10263/u0 remote:14a3750}}
07-12 23:48:56.794  1750  4057 D CompatibilityChangeReporter: Compat change id reported: 149924527; UID 10263; state: ENABLED
07-12 23:48:56.794  1750  4057 D CompatibilityChangeReporter: Compat change id reported: 132649864; UID 10263; state: DISABLED
07-12 23:48:56.795  1750  2996 D CompatibilityChangeReporter: Compat change id reported: 182734110; UID 10263; state: DISABLED
07-12 23:48:59.019  1750  2996 W ProcessStats: Tracking association SourceState{584cdb3 system/1000 BTopFgs #1933257} whose proc state 2 is better than process ProcessState{baa4f70 net.dinglisch.android.taskerm/10289 pkg=net.dinglisch.android.taskerm} proc state 3 (616 skipped)
07-12 23:49:03.114  1750  2062 E DiscreteRegistry: Deleting file 1657596871486tl
07-12 23:49:04.137  1750  4365 I Telecom : PhoneAccountRegistrar: getSimCallManager: SimCallManager for subId 2 queried, returning: null
07-12 23:49:06.086  1750  2068 W BroadcastQueue: Permission Denial: broadcasting Intent { act=android.net.conn.CONNECTIVITY_CHANGE flg=0x4200010 (has extras) } from null (pid=-1, uid=-1) requires com.facebook.permission.prod.FB_APP_COMMUNICATION due to registered receiver BroadcastFilter{76ede47 10258/u0 ReceiverList{48f8586 24669 com.facebook.katana/10258/u0 remote:a7f5661}}
07-12 23:49:06.595 24669 25064 E ActivityThread: Failed to find provider info for com.facebook.appmanager.firstparty.crashreporter
07-12 23:49:06.649 24669 24830 E ActivityThread: Failed to find provider info for com.android.launcher3.cornermark.unreadbadge
07-12 23:49:09.061  1750  2068 W ProcessStats: Tracking association SourceState{584cdb3 system/1000 BTopFgs #1933339} whose proc state 2 is better than process ProcessState{baa4f70 net.dinglisch.android.taskerm/10289 pkg=net.dinglisch.android.taskerm} proc state 3 (56 skipped)
07-12 23:49:19.637  1750  4057 W ProcessStats: Tracking association SourceState{584cdb3 system/1000 BTopFgs #1933375} whose proc state 2 is better than process ProcessState{baa4f70 net.dinglisch.android.taskerm/10289 pkg=net.dinglisch.android.taskerm} proc state 3 (28 skipped)
07-12 23:49:30.592  1750  3117 W ProcessStats: Tracking association SourceState{584cdb3 system/1000 BTopFgs #1933377} whose proc state 2 is better than process ProcessState{baa4f70 net.dinglisch.android.taskerm/10289 pkg=net.dinglisch.android.taskerm} proc state 3 (1 skipped)
07-12 23:49:34.637  1750  4246 I Telecom : PhoneAccountRegistrar: getSimCallManager: SimCallManager for subId 2 queried, returning: null
07-12 23:49:40.633  1750  2062 W ProcessStats: Tracking association SourceState{584cdb3 system/1000 BTopFgs #1933394} whose proc state 2 is better than process ProcessState{baa4f70 net.dinglisch.android.taskerm/10289 pkg=net.dinglisch.android.taskerm} proc state 3 (10 skipped)
07-12 23:49:47.184  1750  4365 D CompatibilityChangeReporter: Compat change id reported: 171306433; UID 1000; state: ENABLED
07-12 23:49:52.717  1750  4365 W ProcessStats: Tracking association SourceState{584cdb3 system/1000 BTopFgs #1933407} whose proc state 2 is better than process ProcessState{baa4f70 net.dinglisch.android.taskerm/10289 pkg=net.dinglisch.android.taskerm} proc state 3 (7 skipped)
07-12 23:50:03.099  1750  2258 W NetworkPolicy: shared quota unsupported; generating rule for each iface
07-12 23:50:03.202  1750  4246 W ProcessStats: Tracking association SourceState{584cdb3 system/1000 BTopFgs #1933433} whose proc state 2 is better than process ProcessState{baa4f70 net.dinglisch.android.taskerm/10289 pkg=net.dinglisch.android.taskerm} proc state 3 (10 skipped)
07-12 23:50:15.359  1750  2068 W ActivityManager: Stopping service due to app idle: u0a263 -1m29s392ms com.facebook.orca/com.facebook.mqttlite.MqttService
07-12 23:50:17.626  1750  4246 W ProcessStats: Tracking association SourceState{584cdb3 system/1000 BTopFgs #1933456} whose proc state 2 is better than process ProcessState{baa4f70 net.dinglisch.android.taskerm/10289 pkg=net.dinglisch.android.taskerm} proc state 3 (6 skipped)
07-12 23:50:32.494  1750  2504 W ProcessStats: Tracking association SourceState{584cdb3 system/1000 BTopFgs #1933461} whose proc state 2 is better than process ProcessState{baa4f70 net.dinglisch.android.taskerm/10289 pkg=net.dinglisch.android.taskerm} proc state 3 (3 skipped)
07-12 23:50:37.564  1750  1750 I ContentCaptureManagerService: Content capture data sharing session terminated successfully for package 'com.google.android.googlequicksearchbox'
07-12 23:50:37.805  1750  1750 I ContentCaptureManagerService: Content capture data sharing session terminated successfully for package 'com.google.android.googlequicksearchbox'
07-12 23:50:44.288  1750  2504 W ProcessStats: Tracking association SourceState{584cdb3 system/1000 BTopFgs #1933463} whose proc state 2 is better than process ProcessState{baa4f70 net.dinglisch.android.taskerm/10289 pkg=net.dinglisch.android.taskerm} proc state 3 (1 skipped)
07-12 23:50:59.331  1750  4246 W ProcessStats: Tracking association SourceState{584cdb3 system/1000 BTopFgs #1933466} whose proc state 2 is better than process ProcessState{baa4f70 net.dinglisch.android.taskerm/10289 pkg=net.dinglisch.android.taskerm} proc state 3 (2 skipped)
07-12 23:51:19.743  1750  4246 W ProcessStats: Tracking association SourceState{584cdb3 system/1000 BTopFgs #1933479} whose proc state 2 is better than process ProcessState{baa4f70 net.dinglisch.android.taskerm/10289 pkg=net.dinglisch.android.taskerm} proc state 3 (7 skipped)
07-12 23:51:23.409  1750  2258 W NetworkPolicy: shared quota unsupported; generating rule for each iface
07-12 23:51:32.492  1750  1787 W ProcessStats: Tracking association SourceState{584cdb3 system/1000 BTopFgs #1933480} whose proc state 2 is better than process ProcessState{baa4f70 net.dinglisch.android.taskerm/10289 pkg=net.dinglisch.android.taskerm} proc state 3 (0 skipped)
07-12 23:51:47.527  1750  4099 W ProcessStats: Tracking association SourceState{584cdb3 system/1000 BTopFgs #1933485} whose proc state 2 is better than process ProcessState{baa4f70 net.dinglisch.android.taskerm/10289 pkg=net.dinglisch.android.taskerm} proc state 3 (4 skipped)
07-12 23:51:59.652  1750  4057 W ProcessStats: Tracking association SourceState{584cdb3 system/1000 BTopFgs #1933487} whose proc state 2 is better than process ProcessState{baa4f70 net.dinglisch.android.taskerm/10289 pkg=net.dinglisch.android.taskerm} proc state 3 (1 skipped)
07-12 23:52:10.666  1750  2062 W ProcessStats: Tracking association SourceState{584cdb3 system/1000 BTopFgs #1933495} whose proc state 2 is better than process ProcessState{baa4f70 net.dinglisch.android.taskerm/10289 pkg=net.dinglisch.android.taskerm} proc state 3 (4 skipped)
07-12 23:52:28.849  1750  4232 W ProcessStats: Tracking association SourceState{584cdb3 system/1000 BTopFgs #1933500} whose proc state 2 is better than process ProcessState{baa4f70 net.dinglisch.android.taskerm/10289 pkg=net.dinglisch.android.taskerm} proc state 3 (4 skipped)
07-12 23:52:40.367  1750  1787 W ProcessStats: Tracking association SourceState{584cdb3 system/1000 BTopFgs #1933506} whose proc state 2 is better than process ProcessState{baa4f70 net.dinglisch.android.taskerm/10289 pkg=net.dinglisch.android.taskerm} proc state 3 (5 skipped)
07-12 23:52:52.797  1750  4099 W ProcessStats: Tracking association SourceState{584cdb3 system/1000 BTopFgs #1933511} whose proc state 2 is better than process ProcessState{baa4f70 net.dinglisch.android.taskerm/10289 pkg=net.dinglisch.android.taskerm} proc state 3 (2 skipped)
07-12 23:53:07.833  1750  1787 W ProcessStats: Tracking association SourceState{584cdb3 system/1000 BTopFgs #1933512} whose proc state 2 is better than process ProcessState{baa4f70 net.dinglisch.android.taskerm/10289 pkg=net.dinglisch.android.taskerm} proc state 3 (0 skipped)
07-12 23:53:19.763  1750  4099 W ProcessStats: Tracking association SourceState{584cdb3 system/1000 BTopFgs #1933513} whose proc state 2 is better than process ProcessState{baa4f70 net.dinglisch.android.taskerm/10289 pkg=net.dinglisch.android.taskerm} proc state 3 (0 skipped)
07-12 23:53:27.411  1750  2128 V DisplayPowerController[0]: Brightness [0.05] reason changing to: 'automatic [ dim ]', previous reason: 'automatic'.
07-12 23:53:28.080  1750  2096 E KernelCpuUidActiveTimeReader: Negative delta from active time for uid: 10229, delta: -12
07-12 23:53:28.080  1750  2096 E KernelCpuUidActiveTimeReader: Negative delta from active time for uid: 10151, delta: -22
07-12 23:53:28.081  1750  2096 E KernelCpuUidActiveTimeReader: Negative delta from active time for uid: 10167, delta: -11
07-12 23:53:28.081  1750  2096 E KernelCpuUidActiveTimeReader: Negative delta from active time for uid: 10157, delta: -17
07-12 23:53:28.081  1750  2096 E KernelCpuUidActiveTimeReader: Negative delta from active time for uid: 10521, delta: -19
07-12 23:53:28.081  1750  2096 E KernelCpuUidActiveTimeReader: Negative delta from active time for uid: 10343, delta: -33
07-12 23:53:28.081  1750  2096 E KernelCpuUidActiveTimeReader: Negative delta from active time for uid: 10105, delta: -12
07-12 23:53:28.081  1750  2096 E KernelCpuUidActiveTimeReader: Negative delta from active time for uid: 10236, delta: -2
07-12 23:53:28.082  1750  2096 E KernelCpuUidActiveTimeReader: Negative delta from active time for uid: 10184, delta: -30
07-12 23:53:28.082  1750  2096 E KernelCpuUidActiveTimeReader: Negative delta from active time for uid: 10404, delta: -24
07-12 23:53:28.082  1750  2096 E KernelCpuUidActiveTimeReader: Negative delta from active time for uid: 10281, delta: -44
07-12 23:53:32.495  1750  4057 W ProcessStats: Tracking association SourceState{584cdb3 system/1000 BTopFgs #1933547} whose proc state 2 is better than process ProcessState{baa4f70 net.dinglisch.android.taskerm/10289 pkg=net.dinglisch.android.taskerm} proc state 3 (19 skipped)
07-12 23:53:34.407  1750  2128 I PowerManagerService: Powering off display group due to timeout (groupId= 0, uid= 1000)...
07-12 23:53:34.407  1750  2128 I PowerManagerService: Going to sleep due to timeout (uid 1000)...
07-12 23:53:34.431  1750  4099 D BiometricUtils: isEncrypted: false isLockdown: false
07-12 23:53:34.432  1750  1750 D BiometricScheduler/Fingerprint21: [Added] {[1060] com.android.server.biometrics.sensors.fingerprint.hidl.FingerprintUpdateActiveUserClient, proto=1, owner=android, cookie=0, requestId=-1, userId=0}, new queue size: 1
07-12 23:53:34.432  1750  1750 D BiometricScheduler/Fingerprint21: [Polled] {[1060] com.android.server.biometrics.sensors.fingerprint.hidl.FingerprintUpdateActiveUserClient, proto=1, owner=android, cookie=0, requestId=-1, userId=0}, State: 0
07-12 23:53:34.432  1750  1750 D BiometricScheduler/Fingerprint21: [Started] {[1060] com.android.server.biometrics.sensors.fingerprint.hidl.FingerprintUpdateActiveUserClient, proto=1, owner=android, cookie=0, requestId=-1, userId=0}
07-12 23:53:34.432  1750  1750 D FingerprintUpdateActiveUserClient: Already user: com.android.server.biometrics.sensors.fingerprint.hidl.Fingerprint21$$ExternalSyntheticLambda17@dff253e, returning
07-12 23:53:34.432  1750  1750 D BiometricSchedulerOperation: [Finished / destroy]: {[1060] com.android.server.biometrics.sensors.fingerprint.hidl.FingerprintUpdateActiveUserClient, proto=1, owner=android, cookie=0, requestId=-1, userId=0}
07-12 23:53:34.432  1750  1750 V BiometricSchedulerOperation: started: {[1060] com.android.server.biometrics.sensors.fingerprint.hidl.FingerprintUpdateActiveUserClient, proto=1, owner=android, cookie=0, requestId=-1, userId=0}, State: 5
07-12 23:53:34.433  1750  1750 D BiometricScheduler/Fingerprint21: [Added] {[1061] com.android.server.biometrics.sensors.fingerprint.hidl.FingerprintAuthenticationClient, proto=3, owner=com.android.systemui, cookie=0, requestId=504, userId=0}, new queue size: 1
07-12 23:53:34.433  1750  1750 V BiometricScheduler/Fingerprint21: Not idle, current operation: {[1060] com.android.server.biometrics.sensors.fingerprint.hidl.FingerprintUpdateActiveUserClient, proto=1, owner=android, cookie=0, requestId=-1, userId=0}, State: 5
07-12 23:53:34.433  1750  1750 D BiometricScheduler/Fingerprint21: [Finishing] {[1060] com.android.server.biometrics.sensors.fingerprint.hidl.FingerprintUpdateActiveUserClient, proto=1, owner=android, cookie=0, requestId=-1, userId=0}, success: true
07-12 23:53:34.433  1750  1750 D BiometricScheduler/Fingerprint21: [Polled] {[1061] com.android.server.biometrics.sensors.fingerprint.hidl.FingerprintAuthenticationClient, proto=3, owner=com.android.systemui, cookie=0, requestId=504, userId=0}, State: 0
07-12 23:53:34.434  1750  1750 D GestureAvailabilityTracker: Notifying gesture availability, active=false
07-12 23:53:34.434  1750  1750 D BiometricScheduler/Fingerprint21: [Started] {[1061] com.android.server.biometrics.sensors.fingerprint.hidl.FingerprintAuthenticationClient, proto=3, owner=com.android.systemui, cookie=0, requestId=504, userId=0}
07-12 23:53:34.434  1750  1750 D BiometricCoexCoordinator: addAuthenticationClient(OtherFp), client: {[1061] com.android.server.biometrics.sensors.fingerprint.hidl.FingerprintAuthenticationClient, proto=3, owner=com.android.systemui, cookie=0, requestId=504, userId=0}
07-12 23:53:34.434  1750  1750 D FingerprintService: Fps state updated from 0 to 2, client {[1061] com.android.server.biometrics.sensors.fingerprint.hidl.FingerprintAuthenticationClient, proto=3, owner=com.android.systemui, cookie=0, requestId=504, userId=0}
07-12 23:53:34.434  1750  1750 D Biometrics/AuthenticationClient: Requesting auth for com.android.systemui
07-12 23:53:34.472  1750  1750 V BiometricSchedulerOperation: started: {[1061] com.android.server.biometrics.sensors.fingerprint.hidl.FingerprintAuthenticationClient, proto=3, owner=com.android.systemui, cookie=0, requestId=504, userId=0}, State: 2
07-12 23:53:34.540  1750  2128 V DisplayPowerController[0]: Brightness [0.14205346] reason changing to: 'automatic', previous reason: 'automatic [ dim ]'.
07-12 23:53:34.945  1750  2128 I DisplayPowerController[0]: Blocking screen off
07-12 23:53:34.946  1750  2128 I DisplayPowerController[0]: Unblocked screen off after 0 ms
07-12 23:53:34.970  1750  2128 D ActivityTaskManager: Top Process State changed to PROCESS_STATE_TOP_SLEEPING
07-12 23:53:34.999  1750  2128 V DisplayPowerController[0]: Brightness [0.0] reason changing to: 'screen_off', previous reason: 'automatic'.
07-12 23:53:35.005  1750  2045 I DisplayDeviceRepository: Display device changed state: "Built-in Screen", OFF
07-12 23:53:35.038  1750  4099 D CompatibilityChangeReporter: Compat change id reported: 181658987; UID 10297; state: ENABLED
07-12 23:53:35.051  1750  2096 E KernelCpuUidActiveTimeReader: Negative delta from active time for uid: 10229, delta: -12
07-12 23:53:35.051  1750  2096 E KernelCpuUidActiveTimeReader: Negative delta from active time for uid: 10151, delta: -22
07-12 23:53:35.051  1750  2096 E KernelCpuUidActiveTimeReader: Negative delta from active time for uid: 10167, delta: -11
07-12 23:53:35.052  1750  2096 E KernelCpuUidActiveTimeReader: Negative delta from active time for uid: 10157, delta: -17
07-12 23:53:35.052  1750  2096 E KernelCpuUidActiveTimeReader: Negative delta from active time for uid: 10521, delta: -19
07-12 23:53:35.052  1750  2096 E KernelCpuUidActiveTimeReader: Negative delta from active time for uid: 10343, delta: -33
07-12 23:53:35.052  1750  2096 E KernelCpuUidActiveTimeReader: Negative delta from active time for uid: 10105, delta: -12
07-12 23:53:35.052  1750  2096 E KernelCpuUidActiveTimeReader: Negative delta from active time for uid: 10236, delta: -2
07-12 23:53:35.052  1750  2096 E KernelCpuUidActiveTimeReader: Negative delta from active time for uid: 10184, delta: -30
07-12 23:53:35.052  1750  2096 E KernelCpuUidActiveTimeReader: Negative delta from active time for uid: 10404, delta: -24
07-12 23:53:35.052  1750  2096 E KernelCpuUidActiveTimeReader: Negative delta from active time for uid: 10281, delta: -44
07-12 23:53:35.139  1750  1750 I ContentCaptureManagerService: Content capture data sharing session terminated successfully for package 'com.google.android.googlequicksearchbox'
07-12 23:53:35.140  1750  1750 I ContentCaptureManagerService: Content capture data sharing session terminated successfully for package 'com.google.android.googlequicksearchbox'
07-12 23:53:35.204  1750  2128 I DreamManagerService: Entering dreamland.
07-12 23:53:35.204  1750  2128 I PowerManagerService: Dozing...
07-12 23:53:35.205  1750  2042 I DreamController: Starting dream: name=ComponentInfo{com.android.systemui/com.android.systemui.doze.DozeService}, isTest=false, canDoze=true, userId=0
07-12 23:53:35.301  1750  2128 I DisplayPowerController[0]: Blocking screen on until initial contents have been drawn.
07-12 23:53:35.301  1750  2128 V DisplayPowerController[0]: Brightness [0.0] reason changing to: 'doze', previous reason: 'screen_off'.
07-12 23:53:35.302  1750  2045 I DisplayDeviceRepository: Display device changed state: "Built-in Screen", DOZE
07-12 23:53:35.328  1750  2996 D CompatibilityChangeReporter: Compat change id reported: 171306433; UID 10258; state: DISABLED
07-12 23:53:35.364  1750  2128 I DisplayPowerController[0]: Unblocked screen on after 64 ms
07-12 23:53:35.449  1750  1750 I ContentCaptureManagerService: Content capture data sharing session terminated successfully for package 'com.google.android.googlequicksearchbox'
07-12 23:53:36.964  1750  1750 I ContentCaptureManagerService: Content capture data sharing session terminated successfully for package 'com.google.android.googlequicksearchbox'
07-12 23:53:51.758  1750  2504 W ContextImpl: Calling a method in the system process without a qualified user: android.app.ContextImpl.sendBroadcastMultiplePermissions:1214 com.android.server.TelephonyRegistry.broadcastServiceStateChanged:2911 com.android.server.TelephonyRegistry.notifyServiceStateForPhoneId:1613 com.android.internal.telephony.ITelephonyRegistry$Stub.onTransact:455 android.os.Binder.execTransactInternal:1179 
07-12 23:53:51.759  1750  2068 W BroadcastQueue: Permission Denial: receiving Intent { act=android.intent.action.SERVICE_STATE flg=0x1000010 (has extras) } to ProcessRecord{b767ac8 2380:com.android.systemui/u0a245} (pid=2380, uid=10245) requires android.permission.READ_PHONE_STATE due to sender android (uid 1001)
07-12 23:53:51.759  1750  2504 W ContextImpl: Calling a method in the system process without a qualified user: android.app.ContextImpl.sendBroadcastMultiplePermissions:1264 com.android.server.TelephonyRegistry.broadcastServiceStateChanged:2914 com.android.server.TelephonyRegistry.notifyServiceStateForPhoneId:1613 com.android.internal.telephony.ITelephonyRegistry$Stub.onTransact:455 android.os.Binder.execTransactInternal:1179 
07-12 23:53:51.760  1750  2068 W BroadcastQueue: Permission Denial: receiving Intent { act=android.intent.action.SERVICE_STATE flg=0x1000010 (has extras) } to ProcessRecord{9c88137 5094:com.google.android.wearable.app:background/u0a552} (pid=5094, uid=10552) requires android.permission.READ_PHONE_STATE due to sender android (uid 1001)
07-12 23:53:51.760  1750  2068 W BroadcastQueue: Permission Denial: receiving Intent { act=android.intent.action.SERVICE_STATE flg=0x1000010 (has extras) } to com.google.android.cellbroadcastreceiver/com.android.cellbroadcastreceiver.CellBroadcastReceiver requires android.permission.READ_PHONE_STATE due to sender android (uid 1001)
07-12 23:53:51.761  1750  2068 W BroadcastQueue: Permission Denial: receiving Intent { act=android.intent.action.SERVICE_STATE flg=0x1000010 (has extras) } to ProcessRecord{b767ac8 2380:com.android.systemui/u0a245} (pid=2380, uid=10245) requires android.permission.ACCESS_FINE_LOCATION due to sender android (uid 1001)
07-12 23:53:51.761  1750  2504 W ContextImpl: Calling a method in the system process without a qualified user: android.app.ContextImpl.sendBroadcastMultiplePermissions:1264 com.android.server.TelephonyRegistry.broadcastServiceStateChanged:2923 com.android.server.TelephonyRegistry.notifyServiceStateForPhoneId:1613 com.android.internal.telephony.ITelephonyRegistry$Stub.onTransact:455 android.os.Binder.execTransactInternal:1179 
07-12 23:53:51.761  1750  2068 W BroadcastQueue: Permission Denial: receiving Intent { act=android.intent.action.SERVICE_STATE flg=0x1000010 (has extras) } to ProcessRecord{9c88137 5094:com.google.android.wearable.app:background/u0a552} (pid=5094, uid=10552) requires android.permission.READ_PRIVILEGED_PHONE_STATE due to sender android (uid 1001)
07-12 23:53:51.761  1750  2068 W BroadcastQueue: Permission Denial: receiving Intent { act=android.intent.action.SERVICE_STATE flg=0x1000010 (has extras) } to com.google.android.cellbroadcastreceiver/com.android.cellbroadcastreceiver.CellBroadcastReceiver requires android.permission.ACCESS_FINE_LOCATION due to sender android (uid 1001)
07-12 23:53:51.762  1750  2068 W BroadcastQueue: Permission Denial: receiving Intent { act=android.intent.action.SERVICE_STATE flg=0x1000010 (has extras) } to ProcessRecord{b767ac8 2380:com.android.systemui/u0a245} (pid=2380, uid=10245) requires android.permission.READ_PHONE_STATE due to sender android (uid 1001)
07-12 23:53:51.762  1750  2504 W ContextImpl: Calling a method in the system process without a qualified user: android.app.ContextImpl.sendBroadcastMultiplePermissions:1264 com.android.server.TelephonyRegistry.broadcastServiceStateChanged:2926 com.android.server.TelephonyRegistry.notifyServiceStateForPhoneId:1613 com.android.internal.telephony.ITelephonyRegistry$Stub.onTransact:455 android.os.Binder.execTransactInternal:1179 
07-12 23:53:51.762  1750  2068 W BroadcastQueue: Permission Denial: receiving Intent { act=android.intent.action.SERVICE_STATE flg=0x1000010 (has extras) } to ProcessRecord{9c88137 5094:com.google.android.wearable.app:background/u0a552} (pid=5094, uid=10552) requires android.permission.READ_PHONE_STATE due to sender android (uid 1001)
07-12 23:53:51.762  1750  2068 W BroadcastQueue: Permission Denial: receiving Intent { act=android.intent.action.SERVICE_STATE flg=0x1000010 (has extras) } to com.google.android.cellbroadcastreceiver/com.android.cellbroadcastreceiver.CellBroadcastReceiver requires android.permission.READ_PHONE_STATE due to sender android (uid 1001)
07-12 23:53:51.764  1750  2068 W BroadcastQueue: Permission Denial: receiving Intent { act=android.intent.action.SERVICE_STATE flg=0x1000010 (has extras) } to ProcessRecord{9c88137 5094:com.google.android.wearable.app:background/u0a552} (pid=5094, uid=10552) requires android.permission.READ_PRIVILEGED_PHONE_STATE due to sender android (uid 1001)
07-12 23:53:51.765  1750  2068 D CompatibilityChangeReporter: Compat change id reported: 135634846; UID 10252; state: DISABLED
07-12 23:53:51.765  1750  2068 D CompatibilityChangeReporter: Compat change id reported: 177438394; UID 10252; state: DISABLED
07-12 23:53:51.765  1750  2068 D CompatibilityChangeReporter: Compat change id reported: 135772972; UID 10252; state: DISABLED
07-12 23:53:51.765  1750  2068 D CompatibilityChangeReporter: Compat change id reported: 135754954; UID 10252; state: ENABLED
07-12 23:53:51.766  1750  2069 D CompatibilityChangeReporter: Compat change id reported: 143937733; UID 10252; state: ENABLED
07-12 23:53:51.781  1750  2069 I ActivityManager: Start proc 25922:com.google.android.cellbroadcastreceiver/u0a252 for broadcast {com.google.android.cellbroadcastreceiver/com.android.cellbroadcastreceiver.CellBroadcastReceiver}
07-12 23:53:51.821  1750  2504 D CompatibilityChangeReporter: Compat change id reported: 168419799; UID 10252; state: DISABLED
07-12 23:53:54.563  1750  2504 W ProcessStats: Tracking association SourceState{584cdb3 system/1000 BTopFgs #1933679} whose proc state 2 is better than process ProcessState{baa4f70 net.dinglisch.android.taskerm/10289 pkg=net.dinglisch.android.taskerm} proc state 3 (107 skipped)
07-12 23:54:31.928  1750  2996 W AppOps  : Noting op not finished: uid 10202 pkg com.google.android.apps.maps code 79 startTime of in progress event=1657684113267
07-12 23:54:31.933  1750  2996 W AppOps  : Noting op not finished: uid 10190 pkg com.google.android.gms code 113 startTime of in progress event=1657679667890
07-12 23:54:31.941  1750  2996 W AppOps  : Noting op not finished: uid 10223 pkg com.google.android.gms.location.history code 79 startTime of in progress event=1657600184482
07-12 23:54:31.947  1750  2504 W AppOps  : Noting op not finished: uid 10190 pkg com.google.android.gms code 113 startTime of in progress event=1657679667890
07-12 23:54:31.953  1750  2504 W AppOps  : Noting op not finished: uid 10190 pkg com.google.android.gms code 113 startTime of in progress event=1657680060991
07-12 23:54:31.960  1750  2504 W AppOps  : Noting op not finished: uid 10447 pkg com.urbandroid.sleep code 79 startTime of in progress event=1657684121216
07-12 23:54:32.639  1750  4230 W ProcessStats: Tracking association SourceState{584cdb3 system/1000 BTopFgs #1933761} whose proc state 2 is better than process ProcessState{baa4f70 net.dinglisch.android.taskerm/10289 pkg=net.dinglisch.android.taskerm} proc state 3 (74 skipped)
07-12 23:54:35.357  1750  4230 W AppOps  : Noting op not finished: uid 10447 pkg com.urbandroid.sleep code 79 startTime of in progress event=1657684472638
07-12 23:55:35.891  1750  2062 I UsageStatsService: User[0] Flushing usage stats to disk
07-12 23:55:35.944  1750  2211 D CompatibilityChangeReporter: Compat change id reported: 171306433; UID 10160; state: ENABLED
07-12 23:56:03.152  1750  2258 W NetworkPolicy: shared quota unsupported; generating rule for each iface
07-12 23:56:03.443  1750  2068 W ProcessStats: Tracking association SourceState{584cdb3 system/1000 BTopFgs #1933793} whose proc state 2 is better than process ProcessState{baa4f70 net.dinglisch.android.taskerm/10289 pkg=net.dinglisch.android.taskerm} proc state 3 (23 skipped)
07-12 23:56:36.859  1750  1786 W AppOps  : Noting op not finished: uid 10202 pkg com.google.android.apps.maps code 79 startTime of in progress event=1657684596856
07-12 23:56:36.869  1750  1786 W AppOps  : Noting op not finished: uid 10190 pkg com.google.android.gms code 113 startTime of in progress event=1657679667890
07-12 23:56:36.875  1750  1786 W AppOps  : Noting op not finished: uid 10223 pkg com.google.android.gms.location.history code 79 startTime of in progress event=1657600184482
07-12 23:56:36.881  1750  1786 W AppOps  : Noting op not finished: uid 10190 pkg com.google.android.gms code 113 startTime of in progress event=1657679667890
07-12 23:56:36.888  1750  1786 W AppOps  : Noting op not finished: uid 10190 pkg com.google.android.gms code 113 startTime of in progress event=1657680060991
07-12 23:56:36.895  1750  1786 W AppOps  : Noting op not finished: uid 10447 pkg com.urbandroid.sleep code 79 startTime of in progress event=1657684475400
07-12 23:58:37.842  1750  2068 W ProcessStats: Tracking association SourceState{584cdb3 system/1000 BTopFgs #1933829} whose proc state 2 is better than process ProcessState{baa4f70 net.dinglisch.android.taskerm/10289 pkg=net.dinglisch.android.taskerm} proc state 3 (28 skipped)
07-12 23:58:37.874  1750  2497 W AppOps  : Noting op not finished: uid 10202 pkg com.google.android.apps.maps code 79 startTime of in progress event=1657684597201
07-12 23:58:37.878  1750  1786 W AppOps  : Noting op not finished: uid 10190 pkg com.google.android.gms code 113 startTime of in progress event=1657679667890
07-12 23:58:37.885  1750  2504 W AppOps  : Noting op not finished: uid 10223 pkg com.google.android.gms.location.history code 79 startTime of in progress event=1657600184482
07-12 23:58:37.892  1750  2497 W AppOps  : Noting op not finished: uid 10190 pkg com.google.android.gms code 113 startTime of in progress event=1657679667890
07-12 23:58:37.900  1750  2497 W AppOps  : Noting op not finished: uid 10190 pkg com.google.android.gms code 113 startTime of in progress event=1657680060991
07-12 23:58:37.909  1750  4230 W AppOps  : Noting op not finished: uid 10447 pkg com.urbandroid.sleep code 79 startTime of in progress event=1657684597208
07-12 23:58:38.108  1750  2258 W NetworkPolicy: shared quota unsupported; generating rule for each iface
07-12 23:58:54.963  1750  2258 W NetworkPolicy: shared quota unsupported; generating rule for each iface
07-13 00:00:00.864  1750  1750 D DevicePolicyManager: updateSystemUpdateFreezePeriodsRecord
07-13 00:00:00.943  8431 26157 E ActivityThread: Failed to find provider info for com.sec.android.calendar.preference
07-13 00:00:00.944  8431 26157 E ActivityThread: Failed to find provider info for com.sec.android.calendar.preference
07-13 00:00:01.291  1750  2996 W BroadcastQueue: Background execution not allowed: receiving Intent { act=android.intent.action.DATE_CHANGED flg=0x20200010 } to com.google.android.apps.turbo/com.google.android.libraries.smartbattery.appusage.features.TimeChangedReceiver
07-13 00:00:01.293  1750  2068 W BroadcastQueue: Background execution not allowed: receiving Intent { act=android.intent.action.DATE_CHANGED flg=0x20200010 } to com.google.android.calendar/com.android.calendar.widget.CalendarAppWidgetProvider
07-13 00:00:01.293  1750  2068 W BroadcastQueue: Background execution not allowed: receiving Intent { act=android.intent.action.DATE_CHANGED flg=0x20200010 } to com.google.android.calendar/.widgetmonth.MonthViewWidgetProvider
07-13 00:00:01.293  1750  2068 W BroadcastQueue: Background execution not allowed: receiving Intent { act=android.intent.action.DATE_CHANGED flg=0x20200010 } to com.google.android.calendar/com.google.android.apps.calendar.usernotifications.NotificationsInitializer$NotificationsRelevantUpdatesReceiver
07-13 00:00:01.293  1750  2068 W BroadcastQueue: Background execution not allowed: receiving Intent { act=android.intent.action.DATE_CHANGED flg=0x20200010 } to com.google.android.gms/.chimera.GmsIntentOperationService$PersistentTrustedReceiver
07-13 00:00:01.293  1750  2068 W BroadcastQueue: Background execution not allowed: receiving Intent { act=android.intent.action.DATE_CHANGED flg=0x20200010 } to com.samsung.android.shealthmonitors/com.samsung.android.shealthmonitor.receiver.DateTimeChangeReceiver
07-13 00:00:01.293  1750  2068 W BroadcastQueue: Background execution not allowed: receiving Intent { act=android.intent.action.DATE_CHANGED flg=0x20200010 } to com.sec.android.app.shealth/com.samsung.android.app.shealth.tracker.cycle.receiver.CycleCommonReceiver
07-13 00:00:01.293  1750  2068 W BroadcastQueue: Background execution not allowed: receiving Intent { act=android.intent.action.DATE_CHANGED flg=0x20200010 } to com.sec.android.app.shealth/com.samsung.android.service.health.data.disposer.DataDisposerReceiver
07-13 00:00:01.293  1750  2068 W BroadcastQueue: Background execution not allowed: receiving Intent { act=android.intent.action.DATE_CHANGED flg=0x20200010 } to net.dinglisch.android.taskerm/.ReceiverStaticInternal
07-13 00:00:01.319  1750  2996 D CompatibilityChangeReporter: Compat change id reported: 168419799; UID 10160; state: DISABLED
07-13 00:00:01.392  1750  2996 D CompatibilityChangeReporter: Compat change id reported: 168419799; UID 1000; state: DISABLED
07-13 00:00:01.588  1750  2096 E KernelCpuUidActiveTimeReader: Negative delta from active time for uid: 10229, delta: -12
07-13 00:00:01.589  1750  2096 E KernelCpuUidActiveTimeReader: Negative delta from active time for uid: 10151, delta: -22
07-13 00:00:01.589  1750  2096 E KernelCpuUidActiveTimeReader: Negative delta from active time for uid: 10167, delta: -11
07-13 00:00:01.589  1750  2096 E KernelCpuUidActiveTimeReader: Negative delta from active time for uid: 10157, delta: -17
07-13 00:00:01.590  1750  2096 E KernelCpuUidActiveTimeReader: Negative delta from active time for uid: 10521, delta: -19
07-13 00:00:01.590  1750  2096 E KernelCpuUidActiveTimeReader: Negative delta from active time for uid: 10343, delta: -33
07-13 00:00:01.590  1750  2096 E KernelCpuUidActiveTimeReader: Negative delta from active time for uid: 10105, delta: -12
07-13 00:00:01.590  1750  2096 E KernelCpuUidActiveTimeReader: Negative delta from active time for uid: 10236, delta: -2
07-13 00:00:01.590  1750  2096 E KernelCpuUidActiveTimeReader: Negative delta from active time for uid: 10184, delta: -30
07-13 00:00:01.590  1750  2096 E KernelCpuUidActiveTimeReader: Negative delta from active time for uid: 10404, delta: -24
07-13 00:00:01.590  1750  2096 E KernelCpuUidActiveTimeReader: Negative delta from active time for uid: 10281, delta: -44
07-13 00:00:01.774 24946 26173 W PowerProfile: ambient.on is deprecated! Use ambient.on.display0 instead.
07-13 00:00:01.774 24946 26173 W PowerProfile: screen.on is deprecated! Use screen.on.display0 instead.
07-13 00:00:01.774 24946 26173 W PowerProfile: screen.full is deprecated! Use screen.full.display0 instead.
07-13 00:00:06.242  1750  2996 W ProcessStats: Tracking association SourceState{584cdb3 system/1000 BTopFgs #1933979} whose proc state 2 is better than process ProcessState{baa4f70 net.dinglisch.android.taskerm/10289 pkg=net.dinglisch.android.taskerm} proc state 3 (119 skipped)
07-13 00:00:23.432  1750  4365 W AlarmManager: Window length 1657857600000ms too long; limiting to 1 day
07-13 00:00:23.434  1750  4365 W AlarmManager: Window length 1657857600000ms too long; limiting to 1 day
07-13 00:00:23.442  1750  1787 W AlarmManager: Window length 1657857600000ms too long; limiting to 1 day
07-13 00:01:00.900  1750  2504 W AlarmManager: Window length 1657715400000ms too long; limiting to 1 day
07-13 00:01:00.903  1750  2504 W AlarmManager: Window length 1657719000000ms too long; limiting to 1 day
07-13 00:01:00.906  1750  2504 W AlarmManager: Window length 1657722600000ms too long; limiting to 1 day
07-13 00:01:00.909  1750  2504 W AlarmManager: Window length 1657728000000ms too long; limiting to 1 day
07-13 00:01:00.911  1750  2504 W AlarmManager: Window length 1657749600000ms too long; limiting to 1 day
07-13 00:01:00.914  1750  2504 W AlarmManager: Window length 1657738800000ms too long; limiting to 1 day
07-13 00:01:00.916  1750  4365 W AlarmManager: Window length 1657771200000ms too long; limiting to 1 day
07-13 00:01:00.918  1750  4365 W AlarmManager: Window length 1657758600000ms too long; limiting to 1 day
07-13 00:01:00.922  1750  4365 W AlarmManager: Window length 1657764000000ms too long; limiting to 1 day
07-13 00:01:00.925  1750  4365 W AlarmManager: Window length 1657767600000ms too long; limiting to 1 day
07-13 00:01:00.927  1750  4365 W AlarmManager: Window length 1657770300000ms too long; limiting to 1 day
07-13 00:01:00.929  1750  2996 W AlarmManager: Window length 1657772640000ms too long; limiting to 1 day
07-13 00:01:00.932  1750  2996 W AlarmManager: Window length 1657771200000ms too long; limiting to 1 day
07-13 00:01:00.933  1750  2996 W AlarmManager: Window length 1657782000000ms too long; limiting to 1 day
07-13 00:01:00.935  1750  2504 W AlarmManager: Window length 1657843200000ms too long; limiting to 1 day
07-13 00:01:00.937  1750  2504 W AlarmManager: Window length 1657897200000ms too long; limiting to 1 day
07-13 00:01:00.939  1750  2504 W AlarmManager: Window length 1657911600000ms too long; limiting to 1 day
07-13 00:01:00.942  1750  2504 W AlarmManager: Window length 1659380400000ms too long; limiting to 1 day
07-13 00:01:00.945  1750  2504 W AlarmManager: Window length 1659891600000ms too long; limiting to 1 day
07-13 00:01:00.951  1750  2504 W AlarmManager: Window length 1657710000000ms too long; limiting to 1 day
07-13 00:01:00.954  1750  2504 W AlarmManager: Window length 1657857600000ms too long; limiting to 1 day
07-13 00:01:00.956  1750  2504 W AlarmManager: Window length 1657967400000ms too long; limiting to 1 day
07-13 00:01:36.861  1750  2068 W ProcessStats: Tracking association SourceState{584cdb3 system/1000 BTopFgs #1934028} whose proc state 2 is better than process ProcessState{baa4f70 net.dinglisch.android.taskerm/10289 pkg=net.dinglisch.android.taskerm} proc state 3 (28 skipped)
07-13 00:01:36.875  1750  1787 D CompatibilityChangeReporter: Compat change id reported: 177438394; UID 10226; state: DISABLED
07-13 00:01:36.875  1750  1787 D CompatibilityChangeReporter: Compat change id reported: 135772972; UID 10226; state: DISABLED
07-13 00:01:36.875  1750  1787 D CompatibilityChangeReporter: Compat change id reported: 135754954; UID 10226; state: ENABLED
07-13 00:01:36.875  1750  2069 D CompatibilityChangeReporter: Compat change id reported: 143937733; UID 10226; state: ENABLED
07-13 00:01:36.908  1750  2069 I ActivityManager: Start proc 26262:com.google.android.calendar/u0a226 for broadcast {com.google.android.calendar/com.google.android.apps.calendar.usernotificationsframework.common.UserNotificationBroadcastReceiver}
07-13 00:01:37.076  1750  1750 D CompatibilityChangeReporter: Compat change id reported: 135634846; UID 10188; state: DISABLED
07-13 00:01:37.076  1750  1750 D CompatibilityChangeReporter: Compat change id reported: 177438394; UID 10188; state: DISABLED
07-13 00:01:37.076  1750  1750 D CompatibilityChangeReporter: Compat change id reported: 135772972; UID 10188; state: DISABLED
07-13 00:01:37.076  1750  1750 D CompatibilityChangeReporter: Compat change id reported: 135754954; UID 10188; state: ENABLED
07-13 00:01:37.077  1750  2069 D CompatibilityChangeReporter: Compat change id reported: 143937733; UID 10188; state: ENABLED
07-13 00:01:37.089  1750  2069 I ActivityManager: Start proc 26284:com.google.android.apps.turbo:aab/u0a188 for service {com.google.android.apps.turbo/com.google.android.libraries.smartbattery.appusage.library.InferAppBucketsJob}
07-13 00:01:37.425  1750  4230 D CompatibilityChangeReporter: Compat change id reported: 143231523; UID 10226; state: DISABLED
07-13 00:01:37.847  1750  4230 W AlarmManager: Window length 1657857600000ms too long; limiting to 1 day
07-13 00:01:38.517  1750  1786 D CompatibilityChangeReporter: Compat change id reported: 171306433; UID 10226; state: ENABLED
07-13 00:01:38.876  1750  4230 D CompatibilityChangeReporter: Compat change id reported: 135634846; UID 10210; state: DISABLED
07-13 00:01:38.876  1750  4230 D CompatibilityChangeReporter: Compat change id reported: 177438394; UID 10210; state: DISABLED
07-13 00:01:38.876  1750  4230 D CompatibilityChangeReporter: Compat change id reported: 135772972; UID 10210; state: DISABLED
