07-12 04:30:01.747  1750  1750 D ConditionProviders.SCP: evaluateSubscriptionLocked cal=ScheduleCalendar[mDays={1, 2, 3, 4, 5, 6, 7}, mSchedule=ScheduleInfo{days=[1, 2, 3, 4, 5, 6, 7], startHour=22, startMinute=0, endHour=7, endMinute=0, exitAtAlarm=true, nextAlarm=Tue Jul 12 06:30:00 EDT 2022 (1657621800000)}], now=Tue Jul 12 04:30:01 EDT 2022 (1657614601739), nextUserAlarmTime=Tue Jul 12 06:30:00 EDT 2022 (1657621800000)
07-12 04:30:01.747  1750  1750 D ConditionProviders.SCP: notifyCondition condition://android/schedule?days=1.2.3.4.5.6.7&start=22.0&end=7.0&exitAtAlarm=true STATE_TRUE reason=meetsSchedule
07-12 04:30:01.748  1750  1750 D ConditionProviders.SCP: Scheduling evaluate for Tue Jul 12 07:00:00 EDT 2022 (1657623600000), in +2h29m58s261ms, now=Tue Jul 12 04:30:01 EDT 2022 (1657614601739)
07-12 04:30:01.751  1750  4309 D CompatibilityChangeReporter: Compat change id reported: 168419799; UID 10163; state: DISABLED
07-12 04:30:01.821  1750  1750 W NotificationHistory: Attempted to add notif for locked/gone/disabled user 0
07-12 04:30:01.842  1750  4099 I ContentCaptureManagerService: Data share request accepted by Content Capture service
07-12 04:30:01.932  1750  2045 I DisplayDeviceRepository: Display device changed state: "Built-in Screen", ON
07-12 04:30:01.960  1018  1018 I vendor.google.wifi_ext@1.0-service-vendor: Wifi: Setting SAR Scenario to 3
07-12 04:30:01.998  1750  2096 E KernelCpuUidActiveTimeReader: Negative delta from active time for uid: 10229, delta: -12
07-12 04:30:01.999  1750  2096 E KernelCpuUidActiveTimeReader: Negative delta from active time for uid: 10151, delta: -22
07-12 04:30:01.999  1750  2096 E KernelCpuUidActiveTimeReader: Negative delta from active time for uid: 10167, delta: -11
07-12 04:30:01.999  1750  2096 E KernelCpuUidActiveTimeReader: Negative delta from active time for uid: 10157, delta: -17
07-12 04:30:01.999  1750  2096 E KernelCpuUidActiveTimeReader: Negative delta from active time for uid: 10521, delta: -19
07-12 04:30:01.999  1750  2096 E KernelCpuUidActiveTimeReader: Negative delta from active time for uid: 10343, delta: -33
07-12 04:30:01.999  1750  2096 E KernelCpuUidActiveTimeReader: Negative delta from active time for uid: 10105, delta: -12
07-12 04:30:01.999  1750  2096 E KernelCpuUidActiveTimeReader: Negative delta from active time for uid: 10236, delta: -2
07-12 04:30:01.999  1750  2096 E KernelCpuUidActiveTimeReader: Negative delta from active time for uid: 10184, delta: -30
07-12 04:30:01.999  1750  2096 E KernelCpuUidActiveTimeReader: Negative delta from active time for uid: 10404, delta: -24
07-12 04:30:01.999  1750  2096 E KernelCpuUidActiveTimeReader: Negative delta from active time for uid: 10281, delta: -44
07-12 04:30:02.239  1750  2045 D ColorDisplayService: Setting saturation level: 100
07-12 04:30:02.865  1750  1750 V Biometrics/AcquisitionClient: Acquired: 7 0, shouldSend: true
07-12 04:30:03.043  1750  1750 V Biometrics/AcquisitionClient: Acquired: 5 0, shouldSend: true
07-12 04:30:03.273  1750  1750 V Biometrics/AcquisitionClient: Acquired: 7 0, shouldSend: true
07-12 04:30:03.395  1750  1750 V Biometrics/AcquisitionClient: Acquired: 0 0, shouldSend: true
07-12 04:30:03.395  1750  1750 V Biometrics/LoggableMonitor: Authentication latency: 122
07-12 04:30:03.395  1750  1750 V Biometrics/AuthenticationClient: onAuthenticated(false), ID:0, Owner: com.android.systemui, isBP: false, listener: com.android.server.biometrics.sensors.ClientMonitorCallbackConverter@687029a, requireConfirmation: false, user: 0, clientMonitor: {[855] com.android.server.biometrics.sensors.fingerprint.hidl.FingerprintAuthenticationClient, proto=3, owner=com.android.systemui, cookie=0, requestId=404, userId=0}
07-12 04:30:03.396  1750  1750 W Biometrics/AuthenticationClient: Allowing background authentication, this is allowed only for platform or test invocations
07-12 04:30:03.652  1750  1750 V Biometrics/AcquisitionClient: Acquired: 7 0, shouldSend: true
07-12 04:30:03.652  1278  1278 I wificond: Regulatory domain changed to country: US on wiphy_index: 0
07-12 04:30:03.654  1278  1278 I wificond: 2.4Ghz frequencies: 2412 2417 2422 2427 2432 2437 2442 2447 2452 2457 2462
07-12 04:30:03.654  1278  1278 I wificond: 5Ghz non-DFS frequencies: 5180 5200 5220 5240 5745 5765 5785 5805 5825
07-12 04:30:03.654  1278  1278 I wificond: 5Ghz DFS frequencies: 5260 5280 5300 5320 5500 5520 5540 5560 5580 5600 5620 5640 5660 5680 5700 5720
07-12 04:30:03.654  1278  1278 I wificond: 6Ghz frequencies:
07-12 04:30:03.654  1278  1278 I wificond: 60Ghz frequencies:
07-12 04:30:03.797  1750  1750 V Biometrics/AcquisitionClient: Acquired: 0 0, shouldSend: true
07-12 04:30:03.798  1750  1750 V Biometrics/LoggableMonitor: Authentication latency: 145
07-12 04:30:03.798  1750  1750 V Biometrics/AuthenticationClient: onAuthenticated(false), ID:0, Owner: com.android.systemui, isBP: false, listener: com.android.server.biometrics.sensors.ClientMonitorCallbackConverter@687029a, requireConfirmation: false, user: 0, clientMonitor: {[855] com.android.server.biometrics.sensors.fingerprint.hidl.FingerprintAuthenticationClient, proto=3, owner=com.android.systemui, cookie=0, requestId=404, userId=0}
07-12 04:30:03.798  1750  1750 W Biometrics/AuthenticationClient: Allowing background authentication, this is allowed only for platform or test invocations
07-12 04:30:04.135  1750  1750 V Biometrics/AcquisitionClient: Acquired: 7 0, shouldSend: true
07-12 04:30:04.265  1750  1750 V Biometrics/AcquisitionClient: Acquired: 0 0, shouldSend: true
07-12 04:30:04.268  1750  1750 V Biometrics/LoggableMonitor: Authentication latency: 133
07-12 04:30:04.268  1750  1750 V Biometrics/AuthenticationClient: onAuthenticated(true), ID:278860527, Owner: com.android.systemui, isBP: false, listener: com.android.server.biometrics.sensors.ClientMonitorCallbackConverter@687029a, requireConfirmation: false, user: 0, clientMonitor: {[855] com.android.server.biometrics.sensors.fingerprint.hidl.FingerprintAuthenticationClient, proto=3, owner=com.android.systemui, cookie=0, requestId=404, userId=0}
07-12 04:30:04.268  1750  1750 W Biometrics/AuthenticationClient: Allowing background authentication, this is allowed only for platform or test invocations
07-12 04:30:04.268  1750  1750 D Biometrics/ClientMonitor: marking operation as done: {[855] com.android.server.biometrics.sensors.fingerprint.hidl.FingerprintAuthenticationClient, proto=3, owner=com.android.systemui, cookie=0, requestId=404, userId=0}
07-12 04:30:04.275  1750  1750 D Biometrics/AuthenticationClient: addAuthToken: 0
07-12 04:30:04.276  1750  1750 D FingerprintService: Client finished, fps state updated to 0, client {[855] com.android.server.biometrics.sensors.fingerprint.hidl.FingerprintAuthenticationClient, proto=3, owner=com.android.systemui, cookie=0, requestId=404, userId=0}
07-12 04:30:04.276  1750  1750 D BiometricSchedulerOperation: [Finished / destroy]: {[855] com.android.server.biometrics.sensors.fingerprint.hidl.FingerprintAuthenticationClient, proto=3, owner=com.android.systemui, cookie=0, requestId=404, userId=0}
07-12 04:30:04.280  1750  1750 D BiometricScheduler/Fingerprint21: [Finishing] {[855] com.android.server.biometrics.sensors.fingerprint.hidl.FingerprintAuthenticationClient, proto=3, owner=com.android.systemui, cookie=0, requestId=404, userId=0}, success: true
07-12 04:30:04.280  1750  1750 D BiometricCoexCoordinator: removeAuthenticationClient(OtherFp), client: {[855] com.android.server.biometrics.sensors.fingerprint.hidl.FingerprintAuthenticationClient, proto=3, owner=com.android.systemui, cookie=0, requestId=404, userId=0}
07-12 04:30:04.280  1750  1750 D GestureAvailabilityTracker: Notifying gesture availability, active=true
07-12 04:30:04.280  1750  1750 D BiometricScheduler/Fingerprint21: No operations, returning to idle
07-12 04:30:04.286  1750  4099 I PowerManagerService: Powering on display group fromDozing (groupId=0, uid=10245, reason=WAKE_REASON_GESTURE, details=android.policy:BIOMETRIC)...
07-12 04:30:04.286  1750  4099 I PowerManagerService: Waking up from Dozing (uid=10245, reason=WAKE_REASON_GESTURE, details=android.policy:BIOMETRIC)...
07-12 04:30:04.290  1750  2128 V DisplayPowerController[0]: Brightness [0.0401265] reason changing to: 'manual', previous reason: 'doze'.
07-12 04:30:04.291  1750  2128 V DisplayPowerController[0]: Brightness [0.0401265] reason changing to: 'automatic', previous reason: 'manual'.
07-12 04:30:04.291  1750  2128 I DreamManagerService: Gently waking up from dream.
07-12 04:30:04.291  1750  2042 I DreamManagerService: Performing gentle wake from dream.
07-12 04:30:04.299  1750  2128 V DisplayPowerController[0]: Brightness [0.019607844] reason changing to: 'override', previous reason: 'automatic'.
07-12 04:30:04.348  1750  2497 D ActivityTaskManager: Top Process State changed to PROCESS_STATE_TOP
07-12 04:30:04.351  1750  4085 I DreamManagerService: Leaving dreamland.
07-12 04:30:04.361  1750  2042 I DreamManagerService: Performing gentle wake from dream.
07-12 04:30:04.361  1750  2042 I DreamController: Stopping dream: name=ComponentInfo{com.android.systemui/com.android.systemui.doze.DozeService}, isTest=false, canDoze=true, userId=0, reason='finished self'(from 'requested stopDream')
07-12 04:30:04.517  1750  2975 I SoundTriggerService: getModelState(): id = 9f6ad62a-1f0b-11e7-87c5-40a8f03d3f15
07-12 04:30:04.564  1750  1750 V SoundTriggerService: 9f6ad62a-1f0b-11e7-87c5-40a8f03d3f15: Generic sound trigger event: GenericRecognitionEvent ::RecognitionEvent [status=3, soundModelHandle=23, captureAvailable=true, captureSession=1871945, captureDelayMs=0, capturePreambleMs=0, triggerInData=false, sampleRate=16000, encoding=2, channelMask=16, data=12]
07-12 04:30:04.585  1750  1750 V SoundTriggerService: 9f6ad62a-1f0b-11e7-87c5-40a8f03d3f15: onServiceConnected(android.os.BinderProxy@d0077ab)
07-12 04:30:04.585  1750  1750 V SoundTriggerService: 9f6ad62a-1f0b-11e7-87c5-40a8f03d3f15: runOp 0
07-12 04:30:04.818  1750  2068 W BroadcastQueue: Background execution not allowed: receiving Intent { act=android.intent.action.USER_PRESENT flg=0x24200010 } to com.android.chrome/org.chromium.chrome.browser.sharing.click_to_call.ClickToCallMessageHandler$PhoneUnlockedReceiver
07-12 04:30:04.819  1750  2068 W BroadcastQueue: Background execution not allowed: receiving Intent { act=android.intent.action.USER_PRESENT flg=0x24200010 } to com.google.android.gms/.auth.setup.devicesignals.LockScreenReceiver
07-12 04:30:04.819  1750  2068 W BroadcastQueue: Background execution not allowed: receiving Intent { act=android.intent.action.USER_PRESENT flg=0x24200010 } to com.google.android.gms/.chimera.GmsIntentOperationService$PersistentTrustedReceiver
07-12 04:30:04.819  1750  2068 W BroadcastQueue: Background execution not allowed: receiving Intent { act=android.intent.action.USER_PRESENT flg=0x24200010 } to com.asus.aihome/com.baidu.android.pushservice.PushServiceReceiver
07-12 04:30:04.819  1750  2068 W BroadcastQueue: Background execution not allowed: receiving Intent { act=android.intent.action.USER_PRESENT flg=0x24200010 } to com.instagram.android/com.instagram.push.FbnsInitBroadcastReceiver
07-12 04:30:04.822  1750  2068 W BroadcastQueue: Background execution not allowed: receiving Intent { act=android.intent.action.USER_PRESENT flg=0x24200010 } to com.zhiliaoapp.musically/com.ss.android.push.window.oppo.ScreenReceiver
07-12 04:30:04.822  1750  2068 W BroadcastQueue: Background execution not allowed: receiving Intent { act=android.intent.action.USER_PRESENT flg=0x24200010 } to de.android.telnet2/.MyWidgetProviderMobile11
07-12 04:30:04.822  1750  2068 W BroadcastQueue: Background execution not allowed: receiving Intent { act=android.intent.action.USER_PRESENT flg=0x24200010 } to de.android.telnet2/.MyWidgetProviderMobile21
07-12 04:30:04.822  1750  2068 W BroadcastQueue: Background execution not allowed: receiving Intent { act=android.intent.action.USER_PRESENT flg=0x24200010 } to de.android.telnet2/.MyWidgetProviderMobile22
07-12 04:30:04.822  1750  2068 W BroadcastQueue: Background execution not allowed: receiving Intent { act=android.intent.action.USER_PRESENT flg=0x24200010 } to de.android.telnet2/.MyWidgetProviderWifi11
07-12 04:30:04.822  1750  2068 W BroadcastQueue: Background execution not allowed: receiving Intent { act=android.intent.action.USER_PRESENT flg=0x24200010 } to de.android.telnet2/.MyWidgetProviderWifi21
07-12 04:30:04.823  1750  2068 W BroadcastQueue: Background execution not allowed: receiving Intent { act=android.intent.action.USER_PRESENT flg=0x24200010 } to de.android.telnet2/.MyWidgetProviderWifi22
07-12 04:30:04.851  1750  1787 W ActivityManager: Background start not allowed: service Intent { act=Orca.START cmp=com.instagram.android/com.facebook.rti.push.service.FbnsService (has extras) } to com.instagram.android/com.facebook.rti.push.service.FbnsService from pid=18640 uid=10297 pkg=com.instagram.android startFg?=false
07-12 04:30:04.878  1750  2211 D CompatibilityChangeReporter: Compat change id reported: 171306433; UID 10196; state: ENABLED
07-12 04:30:04.972  1750  1750 W Looper  : Slow dispatch took 171ms main h=android.app.ActivityThread$H c=android.app.LoadedApk$ReceiverDispatcher$Args$$ExternalSyntheticLambda0@ca803f m=0
07-12 04:30:05.052  1750  2128 V DisplayPowerController[0]: Brightness [0.0401265] reason changing to: 'manual', previous reason: 'override'.
07-12 04:30:05.057  1750  2128 V DisplayPowerController[0]: Brightness [0.0401265] reason changing to: 'automatic', previous reason: 'manual'.
07-12 04:30:05.089  1750  1750 D CompatibilityChangeReporter: Compat change id reported: 168419799; UID 10196; state: DISABLED
07-12 04:30:05.251  1750  2045 D ColorDisplayService: GlobalSaturationTintController Animation cancelled: false to matrix: 
07-12 04:30:05.251  1750  2045 D ColorDisplayService:        1.000000 0.000000 0.000000 0.000000 0.000000 1.000000 0.000000 0.000000 0.000000 0.000000 1.000000 0.000000 0.000000 0.000000 0.000000 1.000000 min matrix coefficients: 
07-12 04:30:05.251  1750  2045 D ColorDisplayService:        1.000000 0.000000 0.000000 0.000000 0.000000 1.000000 0.000000 0.000000 0.000000 0.000000 1.000000 0.000000 0.000000 0.000000 0.000000 1.000000 max matrix coefficients: 
07-12 04:30:05.251  1750  2045 D ColorDisplayService:        1.000000 0.000000 0.000000 0.000000 0.000000 1.000000 0.000000 0.000000 0.000000 0.000000 1.000000 0.000000 0.000000 0.000000 0.000000 1.000000
07-12 04:30:05.450  1750  4230 V SoundTriggerService: 9f6ad62a-1f0b-11e7-87c5-40a8f03d3f15: destroy
07-12 04:30:05.452  1750  4085 I SoundTriggerService: startRecognition(): id = 9f6ad62a-1f0b-11e7-87c5-40a8f03d3f15
07-12 04:30:05.452  1750  4085 W SoundTriggerHelper: Canceling previous recognition for model id: 9f6ad62a-1f0b-11e7-87c5-40a8f03d3f15
07-12 04:30:05.452  1750  4085 V SoundTriggerService: 9f6ad62a-1f0b-11e7-87c5-40a8f03d3f15: onError: -2147483648
07-12 04:30:05.453  1750  4085 W SoundTriggerService: 9f6ad62a-1f0b-11e7-87c5-40a8f03d3f15: Dropped operation as already destroyed or marked for destruction
07-12 04:30:05.511  1750  4085 I SoundTriggerHelper: startRecognition successful.
07-12 04:30:05.511  1750  4085 W SoundTriggerService: error onStart(): Model 9f6ad62a-1f0b-11e7-87c5-40a8f03d3f15 already started
07-12 04:30:05.512  1750  4085 I SoundTriggerService: deleteSoundModel(): id = 12caddb1-acdb-4dce-8cb0-2e95a2313aee
07-12 04:30:05.512  1750  4085 W SoundTriggerHelper: Unload error: Attempting unload invalid generic model with id:12caddb1-acdb-4dce-8cb0-2e95a2313aee
07-12 04:30:05.512  1750  4085 W SoundTriggerService: error onStop(): Model 12caddb1-acdb-4dce-8cb0-2e95a2313aee has no stats available
07-12 04:30:08.048  1750  1750 D CompatibilityChangeReporter: Compat change id reported: 135634846; UID 10303; state: DISABLED
07-12 04:30:08.048  1750  1750 D CompatibilityChangeReporter: Compat change id reported: 177438394; UID 10303; state: DISABLED
07-12 04:30:08.048  1750  1750 D CompatibilityChangeReporter: Compat change id reported: 135772972; UID 10303; state: DISABLED
07-12 04:30:08.049  1750  1750 D CompatibilityChangeReporter: Compat change id reported: 135754954; UID 10303; state: ENABLED
07-12 04:30:08.049  1750  2069 D CompatibilityChangeReporter: Compat change id reported: 143937733; UID 10303; state: ENABLED
07-12 04:30:08.065  1750  2069 I ActivityManager: Start proc 27546:com.nstudio.weatherhere/u0a303 for service {com.nstudio.weatherhere/com.nstudio.weatherhere.widget.WidgetUpdateJobService}
07-12 04:30:08.103  1750  4085 D CompatibilityChangeReporter: Compat change id reported: 168419799; UID 10303; state: DISABLED
07-12 04:30:09.471  1750  4085 I ActivityTaskManager: START u0 {act=android.intent.action.MAIN cat=[android.intent.category.LAUNCHER] flg=0x10200000 cmp=com.google.android.youtube/.app.honeycomb.Shell$HomeActivity bnds=[387,1267][596,1498]} from uid 10259
07-12 04:30:10.443  1750  3192 W ProcessStats: Tracking association SourceState{584cdb3 system/1000 BTopFgs #1656003} whose proc state 2 is better than process ProcessState{baa4f70 net.dinglisch.android.taskerm/10289 pkg=net.dinglisch.android.taskerm} proc state 3 (228 skipped)
07-12 04:30:16.595  1750  3192 D TextToSpeechManagerPerUserService: Trying to start connection to TTS engine: com.google.android.tts
07-12 04:30:16.597  1750  1750 D TextToSpeechManagerPerUserService: Connected successfully to TTS engine: com.google.android.tts
07-12 04:30:20.718  1750  4230 W ProcessStats: Tracking association SourceState{584cdb3 system/1000 BTopFgs #1656189} whose proc state 2 is better than process ProcessState{baa4f70 net.dinglisch.android.taskerm/10289 pkg=net.dinglisch.android.taskerm} proc state 3 (160 skipped)
07-12 04:30:20.870  1750  2258 W NetworkPolicy: shared quota unsupported; generating rule for each iface
07-12 04:30:24.582  1750  2068 W ActivityManager: Stopping service due to app idle: u0a258 -7h15m5s516ms com.facebook.katana/com.facebook.mqttlite.MqttService
07-12 04:30:25.280  1750  4264 D CompatibilityChangeReporter: Compat change id reported: 135634846; UID 10190; state: DISABLED
07-12 04:30:25.280  1750  4264 D CompatibilityChangeReporter: Compat change id reported: 177438394; UID 10190; state: DISABLED
07-12 04:30:25.280  1750  4264 D CompatibilityChangeReporter: Compat change id reported: 135772972; UID 10190; state: DISABLED
07-12 04:30:25.280  1750  4264 D CompatibilityChangeReporter: Compat change id reported: 135754954; UID 10190; state: ENABLED
07-12 04:30:25.281  1750  2069 D CompatibilityChangeReporter: Compat change id reported: 143937733; UID 10190; state: ENABLED
07-12 04:30:25.299  1750  2069 I ActivityManager: Start proc 27796:com.google.android.gms.unstable/u0a190 for service {com.google.android.gms/com.google.android.gms.droidguard.DroidGuardService}
07-12 04:30:30.863  1750  3192 W AppOps  : Noting op not finished: uid 10170 pkg com.google.android.googlequicksearchbox code 79 startTime of in progress event=1657600179941
07-12 04:30:30.865  1750  3192 W AppOps  : Noting op not finished: uid 10152 pkg com.google.android.apps.scone code 79 startTime of in progress event=1657600179962
07-12 04:30:30.870  1750  3192 W AppOps  : Noting op not finished: uid 10202 pkg com.google.android.apps.maps code 79 startTime of in progress event=1657614596509
07-12 04:30:30.873  1750  2068 W ProcessStats: Tracking association SourceState{584cdb3 system/1000 BTopFgs #1656315} whose proc state 2 is better than process ProcessState{baa4f70 net.dinglisch.android.taskerm/10289 pkg=net.dinglisch.android.taskerm} proc state 3 (117 skipped)
07-12 04:30:30.880  1750  3192 W AppOps  : Noting op not finished: uid 10447 pkg com.urbandroid.sleep code 79 startTime of in progress event=1657614596536
07-12 04:30:31.049  1750  4848 D CompatibilityChangeReporter: Compat change id reported: 171306433; UID 10190; state: ENABLED
07-12 04:30:31.089  1750  3192 W AppOps  : Noting op not finished: uid 10202 pkg com.google.android.apps.maps code 79 startTime of in progress event=1657614631084
07-12 04:30:33.701  1750  2068 D CompatibilityChangeReporter: Compat change id reported: 168419799; UID 1000; state: DISABLED
07-12 04:30:34.104  1750  4230 W AppOps  : Noting op not finished: uid 10170 pkg com.google.android.googlequicksearchbox code 79 startTime of in progress event=1657600179941
07-12 04:30:34.105  1750  4230 W AppOps  : Noting op not finished: uid 10152 pkg com.google.android.apps.scone code 79 startTime of in progress event=1657600179962
07-12 04:30:34.113  1750  4230 W AppOps  : Noting op not finished: uid 10202 pkg com.google.android.apps.maps code 79 startTime of in progress event=1657614631430
07-12 04:30:34.119  1750  4230 W AppOps  : Noting op not finished: uid 10447 pkg com.urbandroid.sleep code 79 startTime of in progress event=1657614631169
07-12 04:30:34.180  1750  4309 W AppOps  : Noting op not finished: uid 10202 pkg com.google.android.apps.maps code 79 startTime of in progress event=1657614634178
07-12 04:30:35.871  1750  4264 I ActivityManager: Killing 24924:com.android.chrome:sandboxed_process0:org.chromium.content.app.SandboxedProcessService0:0/u0a205i-9000 (adj 999): empty #33
07-12 04:30:35.898  1750  4264 W ActivityManager: Scheduling restart of crashed service com.android.chrome/org.chromium.content.app.SandboxedProcessService0:0 in 1000ms for connection
07-12 04:30:35.927  1750  2096 E KernelCpuUidActiveTimeReader: Negative delta from active time for uid: 10229, delta: -12
07-12 04:30:35.927  1750  2096 E KernelCpuUidActiveTimeReader: Negative delta from active time for uid: 10151, delta: -22
07-12 04:30:35.927  1750  2096 E KernelCpuUidActiveTimeReader: Negative delta from active time for uid: 10167, delta: -11
07-12 04:30:35.928  1750  2096 E KernelCpuUidActiveTimeReader: Negative delta from active time for uid: 10157, delta: -17
07-12 04:30:35.928  1750  2096 E KernelCpuUidActiveTimeReader: Negative delta from active time for uid: 10521, delta: -19
07-12 04:30:35.928  1750  2096 E KernelCpuUidActiveTimeReader: Negative delta from active time for uid: 10343, delta: -33
07-12 04:30:35.928  1750  2096 E KernelCpuUidActiveTimeReader: Negative delta from active time for uid: 10105, delta: -12
07-12 04:30:35.928  1750  2096 E KernelCpuUidActiveTimeReader: Negative delta from active time for uid: 10236, delta: -2
07-12 04:30:35.929  1750  2096 E KernelCpuUidActiveTimeReader: Negative delta from active time for uid: 10184, delta: -30
07-12 04:30:35.929  1750  2096 E KernelCpuUidActiveTimeReader: Negative delta from active time for uid: 10404, delta: -24
07-12 04:30:35.929  1750  2096 E KernelCpuUidActiveTimeReader: Negative delta from active time for uid: 10281, delta: -44
07-12 04:30:40.887  1750  4085 W ProcessStats: Tracking association SourceState{584cdb3 system/1000 BTopFgs #1656443} whose proc state 2 is better than process ProcessState{baa4f70 net.dinglisch.android.taskerm/10289 pkg=net.dinglisch.android.taskerm} proc state 3 (106 skipped)
07-12 04:30:42.807  1750  2258 W NetworkPolicy: shared quota unsupported; generating rule for each iface
07-12 04:30:43.657  1750  4848 W AppOps  : Noting op not finished: uid 10170 pkg com.google.android.googlequicksearchbox code 79 startTime of in progress event=1657600179941
07-12 04:30:43.659  1750  4848 W AppOps  : Noting op not finished: uid 10152 pkg com.google.android.apps.scone code 79 startTime of in progress event=1657600179962
07-12 04:30:43.669  1750  4848 W AppOps  : Noting op not finished: uid 10202 pkg com.google.android.apps.maps code 79 startTime of in progress event=1657614634211
07-12 04:30:43.675  1750  4848 W AppOps  : Noting op not finished: uid 10447 pkg com.urbandroid.sleep code 79 startTime of in progress event=1657614634349
07-12 04:30:43.759  1750  4099 W AppOps  : Noting op not finished: uid 10202 pkg com.google.android.apps.maps code 79 startTime of in progress event=1657614643756
07-12 04:30:51.167  1750  4848 W ActivityManager: Background start not allowed: service Intent { cmp=com.zhiliaoapp.musically/com.bytedance.common.wschannel.client.WsClientService } to com.zhiliaoapp.musically/com.bytedance.common.wschannel.client.WsClientService from pid=19536 uid=10572 pkg=com.zhiliaoapp.musically startFg?=false
07-12 04:30:51.181  1750  4848 W ProcessStats: Tracking association SourceState{584cdb3 system/1000 BTopFgs #1656542} whose proc state 2 is better than process ProcessState{baa4f70 net.dinglisch.android.taskerm/10289 pkg=net.dinglisch.android.taskerm} proc state 3 (75 skipped)
07-12 04:30:53.255  1750  4848 W AppOps  : Noting op not finished: uid 10170 pkg com.google.android.googlequicksearchbox code 79 startTime of in progress event=1657600179941
07-12 04:30:53.257  1750  4848 W AppOps  : Noting op not finished: uid 10152 pkg com.google.android.apps.scone code 79 startTime of in progress event=1657600179962
07-12 04:30:53.263  1750  4848 W AppOps  : Noting op not finished: uid 10202 pkg com.google.android.apps.maps code 79 startTime of in progress event=1657614643780
07-12 04:30:53.267  1750  4848 W AppOps  : Noting op not finished: uid 10447 pkg com.urbandroid.sleep code 79 startTime of in progress event=1657614643773
07-12 04:30:53.330  1750  4099 W AppOps  : Noting op not finished: uid 10202 pkg com.google.android.apps.maps code 79 startTime of in progress event=1657614653325
07-12 04:30:55.261  1278  1278 I wificond: Regulatory domain changed to country: US on wiphy_index: 0
07-12 04:30:55.263  1278  1278 I wificond: 2.4Ghz frequencies: 2412 2417 2422 2427 2432 2437 2442 2447 2452 2457 2462
07-12 04:30:55.263  1278  1278 I wificond: 5Ghz non-DFS frequencies: 5180 5200 5220 5240 5745 5765 5785 5805 5825
07-12 04:30:55.263  1278  1278 I wificond: 5Ghz DFS frequencies: 5260 5280 5300 5320 5500 5520 5540 5560 5580 5600 5620 5640 5660 5680 5700 5720
07-12 04:30:55.263  1278  1278 I wificond: 6Ghz frequencies:
07-12 04:30:55.263  1278  1278 I wificond: 60Ghz frequencies:
07-12 04:30:58.513  1278  1278 I wificond: Regulatory domain changed to country: US on wiphy_index: 0
07-12 04:30:58.515  1278  1278 I wificond: 2.4Ghz frequencies: 2412 2417 2422 2427 2432 2437 2442 2447 2452 2457 2462
07-12 04:30:58.516  1278  1278 I wificond: 5Ghz non-DFS frequencies: 5180 5200 5220 5240 5745 5765 5785 5805 5825
07-12 04:30:58.516  1278  1278 I wificond: 5Ghz DFS frequencies: 5260 5280 5300 5320 5500 5520 5540 5560 5580 5600 5620 5640 5660 5680 5700 5720
07-12 04:30:58.516  1278  1278 I wificond: 6Ghz frequencies:
07-12 04:30:58.516  1278  1278 I wificond: 60Ghz frequencies:
07-12 04:30:59.666  1750  4085 W AppOps  : Noting op not finished: uid 10170 pkg com.google.android.googlequicksearchbox code 79 startTime of in progress event=1657600179941
07-12 04:30:59.668  1750  4085 W AppOps  : Noting op not finished: uid 10152 pkg com.google.android.apps.scone code 79 startTime of in progress event=1657600179962
07-12 04:30:59.675  1750  4085 W AppOps  : Noting op not finished: uid 10202 pkg com.google.android.apps.maps code 79 startTime of in progress event=1657614653354
07-12 04:30:59.684  1750  4085 W AppOps  : Noting op not finished: uid 10447 pkg com.urbandroid.sleep code 79 startTime of in progress event=1657614653542
07-12 04:30:59.756  1750  3192 W AppOps  : Noting op not finished: uid 10202 pkg com.google.android.apps.maps code 79 startTime of in progress event=1657614659752
07-12 04:31:01.238  1750  3192 W ProcessStats: Tracking association SourceState{584cdb3 system/1000 BTopFgs #1656622} whose proc state 2 is better than process ProcessState{baa4f70 net.dinglisch.android.taskerm/10289 pkg=net.dinglisch.android.taskerm} proc state 3 (65 skipped)
07-12 04:31:02.861  1750  3192 W AppOps  : Noting op not finished: uid 10170 pkg com.google.android.googlequicksearchbox code 79 startTime of in progress event=1657600179941
07-12 04:31:02.863  1750  3192 W AppOps  : Noting op not finished: uid 10152 pkg com.google.android.apps.scone code 79 startTime of in progress event=1657600179962
07-12 04:31:02.868  1750  3192 W AppOps  : Noting op not finished: uid 10202 pkg com.google.android.apps.maps code 79 startTime of in progress event=1657614659782
07-12 04:31:02.876  1750  3192 W AppOps  : Noting op not finished: uid 10447 pkg com.urbandroid.sleep code 79 startTime of in progress event=1657614659786
07-12 04:31:02.944  1750  4230 W AppOps  : Noting op not finished: uid 10202 pkg com.google.android.apps.maps code 79 startTime of in progress event=1657614662938
07-12 04:31:09.223  1750  2504 W AppOps  : Noting op not finished: uid 10170 pkg com.google.android.googlequicksearchbox code 79 startTime of in progress event=1657600179941
07-12 04:31:09.225  1750  2504 W AppOps  : Noting op not finished: uid 10152 pkg com.google.android.apps.scone code 79 startTime of in progress event=1657600179962
07-12 04:31:09.234  1750  2504 W AppOps  : Noting op not finished: uid 10202 pkg com.google.android.apps.maps code 79 startTime of in progress event=1657614662965
07-12 04:31:09.240  1750  4309 W AppOps  : Noting op not finished: uid 10447 pkg com.urbandroid.sleep code 79 startTime of in progress event=1657614663156
07-12 04:31:09.311  1750  4230 W AppOps  : Noting op not finished: uid 10202 pkg com.google.android.apps.maps code 79 startTime of in progress event=1657614669305
07-12 04:31:11.314  1750  4230 W ProcessStats: Tracking association SourceState{584cdb3 system/1000 BTopFgs #1656706} whose proc state 2 is better than process ProcessState{baa4f70 net.dinglisch.android.taskerm/10289 pkg=net.dinglisch.android.taskerm} proc state 3 (50 skipped)
07-12 04:31:12.412  1750  2504 W AppOps  : Noting op not finished: uid 10170 pkg com.google.android.googlequicksearchbox code 79 startTime of in progress event=1657600179941
07-12 04:31:12.414  1750  2504 W AppOps  : Noting op not finished: uid 10152 pkg com.google.android.apps.scone code 79 startTime of in progress event=1657600179962
07-12 04:31:12.419  1750  2504 W AppOps  : Noting op not finished: uid 10202 pkg com.google.android.apps.maps code 79 startTime of in progress event=1657614669338
07-12 04:31:12.424  1750  4230 W AppOps  : Noting op not finished: uid 10447 pkg com.urbandroid.sleep code 79 startTime of in progress event=1657614669343
07-12 04:31:12.500  1750  1787 W AppOps  : Noting op not finished: uid 10202 pkg com.google.android.apps.maps code 79 startTime of in progress event=1657614672498
07-12 04:31:17.514  1750  2211 I ActivityManager: Killing 25014:com.facebook.katana:fdidsync/u0a258 (adj 985): empty #33
07-12 04:31:19.892  1750  2258 W NetworkPolicy: shared quota unsupported; generating rule for each iface
07-12 04:31:23.514  1750  2226 D ActivityManager: freezing 25056 com.facebook.orca:fdidsync
07-12 04:31:23.516  1750  2226 D ActivityManager: froze 25056 com.facebook.orca:fdidsync
07-12 04:31:26.337  1750  4230 W ProcessStats: Tracking association SourceState{584cdb3 system/1000 BTopFgs #1656756} whose proc state 2 is better than process ProcessState{baa4f70 net.dinglisch.android.taskerm/10289 pkg=net.dinglisch.android.taskerm} proc state 3 (27 skipped)
07-12 04:31:32.440  1750  2211 I ActivityManager: Killing 25056:com.facebook.orca:fdidsync/u0a263 (adj 985): empty #33
07-12 04:31:34.232  1750  3192 W ActivityManager: Background start not allowed: service Intent { cmp=com.zhiliaoapp.musically/com.bytedance.common.wschannel.client.WsClientService } to com.zhiliaoapp.musically/com.bytedance.common.wschannel.client.WsClientService from pid=19536 uid=10572 pkg=com.zhiliaoapp.musically startFg?=false
07-12 04:31:34.454  1750  2096 E KernelCpuUidActiveTimeReader: Negative delta from active time for uid: 10229, delta: -12
07-12 04:31:34.454  1750  2096 E KernelCpuUidActiveTimeReader: Negative delta from active time for uid: 10151, delta: -22
07-12 04:31:34.455  1750  2096 E KernelCpuUidActiveTimeReader: Negative delta from active time for uid: 10167, delta: -11
07-12 04:31:34.455  1750  2096 E KernelCpuUidActiveTimeReader: Negative delta from active time for uid: 10157, delta: -17
07-12 04:31:34.455  1750  2096 E KernelCpuUidActiveTimeReader: Negative delta from active time for uid: 10521, delta: -19
07-12 04:31:34.456  1750  2096 E KernelCpuUidActiveTimeReader: Negative delta from active time for uid: 10343, delta: -33
07-12 04:31:34.457  1750  2096 E KernelCpuUidActiveTimeReader: Negative delta from active time for uid: 10105, delta: -12
07-12 04:31:34.457  1750  2096 E KernelCpuUidActiveTimeReader: Negative delta from active time for uid: 10236, delta: -2
07-12 04:31:34.457  1750  2096 E KernelCpuUidActiveTimeReader: Negative delta from active time for uid: 10184, delta: -30
07-12 04:31:34.457  1750  2096 E KernelCpuUidActiveTimeReader: Negative delta from active time for uid: 10404, delta: -24
07-12 04:31:34.458  1750  2096 E KernelCpuUidActiveTimeReader: Negative delta from active time for uid: 10281, delta: -44
07-12 04:31:38.233  1750  2497 W ProcessStats: Tracking association SourceState{584cdb3 system/1000 BTopFgs #1656811} whose proc state 2 is better than process ProcessState{baa4f70 net.dinglisch.android.taskerm/10289 pkg=net.dinglisch.android.taskerm} proc state 3 (37 skipped)
07-12 04:31:49.544  1750  3192 W ProcessStats: Tracking association SourceState{584cdb3 system/1000 BTopFgs #1656854} whose proc state 2 is better than process ProcessState{baa4f70 net.dinglisch.android.taskerm/10289 pkg=net.dinglisch.android.taskerm} proc state 3 (39 skipped)
07-12 04:31:56.691  1750  2497 I ActivityManager: Process com.google.process.gapps (pid 11993) has died: cch+75 CEM 
07-12 04:31:56.924  1750  2975 W AppOps  : Noting op not finished: uid 10202 pkg com.google.android.apps.maps code 79 startTime of in progress event=1657614672520
07-12 04:31:56.943  1750  2504 W AppOps  : Noting op not finished: uid 10190 pkg com.google.android.gms code 113 startTime of in progress event=1657610554679
07-12 04:31:56.949  1750  2504 W AppOps  : Noting op not finished: uid 10223 pkg com.google.android.gms.location.history code 79 startTime of in progress event=1657600184482
07-12 04:31:56.959  1750  2975 W AppOps  : Noting op not finished: uid 10190 pkg com.google.android.gms code 113 startTime of in progress event=1657610554679
07-12 04:31:56.965  1750  2975 W AppOps  : Noting op not finished: uid 10190 pkg com.google.android.gms code 113 startTime of in progress event=1657613469236
07-12 04:31:56.972  1750  2504 W AppOps  : Noting op not finished: uid 10447 pkg com.urbandroid.sleep code 79 startTime of in progress event=1657614672651
07-12 04:31:57.035  1750  4230 I ActivityManager: Process com.google.android.apps.wearables.maestro.companion (pid 24167) has died: cch+95 CEM 
07-12 04:31:57.100  1750  2504 I ActivityManager: Process com.amazon.dee.app:alexa_accessories (pid 18418) has died: cch+85 CEM 
07-12 04:31:57.233  1750  1787 I ActivityManager: Process com.amazon.dee.app:alexa_authservice (pid 20070) has died: fg  SVC 
07-12 04:31:57.674  1750  2258 W NetworkPolicy: shared quota unsupported; generating rule for each iface
07-12 04:32:00.271  1750  3192 W ProcessStats: Tracking association SourceState{584cdb3 system/1000 BTopFgs #1656959} whose proc state 2 is better than process ProcessState{baa4f70 net.dinglisch.android.taskerm/10289 pkg=net.dinglisch.android.taskerm} proc state 3 (92 skipped)
07-12 04:32:02.029  1750  3192 W AppOps  : Noting op not finished: uid 10202 pkg com.google.android.apps.maps code 79 startTime of in progress event=1657614717262
07-12 04:32:02.035  1750  3192 W AppOps  : Noting op not finished: uid 10190 pkg com.google.android.gms code 113 startTime of in progress event=1657610554679
07-12 04:32:02.042  1750  2504 W AppOps  : Noting op not finished: uid 10223 pkg com.google.android.gms.location.history code 79 startTime of in progress event=1657600184482
07-12 04:32:02.049  1750  4848 W AppOps  : Noting op not finished: uid 10190 pkg com.google.android.gms code 113 startTime of in progress event=1657610554679
07-12 04:32:02.056  1750  2504 W AppOps  : Noting op not finished: uid 10190 pkg com.google.android.gms code 113 startTime of in progress event=1657613469236
07-12 04:32:02.063  1750  2504 W AppOps  : Noting op not finished: uid 10447 pkg com.urbandroid.sleep code 79 startTime of in progress event=1657614717289
07-12 04:32:05.459  1750  4232 W AppOps  : Noting op not finished: uid 10447 pkg com.urbandroid.sleep code 79 startTime of in progress event=1657614722075
07-12 04:32:11.371  1750  1787 W ProcessStats: Tracking association SourceState{584cdb3 system/1000 BTopFgs #1657068} whose proc state 2 is better than process ProcessState{baa4f70 net.dinglisch.android.taskerm/10289 pkg=net.dinglisch.android.taskerm} proc state 3 (95 skipped)
07-12 04:32:14.424  1750  2258 W NetworkPolicy: shared quota unsupported; generating rule for each iface
07-12 04:32:20.236  1278  1278 I wificond: Regulatory domain changed to country: US on wiphy_index: 0
07-12 04:32:20.237  1278  1278 I wificond: 2.4Ghz frequencies: 2412 2417 2422 2427 2432 2437 2442 2447 2452 2457 2462
07-12 04:32:20.237  1278  1278 I wificond: 5Ghz non-DFS frequencies: 5180 5200 5220 5240 5745 5765 5785 5805 5825
07-12 04:32:20.237  1278  1278 I wificond: 5Ghz DFS frequencies: 5260 5280 5300 5320 5500 5520 5540 5560 5580 5600 5620 5640 5660 5680 5700 5720
07-12 04:32:20.237  1278  1278 I wificond: 6Ghz frequencies:
07-12 04:32:20.237  1278  1278 I wificond: 60Ghz frequencies:
07-12 04:32:21.489  1750  3117 W ProcessStats: Tracking association SourceState{584cdb3 system/1000 BTopFgs #1657091} whose proc state 2 is better than process ProcessState{baa4f70 net.dinglisch.android.taskerm/10289 pkg=net.dinglisch.android.taskerm} proc state 3 (15 skipped)
07-12 04:32:27.326  1278  1278 I wificond: Regulatory domain changed to country: US on wiphy_index: 0
07-12 04:32:27.328  1278  1278 I wificond: 2.4Ghz frequencies: 2412 2417 2422 2427 2432 2437 2442 2447 2452 2457 2462
07-12 04:32:27.328  1278  1278 I wificond: 5Ghz non-DFS frequencies: 5180 5200 5220 5240 5745 5765 5785 5805 5825
07-12 04:32:27.328  1278  1278 I wificond: 5Ghz DFS frequencies: 5260 5280 5300 5320 5500 5520 5540 5560 5580 5600 5620 5640 5660 5680 5700 5720
07-12 04:32:27.328  1278  1278 I wificond: 6Ghz frequencies:
07-12 04:32:27.328  1278  1278 I wificond: 60Ghz frequencies:
07-12 04:32:29.616  1750  2068 D CompatibilityChangeReporter: Compat change id reported: 135634846; UID 10210; state: DISABLED
07-12 04:32:29.616  1750  2068 D CompatibilityChangeReporter: Compat change id reported: 177438394; UID 10210; state: DISABLED
07-12 04:32:29.616  1750  2068 D CompatibilityChangeReporter: Compat change id reported: 135772972; UID 10210; state: DISABLED
07-12 04:32:29.617  1750  2068 D CompatibilityChangeReporter: Compat change id reported: 135754954; UID 10210; state: ENABLED
07-12 04:32:29.617  1750  2069 D CompatibilityChangeReporter: Compat change id reported: 143937733; UID 10210; state: ENABLED
07-12 04:32:29.630  1750  2069 I ActivityManager: Start proc 28126:com.google.android.apps.photos/u0a210 for broadcast {com.google.android.apps.photos/com.google.android.libraries.notifications.entrypoints.gcm.GcmBroadcastReceiver}
07-12 04:32:29.707  1750  3117 D CompatibilityChangeReporter: Compat change id reported: 168419799; UID 10210; state: DISABLED
07-12 04:32:29.763  1750  3117 I DropBoxManagerService: add tag=event_data isTagEnabled=true flags=0x2
07-12 04:32:29.764  1750  3117 W DropBoxManagerService: Dropping: event_data (39 > 0 bytes)
07-12 04:32:29.844  1750  3192 I DropBoxManagerService: add tag=dumpsys:account isTagEnabled=true flags=0x2
07-12 04:32:29.845  1750  3192 W DropBoxManagerService: Dropping: dumpsys:account (447 > 0 bytes)
07-12 04:32:29.965  1750  4085 I DropBoxManagerService: add tag=platform_stats_bookmark isTagEnabled=true flags=0x2
07-12 04:32:29.965  1750  4085 W DropBoxManagerService: Dropping: platform_stats_bookmark (13 > 0 bytes)
07-12 04:32:30.884  1750  3117 W BroadcastQueue: Background execution not allowed: receiving Intent { act=android.intent.action.DROPBOX_ENTRY_ADDED flg=0x10 (has extras) } to com.google.android.gms/.stats.service.DropBoxEntryAddedReceiver
07-12 04:32:30.887  1750  2068 W BroadcastQueue: Background execution not allowed: receiving Intent { act=android.intent.action.DROPBOX_ENTRY_ADDED flg=0x10 (has extras) } to com.google.android.gms/.chimera.GmsIntentOperationService$PersistentTrustedReceiver
07-12 04:32:30.890  1750  2068 W BroadcastQueue: Background execution not allowed: receiving Intent { act=android.intent.action.DROPBOX_ENTRY_ADDED flg=0x10 (has extras) } to com.google.android.gms/.stats.service.DropBoxEntryAddedReceiver
07-12 04:32:30.890  1750  2068 W BroadcastQueue: Background execution not allowed: receiving Intent { act=android.intent.action.DROPBOX_ENTRY_ADDED flg=0x10 (has extras) } to com.google.android.gms/.chimera.GmsIntentOperationService$PersistentTrustedReceiver
07-12 04:32:30.890  1750  2068 W BroadcastQueue: Background execution not allowed: receiving Intent { act=android.intent.action.DROPBOX_ENTRY_ADDED flg=0x10 (has extras) } to com.google.android.gms/.stats.service.DropBoxEntryAddedReceiver
07-12 04:32:30.890  1750  2068 W BroadcastQueue: Background execution not allowed: receiving Intent { act=android.intent.action.DROPBOX_ENTRY_ADDED flg=0x10 (has extras) } to com.google.android.gms/.chimera.GmsIntentOperationService$PersistentTrustedReceiver
07-12 04:32:31.803  1750  2258 W NetworkPolicy: shared quota unsupported; generating rule for each iface
07-12 04:32:35.631  1750  2490 W ProcessStats: Tracking association SourceState{584cdb3 system/1000 BTopFgs #1657150} whose proc state 2 is better than process ProcessState{baa4f70 net.dinglisch.android.taskerm/10289 pkg=net.dinglisch.android.taskerm} proc state 3 (35 skipped)
07-12 04:32:39.178  1278  1278 I wificond: Regulatory domain changed to country: US on wiphy_index: 0
07-12 04:32:39.182  1278  1278 I wificond: 2.4Ghz frequencies: 2412 2417 2422 2427 2432 2437 2442 2447 2452 2457 2462
07-12 04:32:39.182  1278  1278 I wificond: 5Ghz non-DFS frequencies: 5180 5200 5220 5240 5745 5765 5785 5805 5825
07-12 04:32:39.183  1278  1278 I wificond: 5Ghz DFS frequencies: 5260 5280 5300 5320 5500 5520 5540 5560 5580 5600 5620 5640 5660 5680 5700 5720
07-12 04:32:39.183  1278  1278 I wificond: 6Ghz frequencies:
07-12 04:32:39.183  1278  1278 I wificond: 60Ghz frequencies:
07-12 04:32:40.396  1278  1278 I wificond: Regulatory domain changed to country: US on wiphy_index: 0
07-12 04:32:40.399  1278  1278 I wificond: 2.4Ghz frequencies: 2412 2417 2422 2427 2432 2437 2442 2447 2452 2457 2462
07-12 04:32:40.399  1278  1278 I wificond: 5Ghz non-DFS frequencies: 5180 5200 5220 5240 5745 5765 5785 5805 5825
07-12 04:32:40.399  1278  1278 I wificond: 5Ghz DFS frequencies: 5260 5280 5300 5320 5500 5520 5540 5560 5580 5600 5620 5640 5660 5680 5700 5720
07-12 04:32:40.399  1278  1278 I wificond: 6Ghz frequencies:
07-12 04:32:40.399  1278  1278 I wificond: 60Ghz frequencies:
07-12 04:32:50.837  1750  4264 W ProcessStats: Tracking association SourceState{584cdb3 system/1000 BTopFgs #1657177} whose proc state 2 is better than process ProcessState{baa4f70 net.dinglisch.android.taskerm/10289 pkg=net.dinglisch.android.taskerm} proc state 3 (14 skipped)
07-12 04:32:53.263  1278  1278 I wificond: Regulatory domain changed to country: US on wiphy_index: 0
07-12 04:32:53.269  1278  1278 I wificond: 2.4Ghz frequencies: 2412 2417 2422 2427 2432 2437 2442 2447 2452 2457 2462
07-12 04:32:53.269  1278  1278 I wificond: 5Ghz non-DFS frequencies: 5180 5200 5220 5240 5745 5765 5785 5805 5825
07-12 04:32:53.269  1278  1278 I wificond: 5Ghz DFS frequencies: 5260 5280 5300 5320 5500 5520 5540 5560 5580 5600 5620 5640 5660 5680 5700 5720
07-12 04:32:53.269  1278  1278 I wificond: 6Ghz frequencies:
07-12 04:32:53.270  1278  1278 I wificond: 60Ghz frequencies:
07-12 04:32:54.207  1278  1278 I wificond: Regulatory domain changed to country: US on wiphy_index: 0
07-12 04:32:54.208  1278  1278 I wificond: 2.4Ghz frequencies: 2412 2417 2422 2427 2432 2437 2442 2447 2452 2457 2462
07-12 04:32:54.209  1278  1278 I wificond: 5Ghz non-DFS frequencies: 5180 5200 5220 5240 5745 5765 5785 5805 5825
07-12 04:32:54.209  1278  1278 I wificond: 5Ghz DFS frequencies: 5260 5280 5300 5320 5500 5520 5540 5560 5580 5600 5620 5640 5660 5680 5700 5720
07-12 04:32:54.209  1278  1278 I wificond: 6Ghz frequencies:
07-12 04:32:54.209  1278  1278 I wificond: 60Ghz frequencies:
07-12 04:33:02.915  1750  2062 W ProcessStats: Tracking association SourceState{584cdb3 system/1000 BTopFgs #1657185} whose proc state 2 is better than process ProcessState{baa4f70 net.dinglisch.android.taskerm/10289 pkg=net.dinglisch.android.taskerm} proc state 3 (5 skipped)
07-12 04:33:04.479  1750  3117 W ActivityManager: Background start not allowed: service Intent { cmp=com.zhiliaoapp.musically/com.bytedance.common.wschannel.client.WsClientService } to com.zhiliaoapp.musically/com.bytedance.common.wschannel.client.WsClientService from pid=19536 uid=10572 pkg=com.zhiliaoapp.musically startFg?=false
07-12 04:33:12.556  1278  1278 I wificond: Regulatory domain changed to country: US on wiphy_index: 0
07-12 04:33:12.558  1278  1278 I wificond: 2.4Ghz frequencies: 2412 2417 2422 2427 2432 2437 2442 2447 2452 2457 2462
07-12 04:33:12.558  1278  1278 I wificond: 5Ghz non-DFS frequencies: 5180 5200 5220 5240 5745 5765 5785 5805 5825
07-12 04:33:12.558  1278  1278 I wificond: 5Ghz DFS frequencies: 5260 5280 5300 5320 5500 5520 5540 5560 5580 5600 5620 5640 5660 5680 5700 5720
07-12 04:33:12.558  1278  1278 I wificond: 6Ghz frequencies:
07-12 04:33:12.558  1278  1278 I wificond: 60Ghz frequencies:
07-12 04:33:13.399  1750  4264 W ProcessStats: Tracking association SourceState{584cdb3 system/1000 BTopFgs #1657198} whose proc state 2 is better than process ProcessState{baa4f70 net.dinglisch.android.taskerm/10289 pkg=net.dinglisch.android.taskerm} proc state 3 (11 skipped)
07-12 04:33:14.691  1278  1278 I wificond: Regulatory domain changed to country: US on wiphy_index: 0
07-12 04:33:14.693  1278  1278 I wificond: 2.4Ghz frequencies: 2412 2417 2422 2427 2432 2437 2442 2447 2452 2457 2462
07-12 04:33:14.693  1278  1278 I wificond: 5Ghz non-DFS frequencies: 5180 5200 5220 5240 5745 5765 5785 5805 5825
07-12 04:33:14.693  1278  1278 I wificond: 5Ghz DFS frequencies: 5260 5280 5300 5320 5500 5520 5540 5560 5580 5600 5620 5640 5660 5680 5700 5720
07-12 04:33:14.693  1278  1278 I wificond: 6Ghz frequencies:
07-12 04:33:14.693  1278  1278 I wificond: 60Ghz frequencies:
07-12 04:33:24.082  1750  2490 W ProcessStats: Tracking association SourceState{584cdb3 system/1000 BTopFgs #1657204} whose proc state 2 is better than process ProcessState{baa4f70 net.dinglisch.android.taskerm/10289 pkg=net.dinglisch.android.taskerm} proc state 3 (4 skipped)
07-12 04:33:25.124  1750  2258 W NetworkPolicy: shared quota unsupported; generating rule for each iface
07-12 04:33:25.887  1278  1278 I wificond: Regulatory domain changed to country: US on wiphy_index: 0
07-12 04:33:25.889  1278  1278 I wificond: 2.4Ghz frequencies: 2412 2417 2422 2427 2432 2437 2442 2447 2452 2457 2462
07-12 04:33:25.889  1278  1278 I wificond: 5Ghz non-DFS frequencies: 5180 5200 5220 5240 5745 5765 5785 5805 5825
07-12 04:33:25.889  1278  1278 I wificond: 5Ghz DFS frequencies: 5260 5280 5300 5320 5500 5520 5540 5560 5580 5600 5620 5640 5660 5680 5700 5720
07-12 04:33:25.889  1278  1278 I wificond: 6Ghz frequencies:
07-12 04:33:25.889  1278  1278 I wificond: 60Ghz frequencies:
07-12 04:33:26.210  1278  1278 I wificond: Regulatory domain changed to country: US on wiphy_index: 0
07-12 04:33:26.212  1278  1278 I wificond: 2.4Ghz frequencies: 2412 2417 2422 2427 2432 2437 2442 2447 2452 2457 2462
07-12 04:33:26.212  1278  1278 I wificond: 5Ghz non-DFS frequencies: 5180 5200 5220 5240 5745 5765 5785 5805 5825
07-12 04:33:26.212  1278  1278 I wificond: 5Ghz DFS frequencies: 5260 5280 5300 5320 5500 5520 5540 5560 5580 5600 5620 5640 5660 5680 5700 5720
07-12 04:33:26.212  1278  1278 I wificond: 6Ghz frequencies:
07-12 04:33:26.212  1278  1278 I wificond: 60Ghz frequencies:
07-12 04:33:34.892  1750  2226 D ActivityManager: freezing 20210 com.google.android.webview:sandboxed_process0:org.chromium.content.app.SandboxedProcessService0:0
07-12 04:33:34.893  1750  2226 D ActivityManager: froze 20210 com.google.android.webview:sandboxed_process0:org.chromium.content.app.SandboxedProcessService0:0
07-12 04:33:35.093  1750  2226 D ActivityManager: freezing 25667 com.google.android.apps.authenticator2
07-12 04:33:35.094  1750  2226 D ActivityManager: froze 25667 com.google.android.apps.authenticator2
07-12 04:33:41.685  1750  2226 D ActivityManager: freezing 25710 com.google.android.apps.turbo:aab
07-12 04:33:41.686  1750  2226 D ActivityManager: froze 25710 com.google.android.apps.turbo:aab
07-12 04:33:44.671  1750  2490 W ProcessStats: Tracking association SourceState{584cdb3 system/1000 BTopFgs #1657215} whose proc state 2 is better than process ProcessState{baa4f70 net.dinglisch.android.taskerm/10289 pkg=net.dinglisch.android.taskerm} proc state 3 (7 skipped)
07-12 04:33:51.159  1278  1278 I wificond: Regulatory domain changed to country: US on wiphy_index: 0
07-12 04:33:51.161  1278  1278 I wificond: 2.4Ghz frequencies: 2412 2417 2422 2427 2432 2437 2442 2447 2452 2457 2462
07-12 04:33:51.161  1278  1278 I wificond: 5Ghz non-DFS frequencies: 5180 5200 5220 5240 5745 5765 5785 5805 5825
07-12 04:33:51.161  1278  1278 I wificond: 5Ghz DFS frequencies: 5260 5280 5300 5320 5500 5520 5540 5560 5580 5600 5620 5640 5660 5680 5700 5720
07-12 04:33:51.161  1278  1278 I wificond: 6Ghz frequencies:
07-12 04:33:51.161  1278  1278 I wificond: 60Ghz frequencies:
07-12 04:33:55.651  1278  1278 I wificond: Regulatory domain changed to country: US on wiphy_index: 0
07-12 04:33:55.653  1278  1278 I wificond: 2.4Ghz frequencies: 2412 2417 2422 2427 2432 2437 2442 2447 2452 2457 2462
