07-12 04:19:25.953  1750  3029 D CompatibilityChangeReporter: Compat change id reported: 168419799; UID 10258; state: DISABLED
07-12 04:19:25.958  1750  3029 D CompatibilityChangeReporter: Compat change id reported: 174042980; UID 10258; state: DISABLED
07-12 04:19:25.958  1750  3029 D CompatibilityChangeReporter: Compat change id reported: 184838306; UID 10258; state: DISABLED
07-12 04:19:25.958  1750  3029 D CompatibilityChangeReporter: Compat change id reported: 185004937; UID 10258; state: DISABLED
07-12 04:19:25.959  1750  3029 D CompatibilityChangeReporter: Compat change id reported: 181136395; UID 10258; state: DISABLED
07-12 04:19:25.959  1750  3029 D CompatibilityChangeReporter: Compat change id reported: 174042936; UID 10258; state: DISABLED
07-12 04:19:26.039  1750  1750 D CompatibilityChangeReporter: Compat change id reported: 135634846; UID 10163; state: DISABLED
07-12 04:19:26.039  1750  1750 D CompatibilityChangeReporter: Compat change id reported: 177438394; UID 10163; state: DISABLED
07-12 04:19:26.039  1750  1750 D CompatibilityChangeReporter: Compat change id reported: 135772972; UID 10163; state: DISABLED
07-12 04:19:26.040  1750  1750 D CompatibilityChangeReporter: Compat change id reported: 135754954; UID 10163; state: ENABLED
07-12 04:19:26.040  1750  2069 D CompatibilityChangeReporter: Compat change id reported: 143937733; UID 10163; state: ENABLED
07-12 04:19:26.054  1750  2069 I ActivityManager: Start proc 25120:com.google.android.apps.wellbeing/u0a163 for service {com.google.android.apps.wellbeing/androidx.work.impl.background.systemjob.SystemJobService}
07-12 04:19:26.590  1750  1787 I ActivityManager: Killing 20549:com.google.android.apps.turbo:aab/u0a188 (adj 975): empty #33
07-12 04:19:27.525  1750  4057 D CompatibilityChangeReporter: Compat change id reported: 171306433; UID 10258; state: DISABLED
07-12 04:19:27.578  1750  2258 W NetworkPolicy: shared quota unsupported; generating rule for each iface
07-12 04:19:28.447  1750  2211 W DeviceIdleController: motion timeout went off and device isn't stationary
07-12 04:19:31.662  1750  2258 W NetworkPolicy: shared quota unsupported; generating rule for each iface
07-12 04:19:32.343  1750  4848 W ProcessStats: Tracking association SourceState{584cdb3 system/1000 BTopFgs #1652740} whose proc state 2 is better than process ProcessState{baa4f70 net.dinglisch.android.taskerm/10289 pkg=net.dinglisch.android.taskerm} proc state 3 (70 skipped)
07-12 04:19:36.214  1750  3192 W ContentProviderHelper: Permission Denial: opening provider com.android.providers.contacts.ContactsProvider2 from ProcessRecord{aaafca9 869:com.facebook.katana/u0a258} (pid=869, uid=10258) requires android.permission.READ_CONTACTS or android.permission.WRITE_CONTACTS
07-12 04:19:36.215   869 25140 E ActivityThread: Failed to find provider info for com.android.contacts
07-12 04:19:36.295  1750  3192 W ContentProviderHelper: Permission Denial: opening provider com.android.providers.contacts.ContactsProvider2 from ProcessRecord{aaafca9 869:com.facebook.katana/u0a258} (pid=869, uid=10258) requires android.permission.READ_CONTACTS or android.permission.WRITE_CONTACTS
07-12 04:19:36.296   869 25140 E ActivityThread: Failed to find provider info for com.android.contacts
07-12 04:19:38.034  1750  4057 W AppOps  : Noting op not finished: uid 10202 pkg com.google.android.apps.maps code 79 startTime of in progress event=1657613963748
07-12 04:19:38.044  1750  2490 W AppOps  : Noting op not finished: uid 10190 pkg com.google.android.gms code 113 startTime of in progress event=1657610554679
07-12 04:19:38.057  1750  2490 W AppOps  : Noting op not finished: uid 10190 pkg com.google.android.gms code 113 startTime of in progress event=1657610554679
07-12 04:19:38.063  1750  4848 W AppOps  : Noting op not finished: uid 10223 pkg com.google.android.gms.location.history code 79 startTime of in progress event=1657600184482
07-12 04:19:38.078  1750  4057 W AppOps  : Noting op not finished: uid 10190 pkg com.google.android.gms code 113 startTime of in progress event=1657610554679
07-12 04:19:38.093  1750  3192 W AppOps  : Noting op not finished: uid 10190 pkg com.google.android.gms code 113 startTime of in progress event=1657613469236
07-12 04:19:38.101  1750  3192 W AppOps  : Noting op not finished: uid 10447 pkg com.urbandroid.sleep code 79 startTime of in progress event=1657613963895
07-12 04:19:38.103  1750  1787 W AppOps  : Noting op not finished: uid 10202 pkg com.google.android.apps.maps code 79 startTime of in progress event=1657613978098
07-12 04:19:38.162  1750  3192 W AppOps  : Noting op not finished: uid 10202 pkg com.google.android.apps.maps code 79 startTime of in progress event=1657613978159
07-12 04:19:42.413  1750  1750 W ProcessStats: Tracking association SourceState{584cdb3 system/1000 BTopFgs #1652838} whose proc state 2 is better than process ProcessState{baa4f70 net.dinglisch.android.taskerm/10289 pkg=net.dinglisch.android.taskerm} proc state 3 (92 skipped)
07-12 04:19:42.527  1750  2226 D ActivityManager: freezing 20573 com.google.android.apps.turbo:ssb
07-12 04:19:42.527  1750  2226 D ActivityManager: froze 20573 com.google.android.apps.turbo:ssb
07-12 04:19:42.811  1750  3192 I ActivityManager: Killing 20573:com.google.android.apps.turbo:ssb/u0a188 (adj 975): empty #33
07-12 04:19:47.148  1750  4058 D CompatibilityChangeReporter: Compat change id reported: 171306433; UID 1000; state: ENABLED
07-12 04:19:48.377  1750  2258 W NetworkPolicy: shared quota unsupported; generating rule for each iface
07-12 04:19:51.032  1750  2258 W NetworkPolicy: shared quota unsupported; generating rule for each iface
07-12 04:19:52.768  1750  1750 W ProcessStats: Tracking association SourceState{584cdb3 system/1000 BTopFgs #1652879} whose proc state 2 is better than process ProcessState{baa4f70 net.dinglisch.android.taskerm/10289 pkg=net.dinglisch.android.taskerm} proc state 3 (24 skipped)
07-12 04:19:54.948  1750  1750 D CompanionDeviceManagerService: onDeviceConnected(address = 58:BF:25:EC:3C:8A)
07-12 04:19:54.948  1750  1750 I CompanionDeviceManagerService: onDeviceNearby(justAppeared, address = 58:BF:25:EC:3C:8A)
07-12 04:19:54.983  1750  2068 D CompatibilityChangeReporter: Compat change id reported: 168419799; UID 10144; state: DISABLED
07-12 04:19:55.018  1750  4058 D CompatibilityChangeReporter: Compat change id reported: 168419799; UID 10169; state: DISABLED
07-12 04:19:55.108  1750  4365 W BroadcastQueue: Permission Denial: receiving Intent { act=android.bluetooth.device.action.ACL_CONNECTED flg=0x5000010 (has extras) } to com.ifttt.ifttt/com.ifttt.nativeservices.bluetooth.BluetoothBroadcastReceiver requires android.permission.BLUETOOTH_CONNECT due to sender com.android.bluetooth (uid 1002)
07-12 04:19:55.148  1750  4365 D CompatibilityChangeReporter: Compat change id reported: 168419799; UID 10321; state: DISABLED
07-12 04:19:55.237  1750  3192 D CompatibilityChangeReporter: Compat change id reported: 157233955; UID 10144; state: ENABLED
07-12 04:19:57.707  1750  2258 W NetworkPolicy: shared quota unsupported; generating rule for each iface
07-12 04:20:03.035  1750  2258 W NetworkPolicy: shared quota unsupported; generating rule for each iface
07-12 04:20:04.654  1750  2258 W NetworkPolicy: shared quota unsupported; generating rule for each iface
07-12 04:20:04.949  1750  1750 D CompanionDeviceManagerService: TriggerDeviceDisappearedRunnable.run(address = 58:BF:25:EC:3C:8A)
07-12 04:20:06.462  1750  2258 W NetworkPolicy: shared quota unsupported; generating rule for each iface
07-12 04:20:06.999  1750  1750 W ProcessStats: Tracking association SourceState{584cdb3 system/1000 BTopFgs #1652979} whose proc state 2 is better than process ProcessState{baa4f70 net.dinglisch.android.taskerm/10289 pkg=net.dinglisch.android.taskerm} proc state 3 (60 skipped)
07-12 04:20:08.788  1750  2226 D ActivityManager: freezing 20210 com.google.android.webview:sandboxed_process0:org.chromium.content.app.SandboxedProcessService0:0
07-12 04:20:08.790  1750  2226 D ActivityManager: froze 20210 com.google.android.webview:sandboxed_process0:org.chromium.content.app.SandboxedProcessService0:0
07-12 04:20:09.208  1750  2258 W NetworkPolicy: shared quota unsupported; generating rule for each iface
07-12 04:20:10.005  1750  2258 W NetworkPolicy: shared quota unsupported; generating rule for each iface
07-12 04:20:12.657  1750  2068 W ActivityManager: Stopping service due to app idle: u0a297 -8m54s331ms com.instagram.android/com.facebook.rti.push.service.FbnsService
07-12 04:20:12.714  1750  3192 I ActivityManager: Killing 19480:com.amazon.dee.app/u0a305 (adj 976): empty #33
07-12 04:20:12.773  1750  2273 D NsdService: Client disconnected
07-12 04:20:17.211  1750  3117 W ProcessStats: Tracking association SourceState{584cdb3 system/1000 BTopFgs #1653049} whose proc state 2 is better than process ProcessState{baa4f70 net.dinglisch.android.taskerm/10289 pkg=net.dinglisch.android.taskerm} proc state 3 (43 skipped)
07-12 04:20:18.041  1750  4232 W AppOps  : Noting op not finished: uid 10170 pkg com.google.android.googlequicksearchbox code 79 startTime of in progress event=1657600179941
07-12 04:20:18.043  1750  4232 W AppOps  : Noting op not finished: uid 10152 pkg com.google.android.apps.scone code 79 startTime of in progress event=1657600179962
07-12 04:20:18.050  1750  4232 W AppOps  : Noting op not finished: uid 10202 pkg com.google.android.apps.maps code 79 startTime of in progress event=1657613981111
07-12 04:20:18.058  1750  4232 W AppOps  : Noting op not finished: uid 10447 pkg com.urbandroid.sleep code 79 startTime of in progress event=1657613978147
07-12 04:20:18.143  1750  1786 W AppOps  : Noting op not finished: uid 10202 pkg com.google.android.apps.maps code 79 startTime of in progress event=1657614018140
07-12 04:20:21.228  1750  1786 W AppOps  : Noting op not finished: uid 10170 pkg com.google.android.googlequicksearchbox code 79 startTime of in progress event=1657600179941
07-12 04:20:21.229  1750  1786 W AppOps  : Noting op not finished: uid 10152 pkg com.google.android.apps.scone code 79 startTime of in progress event=1657600179962
07-12 04:20:21.234  1750  1786 W AppOps  : Noting op not finished: uid 10202 pkg com.google.android.apps.maps code 79 startTime of in progress event=1657614018341
07-12 04:20:21.237  1750  4057 W AppOps  : Noting op not finished: uid 10447 pkg com.urbandroid.sleep code 79 startTime of in progress event=1657614018154
07-12 04:20:21.305  1750  4232 W AppOps  : Noting op not finished: uid 10202 pkg com.google.android.apps.maps code 79 startTime of in progress event=1657614021299
07-12 04:20:22.360  1750  2258 W NetworkPolicy: shared quota unsupported; generating rule for each iface
07-12 04:20:22.783  1750  2273 D NsdService: mdnssd [stop-service]
07-12 04:20:24.428  1750  4232 W AppOps  : Noting op not finished: uid 10170 pkg com.google.android.googlequicksearchbox code 79 startTime of in progress event=1657600179941
07-12 04:20:24.430  1750  4232 W AppOps  : Noting op not finished: uid 10152 pkg com.google.android.apps.scone code 79 startTime of in progress event=1657600179962
07-12 04:20:24.437  1750  4232 W AppOps  : Noting op not finished: uid 10202 pkg com.google.android.apps.maps code 79 startTime of in progress event=1657614021327
07-12 04:20:24.441  1750  3192 W AppOps  : Noting op not finished: uid 10447 pkg com.urbandroid.sleep code 79 startTime of in progress event=1657614021451
07-12 04:20:24.492  1750  2504 W AppOps  : Noting op not finished: uid 10202 pkg com.google.android.apps.maps code 79 startTime of in progress event=1657614024486
07-12 04:20:25.453  1750  2258 W NetworkPolicy: shared quota unsupported; generating rule for each iface
07-12 04:20:27.328  1750  2504 W ProcessStats: Tracking association SourceState{584cdb3 system/1000 BTopFgs #1653187} whose proc state 2 is better than process ProcessState{baa4f70 net.dinglisch.android.taskerm/10289 pkg=net.dinglisch.android.taskerm} proc state 3 (79 skipped)
07-12 04:20:27.662  1750  2490 W AppOps  : Noting op not finished: uid 10170 pkg com.google.android.googlequicksearchbox code 79 startTime of in progress event=1657600179941
07-12 04:20:27.665  1750  2490 W AppOps  : Noting op not finished: uid 10152 pkg com.google.android.apps.scone code 79 startTime of in progress event=1657600179962
07-12 04:20:27.673  1750  2490 W AppOps  : Noting op not finished: uid 10202 pkg com.google.android.apps.maps code 79 startTime of in progress event=1657614024522
07-12 04:20:27.680  1750  2490 W AppOps  : Noting op not finished: uid 10447 pkg com.urbandroid.sleep code 79 startTime of in progress event=1657614024525
07-12 04:20:27.753  1750  3192 W AppOps  : Noting op not finished: uid 10202 pkg com.google.android.apps.maps code 79 startTime of in progress event=1657614027751
07-12 04:20:42.263  1278  1278 I wificond: Regulatory domain changed to country: US on wiphy_index: 0
07-12 04:20:42.265  1278  1278 I wificond: 2.4Ghz frequencies: 2412 2417 2422 2427 2432 2437 2442 2447 2452 2457 2462
07-12 04:20:42.265  1278  1278 I wificond: 5Ghz non-DFS frequencies: 5180 5200 5220 5240 5745 5765 5785 5805 5825
07-12 04:20:42.265  1278  1278 I wificond: 5Ghz DFS frequencies: 5260 5280 5300 5320 5500 5520 5540 5560 5580 5600 5620 5640 5660 5680 5700 5720
07-12 04:20:42.265  1278  1278 I wificond: 6Ghz frequencies:
07-12 04:20:42.265  1278  1278 I wificond: 60Ghz frequencies:
07-12 04:20:42.814  1750  2504 W ProcessStats: Tracking association SourceState{584cdb3 system/1000 BTopFgs #1653230} whose proc state 2 is better than process ProcessState{baa4f70 net.dinglisch.android.taskerm/10289 pkg=net.dinglisch.android.taskerm} proc state 3 (25 skipped)
07-12 04:20:43.579  1750  4057 W ActivityManager: Background start not allowed: service Intent { cmp=com.zhiliaoapp.musically/com.bytedance.common.wschannel.client.WsClientService } to com.zhiliaoapp.musically/com.bytedance.common.wschannel.client.WsClientService from pid=19536 uid=10572 pkg=com.zhiliaoapp.musically startFg?=false
07-12 04:20:45.229  1750  2228 E AlarmManager: Attempt to decrement existing alarm count 0 by 1 for uid 1000
07-12 04:20:45.231  1750  2068 I DropBoxManagerService: add tag=system_server_wtf isTagEnabled=true flags=0x2
07-12 04:20:45.231  1750  2068 W DropBoxManagerService: Dropping: system_server_wtf (593 > 0 bytes)
07-12 04:20:46.837  1750  2504 W AppOps  : Noting op not finished: uid 10170 pkg com.google.android.googlequicksearchbox code 79 startTime of in progress event=1657600179941
07-12 04:20:46.838  1750  2504 W AppOps  : Noting op not finished: uid 10152 pkg com.google.android.apps.scone code 79 startTime of in progress event=1657600179962
07-12 04:20:46.843  1750  2504 W AppOps  : Noting op not finished: uid 10202 pkg com.google.android.apps.maps code 79 startTime of in progress event=1657614027773
07-12 04:20:46.847  1750  1786 W AppOps  : Noting op not finished: uid 10447 pkg com.urbandroid.sleep code 79 startTime of in progress event=1657614027896
07-12 04:20:46.947  1750  4232 W AppOps  : Noting op not finished: uid 10202 pkg com.google.android.apps.maps code 79 startTime of in progress event=1657614046942
07-12 04:20:47.243  1750  2068 W BroadcastQueue: Background execution not allowed: receiving Intent { act=android.intent.action.DROPBOX_ENTRY_ADDED flg=0x10 (has extras) } to com.google.android.gms/.stats.service.DropBoxEntryAddedReceiver
07-12 04:20:47.243  1750  2068 W BroadcastQueue: Background execution not allowed: receiving Intent { act=android.intent.action.DROPBOX_ENTRY_ADDED flg=0x10 (has extras) } to com.google.android.gms/.chimera.GmsIntentOperationService$PersistentTrustedReceiver
07-12 04:20:47.413  1750  2490 I DropBoxManagerService: add tag=platform_stats_bookmark isTagEnabled=true flags=0x2
07-12 04:20:47.413  1750  2490 W DropBoxManagerService: Dropping: platform_stats_bookmark (13 > 0 bytes)
07-12 04:20:47.415  1750  2068 W BroadcastQueue: Background execution not allowed: receiving Intent { act=android.intent.action.DROPBOX_ENTRY_ADDED flg=0x10 (has extras) } to com.google.android.gms/.stats.service.DropBoxEntryAddedReceiver
07-12 04:20:47.416  1750  2068 W BroadcastQueue: Background execution not allowed: receiving Intent { act=android.intent.action.DROPBOX_ENTRY_ADDED flg=0x10 (has extras) } to com.google.android.gms/.chimera.GmsIntentOperationService$PersistentTrustedReceiver
07-12 04:20:50.047  1750  1786 W AppOps  : Noting op not finished: uid 10170 pkg com.google.android.googlequicksearchbox code 79 startTime of in progress event=1657600179941
07-12 04:20:50.049  1750  1786 W AppOps  : Noting op not finished: uid 10152 pkg com.google.android.apps.scone code 79 startTime of in progress event=1657600179962
07-12 04:20:50.057  1750  1786 W AppOps  : Noting op not finished: uid 10202 pkg com.google.android.apps.maps code 79 startTime of in progress event=1657614046971
07-12 04:20:50.062  1750  2490 W AppOps  : Noting op not finished: uid 10447 pkg com.urbandroid.sleep code 79 startTime of in progress event=1657614047011
07-12 04:20:50.118  1750  4057 W AppOps  : Noting op not finished: uid 10202 pkg com.google.android.apps.maps code 79 startTime of in progress event=1657614050113
07-12 04:20:51.503  1750  2045 V WindowManager: Unknown focus tokens, dropping reportFocusChanged
07-12 04:20:53.614  1750  4057 W ProcessStats: Tracking association SourceState{584cdb3 system/1000 BTopFgs #1653342} whose proc state 2 is better than process ProcessState{baa4f70 net.dinglisch.android.taskerm/10289 pkg=net.dinglisch.android.taskerm} proc state 3 (88 skipped)
07-12 04:20:57.021  1750  2045 V WindowManager: Unknown focus tokens, dropping reportFocusChanged
07-12 04:21:01.822  1750  2228 E AlarmManager: Attempt to decrement existing alarm count 0 by 1 for uid 1000
07-12 04:21:01.824  1750  2068 I DropBoxManagerService: add tag=system_server_wtf isTagEnabled=true flags=0x2
07-12 04:21:01.824  1750  2068 W DropBoxManagerService: Dropping: system_server_wtf (593 > 0 bytes)
07-12 04:21:03.016  1750  2258 W NetworkPolicy: shared quota unsupported; generating rule for each iface
07-12 04:21:03.831  1750  2068 W BroadcastQueue: Background execution not allowed: receiving Intent { act=android.intent.action.DROPBOX_ENTRY_ADDED flg=0x10 (has extras) } to com.google.android.gms/.stats.service.DropBoxEntryAddedReceiver
07-12 04:21:03.831  1750  2068 W BroadcastQueue: Background execution not allowed: receiving Intent { act=android.intent.action.DROPBOX_ENTRY_ADDED flg=0x10 (has extras) } to com.google.android.gms/.chimera.GmsIntentOperationService$PersistentTrustedReceiver
07-12 04:21:03.867  1750  1786 W ProcessStats: Tracking association SourceState{584cdb3 system/1000 BTopFgs #1653386} whose proc state 2 is better than process ProcessState{baa4f70 net.dinglisch.android.taskerm/10289 pkg=net.dinglisch.android.taskerm} proc state 3 (24 skipped)
07-12 04:21:05.280  1750  2258 W NetworkPolicy: shared quota unsupported; generating rule for each iface
07-12 04:21:06.017  1750  2043 I ActivityTaskManager: START u0 {act=android.intent.action.MAIN cat=[android.intent.category.HOME] flg=0x10000100 cmp=com.teslacoilsw.launcher/.NovaLauncher (has extras)} from uid 0
07-12 04:21:06.098  1750  1786 W AppOps  : Noting op not finished: uid 10170 pkg com.google.android.googlequicksearchbox code 79 startTime of in progress event=1657600179941
07-12 04:21:06.101  1750  2490 W AppOps  : Noting op not finished: uid 10152 pkg com.google.android.apps.scone code 79 startTime of in progress event=1657600179962
07-12 04:21:06.111  1750  2504 W AppOps  : Noting op not finished: uid 10202 pkg com.google.android.apps.maps code 79 startTime of in progress event=1657614050133
07-12 04:21:06.132  1750  1786 W AppOps  : Noting op not finished: uid 10447 pkg com.urbandroid.sleep code 79 startTime of in progress event=1657614050331
07-12 04:21:06.268  1750  4058 W AppOps  : Noting op not finished: uid 10202 pkg com.google.android.apps.maps code 79 startTime of in progress event=1657614066264
07-12 04:21:08.594  1750  4057 I ActivityTaskManager: START u0 {act=android.intent.action.MAIN cat=[android.intent.category.LAUNCHER] flg=0x10200000 cmp=com.discord/.app.AppActivity$Main bnds=[671,343][880,574]} from uid 10259
07-12 04:21:08.671  1750  4057 D CompatibilityChangeReporter: Compat change id reported: 168419799; UID 10269; state: DISABLED
07-12 04:21:08.676  1750  4057 D CompatibilityChangeReporter: Compat change id reported: 174042980; UID 10269; state: DISABLED
07-12 04:21:08.677  1750  4057 D CompatibilityChangeReporter: Compat change id reported: 184838306; UID 10269; state: DISABLED
07-12 04:21:08.677  1750  4057 D CompatibilityChangeReporter: Compat change id reported: 185004937; UID 10269; state: DISABLED
07-12 04:21:08.677  1750  4057 D CompatibilityChangeReporter: Compat change id reported: 181136395; UID 10269; state: DISABLED
07-12 04:21:08.677  1750  4057 D CompatibilityChangeReporter: Compat change id reported: 174042936; UID 10269; state: DISABLED
07-12 04:21:11.151  1750  2258 W NetworkPolicy: shared quota unsupported; generating rule for each iface
07-12 04:21:12.201  1750  2062 I UsageStatsService: User[0] Flushing usage stats to disk
07-12 04:21:12.407  1750  4057 W AppOps  : Noting op not finished: uid 10170 pkg com.google.android.googlequicksearchbox code 79 startTime of in progress event=1657600179941
07-12 04:21:12.408  1750  4057 W AppOps  : Noting op not finished: uid 10152 pkg com.google.android.apps.scone code 79 startTime of in progress event=1657600179962
07-12 04:21:12.414  1750  4057 W AppOps  : Noting op not finished: uid 10202 pkg com.google.android.apps.maps code 79 startTime of in progress event=1657614066292
07-12 04:21:12.418  1750  2490 W AppOps  : Noting op not finished: uid 10447 pkg com.urbandroid.sleep code 79 startTime of in progress event=1657614066257
07-12 04:21:12.524  1750  4058 W AppOps  : Noting op not finished: uid 10202 pkg com.google.android.apps.maps code 79 startTime of in progress event=1657614072520
07-12 04:21:14.338  1750  2504 W ProcessStats: Tracking association SourceState{584cdb3 system/1000 BTopFgs #1653536} whose proc state 2 is better than process ProcessState{baa4f70 net.dinglisch.android.taskerm/10289 pkg=net.dinglisch.android.taskerm} proc state 3 (89 skipped)
07-12 04:21:16.422  1278  1278 I wificond: Regulatory domain changed to country: US on wiphy_index: 0
07-12 04:21:16.425  1278  1278 I wificond: 2.4Ghz frequencies: 2412 2417 2422 2427 2432 2437 2442 2447 2452 2457 2462
07-12 04:21:16.425  1278  1278 I wificond: 5Ghz non-DFS frequencies: 5180 5200 5220 5240 5745 5765 5785 5805 5825
07-12 04:21:16.425  1278  1278 I wificond: 5Ghz DFS frequencies: 5260 5280 5300 5320 5500 5520 5540 5560 5580 5600 5620 5640 5660 5680 5700 5720
07-12 04:21:16.425  1278  1278 I wificond: 6Ghz frequencies:
07-12 04:21:16.425  1278  1278 I wificond: 60Ghz frequencies:
07-12 04:21:19.591  1750  4058 I ContentCaptureManagerService: Data share request accepted by Content Capture service
07-12 04:21:19.751  1278  1278 I wificond: Regulatory domain changed to country: US on wiphy_index: 0
07-12 04:21:19.754  1278  1278 I wificond: 2.4Ghz frequencies: 2412 2417 2422 2427 2432 2437 2442 2447 2452 2457 2462
07-12 04:21:19.754  1278  1278 I wificond: 5Ghz non-DFS frequencies: 5180 5200 5220 5240 5745 5765 5785 5805 5825
07-12 04:21:19.754  1278  1278 I wificond: 5Ghz DFS frequencies: 5260 5280 5300 5320 5500 5520 5540 5560 5580 5600 5620 5640 5660 5680 5700 5720
07-12 04:21:19.754  1278  1278 I wificond: 6Ghz frequencies:
07-12 04:21:19.754  1278  1278 I wificond: 60Ghz frequencies:
07-12 04:21:21.057  1750  1750 D CompanionDeviceManagerService: 58:BF:25:EC:3C:8A disconnected w/ reason: (1104) Timeout
07-12 04:21:21.057  1750  1750 D CompanionDeviceManagerService: onDeviceDisconnected(address = 58:BF:25:EC:3C:8A)
07-12 04:21:21.146  1750  2490 D CompatibilityChangeReporter: Compat change id reported: 168419799; UID 10262; state: DISABLED
07-12 04:21:21.148  1750  2490 W BroadcastQueue: Permission Denial: receiving Intent { act=android.bluetooth.device.action.ACL_DISCONNECTED flg=0x5000010 (has extras) } to com.ifttt.ifttt/com.ifttt.nativeservices.bluetooth.BluetoothBroadcastReceiver requires android.permission.BLUETOOTH_CONNECT due to sender com.android.bluetooth (uid 1002)
07-12 04:21:27.502  1750  4058 W ProcessStats: Tracking association SourceState{584cdb3 system/1000 BTopFgs #1653600} whose proc state 2 is better than process ProcessState{baa4f70 net.dinglisch.android.taskerm/10289 pkg=net.dinglisch.android.taskerm} proc state 3 (49 skipped)
07-12 04:21:30.544  1750  2068 D ActivityManager: sync unfroze 20210 com.google.android.webview:sandboxed_process0:org.chromium.content.app.SandboxedProcessService0:0
07-12 04:21:30.598  1750  4058 D CompatibilityChangeReporter: Compat change id reported: 135634846; UID 10337; state: DISABLED
07-12 04:21:30.599  1750  4058 D CompatibilityChangeReporter: Compat change id reported: 177438394; UID 10337; state: DISABLED
07-12 04:21:30.599  1750  4058 D CompatibilityChangeReporter: Compat change id reported: 135772972; UID 10337; state: DISABLED
07-12 04:21:30.599  1750  4058 D CompatibilityChangeReporter: Compat change id reported: 135754954; UID 10337; state: ENABLED
07-12 04:21:30.599  1750  2069 D CompatibilityChangeReporter: Compat change id reported: 143937733; UID 10337; state: ENABLED
07-12 04:21:30.612  1750  2069 I ActivityManager: Start proc 25667:com.google.android.apps.authenticator2/u0a337 for broadcast {com.google.android.apps.authenticator2/com.google.android.apps.authenticator.auditlog.AuditLogTimerReceiver}
07-12 04:21:30.662  1750  4058 D CompatibilityChangeReporter: Compat change id reported: 168419799; UID 10337; state: DISABLED
07-12 04:21:36.978  1750  1750 D CompatibilityChangeReporter: Compat change id reported: 135634846; UID 10188; state: DISABLED
07-12 04:21:36.978  1750  1750 D CompatibilityChangeReporter: Compat change id reported: 177438394; UID 10188; state: DISABLED
07-12 04:21:36.979  1750  1750 D CompatibilityChangeReporter: Compat change id reported: 135772972; UID 10188; state: DISABLED
07-12 04:21:36.979  1750  1750 D CompatibilityChangeReporter: Compat change id reported: 135754954; UID 10188; state: ENABLED
07-12 04:21:36.979  1750  2069 D CompatibilityChangeReporter: Compat change id reported: 143937733; UID 10188; state: ENABLED
07-12 04:21:36.991  1750  2069 I ActivityManager: Start proc 25710:com.google.android.apps.turbo:aab/u0a188 for service {com.google.android.apps.turbo/com.google.android.libraries.smartbattery.appusage.library.InferAppBucketsJob}
07-12 04:21:37.359  1750  4232 D CompatibilityChangeReporter: Compat change id reported: 171306433; UID 10263; state: DISABLED
07-12 04:21:37.815  1750  4232 W ProcessStats: Tracking association SourceState{584cdb3 system/1000 BTopFgs #1653654} whose proc state 2 is better than process ProcessState{baa4f70 net.dinglisch.android.taskerm/10289 pkg=net.dinglisch.android.taskerm} proc state 3 (32 skipped)
07-12 04:21:38.141  1750  4232 W AppOps  : Noting op not finished: uid 10202 pkg com.google.android.apps.maps code 79 startTime of in progress event=1657614072543
07-12 04:21:38.145  1750  4232 W AppOps  : Noting op not finished: uid 10190 pkg com.google.android.gms code 113 startTime of in progress event=1657610554679
07-12 04:21:38.151  1750  4232 W AppOps  : Noting op not finished: uid 10223 pkg com.google.android.gms.location.history code 79 startTime of in progress event=1657600184482
07-12 04:21:38.158  1750  4232 W AppOps  : Noting op not finished: uid 10190 pkg com.google.android.gms code 113 startTime of in progress event=1657610554679
07-12 04:21:38.164  1750  4057 W AppOps  : Noting op not finished: uid 10190 pkg com.google.android.gms code 113 startTime of in progress event=1657613469236
07-12 04:21:38.175  1750  4057 W AppOps  : Noting op not finished: uid 10447 pkg com.urbandroid.sleep code 79 startTime of in progress event=1657614072680
07-12 04:21:38.189  1750  2504 W AppOps  : Noting op not finished: uid 10202 pkg com.google.android.apps.maps code 79 startTime of in progress event=1657614098185
07-12 04:21:38.253  1750  3117 W AppOps  : Noting op not finished: uid 10202 pkg com.google.android.apps.maps code 79 startTime of in progress event=1657614098251
07-12 04:21:41.800  1278  1278 I wificond: Regulatory domain changed to country: US on wiphy_index: 0
07-12 04:21:41.810  1278  1278 I wificond: 2.4Ghz frequencies: 2412 2417 2422 2427 2432 2437 2442 2447 2452 2457 2462
07-12 04:21:41.810  1278  1278 I wificond: 5Ghz non-DFS frequencies: 5180 5200 5220 5240 5745 5765 5785 5805 5825
07-12 04:21:41.810  1278  1278 I wificond: 5Ghz DFS frequencies: 5260 5280 5300 5320 5500 5520 5540 5560 5580 5600 5620 5640 5660 5680 5700 5720
07-12 04:21:41.811  1278  1278 I wificond: 6Ghz frequencies:
07-12 04:21:41.811  1278  1278 I wificond: 60Ghz frequencies:
07-12 04:21:43.493  1278  1278 I wificond: Regulatory domain changed to country: US on wiphy_index: 0
07-12 04:21:43.496  1278  1278 I wificond: 2.4Ghz frequencies: 2412 2417 2422 2427 2432 2437 2442 2447 2452 2457 2462
07-12 04:21:43.496  1278  1278 I wificond: 5Ghz non-DFS frequencies: 5180 5200 5220 5240 5745 5765 5785 5805 5825
07-12 04:21:43.496  1278  1278 I wificond: 5Ghz DFS frequencies: 5260 5280 5300 5320 5500 5520 5540 5560 5580 5600 5620 5640 5660 5680 5700 5720
07-12 04:21:43.496  1278  1278 I wificond: 6Ghz frequencies:
07-12 04:21:43.496  1278  1278 I wificond: 60Ghz frequencies:
07-12 04:21:46.628  1750  2068 D CompatibilityChangeReporter: Compat change id reported: 168419799; UID 10225; state: DISABLED
07-12 04:21:48.015  1750  2354 W ProcessStats: Tracking association SourceState{584cdb3 system/1000 BTopFgs #1653747} whose proc state 2 is better than process ProcessState{baa4f70 net.dinglisch.android.taskerm/10289 pkg=net.dinglisch.android.taskerm} proc state 3 (58 skipped)
07-12 04:21:48.119  1750  2211 I ActivityManager: Killing 19259:com.android.providers.calendar/u0a107 (adj 985): empty #33
07-12 04:21:50.544  1278  1278 I wificond: Regulatory domain changed to country: US on wiphy_index: 0
07-12 04:21:50.548  1278  1278 I wificond: 2.4Ghz frequencies: 2412 2417 2422 2427 2432 2437 2442 2447 2452 2457 2462
07-12 04:21:50.548  1278  1278 I wificond: 5Ghz non-DFS frequencies: 5180 5200 5220 5240 5745 5765 5785 5805 5825
07-12 04:21:50.548  1278  1278 I wificond: 5Ghz DFS frequencies: 5260 5280 5300 5320 5500 5520 5540 5560 5580 5600 5620 5640 5660 5680 5700 5720
07-12 04:21:50.548  1278  1278 I wificond: 6Ghz frequencies:
07-12 04:21:50.548  1278  1278 I wificond: 60Ghz frequencies:
07-12 04:21:51.173  1278  1278 I wificond: Regulatory domain changed to country: US on wiphy_index: 0
07-12 04:21:51.177  1278  1278 I wificond: 2.4Ghz frequencies: 2412 2417 2422 2427 2432 2437 2442 2447 2452 2457 2462
07-12 04:21:51.177  1278  1278 I wificond: 5Ghz non-DFS frequencies: 5180 5200 5220 5240 5745 5765 5785 5805 5825
07-12 04:21:51.177  1278  1278 I wificond: 5Ghz DFS frequencies: 5260 5280 5300 5320 5500 5520 5540 5560 5580 5600 5620 5640 5660 5680 5700 5720
07-12 04:21:51.177  1278  1278 I wificond: 6Ghz frequencies:
07-12 04:21:51.177  1278  1278 I wificond: 60Ghz frequencies:
07-12 04:21:54.704  1750  2504 I ActivityTaskManager: moveTaskToBack: Task{3c1a133 #48906 type=standard A=10269:com.discord U=0 visible=true visibleRequested=true mode=fullscreen translucent=false sz=1}
07-12 04:21:56.760  1750  4057 I ActivityTaskManager: START u0 {act=android.intent.action.MAIN cat=[android.intent.category.LAUNCHER] flg=0x10200000 cmp=com.google.android.gm/.ConversationListActivityGmail bnds=[648,2032][864,2208]} from uid 10259
07-12 04:21:56.765  1750  4057 D CompatibilityChangeReporter: Compat change id reported: 197654537; UID 10225; state: ENABLED
07-12 04:21:56.773  1750  4057 D CompatibilityChangeReporter: Compat change id reported: 174042980; UID 10225; state: DISABLED
07-12 04:21:56.773  1750  4057 D CompatibilityChangeReporter: Compat change id reported: 184838306; UID 10225; state: DISABLED
07-12 04:21:56.774  1750  4057 D CompatibilityChangeReporter: Compat change id reported: 185004937; UID 10225; state: DISABLED
07-12 04:21:56.774  1750  4057 D CompatibilityChangeReporter: Compat change id reported: 181136395; UID 10225; state: DISABLED
07-12 04:21:56.774  1750  4057 D CompatibilityChangeReporter: Compat change id reported: 174042936; UID 10225; state: DISABLED
07-12 04:21:57.203  1750  4232 W AppOps  : Noting op not finished: uid 10170 pkg com.google.android.googlequicksearchbox code 79 startTime of in progress event=1657600179941
07-12 04:21:57.204  1750  4232 W AppOps  : Noting op not finished: uid 10152 pkg com.google.android.apps.scone code 79 startTime of in progress event=1657600179962
07-12 04:21:57.209  1750  4232 W AppOps  : Noting op not finished: uid 10202 pkg com.google.android.apps.maps code 79 startTime of in progress event=1657614098269
07-12 04:21:57.214  1750  2504 W AppOps  : Noting op not finished: uid 10447 pkg com.urbandroid.sleep code 79 startTime of in progress event=1657614098234
07-12 04:21:57.277  1750  4057 W AppOps  : Noting op not finished: uid 10202 pkg com.google.android.apps.maps code 79 startTime of in progress event=1657614117272
07-12 04:21:59.195  1750  4057 W ProcessStats: Tracking association SourceState{584cdb3 system/1000 BTopFgs #1653829} whose proc state 2 is better than process ProcessState{baa4f70 net.dinglisch.android.taskerm/10289 pkg=net.dinglisch.android.taskerm} proc state 3 (61 skipped)
07-12 04:22:00.406  1750  2504 W AppOps  : Noting op not finished: uid 10170 pkg com.google.android.googlequicksearchbox code 79 startTime of in progress event=1657600179941
07-12 04:22:00.408  1750  4057 W AppOps  : Noting op not finished: uid 10152 pkg com.google.android.apps.scone code 79 startTime of in progress event=1657600179962
07-12 04:22:00.412  1750  4057 W AppOps  : Noting op not finished: uid 10202 pkg com.google.android.apps.maps code 79 startTime of in progress event=1657614117295
07-12 04:22:00.416  1750  1786 W AppOps  : Noting op not finished: uid 10447 pkg com.urbandroid.sleep code 79 startTime of in progress event=1657614117306
07-12 04:22:00.472  1750  4057 W AppOps  : Noting op not finished: uid 10202 pkg com.google.android.apps.maps code 79 startTime of in progress event=1657614120465
07-12 04:22:02.860  1750  2043 I ActivityTaskManager: START u0 {act=android.intent.action.MAIN cat=[android.intent.category.HOME] flg=0x10000100 cmp=com.teslacoilsw.launcher/.NovaLauncher (has extras)} from uid 0
07-12 04:22:04.191  1750  4057 I ActivityTaskManager: START u0 {act=android.intent.action.MAIN cat=[android.intent.category.LAUNCHER] flg=0x10200000 cmp=com.android.vending/.AssetBrowserActivity bnds=[864,1632][1080,1966]} from uid 10259
07-12 04:22:04.226  1750  4057 D CompatibilityChangeReporter: Compat change id reported: 197654537; UID 10189; state: ENABLED
07-12 04:22:04.228  1750  4057 D CompatibilityChangeReporter: Compat change id reported: 168419799; UID 10189; state: DISABLED
07-12 04:22:04.232  1750  4057 D CompatibilityChangeReporter: Compat change id reported: 174042980; UID 10189; state: DISABLED
07-12 04:22:04.233  1750  4057 D CompatibilityChangeReporter: Compat change id reported: 184838306; UID 10189; state: DISABLED
07-12 04:22:04.234  1750  4057 D CompatibilityChangeReporter: Compat change id reported: 185004937; UID 10189; state: DISABLED
07-12 04:22:04.234  1750  4057 D CompatibilityChangeReporter: Compat change id reported: 181136395; UID 10189; state: DISABLED
07-12 04:22:04.235  1750  4057 D CompatibilityChangeReporter: Compat change id reported: 174042936; UID 10189; state: DISABLED
07-12 04:22:06.005  1750  4264 I ActivityTaskManager: moveTaskToBack: Task{16a1cbe #48903 type=standard A=10189:com.android.vending U=0 visible=true visibleRequested=true mode=fullscreen translucent=false sz=1}
07-12 04:22:06.345  1750  2068 W ActivityManager: Stopping service due to app idle: u0a258 -7h6m47s279ms com.facebook.katana/com.facebook.mqttlite.MqttService
07-12 04:22:08.756  1750  4232 I ActivityTaskManager: START u0 {act=android.intent.action.MAIN cat=[android.intent.category.LAUNCHER] flg=0x10200000 cmp=com.facebook.katana/.LoginActivity bnds=[253,574][462,805]} from uid 10259
07-12 04:22:08.937  1750  2258 W NetworkPolicy: shared quota unsupported; generating rule for each iface
07-12 04:22:09.093  1750  2042 W Looper  : Slow dispatch took 258ms android.fg h=android.os.Handler c=com.android.server.wm.ActivityMetricsLogger$$ExternalSyntheticLambda1@58297bd m=0
07-12 04:22:09.093  1750  2042 W Looper  : Slow delivery took 258ms android.fg h=android.os.Handler c=com.android.server.wm.ActivityMetricsLogger$$ExternalSyntheticLambda2@c0461b2 m=0
07-12 04:22:09.154  1750  2068 D CompatibilityChangeReporter: Compat change id reported: 135634846; UID 10322; state: DISABLED
07-12 04:22:09.154  1750  2068 D CompatibilityChangeReporter: Compat change id reported: 177438394; UID 10322; state: DISABLED
07-12 04:22:09.154  1750  2068 D CompatibilityChangeReporter: Compat change id reported: 135772972; UID 10322; state: DISABLED
07-12 04:22:09.154  1750  2068 D CompatibilityChangeReporter: Compat change id reported: 135754954; UID 10322; state: ENABLED
07-12 04:22:09.154  1750  2069 D CompatibilityChangeReporter: Compat change id reported: 143937733; UID 10322; state: ENABLED
07-12 04:22:09.165  1750  2042 W Looper  : Drained
07-12 04:22:09.181  1750  2069 I ActivityManager: Start proc 25896:com.google.android.apps.fitness/u0a322 for broadcast {com.google.android.apps.fitness/com.google.android.apps.fitness.shared.sync.receiver.PlatformSyncListener_Receiver}
07-12 04:22:09.226  1750  3192 W ProcessStats: Tracking association SourceState{584cdb3 system/1000 BTopFgs #1653984} whose proc state 2 is better than process ProcessState{baa4f70 net.dinglisch.android.taskerm/10289 pkg=net.dinglisch.android.taskerm} proc state 3 (92 skipped)
07-12 04:22:09.695  1750  2096 E KernelCpuUidActiveTimeReader: Negative delta from active time for uid: 10229, delta: -12
07-12 04:22:09.696  1750  2096 E KernelCpuUidActiveTimeReader: Negative delta from active time for uid: 10151, delta: -22
07-12 04:22:09.696  1750  2096 E KernelCpuUidActiveTimeReader: Negative delta from active time for uid: 10167, delta: -11
07-12 04:22:09.696  1750  2096 E KernelCpuUidActiveTimeReader: Negative delta from active time for uid: 10157, delta: -17
07-12 04:22:09.696  1750  2096 E KernelCpuUidActiveTimeReader: Negative delta from active time for uid: 10521, delta: -19
07-12 04:22:09.696  1750  2096 E KernelCpuUidActiveTimeReader: Negative delta from active time for uid: 10343, delta: -33
07-12 04:22:09.697  1750  2096 E KernelCpuUidActiveTimeReader: Negative delta from active time for uid: 10105, delta: -12
07-12 04:22:09.697  1750  2096 E KernelCpuUidActiveTimeReader: Negative delta from active time for uid: 10236, delta: -2
07-12 04:22:09.697  1750  2096 E KernelCpuUidActiveTimeReader: Negative delta from active time for uid: 10184, delta: -30
07-12 04:22:09.697  1750  2096 E KernelCpuUidActiveTimeReader: Negative delta from active time for uid: 10404, delta: -24
07-12 04:22:09.697  1750  2096 E KernelCpuUidActiveTimeReader: Negative delta from active time for uid: 10281, delta: -44
07-12 04:22:10.472  1750  2504 W ActivityManager: Background start not allowed: service Intent { cmp=com.zhiliaoapp.musically/com.bytedance.common.wschannel.client.WsClientService } to com.zhiliaoapp.musically/com.bytedance.common.wschannel.client.WsClientService from pid=19536 uid=10572 pkg=com.zhiliaoapp.musically startFg?=false
07-12 04:22:11.838  1750  2258 W NetworkPolicy: shared quota unsupported; generating rule for each iface
07-12 04:22:15.607  1750  2258 W NetworkPolicy: shared quota unsupported; generating rule for each iface
07-12 04:22:17.143  1750  3117 W AppOps  : Noting op not finished: uid 10202 pkg com.google.android.apps.maps code 79 startTime of in progress event=1657614120489
07-12 04:22:17.151  1750  2504 W AppOps  : Noting op not finished: uid 10190 pkg com.google.android.gms code 113 startTime of in progress event=1657610554679
07-12 04:22:17.157  1750  3117 W AppOps  : Noting op not finished: uid 10190 pkg com.google.android.gms code 113 startTime of in progress event=1657610554679
07-12 04:22:17.164  1750  1786 W AppOps  : Noting op not finished: uid 10223 pkg com.google.android.gms.location.history code 79 startTime of in progress event=1657600184482
07-12 04:22:17.169  1750  3192 W AppOps  : Noting op not finished: uid 10190 pkg com.google.android.gms code 113 startTime of in progress event=1657610554679
07-12 04:22:17.179  1750  2504 W AppOps  : Noting op not finished: uid 10190 pkg com.google.android.gms code 113 startTime of in progress event=1657613469236
07-12 04:22:17.184  1750  1786 W AppOps  : Noting op not finished: uid 10447 pkg com.urbandroid.sleep code 79 startTime of in progress event=1657614120622
07-12 04:22:17.190  1750  1786 W AppOps  : Noting op not finished: uid 10202 pkg com.google.android.apps.maps code 79 startTime of in progress event=1657614137187
07-12 04:22:17.247  1750  3117 W AppOps  : Noting op not finished: uid 10202 pkg com.google.android.apps.maps code 79 startTime of in progress event=1657614137245
07-12 04:22:18.693  1750  2258 W NetworkPolicy: shared quota unsupported; generating rule for each iface
07-12 04:22:19.314  1750  3192 W ProcessStats: Tracking association SourceState{584cdb3 system/1000 BTopFgs #1654178} whose proc state 2 is better than process ProcessState{baa4f70 net.dinglisch.android.taskerm/10289 pkg=net.dinglisch.android.taskerm} proc state 3 (153 skipped)
07-12 04:22:22.237  1750  1786 W AppOps  : Noting op not finished: uid 10202 pkg com.google.android.apps.maps code 79 startTime of in progress event=1657614140163
07-12 04:22:22.242  1750  3117 W AppOps  : Noting op not finished: uid 10190 pkg com.google.android.gms code 113 startTime of in progress event=1657610554679
07-12 04:22:22.249  1750  4232 W AppOps  : Noting op not finished: uid 10223 pkg com.google.android.gms.location.history code 79 startTime of in progress event=1657600184482
07-12 04:22:22.259  1750  3117 W AppOps  : Noting op not finished: uid 10190 pkg com.google.android.gms code 113 startTime of in progress event=1657610554679
07-12 04:22:22.269  1750  1786 W AppOps  : Noting op not finished: uid 10190 pkg com.google.android.gms code 113 startTime of in progress event=1657613469236
07-12 04:22:22.276  1750  3192 W AppOps  : Noting op not finished: uid 10447 pkg com.urbandroid.sleep code 79 startTime of in progress event=1657614137229
07-12 04:22:22.278  1750  1786 W AppOps  : Noting op not finished: uid 10202 pkg com.google.android.apps.maps code 79 startTime of in progress event=1657614142275
07-12 04:22:22.341  1750  4232 W AppOps  : Noting op not finished: uid 10202 pkg com.google.android.apps.maps code 79 startTime of in progress event=1657614142339
07-12 04:22:25.130  1750  2068 D CompatibilityChangeReporter: Compat change id reported: 168419799; UID 10188; state: DISABLED
07-12 04:22:25.155  1750  2096 E KernelCpuUidActiveTimeReader: Negative delta from active time for uid: 10229, delta: -12
07-12 04:22:25.156  1750  2096 E KernelCpuUidActiveTimeReader: Negative delta from active time for uid: 10151, delta: -22
07-12 04:22:25.156  1750  2096 E KernelCpuUidActiveTimeReader: Negative delta from active time for uid: 10167, delta: -11
07-12 04:22:25.156  1750  2096 E KernelCpuUidActiveTimeReader: Negative delta from active time for uid: 10157, delta: -17
07-12 04:22:25.156  1750  2096 E KernelCpuUidActiveTimeReader: Negative delta from active time for uid: 10521, delta: -19
07-12 04:22:25.156  1750  2096 E KernelCpuUidActiveTimeReader: Negative delta from active time for uid: 10343, delta: -33
07-12 04:22:25.157  1750  2096 E KernelCpuUidActiveTimeReader: Negative delta from active time for uid: 10105, delta: -12
07-12 04:22:25.157  1750  2096 E KernelCpuUidActiveTimeReader: Negative delta from active time for uid: 10236, delta: -2
07-12 04:22:25.157  1750  2096 E KernelCpuUidActiveTimeReader: Negative delta from active time for uid: 10184, delta: -30
07-12 04:22:25.157  1750  2096 E KernelCpuUidActiveTimeReader: Negative delta from active time for uid: 10404, delta: -24
07-12 04:22:25.157  1750  2096 E KernelCpuUidActiveTimeReader: Negative delta from active time for uid: 10281, delta: -44
07-12 04:22:27.987  1750  2504 I ActivityManager: Killing 13072:com.google.android.calendar/u0a226 (adj 915): empty #33
07-12 04:22:29.916  1750  2504 W ProcessStats: Tracking association SourceState{584cdb3 system/1000 BTopFgs #1654348} whose proc state 2 is better than process ProcessState{baa4f70 net.dinglisch.android.taskerm/10289 pkg=net.dinglisch.android.taskerm} proc state 3 (113 skipped)
07-12 04:22:40.082  1750  2211 I ActivityManager: Killing 15884:android.process.acore/u0a103 (adj 985): empty #33
07-12 04:22:40.084  1750  2211 W ProcessStats: Tracking association SourceState{584cdb3 system/1000 BTopFgs #1654366} whose proc state 2 is better than process ProcessState{baa4f70 net.dinglisch.android.taskerm/10289 pkg=net.dinglisch.android.taskerm} proc state 3 (11 skipped)
07-12 04:22:41.467  1750  2258 W NetworkPolicy: shared quota unsupported; generating rule for each iface
07-12 04:22:43.475  1750  2258 W NetworkPolicy: shared quota unsupported; generating rule for each iface
07-12 04:22:45.642  1750  2258 W NetworkPolicy: shared quota unsupported; generating rule for each iface
07-12 04:22:49.159  1750  2258 W NetworkPolicy: shared quota unsupported; generating rule for each iface
07-12 04:22:51.931  1750  1750 W ProcessStats: Tracking association SourceState{584cdb3 system/1000 BTopFgs #1654409} whose proc state 2 is better than process ProcessState{baa4f70 net.dinglisch.android.taskerm/10289 pkg=net.dinglisch.android.taskerm} proc state 3 (19 skipped)
07-12 04:22:52.889  1750  2258 W NetworkPolicy: shared quota unsupported; generating rule for each iface
07-12 04:22:57.992  1750  4309 W AppOps  : Noting op not finished: uid 10170 pkg com.google.android.googlequicksearchbox code 79 startTime of in progress event=1657600179941
07-12 04:22:57.993  1750  4309 W AppOps  : Noting op not finished: uid 10152 pkg com.google.android.apps.scone code 79 startTime of in progress event=1657600179962
07-12 04:22:58.001  1750  4309 W AppOps  : Noting op not finished: uid 10202 pkg com.google.android.apps.maps code 79 startTime of in progress event=1657614142360
07-12 04:22:58.006  1750  4085 W AppOps  : Noting op not finished: uid 10447 pkg com.urbandroid.sleep code 79 startTime of in progress event=1657614142317
07-12 04:22:58.106  1750  4309 W AppOps  : Noting op not finished: uid 10202 pkg com.google.android.apps.maps code 79 startTime of in progress event=1657614178100
07-12 04:23:01.201  1750  4060 W AppOps  : Noting op not finished: uid 10170 pkg com.google.android.googlequicksearchbox code 79 startTime of in progress event=1657600179941
07-12 04:23:01.203  1750  4060 W AppOps  : Noting op not finished: uid 10152 pkg com.google.android.apps.scone code 79 startTime of in progress event=1657600179962
07-12 04:23:01.209  1750  4060 W AppOps  : Noting op not finished: uid 10202 pkg com.google.android.apps.maps code 79 startTime of in progress event=1657614178132
07-12 04:23:01.214  1750  4060 W AppOps  : Noting op not finished: uid 10447 pkg com.urbandroid.sleep code 79 startTime of in progress event=1657614178133
07-12 04:23:01.267  1750  1787 W AppOps  : Noting op not finished: uid 10202 pkg com.google.android.apps.maps code 79 startTime of in progress event=1657614181263
07-12 04:23:04.409  1750  4309 W AppOps  : Noting op not finished: uid 10170 pkg com.google.android.googlequicksearchbox code 79 startTime of in progress event=1657600179941
07-12 04:23:04.410  1750  4309 W AppOps  : Noting op not finished: uid 10152 pkg com.google.android.apps.scone code 79 startTime of in progress event=1657600179962
07-12 04:23:04.419  1750  4309 W AppOps  : Noting op not finished: uid 10202 pkg com.google.android.apps.maps code 79 startTime of in progress event=1657614181288
07-12 04:23:04.422  1750  2068 W ProcessStats: Tracking association SourceState{584cdb3 system/1000 BTopFgs #1654489} whose proc state 2 is better than process ProcessState{baa4f70 net.dinglisch.android.taskerm/10289 pkg=net.dinglisch.android.taskerm} proc state 3 (48 skipped)
07-12 04:23:04.423  1750  4309 W AppOps  : Noting op not finished: uid 10447 pkg com.urbandroid.sleep code 79 startTime of in progress event=1657614181481
07-12 04:23:04.458  1278  1278 I wificond: Regulatory domain changed to country: US on wiphy_index: 0
07-12 04:23:04.462  1278  1278 I wificond: 2.4Ghz frequencies: 2412 2417 2422 2427 2432 2437 2442 2447 2452 2457 2462
07-12 04:23:04.462  1278  1278 I wificond: 5Ghz non-DFS frequencies: 5180 5200 5220 5240 5745 5765 5785 5805 5825
07-12 04:23:04.462  1278  1278 I wificond: 5Ghz DFS frequencies: 5260 5280 5300 5320 5500 5520 5540 5560 5580 5600 5620 5640 5660 5680 5700 5720
07-12 04:23:04.462  1278  1278 I wificond: 6Ghz frequencies:
07-12 04:23:04.462  1278  1278 I wificond: 60Ghz frequencies:
07-12 04:23:04.493  1750  4060 W AppOps  : Noting op not finished: uid 10202 pkg com.google.android.apps.maps code 79 startTime of in progress event=1657614184489
07-12 04:23:08.862  1278  1278 I wificond: Regulatory domain changed to country: US on wiphy_index: 0
07-12 04:23:08.864  1278  1278 I wificond: 2.4Ghz frequencies: 2412 2417 2422 2427 2432 2437 2442 2447 2452 2457 2462
07-12 04:23:08.864  1278  1278 I wificond: 5Ghz non-DFS frequencies: 5180 5200 5220 5240 5745 5765 5785 5805 5825
07-12 04:23:08.864  1278  1278 I wificond: 5Ghz DFS frequencies: 5260 5280 5300 5320 5500 5520 5540 5560 5580 5600 5620 5640 5660 5680 5700 5720
07-12 04:23:08.864  1278  1278 I wificond: 6Ghz frequencies:
