07-12 04:33:55.653  1278  1278 I wificond: 5Ghz non-DFS frequencies: 5180 5200 5220 5240 5745 5765 5785 5805 5825
07-12 04:33:55.653  1278  1278 I wificond: 5Ghz DFS frequencies: 5260 5280 5300 5320 5500 5520 5540 5560 5580 5600 5620 5640 5660 5680 5700 5720
07-12 04:33:55.653  1278  1278 I wificond: 6Ghz frequencies:
07-12 04:33:55.653  1278  1278 I wificond: 60Ghz frequencies:
07-12 04:34:00.885  1750  3129 W ProcessStats: Tracking association SourceState{584cdb3 system/1000 BTopFgs #1657222} whose proc state 2 is better than process ProcessState{baa4f70 net.dinglisch.android.taskerm/10289 pkg=net.dinglisch.android.taskerm} proc state 3 (4 skipped)
07-12 04:34:05.523  1750  2504 W AppOps  : Noting op not finished: uid 10202 pkg com.google.android.apps.maps code 79 startTime of in progress event=1657614722044
07-12 04:34:05.527  1750  3129 W AppOps  : Noting op not finished: uid 10190 pkg com.google.android.gms code 113 startTime of in progress event=1657610554679
07-12 04:34:05.533  1750  2490 W AppOps  : Noting op not finished: uid 10223 pkg com.google.android.gms.location.history code 79 startTime of in progress event=1657600184482
07-12 04:34:05.539  1750  2504 W AppOps  : Noting op not finished: uid 10190 pkg com.google.android.gms code 113 startTime of in progress event=1657610554679
07-12 04:34:05.544  1750  2504 W AppOps  : Noting op not finished: uid 10190 pkg com.google.android.gms code 113 startTime of in progress event=1657613469236
07-12 04:34:05.550  1750  3129 W AppOps  : Noting op not finished: uid 10447 pkg com.urbandroid.sleep code 79 startTime of in progress event=1657614725562
07-12 04:34:12.552  1750  3129 W ProcessStats: Tracking association SourceState{584cdb3 system/1000 BTopFgs #1657243} whose proc state 2 is better than process ProcessState{baa4f70 net.dinglisch.android.taskerm/10289 pkg=net.dinglisch.android.taskerm} proc state 3 (14 skipped)
07-12 04:34:21.842  1278  1278 I wificond: Regulatory domain changed to country: US on wiphy_index: 0
07-12 04:34:21.845  1278  1278 I wificond: 2.4Ghz frequencies: 2412 2417 2422 2427 2432 2437 2442 2447 2452 2457 2462
07-12 04:34:21.845  1278  1278 I wificond: 5Ghz non-DFS frequencies: 5180 5200 5220 5240 5745 5765 5785 5805 5825
07-12 04:34:21.845  1278  1278 I wificond: 5Ghz DFS frequencies: 5260 5280 5300 5320 5500 5520 5540 5560 5580 5600 5620 5640 5660 5680 5700 5720
07-12 04:34:21.845  1278  1278 I wificond: 6Ghz frequencies:
07-12 04:34:21.845  1278  1278 I wificond: 60Ghz frequencies:
07-12 04:34:25.727  1750  2490 W ProcessStats: Tracking association SourceState{584cdb3 system/1000 BTopFgs #1657249} whose proc state 2 is better than process ProcessState{baa4f70 net.dinglisch.android.taskerm/10289 pkg=net.dinglisch.android.taskerm} proc state 3 (3 skipped)
07-12 04:34:26.365  1278  1278 I wificond: Regulatory domain changed to country: US on wiphy_index: 0
07-12 04:34:26.367  1278  1278 I wificond: 2.4Ghz frequencies: 2412 2417 2422 2427 2432 2437 2442 2447 2452 2457 2462
07-12 04:34:26.367  1278  1278 I wificond: 5Ghz non-DFS frequencies: 5180 5200 5220 5240 5745 5765 5785 5805 5825
07-12 04:34:26.367  1278  1278 I wificond: 5Ghz DFS frequencies: 5260 5280 5300 5320 5500 5520 5540 5560 5580 5600 5620 5640 5660 5680 5700 5720
07-12 04:34:26.367  1278  1278 I wificond: 6Ghz frequencies:
07-12 04:34:26.367  1278  1278 I wificond: 60Ghz frequencies:
07-12 04:34:27.376  1750  4232 W ActivityManager: Background start not allowed: service Intent { cmp=com.zhiliaoapp.musically/com.bytedance.common.wschannel.client.WsClientService } to com.zhiliaoapp.musically/com.bytedance.common.wschannel.client.WsClientService from pid=19536 uid=10572 pkg=com.zhiliaoapp.musically startFg?=false
07-12 04:34:27.511  1750  3192 I ActivityManager: Process com.google.android.webview:sandboxed_process0:org.chromium.content.app.SandboxedProcessService0:0 (pid 20210) has died: cch+95 CEM 
07-12 04:34:27.512  1750  3192 W ActivityManager: Scheduling restart of crashed service com.bestbuy.android/org.chromium.content.app.SandboxedProcessService0:0 in 1000ms for connection
07-12 04:34:27.572  1750  2490 I ActivityManager: Process com.pandora.android (pid 17388) has died: cch+95 CEM 
07-12 04:34:27.575  1750  2096 E KernelCpuUidActiveTimeReader: Negative delta from active time for uid: 10229, delta: -12
07-12 04:34:27.575  1750  2096 E KernelCpuUidActiveTimeReader: Negative delta from active time for uid: 10151, delta: -22
07-12 04:34:27.575  1750  2096 E KernelCpuUidActiveTimeReader: Negative delta from active time for uid: 10167, delta: -11
07-12 04:34:27.575  1750  2096 E KernelCpuUidActiveTimeReader: Negative delta from active time for uid: 10157, delta: -17
07-12 04:34:27.575  1750  2096 E KernelCpuUidActiveTimeReader: Negative delta from active time for uid: 10521, delta: -19
07-12 04:34:27.575  1750  2096 E KernelCpuUidActiveTimeReader: Negative delta from active time for uid: 10343, delta: -33
07-12 04:34:27.575  1750  2096 E KernelCpuUidActiveTimeReader: Negative delta from active time for uid: 10105, delta: -12
07-12 04:34:27.575  1750  2096 E KernelCpuUidActiveTimeReader: Negative delta from active time for uid: 10236, delta: -2
07-12 04:34:27.575  1750  2096 E KernelCpuUidActiveTimeReader: Negative delta from active time for uid: 10184, delta: -30
07-12 04:34:27.575  1750  2096 E KernelCpuUidActiveTimeReader: Negative delta from active time for uid: 10404, delta: -24
07-12 04:34:27.575  1750  2096 E KernelCpuUidActiveTimeReader: Negative delta from active time for uid: 10281, delta: -44
07-12 04:34:27.935  1750  2258 W NetworkPolicy: shared quota unsupported; generating rule for each iface
07-12 04:34:29.069  1278  1278 I wificond: Regulatory domain changed to country: US on wiphy_index: 0
07-12 04:34:29.071  1278  1278 I wificond: 2.4Ghz frequencies: 2412 2417 2422 2427 2432 2437 2442 2447 2452 2457 2462
07-12 04:34:29.071  1278  1278 I wificond: 5Ghz non-DFS frequencies: 5180 5200 5220 5240 5745 5765 5785 5805 5825
07-12 04:34:29.071  1278  1278 I wificond: 5Ghz DFS frequencies: 5260 5280 5300 5320 5500 5520 5540 5560 5580 5600 5620 5640 5660 5680 5700 5720
07-12 04:34:29.071  1278  1278 I wificond: 6Ghz frequencies:
07-12 04:34:29.071  1278  1278 I wificond: 60Ghz frequencies:
07-12 04:34:30.206  1278  1278 I wificond: Regulatory domain changed to country: US on wiphy_index: 0
07-12 04:34:30.209  1278  1278 I wificond: 2.4Ghz frequencies: 2412 2417 2422 2427 2432 2437 2442 2447 2452 2457 2462
07-12 04:34:30.209  1278  1278 I wificond: 5Ghz non-DFS frequencies: 5180 5200 5220 5240 5745 5765 5785 5805 5825
07-12 04:34:30.209  1278  1278 I wificond: 5Ghz DFS frequencies: 5260 5280 5300 5320 5500 5520 5540 5560 5580 5600 5620 5640 5660 5680 5700 5720
07-12 04:34:30.209  1278  1278 I wificond: 6Ghz frequencies:
07-12 04:34:30.209  1278  1278 I wificond: 60Ghz frequencies:
07-12 04:34:35.707  1278  1278 I wificond: Regulatory domain changed to country: US on wiphy_index: 0
07-12 04:34:35.710  1278  1278 I wificond: 2.4Ghz frequencies: 2412 2417 2422 2427 2432 2437 2442 2447 2452 2457 2462
07-12 04:34:35.710  1278  1278 I wificond: 5Ghz non-DFS frequencies: 5180 5200 5220 5240 5745 5765 5785 5805 5825
07-12 04:34:35.710  1278  1278 I wificond: 5Ghz DFS frequencies: 5260 5280 5300 5320 5500 5520 5540 5560 5580 5600 5620 5640 5660 5680 5700 5720
07-12 04:34:35.710  1278  1278 I wificond: 6Ghz frequencies:
07-12 04:34:35.710  1278  1278 I wificond: 60Ghz frequencies:
07-12 04:34:36.260  1750  4264 W ProcessStats: Tracking association SourceState{584cdb3 system/1000 BTopFgs #1657384} whose proc state 2 is better than process ProcessState{baa4f70 net.dinglisch.android.taskerm/10289 pkg=net.dinglisch.android.taskerm} proc state 3 (121 skipped)
07-12 04:34:36.608  1278  1278 I wificond: Regulatory domain changed to country: US on wiphy_index: 0
07-12 04:34:36.609  1278  1278 I wificond: 2.4Ghz frequencies: 2412 2417 2422 2427 2432 2437 2442 2447 2452 2457 2462
07-12 04:34:36.609  1278  1278 I wificond: 5Ghz non-DFS frequencies: 5180 5200 5220 5240 5745 5765 5785 5805 5825
07-12 04:34:36.609  1278  1278 I wificond: 5Ghz DFS frequencies: 5260 5280 5300 5320 5500 5520 5540 5560 5580 5600 5620 5640 5660 5680 5700 5720
07-12 04:34:36.609  1278  1278 I wificond: 6Ghz frequencies:
07-12 04:34:36.610  1278  1278 I wificond: 60Ghz frequencies:
07-12 04:34:37.561  1750  2258 W NetworkPolicy: shared quota unsupported; generating rule for each iface
07-12 04:34:43.489  1278  1278 I wificond: Regulatory domain changed to country: US on wiphy_index: 0
07-12 04:34:43.491  1278  1278 I wificond: 2.4Ghz frequencies: 2412 2417 2422 2427 2432 2437 2442 2447 2452 2457 2462
07-12 04:34:43.491  1278  1278 I wificond: 5Ghz non-DFS frequencies: 5180 5200 5220 5240 5745 5765 5785 5805 5825
07-12 04:34:43.491  1278  1278 I wificond: 5Ghz DFS frequencies: 5260 5280 5300 5320 5500 5520 5540 5560 5580 5600 5620 5640 5660 5680 5700 5720
07-12 04:34:43.491  1278  1278 I wificond: 6Ghz frequencies:
07-12 04:34:43.491  1278  1278 I wificond: 60Ghz frequencies:
07-12 04:34:46.031  1278  1278 I wificond: Regulatory domain changed to country: US on wiphy_index: 0
07-12 04:34:46.033  1278  1278 I wificond: 2.4Ghz frequencies: 2412 2417 2422 2427 2432 2437 2442 2447 2452 2457 2462
07-12 04:34:46.033  1278  1278 I wificond: 5Ghz non-DFS frequencies: 5180 5200 5220 5240 5745 5765 5785 5805 5825
07-12 04:34:46.033  1278  1278 I wificond: 5Ghz DFS frequencies: 5260 5280 5300 5320 5500 5520 5540 5560 5580 5600 5620 5640 5660 5680 5700 5720
07-12 04:34:46.033  1278  1278 I wificond: 6Ghz frequencies:
07-12 04:34:46.033  1278  1278 I wificond: 60Ghz frequencies:
07-12 04:34:48.609  1750  2490 W ProcessStats: Tracking association SourceState{584cdb3 system/1000 BTopFgs #1657444} whose proc state 2 is better than process ProcessState{baa4f70 net.dinglisch.android.taskerm/10289 pkg=net.dinglisch.android.taskerm} proc state 3 (48 skipped)
07-12 04:34:49.733  1278  1278 I wificond: Regulatory domain changed to country: US on wiphy_index: 0
07-12 04:34:49.735  1278  1278 I wificond: 2.4Ghz frequencies: 2412 2417 2422 2427 2432 2437 2442 2447 2452 2457 2462
07-12 04:34:49.735  1278  1278 I wificond: 5Ghz non-DFS frequencies: 5180 5200 5220 5240 5745 5765 5785 5805 5825
07-12 04:34:49.735  1278  1278 I wificond: 5Ghz DFS frequencies: 5260 5280 5300 5320 5500 5520 5540 5560 5580 5600 5620 5640 5660 5680 5700 5720
07-12 04:34:49.735  1278  1278 I wificond: 6Ghz frequencies:
07-12 04:34:49.735  1278  1278 I wificond: 60Ghz frequencies:
07-12 04:34:56.064  1278  1278 I wificond: Regulatory domain changed to country: US on wiphy_index: 0
07-12 04:34:56.065  1278  1278 I wificond: 2.4Ghz frequencies: 2412 2417 2422 2427 2432 2437 2442 2447 2452 2457 2462
07-12 04:34:56.065  1278  1278 I wificond: 5Ghz non-DFS frequencies: 5180 5200 5220 5240 5745 5765 5785 5805 5825
07-12 04:34:56.065  1278  1278 I wificond: 5Ghz DFS frequencies: 5260 5280 5300 5320 5500 5520 5540 5560 5580 5600 5620 5640 5660 5680 5700 5720
07-12 04:34:56.065  1278  1278 I wificond: 6Ghz frequencies:
07-12 04:34:56.065  1278  1278 I wificond: 60Ghz frequencies:
07-12 04:35:00.096  1750  1787 W ProcessStats: Tracking association SourceState{584cdb3 system/1000 BTopFgs #1657471} whose proc state 2 is better than process ProcessState{baa4f70 net.dinglisch.android.taskerm/10289 pkg=net.dinglisch.android.taskerm} proc state 3 (21 skipped)
07-12 04:35:01.844  1750  1750 I ContentCaptureManagerService: Content capture data sharing session terminated successfully for package 'com.google.android.deskclock'
07-12 04:35:11.277  1750  4264 W ProcessStats: Tracking association SourceState{584cdb3 system/1000 BTopFgs #1657500} whose proc state 2 is better than process ProcessState{baa4f70 net.dinglisch.android.taskerm/10289 pkg=net.dinglisch.android.taskerm} proc state 3 (23 skipped)
07-12 04:35:21.301  1750  4230 W ProcessStats: Tracking association SourceState{584cdb3 system/1000 BTopFgs #1657583} whose proc state 2 is better than process ProcessState{baa4f70 net.dinglisch.android.taskerm/10289 pkg=net.dinglisch.android.taskerm} proc state 3 (66 skipped)
07-12 04:35:29.440  1750  2258 W NetworkPolicy: shared quota unsupported; generating rule for each iface
07-12 04:35:31.349  1750  3129 W ProcessStats: Tracking association SourceState{584cdb3 system/1000 BTopFgs #1657651} whose proc state 2 is better than process ProcessState{baa4f70 net.dinglisch.android.taskerm/10289 pkg=net.dinglisch.android.taskerm} proc state 3 (60 skipped)
07-12 04:35:36.055  1750  2258 W NetworkPolicy: shared quota unsupported; generating rule for each iface
07-12 04:35:43.163  1750  2062 W ProcessStats: Tracking association SourceState{584cdb3 system/1000 BTopFgs #1657689} whose proc state 2 is better than process ProcessState{baa4f70 net.dinglisch.android.taskerm/10289 pkg=net.dinglisch.android.taskerm} proc state 3 (33 skipped)
07-12 04:35:43.608  1278  1278 I wificond: Regulatory domain changed to country: US on wiphy_index: 0
07-12 04:35:43.611  1278  1278 I wificond: 2.4Ghz frequencies: 2412 2417 2422 2427 2432 2437 2442 2447 2452 2457 2462
07-12 04:35:43.612  1278  1278 I wificond: 5Ghz non-DFS frequencies: 5180 5200 5220 5240 5745 5765 5785 5805 5825
07-12 04:35:43.612  1278  1278 I wificond: 5Ghz DFS frequencies: 5260 5280 5300 5320 5500 5520 5540 5560 5580 5600 5620 5640 5660 5680 5700 5720
07-12 04:35:43.612  1278  1278 I wificond: 6Ghz frequencies:
07-12 04:35:43.612  1278  1278 I wificond: 60Ghz frequencies:
07-12 04:35:45.736  1278  1278 I wificond: Regulatory domain changed to country: US on wiphy_index: 0
07-12 04:35:45.738  1278  1278 I wificond: 2.4Ghz frequencies: 2412 2417 2422 2427 2432 2437 2442 2447 2452 2457 2462
07-12 04:35:45.738  1278  1278 I wificond: 5Ghz non-DFS frequencies: 5180 5200 5220 5240 5745 5765 5785 5805 5825
07-12 04:35:45.738  1278  1278 I wificond: 5Ghz DFS frequencies: 5260 5280 5300 5320 5500 5520 5540 5560 5580 5600 5620 5640 5660 5680 5700 5720
07-12 04:35:45.738  1278  1278 I wificond: 6Ghz frequencies:
07-12 04:35:45.738  1278  1278 I wificond: 60Ghz frequencies:
07-12 04:35:49.446  1278  1278 I wificond: Regulatory domain changed to country: US on wiphy_index: 0
07-12 04:35:49.449  1278  1278 I wificond: 2.4Ghz frequencies: 2412 2417 2422 2427 2432 2437 2442 2447 2452 2457 2462
07-12 04:35:49.449  1278  1278 I wificond: 5Ghz non-DFS frequencies: 5180 5200 5220 5240 5745 5765 5785 5805 5825
07-12 04:35:49.449  1278  1278 I wificond: 5Ghz DFS frequencies: 5260 5280 5300 5320 5500 5520 5540 5560 5580 5600 5620 5640 5660 5680 5700 5720
07-12 04:35:49.449  1278  1278 I wificond: 6Ghz frequencies:
07-12 04:35:49.449  1278  1278 I wificond: 60Ghz frequencies:
07-12 04:35:53.772  1750  1786 W ProcessStats: Tracking association SourceState{584cdb3 system/1000 BTopFgs #1657694} whose proc state 2 is better than process ProcessState{baa4f70 net.dinglisch.android.taskerm/10289 pkg=net.dinglisch.android.taskerm} proc state 3 (4 skipped)
07-12 04:35:56.064  1278  1278 I wificond: Regulatory domain changed to country: US on wiphy_index: 0
07-12 04:35:56.067  1278  1278 I wificond: 2.4Ghz frequencies: 2412 2417 2422 2427 2432 2437 2442 2447 2452 2457 2462
07-12 04:35:56.067  1278  1278 I wificond: 5Ghz non-DFS frequencies: 5180 5200 5220 5240 5745 5765 5785 5805 5825
07-12 04:35:56.067  1278  1278 I wificond: 5Ghz DFS frequencies: 5260 5280 5300 5320 5500 5520 5540 5560 5580 5600 5620 5640 5660 5680 5700 5720
07-12 04:35:56.068  1278  1278 I wificond: 6Ghz frequencies:
07-12 04:35:56.068  1278  1278 I wificond: 60Ghz frequencies:
07-12 04:35:58.167  1750  4848 W ActivityManager: Background start not allowed: service Intent { cmp=com.zhiliaoapp.musically/com.bytedance.common.wschannel.client.WsClientService } to com.zhiliaoapp.musically/com.bytedance.common.wschannel.client.WsClientService from pid=19536 uid=10572 pkg=com.zhiliaoapp.musically startFg?=false
07-12 04:35:59.584  1750  2226 D ActivityManager: freezing 24249 com.google.android.projection.gearhead:car
07-12 04:35:59.585  1750  2226 D ActivityManager: froze 24249 com.google.android.projection.gearhead:car
07-12 04:35:59.592  1750  2226 D ActivityManager: freezing 24215 com.google.android.projection.gearhead:shared
07-12 04:35:59.593  1750  2226 D ActivityManager: froze 24215 com.google.android.projection.gearhead:shared
07-12 04:36:04.221  1750  2062 W ProcessStats: Tracking association SourceState{584cdb3 system/1000 BTopFgs #1657708} whose proc state 2 is better than process ProcessState{baa4f70 net.dinglisch.android.taskerm/10289 pkg=net.dinglisch.android.taskerm} proc state 3 (13 skipped)
07-12 04:36:05.610  1750  1787 W AppOps  : Noting op not finished: uid 10202 pkg com.google.android.apps.maps code 79 startTime of in progress event=1657614845534
07-12 04:36:05.613  1750  1787 W AppOps  : Noting op not finished: uid 10190 pkg com.google.android.gms code 113 startTime of in progress event=1657610554679
07-12 04:36:05.621  1750  1787 W AppOps  : Noting op not finished: uid 10223 pkg com.google.android.gms.location.history code 79 startTime of in progress event=1657600184482
07-12 04:36:05.627  1750  2490 W AppOps  : Noting op not finished: uid 10190 pkg com.google.android.gms code 113 startTime of in progress event=1657610554679
07-12 04:36:05.634  1750  2490 W AppOps  : Noting op not finished: uid 10190 pkg com.google.android.gms code 113 startTime of in progress event=1657613469236
07-12 04:36:05.643  1750  1787 W AppOps  : Noting op not finished: uid 10447 pkg com.urbandroid.sleep code 79 startTime of in progress event=1657614845560
07-12 04:36:14.546  1750  3192 W ProcessStats: Tracking association SourceState{584cdb3 system/1000 BTopFgs #1657735} whose proc state 2 is better than process ProcessState{baa4f70 net.dinglisch.android.taskerm/10289 pkg=net.dinglisch.android.taskerm} proc state 3 (21 skipped)
07-12 04:36:22.077  1278  1278 I wificond: Regulatory domain changed to country: US on wiphy_index: 0
07-12 04:36:22.080  1278  1278 I wificond: 2.4Ghz frequencies: 2412 2417 2422 2427 2432 2437 2442 2447 2452 2457 2462
07-12 04:36:22.080  1278  1278 I wificond: 5Ghz non-DFS frequencies: 5180 5200 5220 5240 5745 5765 5785 5805 5825
07-12 04:36:22.080  1278  1278 I wificond: 5Ghz DFS frequencies: 5260 5280 5300 5320 5500 5520 5540 5560 5580 5600 5620 5640 5660 5680 5700 5720
07-12 04:36:22.080  1278  1278 I wificond: 6Ghz frequencies:
07-12 04:36:22.080  1278  1278 I wificond: 60Ghz frequencies:
07-12 04:36:22.829  1750  2258 W NetworkPolicy: shared quota unsupported; generating rule for each iface
07-12 04:36:22.847  1278  1278 I wificond: Regulatory domain changed to country: US on wiphy_index: 0
07-12 04:36:22.848  1278  1278 I wificond: 2.4Ghz frequencies: 2412 2417 2422 2427 2432 2437 2442 2447 2452 2457 2462
07-12 04:36:22.848  1278  1278 I wificond: 5Ghz non-DFS frequencies: 5180 5200 5220 5240 5745 5765 5785 5805 5825
07-12 04:36:22.848  1278  1278 I wificond: 5Ghz DFS frequencies: 5260 5280 5300 5320 5500 5520 5540 5560 5580 5600 5620 5640 5660 5680 5700 5720
07-12 04:36:22.848  1278  1278 I wificond: 6Ghz frequencies:
07-12 04:36:22.848  1278  1278 I wificond: 60Ghz frequencies:
07-12 04:36:24.553  1750  1787 W ProcessStats: Tracking association SourceState{584cdb3 system/1000 BTopFgs #1657741} whose proc state 2 is better than process ProcessState{baa4f70 net.dinglisch.android.taskerm/10289 pkg=net.dinglisch.android.taskerm} proc state 3 (2 skipped)
07-12 04:36:34.540  1750  2096 E KernelCpuUidActiveTimeReader: Negative delta from active time for uid: 10229, delta: -12
07-12 04:36:34.541  1750  2096 E KernelCpuUidActiveTimeReader: Negative delta from active time for uid: 10151, delta: -22
07-12 04:36:34.541  1750  2096 E KernelCpuUidActiveTimeReader: Negative delta from active time for uid: 10167, delta: -11
07-12 04:36:34.542  1750  2096 E KernelCpuUidActiveTimeReader: Negative delta from active time for uid: 10157, delta: -17
07-12 04:36:34.542  1750  2096 E KernelCpuUidActiveTimeReader: Negative delta from active time for uid: 10521, delta: -19
07-12 04:36:34.542  1750  2096 E KernelCpuUidActiveTimeReader: Negative delta from active time for uid: 10343, delta: -33
07-12 04:36:34.542  1750  2096 E KernelCpuUidActiveTimeReader: Negative delta from active time for uid: 10105, delta: -12
07-12 04:36:34.542  1750  2096 E KernelCpuUidActiveTimeReader: Negative delta from active time for uid: 10236, delta: -2
07-12 04:36:34.542  1750  2096 E KernelCpuUidActiveTimeReader: Negative delta from active time for uid: 10184, delta: -30
07-12 04:36:34.543  1750  2096 E KernelCpuUidActiveTimeReader: Negative delta from active time for uid: 10404, delta: -24
07-12 04:36:34.543  1750  2096 E KernelCpuUidActiveTimeReader: Negative delta from active time for uid: 10281, delta: -44
07-12 04:36:34.711  1750  2096 D KernelCpuUidUserSysTimeReader: Removing uids 90000-90000
07-12 04:36:35.370  1750  1787 W ProcessStats: Tracking association SourceState{584cdb3 system/1000 BTopFgs #1657746} whose proc state 2 is better than process ProcessState{baa4f70 net.dinglisch.android.taskerm/10289 pkg=net.dinglisch.android.taskerm} proc state 3 (1 skipped)
07-12 04:36:41.761  1750  2043 I ActivityTaskManager: START u0 {act=android.intent.action.MAIN cat=[android.intent.category.HOME] flg=0x10000100 cmp=com.teslacoilsw.launcher/.NovaLauncher (has extras)} from uid 0
07-12 04:36:42.403  1750  1786 I ActivityTaskManager: START u0 {act=android.intent.action.MAIN cat=[android.intent.category.LAUNCHER] flg=0x10200000 cmp=com.android.chrome/com.google.android.apps.chrome.Main bnds=[864,2032][1080,2208]} from uid 10259
07-12 04:36:42.425  1750  1786 W ActivityTaskManager: Can't find TaskDisplayArea to determine support for multi window. Task id=48913 attached=false
07-12 04:36:42.427  1750  1786 D CompatibilityChangeReporter: Compat change id reported: 174042980; UID 10205; state: DISABLED
07-12 04:36:42.427  1750  1786 D CompatibilityChangeReporter: Compat change id reported: 184838306; UID 10205; state: DISABLED
07-12 04:36:42.428  1750  1786 D CompatibilityChangeReporter: Compat change id reported: 185004937; UID 10205; state: DISABLED
07-12 04:36:42.428  1750  1786 D CompatibilityChangeReporter: Compat change id reported: 181136395; UID 10205; state: DISABLED
07-12 04:36:42.429  1750  1786 D CompatibilityChangeReporter: Compat change id reported: 174042936; UID 10205; state: DISABLED
07-12 04:36:42.430  1750  1786 D CompatibilityChangeReporter: Compat change id reported: 197654537; UID 10205; state: ENABLED
07-12 04:36:42.432  1750  1786 D CompatibilityChangeReporter: Compat change id reported: 168419799; UID 10205; state: DISABLED
07-12 04:36:42.691  1750  1787 D CompatibilityChangeReporter: Compat change id reported: 135634846; UID 10205; state: DISABLED
07-12 04:36:42.691  1750  1787 D CompatibilityChangeReporter: Compat change id reported: 177438394; UID 10205; state: DISABLED
07-12 04:36:42.691  1750  1787 D CompatibilityChangeReporter: Compat change id reported: 135772972; UID 10205; state: DISABLED
07-12 04:36:42.691  1750  1787 D CompatibilityChangeReporter: Compat change id reported: 135754954; UID 10205; state: ENABLED
07-12 04:36:42.691  1750  2069 D CompatibilityChangeReporter: Compat change id reported: 143937733; UID 10205; state: ENABLED
07-12 04:36:42.691  1750  2069 D CompatibilityChangeReporter: Compat change id reported: 207557677; UID 10205; state: ENABLED
07-12 04:36:42.909  1750  2069 W ActivityManager: Slow operation: 219ms so far, now at startProcess: returned from zygote!
07-12 04:36:42.909  1750  2069 W ActivityManager: Slow operation: 219ms so far, now at startProcess: done updating battery stats
07-12 04:36:42.909  1750  2069 W ActivityManager: Slow operation: 219ms so far, now at startProcess: building log message
07-12 04:36:42.909  1750  2069 I ActivityManager: Start proc 28692:com.android.chrome:sandboxed_process0:org.chromium.content.app.SandboxedProcessService0:1/u0ai0 for  {com.android.chrome/org.chromium.content.app.SandboxedProcessService0:1}
07-12 04:36:42.909  1750  2069 W ActivityManager: Slow operation: 219ms so far, now at startProcess: starting to update pids map
07-12 04:36:42.909  1750  2069 W ActivityManager: Slow operation: 219ms so far, now at startProcess: done updating pids map
07-12 04:36:42.988  1750  4230 D CompatibilityChangeReporter: Compat change id reported: 135634846; UID 10205; state: DISABLED
07-12 04:36:42.988  1750  4230 D CompatibilityChangeReporter: Compat change id reported: 177438394; UID 10205; state: DISABLED
07-12 04:36:42.988  1750  4230 D CompatibilityChangeReporter: Compat change id reported: 135772972; UID 10205; state: DISABLED
07-12 04:36:42.988  1750  4230 D CompatibilityChangeReporter: Compat change id reported: 135754954; UID 10205; state: ENABLED
07-12 04:36:42.989  1750  2069 D CompatibilityChangeReporter: Compat change id reported: 143937733; UID 10205; state: ENABLED
07-12 04:36:43.001  1750  2069 I ActivityManager: Start proc 28710:com.android.chrome:privileged_process1/u0a205 for service {com.android.chrome/org.chromium.content.app.PrivilegedProcessService1}
07-12 04:36:43.291  1750  2062 W UsageStatsService: Unexpected activity event reported! (com.microsoft.office.onenote/com.microsoft.office.onenote.ui.navigation.ONMNavigationActivity event : 23 instanceId : 108552130)
07-12 04:36:43.294  1750  3129 D CompatibilityChangeReporter: Compat change id reported: 197654537; UID 10279; state: ENABLED
07-12 04:36:43.304  1750  2046 W ActivityTaskManager: Can't find TaskDisplayArea to determine support for multi window. Task id=48896 attached=false
07-12 04:36:43.304  1750  2046 W ActivityTaskManager: Can't find TaskDisplayArea to determine support for multi window. Task id=48896 attached=false
07-12 04:36:43.308  1750  2062 W UsageStatsService: Unexpected activity event reported! (com.microsoft.office.onenote/com.microsoft.office.onenote.ui.ONMRootActivity event : 23 instanceId : 5029717)
07-12 04:36:44.834  1750  3192 D CompatibilityChangeReporter: Compat change id reported: 135634846; UID 10205; state: DISABLED
07-12 04:36:44.834  1750  3192 D CompatibilityChangeReporter: Compat change id reported: 177438394; UID 10205; state: DISABLED
07-12 04:36:44.834  1750  3192 D CompatibilityChangeReporter: Compat change id reported: 135772972; UID 10205; state: DISABLED
07-12 04:36:44.834  1750  3192 D CompatibilityChangeReporter: Compat change id reported: 135754954; UID 10205; state: ENABLED
07-12 04:36:44.834  1750  2069 D CompatibilityChangeReporter: Compat change id reported: 143937733; UID 10205; state: ENABLED
07-12 04:36:44.853  1750  2069 I ActivityManager: Start proc 28778:com.android.chrome:sandboxed_process0:org.chromium.content.app.SandboxedProcessService0:2/u0ai1 for  {com.android.chrome/org.chromium.content.app.SandboxedProcessService0:2}
07-12 04:36:45.005  1750  3129 D CompatibilityChangeReporter: Compat change id reported: 168936375; UID 10205; state: ENABLED
07-12 04:36:45.008  1750  3129 D CompatibilityChangeReporter: Compat change id reported: 73144566; UID 10205; state: ENABLED
07-12 04:36:45.350  2380  2380 V DeadZone: consuming errant click: (88.0,63.0)
07-12 04:36:45.350  2380  2380 V DeadZone: consuming errant click: (88.0,63.0)
07-12 04:36:45.430  1750  1786 W ProcessStats: Tracking association SourceState{584cdb3 system/1000 BTopFgs #1657854} whose proc state 2 is better than process ProcessState{baa4f70 net.dinglisch.android.taskerm/10289 pkg=net.dinglisch.android.taskerm} proc state 3 (72 skipped)
07-12 04:36:45.553  1750  1786 D CompatibilityChangeReporter: Compat change id reported: 135634846; UID 10190; state: DISABLED
07-12 04:36:45.553  1750  1786 D CompatibilityChangeReporter: Compat change id reported: 177438394; UID 10190; state: DISABLED
07-12 04:36:45.553  1750  1786 D CompatibilityChangeReporter: Compat change id reported: 135772972; UID 10190; state: DISABLED
07-12 04:36:45.553  1750  1786 D CompatibilityChangeReporter: Compat change id reported: 135754954; UID 10190; state: ENABLED
07-12 04:36:45.554  1750  2069 D CompatibilityChangeReporter: Compat change id reported: 143937733; UID 10190; state: ENABLED
07-12 04:36:45.569  1750  2069 I ActivityManager: Start proc 28815:com.google.process.gapps/u0a190 for content provider {com.google.android.gsf/com.google.android.gsf.settings.GoogleSettingsProvider}
07-12 04:36:45.605  1750  1786 D CompatibilityChangeReporter: Compat change id reported: 168419799; UID 10190; state: DISABLED
07-12 04:36:45.661  1750  1787 I ActivityManager: Process com.spotify.music (pid 24428) has died: cch+85 CEM 
07-12 04:36:45.780  1750  2285 I ActivityManager: Process com.sec.android.app.shealth (pid 20616) has died: cch+75 CEM 
07-12 04:36:46.041  1750  3029 D CompatibilityChangeReporter: Compat change id reported: 171306433; UID 10190; state: ENABLED
07-12 04:36:46.051  1750  2200 W AppOps  : Noting op not finished: uid 10202 pkg com.google.android.apps.maps code 79 startTime of in progress event=1657614965685
07-12 04:36:46.059  1750  2285 W AppOps  : Noting op not finished: uid 10190 pkg com.google.android.gms code 113 startTime of in progress event=1657610554679
07-12 04:36:46.074  1750  4060 W AppOps  : Noting op not finished: uid 10190 pkg com.google.android.gms code 113 startTime of in progress event=1657610554679
07-12 04:36:46.088  1750  2200 W AppOps  : Noting op not finished: uid 10223 pkg com.google.android.gms.location.history code 79 startTime of in progress event=1657600184482
07-12 04:36:46.097  1750  1786 W AppOps  : Noting op not finished: uid 10190 pkg com.google.android.gms code 113 startTime of in progress event=1657610554679
07-12 04:36:46.103  1750  2975 W AppOps  : Noting op not finished: uid 10190 pkg com.google.android.gms code 113 startTime of in progress event=1657613469236
07-12 04:36:46.112  1750  1786 W AppOps  : Noting op not finished: uid 10447 pkg com.urbandroid.sleep code 79 startTime of in progress event=1657614965705
07-12 04:36:47.395  1750  1786 D CompatibilityChangeReporter: Compat change id reported: 135634846; UID 10205; state: DISABLED
07-12 04:36:47.395  1750  1786 D CompatibilityChangeReporter: Compat change id reported: 177438394; UID 10205; state: DISABLED
07-12 04:36:47.395  1750  1786 D CompatibilityChangeReporter: Compat change id reported: 135772972; UID 10205; state: DISABLED
07-12 04:36:47.395  1750  1786 D CompatibilityChangeReporter: Compat change id reported: 135754954; UID 10205; state: ENABLED
07-12 04:36:47.395  1750  2069 D CompatibilityChangeReporter: Compat change id reported: 143937733; UID 10205; state: ENABLED
07-12 04:36:47.409  1750  2069 I ActivityManager: Start proc 28850:com.android.chrome:sandboxed_process0:org.chromium.content.app.SandboxedProcessService0:3/u0ai2 for  {com.android.chrome/org.chromium.content.app.SandboxedProcessService0:3}
07-12 04:36:47.425  1750  2069 I ActivityManager: Start proc 28864:com.android.chrome:sandboxed_process0:org.chromium.content.app.SandboxedProcessService0:4/u0ai3 for  {com.android.chrome/org.chromium.content.app.SandboxedProcessService0:4}
07-12 04:36:47.495  1750  1786 I ActivityManager: Killing 28850:com.android.chrome:sandboxed_process0:org.chromium.content.app.SandboxedProcessService0:3/u0a205i-8998 (adj 0): isolated not needed
07-12 04:36:47.535  1750  2285 I ActivityManager: Killing 28864:com.android.chrome:sandboxed_process0:org.chromium.content.app.SandboxedProcessService0:4/u0a205i-8997 (adj 0): isolated not needed
07-12 04:36:47.535  1750  2096 E KernelCpuUidActiveTimeReader: Negative delta from active time for uid: 10229, delta: -12
07-12 04:36:47.535  1750  2096 E KernelCpuUidActiveTimeReader: Negative delta from active time for uid: 10151, delta: -22
07-12 04:36:47.535  1750  2096 E KernelCpuUidActiveTimeReader: Negative delta from active time for uid: 10167, delta: -11
07-12 04:36:47.536  1750  2096 E KernelCpuUidActiveTimeReader: Negative delta from active time for uid: 10157, delta: -17
07-12 04:36:47.536  1750  2096 E KernelCpuUidActiveTimeReader: Negative delta from active time for uid: 10521, delta: -19
07-12 04:36:47.536  1750  2096 E KernelCpuUidActiveTimeReader: Negative delta from active time for uid: 10343, delta: -33
07-12 04:36:47.536  1750  2096 E KernelCpuUidActiveTimeReader: Negative delta from active time for uid: 10105, delta: -12
07-12 04:36:47.536  1750  2096 E KernelCpuUidActiveTimeReader: Negative delta from active time for uid: 10236, delta: -2
07-12 04:36:47.536  1750  2096 E KernelCpuUidActiveTimeReader: Negative delta from active time for uid: 10184, delta: -30
07-12 04:36:47.536  1750  2096 E KernelCpuUidActiveTimeReader: Negative delta from active time for uid: 10404, delta: -24
07-12 04:36:47.536  1750  2096 E KernelCpuUidActiveTimeReader: Negative delta from active time for uid: 10281, delta: -44
07-12 04:36:47.668  1750  2285 D CompatibilityChangeReporter: Compat change id reported: 135634846; UID 10205; state: DISABLED
07-12 04:36:47.668  1750  2285 D CompatibilityChangeReporter: Compat change id reported: 177438394; UID 10205; state: DISABLED
07-12 04:36:47.668  1750  2285 D CompatibilityChangeReporter: Compat change id reported: 135772972; UID 10205; state: DISABLED
07-12 04:36:47.668  1750  2285 D CompatibilityChangeReporter: Compat change id reported: 135754954; UID 10205; state: ENABLED
07-12 04:36:47.668  1750  2069 D CompatibilityChangeReporter: Compat change id reported: 143937733; UID 10205; state: ENABLED
07-12 04:36:47.683  1750  2069 I ActivityManager: Start proc 28897:com.android.chrome:sandboxed_process0:org.chromium.content.app.SandboxedProcessService0:5/u0ai4 for  {com.android.chrome/org.chromium.content.app.SandboxedProcessService0:5}
07-12 04:36:47.727  1750  2285 D CompatibilityChangeReporter: Compat change id reported: 135634846; UID 10205; state: DISABLED
07-12 04:36:47.727  1750  2285 D CompatibilityChangeReporter: Compat change id reported: 177438394; UID 10205; state: DISABLED
07-12 04:36:47.727  1750  2285 D CompatibilityChangeReporter: Compat change id reported: 135772972; UID 10205; state: DISABLED
07-12 04:36:47.727  1750  2285 D CompatibilityChangeReporter: Compat change id reported: 135754954; UID 10205; state: ENABLED
07-12 04:36:47.727  1750  2069 D CompatibilityChangeReporter: Compat change id reported: 143937733; UID 10205; state: ENABLED
07-12 04:36:47.741  1750  2069 I ActivityManager: Start proc 28912:com.android.chrome:sandboxed_process0:org.chromium.content.app.SandboxedProcessService0:6/u0ai5 for  {com.android.chrome/org.chromium.content.app.SandboxedProcessService0:6}
07-12 04:36:47.802  1750  2285 I ActivityManager: Killing 28897:com.android.chrome:sandboxed_process0:org.chromium.content.app.SandboxedProcessService0:5/u0a205i-8996 (adj 0): isolated not needed
07-12 04:36:47.852  1750  2200 I ActivityManager: Killing 28912:com.android.chrome:sandboxed_process0:org.chromium.content.app.SandboxedProcessService0:6/u0a205i-8995 (adj 0): isolated not needed
07-12 04:36:48.053  1750  2200 D CompatibilityChangeReporter: Compat change id reported: 135634846; UID 10205; state: DISABLED
07-12 04:36:48.053  1750  2200 D CompatibilityChangeReporter: Compat change id reported: 177438394; UID 10205; state: DISABLED
07-12 04:36:48.053  1750  2200 D CompatibilityChangeReporter: Compat change id reported: 135772972; UID 10205; state: DISABLED
07-12 04:36:48.053  1750  2200 D CompatibilityChangeReporter: Compat change id reported: 135754954; UID 10205; state: ENABLED
07-12 04:36:48.053  1750  2069 D CompatibilityChangeReporter: Compat change id reported: 143937733; UID 10205; state: ENABLED
07-12 04:36:48.068  1750  2069 I ActivityManager: Start proc 28941:com.android.chrome:sandboxed_process0:org.chromium.content.app.SandboxedProcessService0:7/u0ai6 for  {com.android.chrome/org.chromium.content.app.SandboxedProcessService0:7}
07-12 04:36:48.143  1750  2200 I ActivityManager: Killing 28941:com.android.chrome:sandboxed_process0:org.chromium.content.app.SandboxedProcessService0:7/u0a205i-8994 (adj 0): isolated not needed
07-12 04:36:55.520  1750  2975 W ProcessStats: Tracking association SourceState{584cdb3 system/1000 BTopFgs #1658066} whose proc state 2 is better than process ProcessState{baa4f70 net.dinglisch.android.taskerm/10289 pkg=net.dinglisch.android.taskerm} proc state 3 (169 skipped)
07-12 04:37:00.369  1750  2200 E ProcessStats: Executing service ServiceState{84b90d2 org.chromium.content.app.SandboxedProcessService0 pkg=com.android.chrome proc=2b8d5a3} without owner
07-12 04:37:00.370  1750  2068 I DropBoxManagerService: add tag=system_server_wtf isTagEnabled=true flags=0x2
07-12 04:37:00.371  1750  2200 E ProcessStats: Binding service ServiceState{84b90d2 org.chromium.content.app.SandboxedProcessService0 pkg=com.android.chrome proc=2b8d5a3} without owner
07-12 04:37:00.371  1750  2200 E ProcessStats: Starting service ServiceState{84b90d2 org.chromium.content.app.SandboxedProcessService0 pkg=com.android.chrome proc=2b8d5a3} without owner
07-12 04:37:00.372  1750  2068 W DropBoxManagerService: Dropping: system_server_wtf (1117 > 0 bytes)
07-12 04:37:00.372  1750  2200 E ProcessStats: Binding service ServiceState{84b90d2 org.chromium.content.app.SandboxedProcessService0 pkg=com.android.chrome proc=2b8d5a3} without owner
07-12 04:37:00.372  1750  2200 I ActivityManager: Killing 28778:com.android.chrome:sandboxed_process0:org.chromium.content.app.SandboxedProcessService0:2/u0a205i-8999 (adj 0): isolated not needed
07-12 04:37:00.375  1750  2068 I DropBoxManagerService: add tag=system_server_wtf isTagEnabled=true flags=0x2
07-12 04:37:00.375  1750  2068 W DropBoxManagerService: Dropping: system_server_wtf (1017 > 0 bytes)
07-12 04:37:00.376  1750  2068 I DropBoxManagerService: add tag=system_server_wtf isTagEnabled=true flags=0x2
07-12 04:37:00.376  1750  2068 W DropBoxManagerService: Dropping: system_server_wtf (1208 > 0 bytes)
07-12 04:37:00.379  1750  2068 I DropBoxManagerService: add tag=system_server_wtf isTagEnabled=true flags=0x2
07-12 04:37:00.380  1750  2068 W DropBoxManagerService: Dropping: system_server_wtf (1205 > 0 bytes)
07-12 04:37:00.426  1750  2096 E KernelCpuUidActiveTimeReader: Negative delta from active time for uid: 10229, delta: -12
07-12 04:37:00.426  1750  2096 E KernelCpuUidActiveTimeReader: Negative delta from active time for uid: 10151, delta: -22
07-12 04:37:00.426  1750  2096 E KernelCpuUidActiveTimeReader: Negative delta from active time for uid: 10167, delta: -11
07-12 04:37:00.427  1750  2096 E KernelCpuUidActiveTimeReader: Negative delta from active time for uid: 10157, delta: -17
07-12 04:37:00.427  1750  2096 E KernelCpuUidActiveTimeReader: Negative delta from active time for uid: 10521, delta: -19
07-12 04:37:00.427  1750  2096 E KernelCpuUidActiveTimeReader: Negative delta from active time for uid: 10343, delta: -33
07-12 04:37:00.427  1750  2096 E KernelCpuUidActiveTimeReader: Negative delta from active time for uid: 10105, delta: -12
07-12 04:37:00.427  1750  2096 E KernelCpuUidActiveTimeReader: Negative delta from active time for uid: 10236, delta: -2
07-12 04:37:00.427  1750  2096 E KernelCpuUidActiveTimeReader: Negative delta from active time for uid: 10184, delta: -30
07-12 04:37:00.427  1750  2096 E KernelCpuUidActiveTimeReader: Negative delta from active time for uid: 10404, delta: -24
07-12 04:37:00.427  1750  2096 E KernelCpuUidActiveTimeReader: Negative delta from active time for uid: 10281, delta: -44
07-12 04:37:01.168  1750  2285 D CompatibilityChangeReporter: Compat change id reported: 135634846; UID 10205; state: DISABLED
07-12 04:37:01.168  1750  2285 D CompatibilityChangeReporter: Compat change id reported: 177438394; UID 10205; state: DISABLED
07-12 04:37:01.168  1750  2285 D CompatibilityChangeReporter: Compat change id reported: 135772972; UID 10205; state: DISABLED
07-12 04:37:01.168  1750  2285 D CompatibilityChangeReporter: Compat change id reported: 135754954; UID 10205; state: ENABLED
07-12 04:37:01.168  1750  2069 D CompatibilityChangeReporter: Compat change id reported: 143937733; UID 10205; state: ENABLED
07-12 04:37:01.185  1750  2069 I ActivityManager: Start proc 29013:com.android.chrome:sandboxed_process0:org.chromium.content.app.SandboxedProcessService0:8/u0ai7 for  {com.android.chrome/org.chromium.content.app.SandboxedProcessService0:8}
07-12 04:37:02.103  1750  2258 W NetworkPolicy: shared quota unsupported; generating rule for each iface
07-12 04:37:02.375  1750  2068 W BroadcastQueue: Background execution not allowed: receiving Intent { act=android.intent.action.DROPBOX_ENTRY_ADDED flg=0x10 (has extras) } to com.google.android.gms/.stats.service.DropBoxEntryAddedReceiver
07-12 04:37:02.376  1750  2068 W BroadcastQueue: Background execution not allowed: receiving Intent { act=android.intent.action.DROPBOX_ENTRY_ADDED flg=0x10 (has extras) } to com.google.android.gms/.chimera.GmsIntentOperationService$PersistentTrustedReceiver
07-12 04:37:05.990  1750  1786 W ProcessStats: Tracking association SourceState{584cdb3 system/1000 BTopFgs #1658249} whose proc state 2 is better than process ProcessState{baa4f70 net.dinglisch.android.taskerm/10289 pkg=net.dinglisch.android.taskerm} proc state 3 (96 skipped)
07-12 04:37:07.271  1750  2285 W AppOps  : Noting op not finished: uid 10202 pkg com.google.android.apps.maps code 79 startTime of in progress event=1657615023853
07-12 04:37:07.278  1750  2285 W AppOps  : Noting op not finished: uid 10190 pkg com.google.android.gms code 113 startTime of in progress event=1657610554679
07-12 04:37:07.287  1750  2285 W AppOps  : Noting op not finished: uid 10223 pkg com.google.android.gms.location.history code 79 startTime of in progress event=1657600184482
07-12 04:37:07.294  1750  1787 W AppOps  : Noting op not finished: uid 10190 pkg com.google.android.gms code 113 startTime of in progress event=1657610554679
07-12 04:37:07.300  1750  3029 W AppOps  : Noting op not finished: uid 10190 pkg com.google.android.gms code 113 startTime of in progress event=1657613469236
07-12 04:37:07.307  1750  1787 W AppOps  : Noting op not finished: uid 10447 pkg com.urbandroid.sleep code 79 startTime of in progress event=1657615006133
07-12 04:37:07.408  1750  3029 W AppOps  : Noting op not finished: uid 10202 pkg com.google.android.apps.maps code 79 startTime of in progress event=1657615027402
07-12 04:37:07.452  1750  2200 W AppOps  : Noting op not finished: uid 10202 pkg com.google.android.apps.maps code 79 startTime of in progress event=1657615027449
07-12 04:37:11.449  1278  1278 I wificond: Regulatory domain changed to country: US on wiphy_index: 0
07-12 04:37:11.451  1278  1278 I wificond: 2.4Ghz frequencies: 2412 2417 2422 2427 2432 2437 2442 2447 2452 2457 2462
07-12 04:37:11.451  1278  1278 I wificond: 5Ghz non-DFS frequencies: 5180 5200 5220 5240 5745 5765 5785 5805 5825
07-12 04:37:11.451  1278  1278 I wificond: 5Ghz DFS frequencies: 5260 5280 5300 5320 5500 5520 5540 5560 5580 5600 5620 5640 5660 5680 5700 5720
07-12 04:37:11.451  1278  1278 I wificond: 6Ghz frequencies:
07-12 04:37:11.451  1278  1278 I wificond: 60Ghz frequencies:
07-12 04:37:13.440  1278  1278 I wificond: Regulatory domain changed to country: US on wiphy_index: 0
07-12 04:37:13.443  1278  1278 I wificond: 2.4Ghz frequencies: 2412 2417 2422 2427 2432 2437 2442 2447 2452 2457 2462
07-12 04:37:13.443  1278  1278 I wificond: 5Ghz non-DFS frequencies: 5180 5200 5220 5240 5745 5765 5785 5805 5825
07-12 04:37:13.443  1278  1278 I wificond: 5Ghz DFS frequencies: 5260 5280 5300 5320 5500 5520 5540 5560 5580 5600 5620 5640 5660 5680 5700 5720
07-12 04:37:13.443  1278  1278 I wificond: 6Ghz frequencies:
07-12 04:37:13.443  1278  1278 I wificond: 60Ghz frequencies:
07-12 04:37:16.176  1750  1786 W ProcessStats: Tracking association SourceState{584cdb3 system/1000 BTopFgs #1658344} whose proc state 2 is better than process ProcessState{baa4f70 net.dinglisch.android.taskerm/10289 pkg=net.dinglisch.android.taskerm} proc state 3 (57 skipped)
07-12 04:37:25.235  1750  2975 D TextToSpeechManagerPerUserService: Trying to start connection to TTS engine: com.google.android.tts
07-12 04:37:25.241  1750  1750 D TextToSpeechManagerPerUserService: Connected successfully to TTS engine: com.google.android.tts
07-12 04:37:26.129  1750  2258 W NetworkPolicy: shared quota unsupported; generating rule for each iface
07-12 04:37:26.425  1750  1786 W ProcessStats: Tracking association SourceState{584cdb3 system/1000 BTopFgs #1658458} whose proc state 2 is better than process ProcessState{baa4f70 net.dinglisch.android.taskerm/10289 pkg=net.dinglisch.android.taskerm} proc state 3 (59 skipped)
07-12 04:37:28.567  1750  2200 W ActivityManager: Background start not allowed: service Intent { cmp=com.zhiliaoapp.musically/com.bytedance.common.wschannel.client.WsClientService } to com.zhiliaoapp.musically/com.bytedance.common.wschannel.client.WsClientService from pid=19536 uid=10572 pkg=com.zhiliaoapp.musically startFg?=false
07-12 04:37:33.738  1278  1278 I wificond: Regulatory domain changed to country: US on wiphy_index: 0
07-12 04:37:33.741  1278  1278 I wificond: 2.4Ghz frequencies: 2412 2417 2422 2427 2432 2437 2442 2447 2452 2457 2462
07-12 04:37:33.741  1278  1278 I wificond: 5Ghz non-DFS frequencies: 5180 5200 5220 5240 5745 5765 5785 5805 5825
07-12 04:37:33.741  1278  1278 I wificond: 5Ghz DFS frequencies: 5260 5280 5300 5320 5500 5520 5540 5560 5580 5600 5620 5640 5660 5680 5700 5720
07-12 04:37:33.741  1278  1278 I wificond: 6Ghz frequencies:
07-12 04:37:33.741  1278  1278 I wificond: 60Ghz frequencies:
07-12 04:37:35.811  1278  1278 I wificond: Regulatory domain changed to country: US on wiphy_index: 0
07-12 04:37:35.813  1278  1278 I wificond: 2.4Ghz frequencies: 2412 2417 2422 2427 2432 2437 2442 2447 2452 2457 2462
07-12 04:37:35.813  1278  1278 I wificond: 5Ghz non-DFS frequencies: 5180 5200 5220 5240 5745 5765 5785 5805 5825
07-12 04:37:35.813  1278  1278 I wificond: 5Ghz DFS frequencies: 5260 5280 5300 5320 5500 5520 5540 5560 5580 5600 5620 5640 5660 5680 5700 5720
07-12 04:37:35.813  1278  1278 I wificond: 6Ghz frequencies:
07-12 04:37:35.813  1278  1278 I wificond: 60Ghz frequencies:
07-12 04:37:38.017  1750  2200 W ProcessStats: Tracking association SourceState{584cdb3 system/1000 BTopFgs #1658486} whose proc state 2 is better than process ProcessState{baa4f70 net.dinglisch.android.taskerm/10289 pkg=net.dinglisch.android.taskerm} proc state 3 (22 skipped)
07-12 04:37:41.359  1750  1786 W ActivityManager: Background start not allowed: service Intent { cmp=com.zhiliaoapp.musically/com.bytedance.common.wschannel.client.WsClientService } to com.zhiliaoapp.musically/com.bytedance.common.wschannel.client.WsClientService from pid=19536 uid=10572 pkg=com.zhiliaoapp.musically startFg?=false
07-12 04:37:46.041  1750  1750 D CompatibilityChangeReporter: Compat change id reported: 135634846; UID 10315; state: DISABLED
07-12 04:37:46.041  1750  1750 D CompatibilityChangeReporter: Compat change id reported: 177438394; UID 10315; state: DISABLED
07-12 04:37:46.042  1750  1750 D CompatibilityChangeReporter: Compat change id reported: 135772972; UID 10315; state: DISABLED
07-12 04:37:46.042  1750  1750 D CompatibilityChangeReporter: Compat change id reported: 135754954; UID 10315; state: ENABLED
07-12 04:37:46.042  1750  2069 D CompatibilityChangeReporter: Compat change id reported: 143937733; UID 10315; state: ENABLED
07-12 04:37:46.055  1750  2069 I ActivityManager: Start proc 29111:com.microsoft.appmanager/u0a315 for service {com.microsoft.appmanager/com.microsoft.appmanager.network.service.NetworkDataMetricsService}
07-12 04:37:46.081  1750  4365 D CompatibilityChangeReporter: Compat change id reported: 168419799; UID 10315; state: DISABLED
07-12 04:37:46.413 29111 29111 E ActivityThread: Failed to find provider info for com.samsung.android.mdx.windowslink.Tile.Provider
07-12 04:37:46.422 29111 29111 E ActivityThread: Failed to find provider info for com.microsoft.deviceExperiences.DeviceExperiencesContentProvider
07-12 04:37:46.490 29111 29111 E ActivityThread: Failed to find provider info for com.microsoft.deviceExperiences.DeviceExperiencesContentProvider
07-12 04:37:46.497 29111 29167 E ActivityThread: Failed to find provider info for com.microsoft.yourphonecompanion.contentprovider.featureoverride
07-12 04:37:46.507 29111 29165 E ActivityThread: Failed to find provider info for com.microsoft.yourphonecompanion.contentprovider.featureoverride
07-12 04:37:46.537 29111 29185 E ActivityThread: Failed to find provider info for com.microsoft.yourphonecompanion.contentprovider.featureoverride
07-12 04:37:47.014  1750  2258 W NetworkPolicy: shared quota unsupported; generating rule for each iface
07-12 04:37:47.512  1750  2042 D CompanionDeviceManagerService: onPackageModified(packageName = com.microsoft.appmanager)
07-12 04:37:47.538  1750  1750 I Telecom : DefaultDialerCache: Refreshing default dialer for user 0: now com.google.android.dialer: DDC.oR@yME
07-12 04:37:47.538  1750  1750 I Telecom : DefaultDialerCache: Refreshing default dialer for user 11: now com.google.android.dialer: DDC.oR@yME
07-12 04:37:47.539  1750  2042 D CompatibilityChangeReporter: Compat change id reported: 135634846; UID 10254; state: DISABLED
07-12 04:37:47.539  1750  2042 D CompatibilityChangeReporter: Compat change id reported: 177438394; UID 10254; state: DISABLED
07-12 04:37:47.539  1750  2042 D CompatibilityChangeReporter: Compat change id reported: 135772972; UID 10254; state: DISABLED
07-12 04:37:47.540  1750  2042 D CompatibilityChangeReporter: Compat change id reported: 135754954; UID 10254; state: DISABLED
07-12 04:37:47.540  1750  2069 D CompatibilityChangeReporter: Compat change id reported: 143937733; UID 10254; state: DISABLED
07-12 04:37:47.550  1750  2069 I ActivityManager: Start proc 29265:com.google.android.permissioncontroller/u0a254 for service {com.google.android.permissioncontroller/com.android.permissioncontroller.permission.service.PermissionControllerServiceImpl}
