07-12 04:37:47.591  1750  3029 D CompatibilityChangeReporter: Compat change id reported: 135634846; UID 10182; state: DISABLED
07-12 04:37:47.591  1750  3029 D CompatibilityChangeReporter: Compat change id reported: 177438394; UID 10182; state: DISABLED
07-12 04:37:47.591  1750  3029 D CompatibilityChangeReporter: Compat change id reported: 135772972; UID 10182; state: DISABLED
07-12 04:37:47.591  1750  3029 D CompatibilityChangeReporter: Compat change id reported: 135754954; UID 10182; state: ENABLED
07-12 04:37:47.592  1750  2069 D CompatibilityChangeReporter: Compat change id reported: 143937733; UID 10182; state: ENABLED
07-12 04:37:47.632  1750  2069 I ActivityManager: Start proc 29291:com.google.android.euicc/u0a182 for service {com.google.android.euicc/com.android.euicc.service.EuiccServiceImpl}
07-12 04:37:48.288  1750  2285 W ProcessStats: Tracking association SourceState{584cdb3 system/1000 BTopFgs #1658604} whose proc state 2 is better than process ProcessState{baa4f70 net.dinglisch.android.taskerm/10289 pkg=net.dinglisch.android.taskerm} proc state 3 (90 skipped)
07-12 04:38:01.212  1750  2062 W ProcessStats: Tracking association SourceState{584cdb3 system/1000 BTopFgs #1658632} whose proc state 2 is better than process ProcessState{baa4f70 net.dinglisch.android.taskerm/10289 pkg=net.dinglisch.android.taskerm} proc state 3 (25 skipped)
07-12 04:38:01.634  1750  2200 D CompatibilityChangeReporter: Compat change id reported: 168419799; UID 10190; state: DISABLED
07-12 04:38:02.304  1750  3029 D CompatibilityChangeReporter: Compat change id reported: 135634846; UID 10107; state: DISABLED
07-12 04:38:02.304  1750  3029 D CompatibilityChangeReporter: Compat change id reported: 177438394; UID 10107; state: DISABLED
07-12 04:38:02.304  1750  3029 D CompatibilityChangeReporter: Compat change id reported: 135772972; UID 10107; state: DISABLED
07-12 04:38:02.304  1750  3029 D CompatibilityChangeReporter: Compat change id reported: 135754954; UID 10107; state: ENABLED
07-12 04:38:02.304  1750  2069 D CompatibilityChangeReporter: Compat change id reported: 143937733; UID 10107; state: ENABLED
07-12 04:38:02.315  1750  2069 I ActivityManager: Start proc 29353:com.android.providers.calendar/u0a107 for content provider {com.android.providers.calendar/com.android.providers.calendar.CalendarProvider2}
07-12 04:38:02.344  1750  2200 D CompatibilityChangeReporter: Compat change id reported: 168419799; UID 10107; state: DISABLED
07-12 04:38:02.346  1750  2200 D CompatibilityChangeReporter: Compat change id reported: 181136395; UID 10205; state: DISABLED
07-12 04:38:02.347  1750  2200 D CompatibilityChangeReporter: Compat change id reported: 174042936; UID 10205; state: DISABLED
07-12 04:38:02.349  1750  1786 D CompatibilityChangeReporter: Compat change id reported: 197654537; UID 10205; state: ENABLED
07-12 04:38:02.470  1750  1786 D CompatibilityChangeReporter: Compat change id reported: 143231523; UID 10107; state: DISABLED
07-12 04:38:02.479  1750  1786 I ContentCaptureManagerService: Data share request accepted by Content Capture service
07-12 04:38:11.253  1750  2062 W ProcessStats: Tracking association SourceState{584cdb3 system/1000 BTopFgs #1658712} whose proc state 2 is better than process ProcessState{baa4f70 net.dinglisch.android.taskerm/10289 pkg=net.dinglisch.android.taskerm} proc state 3 (56 skipped)
07-12 04:38:16.125  1278  1278 I wificond: Regulatory domain changed to country: US on wiphy_index: 0
07-12 04:38:16.130  1278  1278 I wificond: 2.4Ghz frequencies: 2412 2417 2422 2427 2432 2437 2442 2447 2452 2457 2462
07-12 04:38:16.130  1278  1278 I wificond: 5Ghz non-DFS frequencies: 5180 5200 5220 5240 5745 5765 5785 5805 5825
07-12 04:38:16.130  1278  1278 I wificond: 5Ghz DFS frequencies: 5260 5280 5300 5320 5500 5520 5540 5560 5580 5600 5620 5640 5660 5680 5700 5720
07-12 04:38:16.130  1278  1278 I wificond: 6Ghz frequencies:
07-12 04:38:16.130  1278  1278 I wificond: 60Ghz frequencies:
07-12 04:38:18.049  1278  1278 I wificond: Regulatory domain changed to country: US on wiphy_index: 0
07-12 04:38:18.051  1278  1278 I wificond: 2.4Ghz frequencies: 2412 2417 2422 2427 2432 2437 2442 2447 2452 2457 2462
07-12 04:38:18.052  1278  1278 I wificond: 5Ghz non-DFS frequencies: 5180 5200 5220 5240 5745 5765 5785 5805 5825
07-12 04:38:18.052  1278  1278 I wificond: 5Ghz DFS frequencies: 5260 5280 5300 5320 5500 5520 5540 5560 5580 5600 5620 5640 5660 5680 5700 5720
07-12 04:38:18.052  1278  1278 I wificond: 6Ghz frequencies:
07-12 04:38:18.052  1278  1278 I wificond: 60Ghz frequencies:
07-12 04:38:21.429  1750  2285 W ProcessStats: Tracking association SourceState{584cdb3 system/1000 BTopFgs #1658730} whose proc state 2 is better than process ProcessState{baa4f70 net.dinglisch.android.taskerm/10289 pkg=net.dinglisch.android.taskerm} proc state 3 (12 skipped)
07-12 04:38:23.171  1750  2285 I ActivityManager: Killing 29013:com.android.chrome:sandboxed_process0:org.chromium.content.app.SandboxedProcessService0:8/u0a205i-8993 (adj 0): isolated not needed
07-12 04:38:23.194  1750  2285 D CompatibilityChangeReporter: Compat change id reported: 135634846; UID 10205; state: DISABLED
07-12 04:38:23.194  1750  2285 D CompatibilityChangeReporter: Compat change id reported: 177438394; UID 10205; state: DISABLED
07-12 04:38:23.194  1750  2285 D CompatibilityChangeReporter: Compat change id reported: 135772972; UID 10205; state: DISABLED
07-12 04:38:23.194  1750  2285 D CompatibilityChangeReporter: Compat change id reported: 135754954; UID 10205; state: ENABLED
07-12 04:38:23.195  1750  2069 D CompatibilityChangeReporter: Compat change id reported: 143937733; UID 10205; state: ENABLED
07-12 04:38:23.213  1750  2069 I ActivityManager: Start proc 29413:com.android.chrome:sandboxed_process0:org.chromium.content.app.SandboxedProcessService0:9/u0ai8 for  {com.android.chrome/org.chromium.content.app.SandboxedProcessService0:9}
07-12 04:38:23.263  1750  2096 E KernelCpuUidActiveTimeReader: Negative delta from active time for uid: 10229, delta: -12
07-12 04:38:23.263  1750  2096 E KernelCpuUidActiveTimeReader: Negative delta from active time for uid: 10151, delta: -22
07-12 04:38:23.264  1750  2096 E KernelCpuUidActiveTimeReader: Negative delta from active time for uid: 10167, delta: -11
07-12 04:38:23.264  1750  2096 E KernelCpuUidActiveTimeReader: Negative delta from active time for uid: 10157, delta: -17
07-12 04:38:23.264  1750  2096 E KernelCpuUidActiveTimeReader: Negative delta from active time for uid: 10521, delta: -19
07-12 04:38:23.264  1750  2096 E KernelCpuUidActiveTimeReader: Negative delta from active time for uid: 10343, delta: -33
07-12 04:38:23.264  1750  2096 E KernelCpuUidActiveTimeReader: Negative delta from active time for uid: 10105, delta: -12
07-12 04:38:23.264  1750  2096 E KernelCpuUidActiveTimeReader: Negative delta from active time for uid: 10236, delta: -2
07-12 04:38:23.264  1750  2096 E KernelCpuUidActiveTimeReader: Negative delta from active time for uid: 10184, delta: -30
07-12 04:38:23.264  1750  2096 E KernelCpuUidActiveTimeReader: Negative delta from active time for uid: 10404, delta: -24
07-12 04:38:23.264  1750  2096 E KernelCpuUidActiveTimeReader: Negative delta from active time for uid: 10281, delta: -44
07-12 04:38:23.278  1750  4365 D CompatibilityChangeReporter: Compat change id reported: 168419799; UID 10205; state: DISABLED
07-12 04:38:24.536  1750  2285 W AppOps  : Noting op not finished: uid 10202 pkg com.google.android.apps.maps code 79 startTime of in progress event=1657615104459
07-12 04:38:24.541  1750  2975 W AppOps  : Noting op not finished: uid 10190 pkg com.google.android.gms code 113 startTime of in progress event=1657610554679
07-12 04:38:24.547  1750  2975 W AppOps  : Noting op not finished: uid 10223 pkg com.google.android.gms.location.history code 79 startTime of in progress event=1657600184482
07-12 04:38:24.551  1750  2285 W AppOps  : Noting op not finished: uid 10190 pkg com.google.android.gms code 113 startTime of in progress event=1657610554679
07-12 04:38:24.558  1750  2975 W AppOps  : Noting op not finished: uid 10190 pkg com.google.android.gms code 113 startTime of in progress event=1657613469236
07-12 04:38:24.566  1750  2490 W AppOps  : Noting op not finished: uid 10447 pkg com.urbandroid.sleep code 79 startTime of in progress event=1657615027374
07-12 04:38:29.474  1750  2285 W AppOps  : Noting op not finished: uid 10202 pkg com.google.android.apps.maps code 79 startTime of in progress event=1657615105969
07-12 04:38:29.478  1750  2285 W AppOps  : Noting op not finished: uid 10190 pkg com.google.android.gms code 113 startTime of in progress event=1657610554679
07-12 04:38:29.487  1750  4365 W AppOps  : Noting op not finished: uid 10223 pkg com.google.android.gms.location.history code 79 startTime of in progress event=1657600184482
07-12 04:38:29.492  1750  2490 W AppOps  : Noting op not finished: uid 10190 pkg com.google.android.gms code 113 startTime of in progress event=1657610554679
07-12 04:38:29.500  1750  4365 W AppOps  : Noting op not finished: uid 10190 pkg com.google.android.gms code 113 startTime of in progress event=1657613469236
07-12 04:38:29.511  1750  4365 W AppOps  : Noting op not finished: uid 10447 pkg com.urbandroid.sleep code 79 startTime of in progress event=1657615104628
07-12 04:38:32.380  1750  2062 W ProcessStats: Tracking association SourceState{584cdb3 system/1000 BTopFgs #1658905} whose proc state 2 is better than process ProcessState{baa4f70 net.dinglisch.android.taskerm/10289 pkg=net.dinglisch.android.taskerm} proc state 3 (101 skipped)
07-12 04:38:42.862  1750  1786 W ProcessStats: Tracking association SourceState{584cdb3 system/1000 BTopFgs #1658930} whose proc state 2 is better than process ProcessState{baa4f70 net.dinglisch.android.taskerm/10289 pkg=net.dinglisch.android.taskerm} proc state 3 (13 skipped)
07-12 04:38:42.968  1750  4365 I ActivityManager: Killing 28692:com.android.chrome:sandboxed_process0:org.chromium.content.app.SandboxedProcessService0:1/u0a205i-9000 (adj 0): isolated not needed
07-12 04:38:43.036  1750  2096 E KernelCpuUidActiveTimeReader: Negative delta from active time for uid: 10229, delta: -12
07-12 04:38:43.036  1750  2096 E KernelCpuUidActiveTimeReader: Negative delta from active time for uid: 10151, delta: -22
07-12 04:38:43.036  1750  2096 E KernelCpuUidActiveTimeReader: Negative delta from active time for uid: 10167, delta: -11
07-12 04:38:43.037  1750  2096 E KernelCpuUidActiveTimeReader: Negative delta from active time for uid: 10157, delta: -17
07-12 04:38:43.037  1750  2096 E KernelCpuUidActiveTimeReader: Negative delta from active time for uid: 10521, delta: -19
07-12 04:38:43.037  1750  2096 E KernelCpuUidActiveTimeReader: Negative delta from active time for uid: 10343, delta: -33
07-12 04:38:43.037  1750  2096 E KernelCpuUidActiveTimeReader: Negative delta from active time for uid: 10105, delta: -12
07-12 04:38:43.037  1750  2096 E KernelCpuUidActiveTimeReader: Negative delta from active time for uid: 10236, delta: -2
07-12 04:38:43.037  1750  2096 E KernelCpuUidActiveTimeReader: Negative delta from active time for uid: 10184, delta: -30
07-12 04:38:43.037  1750  2096 E KernelCpuUidActiveTimeReader: Negative delta from active time for uid: 10404, delta: -24
07-12 04:38:43.037  1750  2096 E KernelCpuUidActiveTimeReader: Negative delta from active time for uid: 10281, delta: -44
07-12 04:38:43.819  1750  4365 D CompatibilityChangeReporter: Compat change id reported: 135634846; UID 10205; state: DISABLED
07-12 04:38:43.819  1750  4365 D CompatibilityChangeReporter: Compat change id reported: 177438394; UID 10205; state: DISABLED
07-12 04:38:43.819  1750  4365 D CompatibilityChangeReporter: Compat change id reported: 135772972; UID 10205; state: DISABLED
07-12 04:38:43.819  1750  4365 D CompatibilityChangeReporter: Compat change id reported: 135754954; UID 10205; state: ENABLED
07-12 04:38:43.819  1750  2069 D CompatibilityChangeReporter: Compat change id reported: 143937733; UID 10205; state: ENABLED
07-12 04:38:43.841  1750  2069 I ActivityManager: Start proc 29466:com.android.chrome:sandboxed_process0:org.chromium.content.app.SandboxedProcessService0:10/u0ai9 for  {com.android.chrome/org.chromium.content.app.SandboxedProcessService0:10}
07-12 04:38:43.963  1750  2258 W NetworkPolicy: shared quota unsupported; generating rule for each iface
07-12 04:38:45.513  1750  4365 D CompatibilityChangeReporter: Compat change id reported: 135634846; UID 10205; state: DISABLED
07-12 04:38:45.514  1750  4365 D CompatibilityChangeReporter: Compat change id reported: 177438394; UID 10205; state: DISABLED
07-12 04:38:45.514  1750  4365 D CompatibilityChangeReporter: Compat change id reported: 135772972; UID 10205; state: DISABLED
07-12 04:38:45.514  1750  4365 D CompatibilityChangeReporter: Compat change id reported: 135754954; UID 10205; state: ENABLED
07-12 04:38:45.515  1750  2069 D CompatibilityChangeReporter: Compat change id reported: 143937733; UID 10205; state: ENABLED
07-12 04:38:45.542  1750  2069 I ActivityManager: Start proc 29500:com.android.chrome:sandboxed_process0:org.chromium.content.app.SandboxedProcessService0:11/u0ai10 for  {com.android.chrome/org.chromium.content.app.SandboxedProcessService0:11}
07-12 04:38:45.824  1750  2975 I ActivityManager: Killing 29413:com.android.chrome:sandboxed_process0:org.chromium.content.app.SandboxedProcessService0:9/u0a205i-8992 (adj 0): isolated not needed
07-12 04:38:45.949  1750  2096 E KernelCpuUidActiveTimeReader: Negative delta from active time for uid: 10229, delta: -12
07-12 04:38:45.950  1750  2096 E KernelCpuUidActiveTimeReader: Negative delta from active time for uid: 10151, delta: -22
07-12 04:38:45.950  1750  2096 E KernelCpuUidActiveTimeReader: Negative delta from active time for uid: 10167, delta: -11
07-12 04:38:45.950  1750  2096 E KernelCpuUidActiveTimeReader: Negative delta from active time for uid: 10157, delta: -17
07-12 04:38:45.950  1750  2096 E KernelCpuUidActiveTimeReader: Negative delta from active time for uid: 10521, delta: -19
07-12 04:38:45.950  1750  2096 E KernelCpuUidActiveTimeReader: Negative delta from active time for uid: 10343, delta: -33
07-12 04:38:45.951  1750  2096 E KernelCpuUidActiveTimeReader: Negative delta from active time for uid: 10105, delta: -12
07-12 04:38:45.951  1750  2096 E KernelCpuUidActiveTimeReader: Negative delta from active time for uid: 10236, delta: -2
07-12 04:38:45.951  1750  2096 E KernelCpuUidActiveTimeReader: Negative delta from active time for uid: 10184, delta: -30
07-12 04:38:45.951  1750  2096 E KernelCpuUidActiveTimeReader: Negative delta from active time for uid: 10404, delta: -24
07-12 04:38:45.951  1750  2096 E KernelCpuUidActiveTimeReader: Negative delta from active time for uid: 10281, delta: -44
07-12 04:38:51.539  1750  3129 W AppOps  : Noting op not finished: uid 10202 pkg com.google.android.apps.maps code 79 startTime of in progress event=1657615126647
07-12 04:38:51.543  1750  3129 W AppOps  : Noting op not finished: uid 10190 pkg com.google.android.gms code 113 startTime of in progress event=1657610554679
07-12 04:38:51.548  1750  2490 W AppOps  : Noting op not finished: uid 10223 pkg com.google.android.gms.location.history code 79 startTime of in progress event=1657600184482
07-12 04:38:51.553  1750  4365 W AppOps  : Noting op not finished: uid 10190 pkg com.google.android.gms code 113 startTime of in progress event=1657610554679
07-12 04:38:51.558  1750  4365 W AppOps  : Noting op not finished: uid 10190 pkg com.google.android.gms code 113 startTime of in progress event=1657613469236
07-12 04:38:51.563  1750  4365 W AppOps  : Noting op not finished: uid 10447 pkg com.urbandroid.sleep code 79 startTime of in progress event=1657615109522
07-12 04:38:54.640  1750  2975 W ProcessStats: Tracking association SourceState{584cdb3 system/1000 BTopFgs #1659179} whose proc state 2 is better than process ProcessState{baa4f70 net.dinglisch.android.taskerm/10289 pkg=net.dinglisch.android.taskerm} proc state 3 (125 skipped)
07-12 04:39:04.642  1750  2200 W ProcessStats: Tracking association SourceState{584cdb3 system/1000 BTopFgs #1659214} whose proc state 2 is better than process ProcessState{baa4f70 net.dinglisch.android.taskerm/10289 pkg=net.dinglisch.android.taskerm} proc state 3 (19 skipped)
07-12 04:39:06.667  1750  2043 I ActivityTaskManager: START u0 {act=android.intent.action.MAIN cat=[android.intent.category.HOME] flg=0x10000100 cmp=com.teslacoilsw.launcher/.NovaLauncher (has extras)} from uid 0
07-12 04:39:07.422  1750  2975 I ActivityTaskManager: START u0 {act=android.intent.action.MAIN cat=[android.intent.category.LAUNCHER] flg=0x10200000 cmp=com.google.android.gm/.ConversationListActivityGmail bnds=[648,2032][864,2208]} from uid 10259
07-12 04:39:08.319  1750  2975 I ActivityTaskManager: moveTaskToBack: Task{b2b9c6b #48912 type=standard A=10225:com.google.android.gm U=0 visible=true visibleRequested=true mode=fullscreen translucent=false sz=1}
07-12 04:39:09.632  1750  1750 D WindowManager: powerPress: eventTime=298604295 interactive=true count=0 beganFromNonInteractive=false mShortPressOnPowerBehavior=1
07-12 04:39:09.632  1750  1750 I PowerManagerService: Powering off display group due to power_button (groupId= 0, uid= 1000)...
07-12 04:39:09.632  1750  1750 I PowerManagerService: Going to sleep due to power_button (uid 1000)...
07-12 04:39:09.638  1750  2128 I DreamManagerService: Entering dreamland.
07-12 04:39:09.638  1750  2128 I PowerManagerService: Dozing...
07-12 04:39:09.639  1750  2042 I DreamController: Starting dream: name=ComponentInfo{com.android.systemui/com.android.systemui.doze.DozeService}, isTest=false, canDoze=true, userId=0
07-12 04:39:09.653  1750  4232 D BiometricUtils: isEncrypted: false isLockdown: false
07-12 04:39:09.653  1750  1750 D BiometricScheduler/Fingerprint21: [Added] {[856] com.android.server.biometrics.sensors.fingerprint.hidl.FingerprintUpdateActiveUserClient, proto=1, owner=android, cookie=0, requestId=-1, userId=0}, new queue size: 1
07-12 04:39:09.653  1750  1750 D BiometricScheduler/Fingerprint21: [Polled] {[856] com.android.server.biometrics.sensors.fingerprint.hidl.FingerprintUpdateActiveUserClient, proto=1, owner=android, cookie=0, requestId=-1, userId=0}, State: 0
07-12 04:39:09.654  1750  1750 D BiometricScheduler/Fingerprint21: [Started] {[856] com.android.server.biometrics.sensors.fingerprint.hidl.FingerprintUpdateActiveUserClient, proto=1, owner=android, cookie=0, requestId=-1, userId=0}
07-12 04:39:09.654  1750  1750 D FingerprintUpdateActiveUserClient: Already user: com.android.server.biometrics.sensors.fingerprint.hidl.Fingerprint21$$ExternalSyntheticLambda17@4e09aa0, returning
07-12 04:39:09.654  1750  1750 D BiometricSchedulerOperation: [Finished / destroy]: {[856] com.android.server.biometrics.sensors.fingerprint.hidl.FingerprintUpdateActiveUserClient, proto=1, owner=android, cookie=0, requestId=-1, userId=0}
07-12 04:39:09.654  1750  1750 V BiometricSchedulerOperation: started: {[856] com.android.server.biometrics.sensors.fingerprint.hidl.FingerprintUpdateActiveUserClient, proto=1, owner=android, cookie=0, requestId=-1, userId=0}, State: 5
07-12 04:39:09.654  1750  1750 D BiometricScheduler/Fingerprint21: [Added] {[857] com.android.server.biometrics.sensors.fingerprint.hidl.FingerprintAuthenticationClient, proto=3, owner=com.android.systemui, cookie=0, requestId=405, userId=0}, new queue size: 1
07-12 04:39:09.654  1750  1750 V BiometricScheduler/Fingerprint21: Not idle, current operation: {[856] com.android.server.biometrics.sensors.fingerprint.hidl.FingerprintUpdateActiveUserClient, proto=1, owner=android, cookie=0, requestId=-1, userId=0}, State: 5
07-12 04:39:09.655  1750  1750 D BiometricScheduler/Fingerprint21: [Finishing] {[856] com.android.server.biometrics.sensors.fingerprint.hidl.FingerprintUpdateActiveUserClient, proto=1, owner=android, cookie=0, requestId=-1, userId=0}, success: true
07-12 04:39:09.655  1750  1750 D BiometricScheduler/Fingerprint21: [Polled] {[857] com.android.server.biometrics.sensors.fingerprint.hidl.FingerprintAuthenticationClient, proto=3, owner=com.android.systemui, cookie=0, requestId=405, userId=0}, State: 0
07-12 04:39:09.655  1750  1750 D GestureAvailabilityTracker: Notifying gesture availability, active=false
07-12 04:39:09.655  1750  1750 D BiometricScheduler/Fingerprint21: [Started] {[857] com.android.server.biometrics.sensors.fingerprint.hidl.FingerprintAuthenticationClient, proto=3, owner=com.android.systemui, cookie=0, requestId=405, userId=0}
07-12 04:39:09.655  1750  1750 D BiometricCoexCoordinator: addAuthenticationClient(OtherFp), client: {[857] com.android.server.biometrics.sensors.fingerprint.hidl.FingerprintAuthenticationClient, proto=3, owner=com.android.systemui, cookie=0, requestId=405, userId=0}
07-12 04:39:09.655  1750  1750 D FingerprintService: Fps state updated from 0 to 2, client {[857] com.android.server.biometrics.sensors.fingerprint.hidl.FingerprintAuthenticationClient, proto=3, owner=com.android.systemui, cookie=0, requestId=405, userId=0}
07-12 04:39:09.655  1750  1750 D Biometrics/AuthenticationClient: Requesting auth for com.android.systemui
07-12 04:39:09.672  1750  1750 V BiometricSchedulerOperation: started: {[857] com.android.server.biometrics.sensors.fingerprint.hidl.FingerprintAuthenticationClient, proto=3, owner=com.android.systemui, cookie=0, requestId=405, userId=0}, State: 2
07-12 04:39:09.714  1750  2128 V DisplayPowerController[0]: Brightness [0.03937008] reason changing to: 'doze', previous reason: 'automatic'.
07-12 04:39:10.805  1750  4365 D ActivityTaskManager: Top Process State changed to PROCESS_STATE_TOP_SLEEPING
07-12 04:39:11.664  1750  2490 W ActivityManager: Background start not allowed: service Intent { cmp=com.zhiliaoapp.musically/com.bytedance.common.wschannel.client.WsClientService } to com.zhiliaoapp.musically/com.bytedance.common.wschannel.client.WsClientService from pid=19536 uid=10572 pkg=com.zhiliaoapp.musically startFg?=false
07-12 04:39:13.710  1750  2045 I DisplayDeviceRepository: Display device changed state: "Built-in Screen", DOZE
07-12 04:39:13.781  1750  2096 E KernelCpuUidActiveTimeReader: Negative delta from active time for uid: 10229, delta: -12
07-12 04:39:13.781  1750  2096 E KernelCpuUidActiveTimeReader: Negative delta from active time for uid: 10151, delta: -22
07-12 04:39:13.782  1750  2096 E KernelCpuUidActiveTimeReader: Negative delta from active time for uid: 10167, delta: -11
07-12 04:39:13.782  1750  2096 E KernelCpuUidActiveTimeReader: Negative delta from active time for uid: 10157, delta: -17
07-12 04:39:13.782  1750  2096 E KernelCpuUidActiveTimeReader: Negative delta from active time for uid: 10521, delta: -19
07-12 04:39:13.782  1750  2096 E KernelCpuUidActiveTimeReader: Negative delta from active time for uid: 10343, delta: -33
07-12 04:39:13.782  1750  2096 E KernelCpuUidActiveTimeReader: Negative delta from active time for uid: 10105, delta: -12
07-12 04:39:13.782  1750  2096 E KernelCpuUidActiveTimeReader: Negative delta from active time for uid: 10236, delta: -2
07-12 04:39:13.783  1750  2096 E KernelCpuUidActiveTimeReader: Negative delta from active time for uid: 10184, delta: -30
07-12 04:39:13.783  1750  2096 E KernelCpuUidActiveTimeReader: Negative delta from active time for uid: 10404, delta: -24
07-12 04:39:13.783  1750  2096 E KernelCpuUidActiveTimeReader: Negative delta from active time for uid: 10281, delta: -44
07-12 04:39:14.805  1278  1278 I wificond: Regulatory domain changed to country: US on wiphy_index: 0
07-12 04:39:14.809  1278  1278 I wificond: 2.4Ghz frequencies: 2412 2417 2422 2427 2432 2437 2442 2447 2452 2457 2462
07-12 04:39:14.809  1278  1278 I wificond: 5Ghz non-DFS frequencies: 5180 5200 5220 5240 5745 5765 5785 5805 5825
07-12 04:39:14.809  1278  1278 I wificond: 5Ghz DFS frequencies: 5260 5280 5300 5320 5500 5520 5540 5560 5580 5600 5620 5640 5660 5680 5700 5720
07-12 04:39:14.809  1278  1278 I wificond: 6Ghz frequencies:
07-12 04:39:14.809  1278  1278 I wificond: 60Ghz frequencies:
07-12 04:39:22.208  1750  1750 W Looper  : Slow delivery took 231ms main h=com.android.server.job.controllers.QuotaController$QcHandler c=null m=6
07-12 04:39:22.425  1750  1750 W Looper  : Drained
07-12 04:39:23.110  1278  1278 I wificond: Regulatory domain changed to country: US on wiphy_index: 0
07-12 04:39:23.111  1278  1278 I wificond: 2.4Ghz frequencies: 2412 2417 2422 2427 2432 2437 2442 2447 2452 2457 2462
07-12 04:39:23.111  1278  1278 I wificond: 5Ghz non-DFS frequencies: 5180 5200 5220 5240 5745 5765 5785 5805 5825
07-12 04:39:23.111  1278  1278 I wificond: 5Ghz DFS frequencies: 5260 5280 5300 5320 5500 5520 5540 5560 5580 5600 5620 5640 5660 5680 5700 5720
07-12 04:39:23.111  1278  1278 I wificond: 6Ghz frequencies:
07-12 04:39:23.111  1278  1278 I wificond: 60Ghz frequencies:
07-12 04:39:23.275  1750  4060 W ProcessStats: Tracking association SourceState{584cdb3 system/1000 BTopFgs #1659389} whose proc state 2 is better than process ProcessState{baa4f70 net.dinglisch.android.taskerm/10289 pkg=net.dinglisch.android.taskerm} proc state 3 (142 skipped)
07-12 04:39:38.569  1018  1018 I vendor.google.wifi_ext@1.0-service-vendor: Wifi: Reseting SAR Scenario to default
07-12 04:39:55.019  1750  2096 D KernelCpuUidUserSysTimeReader: Removing uids 99660-99660
07-12 04:40:03.458  1018  1018 I vendor.google.wifi_ext@1.0-service-vendor: Wifi: Setting SAR Scenario to 3
07-12 04:40:26.549  1018  1018 I vendor.google.wifi_ext@1.0-service-vendor: Wifi: Reseting SAR Scenario to default
07-12 04:40:51.591  1750  1750 D CompatibilityChangeReporter: Compat change id reported: 135634846; UID 10398; state: DISABLED
07-12 04:40:51.592  1750  1750 D CompatibilityChangeReporter: Compat change id reported: 177438394; UID 10398; state: DISABLED
07-12 04:40:51.592  1750  1750 D CompatibilityChangeReporter: Compat change id reported: 135772972; UID 10398; state: DISABLED
07-12 04:40:51.592  1750  1750 D CompatibilityChangeReporter: Compat change id reported: 135754954; UID 10398; state: ENABLED
07-12 04:40:51.592  1750  2069 D CompatibilityChangeReporter: Compat change id reported: 143937733; UID 10398; state: ENABLED
07-12 04:40:51.608  1750  2200 W AppOps  : Noting op not finished: uid 10202 pkg com.google.android.apps.maps code 79 startTime of in progress event=1657615132750
07-12 04:40:51.608  1750  2069 I ActivityManager: Start proc 29644:com.sec.android.app.shealth/u0a398 for service {com.sec.android.app.shealth/androidx.work.impl.background.systemjob.SystemJobService}
07-12 04:40:51.612  1750  4060 W AppOps  : Noting op not finished: uid 10190 pkg com.google.android.gms code 113 startTime of in progress event=1657610554679
07-12 04:40:51.617  1750  4232 W AppOps  : Noting op not finished: uid 10223 pkg com.google.android.gms.location.history code 79 startTime of in progress event=1657600184482
07-12 04:40:51.622  1750  2200 W AppOps  : Noting op not finished: uid 10190 pkg com.google.android.gms code 113 startTime of in progress event=1657610554679
07-12 04:40:51.626  1750  4060 W AppOps  : Noting op not finished: uid 10190 pkg com.google.android.gms code 113 startTime of in progress event=1657613469236
07-12 04:40:51.631  1750  4060 W AppOps  : Noting op not finished: uid 10447 pkg com.urbandroid.sleep code 79 startTime of in progress event=1657615131571
07-12 04:40:52.893  1750  1786 W ProcessStats: Tracking association SourceState{584cdb3 system/1000 BTopFgs #1659449} whose proc state 2 is better than process ProcessState{baa4f70 net.dinglisch.android.taskerm/10289 pkg=net.dinglisch.android.taskerm} proc state 3 (37 skipped)
07-12 04:40:56.683  1750  1786 W AppOps  : Noting op not finished: uid 10202 pkg com.google.android.apps.maps code 79 startTime of in progress event=1657615251618
07-12 04:40:56.687  1750  2490 W AppOps  : Noting op not finished: uid 10190 pkg com.google.android.gms code 113 startTime of in progress event=1657610554679
07-12 04:40:56.691  1750  1786 W AppOps  : Noting op not finished: uid 10223 pkg com.google.android.gms.location.history code 79 startTime of in progress event=1657600184482
07-12 04:40:56.700  1750  1786 W AppOps  : Noting op not finished: uid 10190 pkg com.google.android.gms code 113 startTime of in progress event=1657610554679
07-12 04:40:56.705  1750  2200 W AppOps  : Noting op not finished: uid 10190 pkg com.google.android.gms code 113 startTime of in progress event=1657613469236
07-12 04:40:56.710  1750  2490 W AppOps  : Noting op not finished: uid 10447 pkg com.urbandroid.sleep code 79 startTime of in progress event=1657615251646
07-12 04:40:59.916  1750  4060 W AppOps  : Noting op not finished: uid 10447 pkg com.urbandroid.sleep code 79 startTime of in progress event=1657615256719
07-12 04:41:09.656  1018  1018 I vendor.google.wifi_ext@1.0-service-vendor: Wifi: Setting SAR Scenario to 3
07-12 04:41:11.880  1750  2490 W ActivityManager: Background start not allowed: service Intent { cmp=com.zhiliaoapp.musically/com.bytedance.common.wschannel.client.WsClientService } to com.zhiliaoapp.musically/com.bytedance.common.wschannel.client.WsClientService from pid=19536 uid=10572 pkg=com.zhiliaoapp.musically startFg?=false
07-12 04:41:21.764  1750  2200 W ProcessStats: Tracking association SourceState{584cdb3 system/1000 BTopFgs #1659503} whose proc state 2 is better than process ProcessState{baa4f70 net.dinglisch.android.taskerm/10289 pkg=net.dinglisch.android.taskerm} proc state 3 (39 skipped)
07-12 04:41:27.893  1750  2128 I DisplayPowerController[0]: Blocking screen off
07-12 04:41:27.894  1750  2128 I DisplayPowerController[0]: Unblocked screen off after 1 ms
07-12 04:41:27.898  1750  2128 V DisplayPowerController[0]: Brightness [0.0] reason changing to: 'screen_off', previous reason: 'doze'.
07-12 04:41:27.905  1750  2045 I DisplayDeviceRepository: Display device changed state: "Built-in Screen", OFF
07-12 04:41:27.927  1750  2096 E KernelCpuUidActiveTimeReader: Negative delta from active time for uid: 10229, delta: -12
07-12 04:41:27.928  1750  2096 E KernelCpuUidActiveTimeReader: Negative delta from active time for uid: 10151, delta: -22
07-12 04:41:27.928  1750  2096 E KernelCpuUidActiveTimeReader: Negative delta from active time for uid: 10167, delta: -11
07-12 04:41:27.928  1750  2096 E KernelCpuUidActiveTimeReader: Negative delta from active time for uid: 10157, delta: -17
07-12 04:41:27.929  1750  2096 E KernelCpuUidActiveTimeReader: Negative delta from active time for uid: 10521, delta: -19
07-12 04:41:27.929  1750  2096 E KernelCpuUidActiveTimeReader: Negative delta from active time for uid: 10343, delta: -33
07-12 04:41:27.929  1750  2096 E KernelCpuUidActiveTimeReader: Negative delta from active time for uid: 10105, delta: -12
07-12 04:41:27.929  1750  2096 E KernelCpuUidActiveTimeReader: Negative delta from active time for uid: 10236, delta: -2
07-12 04:41:27.929  1750  2096 E KernelCpuUidActiveTimeReader: Negative delta from active time for uid: 10184, delta: -30
07-12 04:41:27.929  1750  2096 E KernelCpuUidActiveTimeReader: Negative delta from active time for uid: 10404, delta: -24
07-12 04:41:27.929  1750  2096 E KernelCpuUidActiveTimeReader: Negative delta from active time for uid: 10281, delta: -44
07-12 04:41:32.707  1750  1750 D CompanionDeviceManagerService: onDeviceConnected(address = 58:BF:25:EC:3C:8A)
07-12 04:41:32.707  1750  1750 I CompanionDeviceManagerService: onDeviceNearby(justAppeared, address = 58:BF:25:EC:3C:8A)
07-12 04:41:32.710  1750  2068 W ProcessStats: Tracking association SourceState{584cdb3 system/1000 BTopFgs #1659518} whose proc state 2 is better than process ProcessState{baa4f70 net.dinglisch.android.taskerm/10289 pkg=net.dinglisch.android.taskerm} proc state 3 (13 skipped)
07-12 04:41:32.739  1750  2068 D ActivityManager: sync unfroze 24215 com.google.android.projection.gearhead:shared
07-12 04:41:32.785  1750  4232 D CompatibilityChangeReporter: Compat change id reported: 135634846; UID 10169; state: DISABLED
07-12 04:41:32.785  1750  4232 D CompatibilityChangeReporter: Compat change id reported: 177438394; UID 10169; state: DISABLED
07-12 04:41:32.785  1750  4232 D CompatibilityChangeReporter: Compat change id reported: 135772972; UID 10169; state: DISABLED
07-12 04:41:32.786  1750  4232 D CompatibilityChangeReporter: Compat change id reported: 135754954; UID 10169; state: ENABLED
07-12 04:41:32.786  1750  2069 D CompatibilityChangeReporter: Compat change id reported: 143937733; UID 10169; state: ENABLED
07-12 04:41:32.803  1750  2069 I ActivityManager: Start proc 29779:com.google.android.apps.wearables.maestro.companion/u0a169 for broadcast {com.google.android.apps.wearables.maestro.companion/com.google.android.apps.wearables.maestro.companion.connectivity.ClassicBTReceiver}
07-12 04:41:33.082  1750  2490 D ActivityManager: sync unfroze 24249 com.google.android.projection.gearhead:car
07-12 04:41:33.093  1750  2490 D CompatibilityChangeReporter: Compat change id reported: 135634846; UID 10305; state: DISABLED
07-12 04:41:33.093  1750  2490 D CompatibilityChangeReporter: Compat change id reported: 177438394; UID 10305; state: DISABLED
07-12 04:41:33.094  1750  2490 D CompatibilityChangeReporter: Compat change id reported: 135772972; UID 10305; state: DISABLED
07-12 04:41:33.094  1750  2490 D CompatibilityChangeReporter: Compat change id reported: 135754954; UID 10305; state: ENABLED
07-12 04:41:33.094  1750  2069 D CompatibilityChangeReporter: Compat change id reported: 143937733; UID 10305; state: ENABLED
07-12 04:41:33.106  1750  2069 I ActivityManager: Start proc 29826:com.amazon.dee.app:alexa_accessories/u0a305 for broadcast {com.amazon.dee.app/com.amazon.alexa.accessory.AccessoryReceiver}
07-12 04:41:33.510 29826 29826 E LoadedApk: Unable to instantiate appComponentFactory
07-12 04:41:33.510 29826 29826 E LoadedApk: java.lang.ClassNotFoundException: Didn't find class "com.amazon.dee.app.androidx" on path: DexPathList[[zip file "/data/app/~~agTi38ocr9XiffrQGAdeZg==/com.amazon.dee.app-A11jRAf32Wrc1TxT_mTcSg==/base.apk"],nativeLibraryDirectories=[/data/app/~~agTi38ocr9XiffrQGAdeZg==/com.amazon.dee.app-A11jRAf32Wrc1TxT_mTcSg==/lib/arm64, /data/app/~~agTi38ocr9XiffrQGAdeZg==/com.amazon.dee.app-A11jRAf32Wrc1TxT_mTcSg==/base.apk!/lib/arm64-v8a, /system/lib64, /system_ext/lib64]]
07-12 04:41:33.510 29826 29826 E LoadedApk: 	at dalvik.system.BaseDexClassLoader.findClass(BaseDexClassLoader.java:218)
07-12 04:41:33.510 29826 29826 E LoadedApk: 	at java.lang.ClassLoader.loadClass(ClassLoader.java:379)
07-12 04:41:33.510 29826 29826 E LoadedApk: 	at java.lang.ClassLoader.loadClass(ClassLoader.java:312)
07-12 04:41:33.510 29826 29826 E LoadedApk: 	at android.app.LoadedApk.createAppFactory(LoadedApk.java:262)
07-12 04:41:33.510 29826 29826 E LoadedApk: 	at android.app.LoadedApk.createOrUpdateClassLoaderLocked(LoadedApk.java:975)
07-12 04:41:33.510 29826 29826 E LoadedApk: 	at android.app.LoadedApk.getClassLoader(LoadedApk.java:1062)
07-12 04:41:33.510 29826 29826 E LoadedApk: 	at android.app.LoadedApk.getResources(LoadedApk.java:1310)
07-12 04:41:33.510 29826 29826 E LoadedApk: 	at android.app.ContextImpl.createAppContext(ContextImpl.java:3036)
07-12 04:41:33.510 29826 29826 E LoadedApk: 	at android.app.ContextImpl.createAppContext(ContextImpl.java:3028)
07-12 04:41:33.510 29826 29826 E LoadedApk: 	at android.app.ActivityThread.handleBindApplication(ActivityThread.java:6660)
07-12 04:41:33.510 29826 29826 E LoadedApk: 	at android.app.ActivityThread.access$1500(ActivityThread.java:256)
07-12 04:41:33.510 29826 29826 E LoadedApk: 	at android.app.ActivityThread$H.handleMessage(ActivityThread.java:2091)
07-12 04:41:33.510 29826 29826 E LoadedApk: 	at android.os.Handler.dispatchMessage(Handler.java:106)
07-12 04:41:33.510 29826 29826 E LoadedApk: 	at android.os.Looper.loopOnce(Looper.java:201)
07-12 04:41:33.510 29826 29826 E LoadedApk: 	at android.os.Looper.loop(Looper.java:288)
07-12 04:41:33.510 29826 29826 E LoadedApk: 	at android.app.ActivityThread.main(ActivityThread.java:7870)
07-12 04:41:33.510 29826 29826 E LoadedApk: 	at java.lang.reflect.Method.invoke(Native Method)
07-12 04:41:33.510 29826 29826 E LoadedApk: 	at com.android.internal.os.RuntimeInit$MethodAndArgsCaller.run(RuntimeInit.java:548)
07-12 04:41:33.510 29826 29826 E LoadedApk: 	at com.android.internal.os.ZygoteInit.main(ZygoteInit.java:1003)
07-12 04:41:33.569  1750  2200 D CompatibilityChangeReporter: Compat change id reported: 135634846; UID 10305; state: DISABLED
07-12 04:41:33.570  1750  2200 D CompatibilityChangeReporter: Compat change id reported: 177438394; UID 10305; state: DISABLED
07-12 04:41:33.570  1750  2200 D CompatibilityChangeReporter: Compat change id reported: 135772972; UID 10305; state: DISABLED
07-12 04:41:33.570  1750  2200 D CompatibilityChangeReporter: Compat change id reported: 135754954; UID 10305; state: ENABLED
07-12 04:41:33.570  1750  2069 D CompatibilityChangeReporter: Compat change id reported: 143937733; UID 10305; state: ENABLED
07-12 04:41:33.581  1750  2069 I ActivityManager: Start proc 29855:com.amazon.dee.app:feature/u0a305 for content provider {com.amazon.dee.app/com.amazon.alexa.feature.FeatureFlagContentProvider}
07-12 04:41:33.592  1750  2069 I ActivityManager: Start proc 29857:com.amazon.dee.app:alexa_authservice/u0a305 for service {com.amazon.dee.app/com.amazon.alexa.auth.map.MAPProxyService}
07-12 04:41:33.773 29855 29855 E LoadedApk: Unable to instantiate appComponentFactory
07-12 04:41:33.773 29855 29855 E LoadedApk: java.lang.ClassNotFoundException: Didn't find class "com.amazon.dee.app.androidx" on path: DexPathList[[zip file "/data/app/~~agTi38ocr9XiffrQGAdeZg==/com.amazon.dee.app-A11jRAf32Wrc1TxT_mTcSg==/base.apk"],nativeLibraryDirectories=[/data/app/~~agTi38ocr9XiffrQGAdeZg==/com.amazon.dee.app-A11jRAf32Wrc1TxT_mTcSg==/lib/arm64, /data/app/~~agTi38ocr9XiffrQGAdeZg==/com.amazon.dee.app-A11jRAf32Wrc1TxT_mTcSg==/base.apk!/lib/arm64-v8a, /system/lib64, /system_ext/lib64]]
07-12 04:41:33.773 29855 29855 E LoadedApk: 	at dalvik.system.BaseDexClassLoader.findClass(BaseDexClassLoader.java:218)
07-12 04:41:33.773 29855 29855 E LoadedApk: 	at java.lang.ClassLoader.loadClass(ClassLoader.java:379)
07-12 04:41:33.773 29855 29855 E LoadedApk: 	at java.lang.ClassLoader.loadClass(ClassLoader.java:312)
07-12 04:41:33.773 29855 29855 E LoadedApk: 	at android.app.LoadedApk.createAppFactory(LoadedApk.java:262)
07-12 04:41:33.773 29855 29855 E LoadedApk: 	at android.app.LoadedApk.createOrUpdateClassLoaderLocked(LoadedApk.java:975)
07-12 04:41:33.773 29855 29855 E LoadedApk: 	at android.app.LoadedApk.getClassLoader(LoadedApk.java:1062)
07-12 04:41:33.773 29855 29855 E LoadedApk: 	at android.app.LoadedApk.getResources(LoadedApk.java:1310)
07-12 04:41:33.773 29855 29855 E LoadedApk: 	at android.app.ContextImpl.createAppContext(ContextImpl.java:3036)
07-12 04:41:33.773 29855 29855 E LoadedApk: 	at android.app.ContextImpl.createAppContext(ContextImpl.java:3028)
07-12 04:41:33.773 29855 29855 E LoadedApk: 	at android.app.ActivityThread.handleBindApplication(ActivityThread.java:6660)
07-12 04:41:33.773 29855 29855 E LoadedApk: 	at android.app.ActivityThread.access$1500(ActivityThread.java:256)
07-12 04:41:33.773 29855 29855 E LoadedApk: 	at android.app.ActivityThread$H.handleMessage(ActivityThread.java:2091)
07-12 04:41:33.773 29855 29855 E LoadedApk: 	at android.os.Handler.dispatchMessage(Handler.java:106)
07-12 04:41:33.773 29855 29855 E LoadedApk: 	at android.os.Looper.loopOnce(Looper.java:201)
07-12 04:41:33.773 29855 29855 E LoadedApk: 	at android.os.Looper.loop(Looper.java:288)
07-12 04:41:33.773 29855 29855 E LoadedApk: 	at android.app.ActivityThread.main(ActivityThread.java:7870)
07-12 04:41:33.773 29855 29855 E LoadedApk: 	at java.lang.reflect.Method.invoke(Native Method)
07-12 04:41:33.773 29855 29855 E LoadedApk: 	at com.android.internal.os.RuntimeInit$MethodAndArgsCaller.run(RuntimeInit.java:548)
07-12 04:41:33.773 29855 29855 E LoadedApk: 	at com.android.internal.os.ZygoteInit.main(ZygoteInit.java:1003)
07-12 04:41:33.826 29857 29857 E LoadedApk: Unable to instantiate appComponentFactory
07-12 04:41:33.826 29857 29857 E LoadedApk: java.lang.ClassNotFoundException: Didn't find class "com.amazon.dee.app.androidx" on path: DexPathList[[zip file "/data/app/~~agTi38ocr9XiffrQGAdeZg==/com.amazon.dee.app-A11jRAf32Wrc1TxT_mTcSg==/base.apk"],nativeLibraryDirectories=[/data/app/~~agTi38ocr9XiffrQGAdeZg==/com.amazon.dee.app-A11jRAf32Wrc1TxT_mTcSg==/lib/arm64, /data/app/~~agTi38ocr9XiffrQGAdeZg==/com.amazon.dee.app-A11jRAf32Wrc1TxT_mTcSg==/base.apk!/lib/arm64-v8a, /system/lib64, /system_ext/lib64]]
07-12 04:41:33.826 29857 29857 E LoadedApk: 	at dalvik.system.BaseDexClassLoader.findClass(BaseDexClassLoader.java:218)
07-12 04:41:33.826 29857 29857 E LoadedApk: 	at java.lang.ClassLoader.loadClass(ClassLoader.java:379)
07-12 04:41:33.826 29857 29857 E LoadedApk: 	at java.lang.ClassLoader.loadClass(ClassLoader.java:312)
07-12 04:41:33.826 29857 29857 E LoadedApk: 	at android.app.LoadedApk.createAppFactory(LoadedApk.java:262)
07-12 04:41:33.826 29857 29857 E LoadedApk: 	at android.app.LoadedApk.createOrUpdateClassLoaderLocked(LoadedApk.java:975)
07-12 04:41:33.826 29857 29857 E LoadedApk: 	at android.app.LoadedApk.getClassLoader(LoadedApk.java:1062)
07-12 04:41:33.826 29857 29857 E LoadedApk: 	at android.app.LoadedApk.getResources(LoadedApk.java:1310)
07-12 04:41:33.826 29857 29857 E LoadedApk: 	at android.app.ContextImpl.createAppContext(ContextImpl.java:3036)
07-12 04:41:33.826 29857 29857 E LoadedApk: 	at android.app.ContextImpl.createAppContext(ContextImpl.java:3028)
07-12 04:41:33.826 29857 29857 E LoadedApk: 	at android.app.ActivityThread.handleBindApplication(ActivityThread.java:6660)
07-12 04:41:33.826 29857 29857 E LoadedApk: 	at android.app.ActivityThread.access$1500(ActivityThread.java:256)
07-12 04:41:33.826 29857 29857 E LoadedApk: 	at android.app.ActivityThread$H.handleMessage(ActivityThread.java:2091)
07-12 04:41:33.826 29857 29857 E LoadedApk: 	at android.os.Handler.dispatchMessage(Handler.java:106)
07-12 04:41:33.826 29857 29857 E LoadedApk: 	at android.os.Looper.loopOnce(Looper.java:201)
07-12 04:41:33.826 29857 29857 E LoadedApk: 	at android.os.Looper.loop(Looper.java:288)
07-12 04:41:33.826 29857 29857 E LoadedApk: 	at android.app.ActivityThread.main(ActivityThread.java:7870)
07-12 04:41:33.826 29857 29857 E LoadedApk: 	at java.lang.reflect.Method.invoke(Native Method)
07-12 04:41:33.826 29857 29857 E LoadedApk: 	at com.android.internal.os.RuntimeInit$MethodAndArgsCaller.run(RuntimeInit.java:548)
07-12 04:41:33.826 29857 29857 E LoadedApk: 	at com.android.internal.os.ZygoteInit.main(ZygoteInit.java:1003)
07-12 04:41:33.865  1750  4232 W BroadcastQueue: Permission Denial: receiving Intent { act=android.bluetooth.device.action.ACL_CONNECTED flg=0x5000010 (has extras) } to com.ifttt.ifttt/com.ifttt.nativeservices.bluetooth.BluetoothBroadcastReceiver requires android.permission.BLUETOOTH_CONNECT due to sender com.android.bluetooth (uid 1002)
07-12 04:41:33.867  1750  4232 I ActivityManager: Killing 25667:com.google.android.apps.authenticator2/u0a337 (adj 975): empty #33
07-12 04:41:33.868  1750  4232 I ActivityManager: Killing 19965:com.bestbuy.android/u0a390 (adj 975): empty #34
07-12 04:41:33.870  1750  2068 D CompatibilityChangeReporter: Compat change id reported: 135634846; UID 10323; state: DISABLED
07-12 04:41:33.870  1750  2068 D CompatibilityChangeReporter: Compat change id reported: 177438394; UID 10323; state: DISABLED
07-12 04:41:33.870  1750  2068 D CompatibilityChangeReporter: Compat change id reported: 135772972; UID 10323; state: DISABLED
07-12 04:41:33.870  1750  2068 D CompatibilityChangeReporter: Compat change id reported: 135754954; UID 10323; state: ENABLED
07-12 04:41:33.870  1750  2069 D CompatibilityChangeReporter: Compat change id reported: 143937733; UID 10323; state: ENABLED
07-12 04:41:33.880  1750  2069 I ActivityManager: Start proc 29942:com.pandora.android/u0a323 for broadcast {com.pandora.android/com.pandora.android.api.bluetooth.AutoStartReceiver}
07-12 04:41:34.177  1750  4232 I ActivityManager: Killing 25710:com.google.android.apps.turbo:aab/u0a188 (adj 975): empty #33
07-12 04:41:34.367  1750  4057 I WindowManager: WIN DEATH: Window{97abe59 u0 com.instagram.android/com.instagram.mainactivity.MainActivity}
07-12 04:41:34.368  1750  2200 I ActivityManager: Process com.instagram.android (pid 18640) has died: cch+80 CAC 
07-12 04:41:34.381  1750  3129 W WindowManager: Cannot find window which accessibility connection is added to
07-12 04:41:34.410  1750  2045 W ActivityManager: setHasOverlayUi called on unknown pid: 18640
07-12 04:41:34.411  1750  2062 W UsageStatsService: Unexpected activity event reported! (com.instagram.android/com.instagram.mainactivity.MainActivity event : 23 instanceId : 96310623)
07-12 04:41:35.328  1750  2200 D CompatibilityChangeReporter: Compat change id reported: 157233955; UID 10323; state: DISABLED
07-12 04:41:35.674  1750  2504 D CompatibilityChangeReporter: Compat change id reported: 168419799; UID 10398; state: DISABLED
07-12 04:41:35.699  1750  2200 D CompatibilityChangeReporter: Compat change id reported: 135634846; UID 10321; state: DISABLED
07-12 04:41:35.699  1750  2200 D CompatibilityChangeReporter: Compat change id reported: 177438394; UID 10321; state: DISABLED
07-12 04:41:35.699  1750  2200 D CompatibilityChangeReporter: Compat change id reported: 135772972; UID 10321; state: DISABLED
07-12 04:41:35.699  1750  2200 D CompatibilityChangeReporter: Compat change id reported: 135754954; UID 10321; state: ENABLED
07-12 04:41:35.700  1750  2069 D CompatibilityChangeReporter: Compat change id reported: 143937733; UID 10321; state: ENABLED
07-12 04:41:35.710  1750  2069 I ActivityManager: Start proc 30156:com.spotify.music/u0a321 for broadcast {com.spotify.music/com.spotify.interapp.service.service.BluetoothAclReceiver}
07-12 04:41:35.956  1750  2504 I ActivityManager: Killing 25896:com.google.android.apps.fitness/u0a322 (adj 975): empty #33
07-12 04:41:36.089  1750  2042 D CompanionDeviceManagerService: onPackageModified(packageName = com.pandora.android)
07-12 04:41:36.127  1750  1750 I Telecom : DefaultDialerCache: Refreshing default dialer for user 0: now com.google.android.dialer: DDC.oR@yOY
07-12 04:41:36.127  1750  1750 I Telecom : DefaultDialerCache: Refreshing default dialer for user 11: now com.google.android.dialer: DDC.oR@yOY
07-12 04:41:36.132  1750  2042 D CompatibilityChangeReporter: Compat change id reported: 168419799; UID 10254; state: DISABLED
07-12 04:41:36.156  1750  4309 D CompatibilityChangeReporter: Compat change id reported: 168419799; UID 10182; state: DISABLED
07-12 04:41:38.415  1750  2128 I DisplayPowerController[0]: Blocking screen on until initial contents have been drawn.
07-12 04:41:38.417  1750  2128 V DisplayPowerController[0]: Brightness [0.015748031] reason changing to: 'doze', previous reason: 'screen_off'.
07-12 04:41:38.418  1750  2045 I DisplayDeviceRepository: Display device changed state: "Built-in Screen", DOZE
07-12 04:41:38.455  1750  2096 E KernelCpuUidActiveTimeReader: Negative delta from active time for uid: 10229, delta: -12
07-12 04:41:38.456  1750  2096 E KernelCpuUidActiveTimeReader: Negative delta from active time for uid: 10151, delta: -22
07-12 04:41:38.456  1750  2096 E KernelCpuUidActiveTimeReader: Negative delta from active time for uid: 10167, delta: -11
07-12 04:41:38.456  1750  2096 E KernelCpuUidActiveTimeReader: Negative delta from active time for uid: 10157, delta: -17
07-12 04:41:38.456  1750  2096 E KernelCpuUidActiveTimeReader: Negative delta from active time for uid: 10521, delta: -19
07-12 04:41:38.456  1750  2096 E KernelCpuUidActiveTimeReader: Negative delta from active time for uid: 10343, delta: -33
07-12 04:41:38.456  1750  2096 E KernelCpuUidActiveTimeReader: Negative delta from active time for uid: 10105, delta: -12
07-12 04:41:38.457  1750  2096 E KernelCpuUidActiveTimeReader: Negative delta from active time for uid: 10236, delta: -2
07-12 04:41:38.457  1750  2096 E KernelCpuUidActiveTimeReader: Negative delta from active time for uid: 10184, delta: -30
07-12 04:41:38.457  1750  2096 E KernelCpuUidActiveTimeReader: Negative delta from active time for uid: 10404, delta: -24
07-12 04:41:38.457  1750  2096 E KernelCpuUidActiveTimeReader: Negative delta from active time for uid: 10281, delta: -44
07-12 04:41:38.461  1750  4232 I PowerManagerService: Powering on display group fromDozing (groupId=0, uid=10245, reason=WAKE_REASON_GESTURE, details=com.android.systemui:NODOZE)...
07-12 04:41:38.461  1750  4232 I PowerManagerService: Waking up from Dozing (uid=10245, reason=WAKE_REASON_GESTURE, details=com.android.systemui:NODOZE)...
07-12 04:41:38.483  1750  2128 V DisplayPowerController[0]: Brightness [0.0401265] reason changing to: 'manual', previous reason: 'doze'.
07-12 04:41:38.490  1750  2128 V DisplayPowerController[0]: Brightness [0.35902715] reason changing to: 'automatic', previous reason: 'manual'.
07-12 04:41:38.520  1750  3129 W ActivityManager: Background start not allowed: service Intent { act=Orca.PERSISTENT_KICK_SKIP_PING cmp=com.facebook.katana/com.facebook.mqttlite.MqttService (has extras) } to com.facebook.katana/com.facebook.mqttlite.MqttService from pid=869 uid=10258 pkg=com.facebook.katana startFg?=false
07-12 04:41:38.648  1750  2128 I DisplayPowerController[0]: Unblocked screen on after 233 ms
07-12 04:41:38.649  1750  2045 I DisplayDeviceRepository: Display device changed state: "Built-in Screen", ON
07-12 04:41:38.711  1750  2128 W PowerManagerService: Screen on took 250 ms
07-12 04:41:38.711  1750  2128 I DreamManagerService: Gently waking up from dream.
07-12 04:41:38.711  1750  2042 I DreamManagerService: Performing gentle wake from dream.
07-12 04:41:38.735  1750  4230 I DreamManagerService: Leaving dreamland.
