07-13 01:43:15.493  1750  2045 I DisplayDeviceRepository: Display device changed: DisplayDeviceInfo{"Built-in Screen": uniqueId="local:4630946523002478721", 1080 x 2340, modeId 2, defaultModeId 1, supportedModes [{id=1, width=1080, height=2340, fps=60.000004, alternativeRefreshRates=[90.0]}, {id=2, width=1080, height=2340, fps=90.0, alternativeRefreshRates=[60.000004]}], colorMode 0, supportedColorModes [0, 7, 9], hdrCapabilities HdrCapabilities{mSupportedHdrTypes=[2, 3], mMaxLuminance=500.0, mMaxAverageLuminance=500.0, mMinLuminance=0.0}, allmSupported false, gameContentTypeSupported false, density 440, 435.428 x 433.839 dpi, appVsyncOff 2333333, presDeadline 11500000, cutout DisplayCutout{insets=Rect(0, 136 - 0, 0) waterfall=Insets{left=0, top=0, right=0, bottom=0} boundingRect={Bounds=[Rect(0, 0 - 0, 0), Rect(0, 0 - 145, 136), Rect(0, 0 - 0, 0), Rect(0, 0 - 0, 0)]} cutoutPathParserInfo={CutoutPathParserInfo{displayWidth=1080 displayHeight=2340 density={2.75} cutoutSpec={M 41,77 a 40,40 0 1 0 80,0 40,40 0 1 0 -80,0 Z @left} rotation={0} scale={1.0}}}}, touch INTERNAL, rotation 0, type INTERNAL, address {port=129, model=0x40446d53ad64a0}, deviceProductInfo DeviceProductInfo{name=, manufacturerPnpId=QCM, productId=1, modelYear=null, manufactureDate=ManufactureDate{week=27, year=2006}, connectionToSinkType=0}, state ON, frameRateOverride , brightnessMinimum 0.0, brightnessMaximum 1.0, brightnessDefault 0.2901961, roundedCorners RoundedCorners{[RoundedCorner{position=TopLeft, radius=108, center=Point(108, 108)}, RoundedCorner{position=TopRight, radius=108, center=Point(972, 108)}, RoundedCorner{position=BottomRight, radius=108, center=Point(972, 2232)}, RoundedCorner{position=BottomLeft, radius=108, center=Point(108, 2232)}]}, FLAG_DEFAULT_DISPLAY, FLAG_ROTATES_WITH_CONTENT, FLAG_SECURE, FLAG_SUPPORTS_PROTECTED_BUFFERS}
07-13 01:43:15.660  1750  5782 W AppOps  : Noting op not finished: uid 10186 pkg com.google.android.as code 102 startTime of in progress event=1657639043969
07-13 01:43:15.661  1750  1750 V SoundTriggerService: 9f6ad62a-1f0b-11e7-87c5-40a8f03d3f15: Generic sound trigger event: GenericRecognitionEvent ::RecognitionEvent [status=0, soundModelHandle=7, captureAvailable=true, captureSession=2677449, captureDelayMs=0, capturePreambleMs=0, triggerInData=false, sampleRate=16000, encoding=2, channelMask=16, data=19]
07-13 01:43:15.671  1750  1750 V SoundTriggerService: 9f6ad62a-1f0b-11e7-87c5-40a8f03d3f15: onServiceConnected(android.os.BinderProxy@1fa4a78)
07-13 01:43:15.671  1750  1750 V SoundTriggerService: 9f6ad62a-1f0b-11e7-87c5-40a8f03d3f15: runOp 0
07-13 01:43:17.479  1750  4099 V SoundTriggerService: 9f6ad62a-1f0b-11e7-87c5-40a8f03d3f15: destroy
07-13 01:43:17.480  1750  3117 I SoundTriggerService: startRecognition(): id = 9f6ad62a-1f0b-11e7-87c5-40a8f03d3f15
07-13 01:43:17.480  1750  3117 W SoundTriggerHelper: Canceling previous recognition for model id: 9f6ad62a-1f0b-11e7-87c5-40a8f03d3f15
07-13 01:43:17.480  1750  3117 V SoundTriggerService: 9f6ad62a-1f0b-11e7-87c5-40a8f03d3f15: onError: -2147483648
07-13 01:43:17.482  1750  3117 W SoundTriggerService: 9f6ad62a-1f0b-11e7-87c5-40a8f03d3f15: Dropped operation as already destroyed or marked for destruction
07-13 01:43:17.491  1750  4099 D LockSettingsService: spBasedDoVerifyCredential: user=0 hasEnrolledBiometrics=true
07-13 01:43:17.535  1750  3117 I SoundTriggerHelper: startRecognition successful.
07-13 01:43:17.536  1750  3117 W SoundTriggerService: error onStart(): Model 9f6ad62a-1f0b-11e7-87c5-40a8f03d3f15 already started
07-13 01:43:17.536  1750  3117 I SoundTriggerService: deleteSoundModel(): id = 12caddb1-acdb-4dce-8cb0-2e95a2313aee
07-13 01:43:17.536  1750  3117 W SoundTriggerHelper: Unload error: Attempting unload invalid generic model with id:12caddb1-acdb-4dce-8cb0-2e95a2313aee
07-13 01:43:17.537  1750  3117 W SoundTriggerService: error onStop(): Model 12caddb1-acdb-4dce-8cb0-2e95a2313aee has no stats available
07-13 01:43:17.715  1750  2245 D BiometricDeferredQueue: Fingerprint addPendingLockoutResetForUser: 0
07-13 01:43:17.753  1750  4099 I LockSettingsService: Unlocking user 0 with secret only, length 32
07-13 01:43:17.753  1750  4099 D LockSettingsService: unlockUser finished
07-13 01:43:17.753  1750  4099 W ActivityManager: UserLifecycleEvent 5 received without an active userJourneySession.
07-13 01:43:17.753  1750  4099 D LockSettingsService: unlockUser finished
07-13 01:43:17.754  1750  4099 I LockSettingsService: Disabling escrow token on user 0
07-13 01:43:17.754  1750  2245 D BiometricDeferredQueue: Processing pending resetLockout for fingerprint
07-13 01:43:17.755  1750  1750 D BiometricScheduler/Fingerprint21: [Added] {[1064] com.android.server.biometrics.sensors.fingerprint.hidl.FingerprintResetLockoutClient, proto=12, owner=android, cookie=0, requestId=-1, userId=0}, new queue size: 1
07-13 01:43:17.755  1750  1750 V BiometricScheduler/Fingerprint21: Not idle, current operation: {[1063] com.android.server.biometrics.sensors.fingerprint.hidl.FingerprintAuthenticationClient, proto=3, owner=com.android.systemui, cookie=0, requestId=505, userId=0}, State: 2
07-13 01:43:17.912  1750  1750 V Biometrics/AcquisitionClient: Acquired: 7 0, shouldSend: true
07-13 01:43:18.022  2380  2380 D FingerprintManager: Cancel fingerprint authentication requested for: 505
07-13 01:43:18.023  1750  3117 D Fingerprint21: cancelAuthentication, sensorId: 0
07-13 01:43:18.023  1750  1750 D BiometricScheduler/Fingerprint21: cancelAuthenticationOrDetection, requestId: 505
07-13 01:43:18.023  1750  1750 D BiometricScheduler/Fingerprint21: Cancelling auth/detect op: {[1063] com.android.server.biometrics.sensors.fingerprint.hidl.FingerprintAuthenticationClient, proto=3, owner=com.android.systemui, cookie=0, requestId=505, userId=0}, State: 2
07-13 01:43:18.023  1750  1750 D BiometricSchedulerOperation: [Cancelling] Current client: {[1063] com.android.server.biometrics.sensors.fingerprint.hidl.FingerprintAuthenticationClient, proto=3, owner=com.android.systemui, cookie=0, requestId=505, userId=0}
07-13 01:43:18.024  1750  3117 D ActivityTaskManager: Top Process State changed to PROCESS_STATE_TOP
07-13 01:43:18.144  1750  1750 W Looper  : Slow dispatch took 121ms main h=android.os.Handler c=com.android.server.biometrics.sensors.fingerprint.hidl.Fingerprint21$$ExternalSyntheticLambda14@f36f3a7 m=0
07-13 01:43:18.147  1750  1750 D Fingerprint21: handleError, client: FingerprintAuthenticationClient, error: 5, vendorCode: 0
07-13 01:43:18.147  1750  1750 D Biometrics/AcquisitionClient: onErrorInternal code: 5, finish: true
07-13 01:43:18.147  1750  1750 V Biometrics/LoggableMonitor: Error latency: 235
07-13 01:43:18.147  1750  1750 D FingerprintService: Client finished, fps state updated to 0, client {[1063] com.android.server.biometrics.sensors.fingerprint.hidl.FingerprintAuthenticationClient, proto=3, owner=com.android.systemui, cookie=0, requestId=505, userId=0}
07-13 01:43:18.148  1750  1750 D BiometricSchedulerOperation: [Finished / destroy]: {[1063] com.android.server.biometrics.sensors.fingerprint.hidl.FingerprintAuthenticationClient, proto=3, owner=com.android.systemui, cookie=0, requestId=505, userId=0}
07-13 01:43:18.148  1750  1750 D BiometricCoexCoordinator: shouldUsuallyVibrate: false, hapticSuppressedByCoex: false
07-13 01:43:18.148  1750  1750 D BiometricScheduler/Fingerprint21: [Finishing] {[1063] com.android.server.biometrics.sensors.fingerprint.hidl.FingerprintAuthenticationClient, proto=3, owner=com.android.systemui, cookie=0, requestId=505, userId=0}, success: false
07-13 01:43:18.148  1750  1750 D BiometricCoexCoordinator: removeAuthenticationClient(OtherFp), client: {[1063] com.android.server.biometrics.sensors.fingerprint.hidl.FingerprintAuthenticationClient, proto=3, owner=com.android.systemui, cookie=0, requestId=505, userId=0}
07-13 01:43:18.148  1750  1750 D GestureAvailabilityTracker: Notifying gesture availability, active=true
07-13 01:43:18.148  1750  1750 D BiometricScheduler/Fingerprint21: [Polled] {[1064] com.android.server.biometrics.sensors.fingerprint.hidl.FingerprintResetLockoutClient, proto=12, owner=android, cookie=0, requestId=-1, userId=0}, State: 0
07-13 01:43:18.148  1750  1750 D BiometricScheduler/Fingerprint21: [Started] {[1064] com.android.server.biometrics.sensors.fingerprint.hidl.FingerprintResetLockoutClient, proto=12, owner=android, cookie=0, requestId=-1, userId=0}
07-13 01:43:18.151  1750  1750 D BiometricSchedulerOperation: [Finished / destroy]: {[1064] com.android.server.biometrics.sensors.fingerprint.hidl.FingerprintResetLockoutClient, proto=12, owner=android, cookie=0, requestId=-1, userId=0}
07-13 01:43:18.151  1750  1750 V BiometricSchedulerOperation: started: {[1064] com.android.server.biometrics.sensors.fingerprint.hidl.FingerprintResetLockoutClient, proto=12, owner=android, cookie=0, requestId=-1, userId=0}, State: 5
07-13 01:43:18.151  1750  1750 D BiometricScheduler/Fingerprint21: [Finishing] {[1064] com.android.server.biometrics.sensors.fingerprint.hidl.FingerprintResetLockoutClient, proto=12, owner=android, cookie=0, requestId=-1, userId=0}, success: true
07-13 01:43:18.151  1750  1750 D BiometricScheduler/Fingerprint21: No operations, returning to idle
07-13 01:43:18.867  1750  2068 W BroadcastQueue: Background execution not allowed: receiving Intent { act=android.intent.action.USER_PRESENT flg=0x24200010 } to com.android.chrome/org.chromium.chrome.browser.sharing.click_to_call.ClickToCallMessageHandler$PhoneUnlockedReceiver
07-13 01:43:18.867  1750  2068 W BroadcastQueue: Background execution not allowed: receiving Intent { act=android.intent.action.USER_PRESENT flg=0x24200010 } to com.google.android.gms/.auth.setup.devicesignals.LockScreenReceiver
07-13 01:43:18.867  1750  2068 W BroadcastQueue: Background execution not allowed: receiving Intent { act=android.intent.action.USER_PRESENT flg=0x24200010 } to com.google.android.gms/.chimera.GmsIntentOperationService$PersistentTrustedReceiver
07-13 01:43:18.867  1750  2068 W BroadcastQueue: Background execution not allowed: receiving Intent { act=android.intent.action.USER_PRESENT flg=0x24200010 } to com.asus.aihome/com.baidu.android.pushservice.PushServiceReceiver
07-13 01:43:18.867  1750  2068 W BroadcastQueue: Background execution not allowed: receiving Intent { act=android.intent.action.USER_PRESENT flg=0x24200010 } to com.instagram.android/com.instagram.push.FbnsInitBroadcastReceiver
07-13 01:43:18.870  1750  2068 W BroadcastQueue: Background execution not allowed: receiving Intent { act=android.intent.action.USER_PRESENT flg=0x24200010 } to com.zhiliaoapp.musically/com.ss.android.push.window.oppo.ScreenReceiver
07-13 01:43:18.870  1750  2068 W BroadcastQueue: Background execution not allowed: receiving Intent { act=android.intent.action.USER_PRESENT flg=0x24200010 } to de.android.telnet2/.MyWidgetProviderMobile11
07-13 01:43:18.871  1750  2068 W BroadcastQueue: Background execution not allowed: receiving Intent { act=android.intent.action.USER_PRESENT flg=0x24200010 } to de.android.telnet2/.MyWidgetProviderMobile21
07-13 01:43:18.871  1750  2068 W BroadcastQueue: Background execution not allowed: receiving Intent { act=android.intent.action.USER_PRESENT flg=0x24200010 } to de.android.telnet2/.MyWidgetProviderMobile22
07-13 01:43:18.871  1750  2068 W BroadcastQueue: Background execution not allowed: receiving Intent { act=android.intent.action.USER_PRESENT flg=0x24200010 } to de.android.telnet2/.MyWidgetProviderWifi11
07-13 01:43:18.871  1750  2068 W BroadcastQueue: Background execution not allowed: receiving Intent { act=android.intent.action.USER_PRESENT flg=0x24200010 } to de.android.telnet2/.MyWidgetProviderWifi21
07-13 01:43:18.882  1750  2068 W BroadcastQueue: Background execution not allowed: receiving Intent { act=android.intent.action.USER_PRESENT flg=0x24200010 } to de.android.telnet2/.MyWidgetProviderWifi22
07-13 01:43:18.961  1750  3117 W ActivityManager: Background start not allowed: service Intent { act=Orca.START cmp=com.instagram.android/com.facebook.rti.push.service.FbnsService (has extras) } to com.instagram.android/com.facebook.rti.push.service.FbnsService from pid=20998 uid=10297 pkg=com.instagram.android startFg?=false
07-13 01:43:18.970  1750  2211 D CompatibilityChangeReporter: Compat change id reported: 171306433; UID 10160; state: ENABLED
07-13 01:43:18.984  1750  4308 D CompatibilityChangeReporter: Compat change id reported: 135634846; UID 10297; state: DISABLED
07-13 01:43:18.984  1750  4308 D CompatibilityChangeReporter: Compat change id reported: 177438394; UID 10297; state: DISABLED
07-13 01:43:18.984  1750  4308 D CompatibilityChangeReporter: Compat change id reported: 135772972; UID 10297; state: DISABLED
07-13 01:43:18.984  1750  4308 D CompatibilityChangeReporter: Compat change id reported: 135754954; UID 10297; state: ENABLED
07-13 01:43:18.985  1750  2069 D CompatibilityChangeReporter: Compat change id reported: 143937733; UID 10297; state: ENABLED
07-13 01:43:19.000  1750  2069 I ActivityManager: Start proc 32097:com.instagram.android:mqtt/u0a297 for service {com.instagram.android/com.facebook.rti.push.service.FbnsService}
07-13 01:43:19.104  1750  2068 D CompatibilityChangeReporter: Compat change id reported: 135634846; UID 10263; state: DISABLED
07-13 01:43:19.104  1750  2068 D CompatibilityChangeReporter: Compat change id reported: 177438394; UID 10263; state: DISABLED
07-13 01:43:19.104  1750  2068 D CompatibilityChangeReporter: Compat change id reported: 135772972; UID 10263; state: DISABLED
07-13 01:43:19.104  1750  2068 D CompatibilityChangeReporter: Compat change id reported: 135754954; UID 10263; state: ENABLED
07-13 01:43:19.105  1750  2069 D CompatibilityChangeReporter: Compat change id reported: 143937733; UID 10263; state: ENABLED
07-13 01:43:19.119  1750  2069 I ActivityManager: Start proc 32116:com.facebook.orca/u0a263 for broadcast {com.facebook.orca/com.google.firebase.iid.FirebaseInstanceIdReceiver}
07-13 01:43:19.152  1750  1750 W Looper  : Slow dispatch took 301ms main h=android.app.ActivityThread$H c=android.app.LoadedApk$ReceiverDispatcher$Args$$ExternalSyntheticLambda0@655f799 m=0
07-13 01:43:19.152  1750  1750 W Looper  : Slow delivery took 301ms main h=android.app.ActivityThread$H c=android.app.LoadedApk$ReceiverDispatcher$Args$$ExternalSyntheticLambda0@d613a5e m=0
07-13 01:43:19.237  1750  1750 D CompatibilityChangeReporter: Compat change id reported: 135634846; UID 10188; state: DISABLED
07-13 01:43:19.238  1750  1750 D CompatibilityChangeReporter: Compat change id reported: 177438394; UID 10188; state: DISABLED
07-13 01:43:19.238  1750  1750 D CompatibilityChangeReporter: Compat change id reported: 135772972; UID 10188; state: DISABLED
07-13 01:43:19.238  1750  1750 D CompatibilityChangeReporter: Compat change id reported: 135754954; UID 10188; state: ENABLED
07-13 01:43:19.238  1750  2069 D CompatibilityChangeReporter: Compat change id reported: 143937733; UID 10188; state: ENABLED
07-13 01:43:19.244  1750  1750 D CompatibilityChangeReporter: Compat change id reported: 135634846; UID 10398; state: DISABLED
07-13 01:43:19.244  1750  1750 D CompatibilityChangeReporter: Compat change id reported: 177438394; UID 10398; state: DISABLED
07-13 01:43:19.244  1750  1750 D CompatibilityChangeReporter: Compat change id reported: 135772972; UID 10398; state: DISABLED
07-13 01:43:19.244  1750  1750 D CompatibilityChangeReporter: Compat change id reported: 135754954; UID 10398; state: ENABLED
07-13 01:43:19.267  1750  2069 I ActivityManager: Start proc 32137:com.google.android.apps.turbo:aab/u0a188 for service {com.google.android.apps.turbo/com.google.android.libraries.smartbattery.appusage.library.InferAppBucketsJob}
07-13 01:43:19.267  1750  1750 W Looper  : Drained
07-13 01:43:19.267  1750  2069 D CompatibilityChangeReporter: Compat change id reported: 143937733; UID 10398; state: ENABLED
07-13 01:43:19.288  1750  3117 W AppOps  : Noting op not finished: uid 10202 pkg com.google.android.apps.maps code 79 startTime of in progress event=1657690566852
07-13 01:43:19.294  1750  2069 W ActivityManager: Slow operation: 51ms so far, now at startProcess: returned from zygote!
07-13 01:43:19.294  1750  2069 W ActivityManager: Slow operation: 51ms so far, now at startProcess: done updating battery stats
07-13 01:43:19.294  1750  2069 W ActivityManager: Slow operation: 51ms so far, now at startProcess: building log message
07-13 01:43:19.294  1750  2069 I ActivityManager: Start proc 32152:com.sec.android.app.shealth/u0a398 for service {com.sec.android.app.shealth/androidx.work.impl.background.systemjob.SystemJobService}
07-13 01:43:19.294  1750  2069 W ActivityManager: Slow operation: 51ms so far, now at startProcess: starting to update pids map
07-13 01:43:19.294  1750  2069 W ActivityManager: Slow operation: 51ms so far, now at startProcess: done updating pids map
07-13 01:43:19.387  1750  4055 I ActivityManager: Process tv.pluto.android (pid 30353) has died: cch+75 CEM 
07-13 01:43:19.545  1750  4055 I ActivityTaskManager: START u0 {act=android.intent.action.VOICE_ASSIST flg=0x10008000 pkg=com.google.android.googlequicksearchbox cmp=com.google.android.googlequicksearchbox/com.google.android.apps.gsa.queryentry.QueryEntryActivity} from uid 10259
07-13 01:43:19.600  1750  4060 W AppOps  : Noting op not finished: uid 10190 pkg com.google.android.gms code 113 startTime of in progress event=1657679667890
07-13 01:43:19.608  1750  4230 W AppOps  : Noting op not finished: uid 10223 pkg com.google.android.gms.location.history code 79 startTime of in progress event=1657600184482
07-13 01:43:19.615  1750  4060 W AppOps  : Noting op not finished: uid 10190 pkg com.google.android.gms code 113 startTime of in progress event=1657679667890
07-13 01:43:19.621  1750  4230 W AppOps  : Noting op not finished: uid 10190 pkg com.google.android.gms code 113 startTime of in progress event=1657687686926
07-13 01:43:19.628  1750  4060 W AppOps  : Noting op not finished: uid 10447 pkg com.urbandroid.sleep code 79 startTime of in progress event=1657690999255
07-13 01:43:19.737  1750  4055 W ActivityTaskManager: Can't find TaskDisplayArea to determine support for multi window. Task id=48996 attached=false
07-13 01:43:19.741  1750  4055 D CompatibilityChangeReporter: Compat change id reported: 174042980; UID 10170; state: DISABLED
07-13 01:43:19.742  1750  4055 D CompatibilityChangeReporter: Compat change id reported: 184838306; UID 10170; state: DISABLED
07-13 01:43:19.742  1750  4055 D CompatibilityChangeReporter: Compat change id reported: 185004937; UID 10170; state: DISABLED
07-13 01:43:19.743  1750  4055 D CompatibilityChangeReporter: Compat change id reported: 181136395; UID 10170; state: DISABLED
07-13 01:43:19.743  1750  4055 D CompatibilityChangeReporter: Compat change id reported: 174042936; UID 10170; state: DISABLED
07-13 01:43:19.755  1750  4055 W ActivityTaskManager: Tried to set launchTime (0) < mLastActivityLaunchTime (340498900)
07-13 01:43:19.937  1750  4059 I ActivityManager: Process com.google.android.dialer (pid 30239) has died: cch+95 CEM 
07-13 01:43:20.190  1750  4246 I ActivityManager: Process com.google.android.play.games (pid 29777) has died: cch+85 CEM 
07-13 01:43:21.072  1750  4057 D CompatibilityChangeReporter: Compat change id reported: 168419799; UID 10390; state: DISABLED
07-13 01:43:21.088  1750  1786 W AppOps  : Noting op not finished: uid 10202 pkg com.google.android.apps.maps code 79 startTime of in progress event=1657690566852
07-13 01:43:21.096  1750  1786 W AppOps  : Noting op not finished: uid 10190 pkg com.google.android.gms code 113 startTime of in progress event=1657679667890
07-13 01:43:21.100  1750  4848 W AppOps  : Noting op not finished: uid 10223 pkg com.google.android.gms.location.history code 79 startTime of in progress event=1657600184482
07-13 01:43:21.105  1750  4848 W AppOps  : Noting op not finished: uid 10190 pkg com.google.android.gms code 113 startTime of in progress event=1657679667890
07-13 01:43:21.114  1750  4848 W AppOps  : Noting op not finished: uid 10190 pkg com.google.android.gms code 113 startTime of in progress event=1657687686926
07-13 01:43:21.119  1750  1786 W AppOps  : Noting op not finished: uid 10447 pkg com.urbandroid.sleep code 79 startTime of in progress event=1657690999255
07-13 01:43:21.227  1750  1786 I ActivityTaskManager: START u0 {dat=ga:/data?tab_type=2&go_back_to_discover_feed_from_srp=false&ga_query_options=OAFYBA== flg=0x10008000 cmp=com.google.android.googlequicksearchbox/com.google.android.apps.search.googleapp.activity.GoogleAppActivity (has extras)} from uid 10170
07-13 01:43:21.230  1750  1786 W ActivityTaskManager: Can't find TaskDisplayArea to determine support for multi window. Task id=48997 attached=false
07-13 01:43:21.234  1750  1786 D CompatibilityChangeReporter: Compat change id reported: 197654537; UID 10170; state: ENABLED
07-13 01:43:21.286  1750  1786 W ActivityTaskManager: Tried to set launchTime (0) < mLastActivityLaunchTime (344021853)
07-13 01:43:21.451  1750  2487 D CompatibilityChangeReporter: Compat change id reported: 168419799; UID 10297; state: DISABLED
07-13 01:43:21.471  1750  2487 W AlarmManager: Window length 513338104ms too long; limiting to 1 day
07-13 01:43:21.487  1750  2487 W AppOps  : Noting op not finished: uid 10202 pkg com.google.android.apps.maps code 79 startTime of in progress event=1657690566852
07-13 01:43:21.501  1750  4231 W AppOps  : Noting op not finished: uid 10190 pkg com.google.android.gms code 113 startTime of in progress event=1657679667890
07-13 01:43:21.521  1750  4231 W AppOps  : Noting op not finished: uid 10223 pkg com.google.android.gms.location.history code 79 startTime of in progress event=1657600184482
07-13 01:43:21.536  1750  4231 W AppOps  : Noting op not finished: uid 10190 pkg com.google.android.gms code 113 startTime of in progress event=1657679667890
07-13 01:43:21.552  1750  2487 W AppOps  : Noting op not finished: uid 10190 pkg com.google.android.gms code 113 startTime of in progress event=1657687686926
07-13 01:43:21.560  1750  4057 W AppOps  : Noting op not finished: uid 10447 pkg com.urbandroid.sleep code 79 startTime of in progress event=1657690999255
07-13 01:43:21.630  1750  2258 W NetworkPolicy: shared quota unsupported; generating rule for each iface
07-13 01:43:21.778  1750  2096 E KernelCpuUidActiveTimeReader: Negative delta from active time for uid: 10229, delta: -12
07-13 01:43:21.778  1750  2096 E KernelCpuUidActiveTimeReader: Negative delta from active time for uid: 10151, delta: -22
07-13 01:43:21.778  1750  2096 E KernelCpuUidActiveTimeReader: Negative delta from active time for uid: 10167, delta: -11
07-13 01:43:21.779  1750  2096 E KernelCpuUidActiveTimeReader: Negative delta from active time for uid: 10157, delta: -17
07-13 01:43:21.779  1750  2096 E KernelCpuUidActiveTimeReader: Negative delta from active time for uid: 10521, delta: -19
07-13 01:43:21.779  1750  2096 E KernelCpuUidActiveTimeReader: Negative delta from active time for uid: 10343, delta: -33
07-13 01:43:21.779  1750  2096 E KernelCpuUidActiveTimeReader: Negative delta from active time for uid: 10105, delta: -12
07-13 01:43:21.779  1750  2096 E KernelCpuUidActiveTimeReader: Negative delta from active time for uid: 10236, delta: -2
07-13 01:43:21.779  1750  2096 E KernelCpuUidActiveTimeReader: Negative delta from active time for uid: 10184, delta: -30
07-13 01:43:21.779  1750  2096 E KernelCpuUidActiveTimeReader: Negative delta from active time for uid: 10404, delta: -24
07-13 01:43:21.780  1750  2096 E KernelCpuUidActiveTimeReader: Negative delta from active time for uid: 10281, delta: -44
07-13 01:43:21.812  1750  2487 D CompatibilityChangeReporter: Compat change id reported: 168419799; UID 10263; state: DISABLED
07-13 01:43:22.065  1750  2487 D CompatibilityChangeReporter: Compat change id reported: 135634846; UID 10205; state: DISABLED
07-13 01:43:22.065  1750  2487 D CompatibilityChangeReporter: Compat change id reported: 177438394; UID 10205; state: DISABLED
07-13 01:43:22.065  1750  2487 D CompatibilityChangeReporter: Compat change id reported: 135772972; UID 10205; state: DISABLED
07-13 01:43:22.066  1750  2487 D CompatibilityChangeReporter: Compat change id reported: 135754954; UID 10205; state: ENABLED
07-13 01:43:22.066  1750  2069 D CompatibilityChangeReporter: Compat change id reported: 143937733; UID 10205; state: ENABLED
07-13 01:43:22.076  1750  2069 I ActivityManager: Start proc 32362:com.android.chrome/u0a205 for service {com.android.chrome/org.chromium.chrome.browser.customtabs.CustomTabsConnectionService}
07-13 01:43:22.121  1750  1786 D CompatibilityChangeReporter: Compat change id reported: 168419799; UID 10205; state: DISABLED
07-13 01:43:22.397  1750  1750 D CompatibilityChangeReporter: Compat change id reported: 168419799; UID 10398; state: DISABLED
07-13 01:43:22.566  1750  4057 D CompatibilityChangeReporter: Compat change id reported: 135634846; UID 10190; state: DISABLED
07-13 01:43:22.566  1750  4057 D CompatibilityChangeReporter: Compat change id reported: 177438394; UID 10190; state: DISABLED
07-13 01:43:22.566  1750  4057 D CompatibilityChangeReporter: Compat change id reported: 135772972; UID 10190; state: DISABLED
07-13 01:43:22.566  1750  4057 D CompatibilityChangeReporter: Compat change id reported: 135754954; UID 10190; state: ENABLED
07-13 01:43:22.567  1750  2069 D CompatibilityChangeReporter: Compat change id reported: 143937733; UID 10190; state: ENABLED
07-13 01:43:22.587  1750  2069 I ActivityManager: Start proc 32399:com.google.process.gapps/u0a190 for content provider {com.google.android.gsf/com.google.android.gsf.settings.GoogleSettingsProvider}
07-13 01:43:22.599  1750  2497 W AppOps  : Noting op not finished: uid 10447 pkg com.urbandroid.sleep code 79 startTime of in progress event=1657691001907
07-13 01:43:22.830  1750  2062 W UsageStatsService: Unexpected activity event reported! (com.google.android.apps.docs.editors.sheets/com.google.android.apps.docs.editors.ritz.RitzActivity event : 23 instanceId : 120898225)
07-13 01:43:22.840  1750  2046 W ActivityTaskManager: Can't find TaskDisplayArea to determine support for multi window. Task id=48969 attached=false
07-13 01:43:22.840  1750  2046 W ActivityTaskManager: Can't find TaskDisplayArea to determine support for multi window. Task id=48969 attached=false
07-13 01:43:22.840  1750  2046 W ActivityTaskManager: Can't find TaskDisplayArea to determine support for multi window. Task id=48968 attached=false
07-13 01:43:22.840  1750  2046 W ActivityTaskManager: Can't find TaskDisplayArea to determine support for multi window. Task id=48968 attached=false
07-13 01:43:22.840  1750  2046 W ActivityTaskManager: Can't find TaskDisplayArea to determine support for multi window. Task id=48966 attached=false
07-13 01:43:22.840  1750  2046 W ActivityTaskManager: Can't find TaskDisplayArea to determine support for multi window. Task id=48966 attached=false
07-13 01:43:22.843  1750  2062 W UsageStatsService: Unexpected activity event reported! (com.google.android.apps.docs/com.google.android.apps.docs.drive.app.navigation.NavigationActivity event : 23 instanceId : 2939273)
07-13 01:43:22.843  1750  2062 W UsageStatsService: Unexpected activity event reported! (com.google.android.deskclock/com.android.deskclock.DeskClock event : 23 instanceId : 219031261)
07-13 01:43:23.286  1750  2497 D CompatibilityChangeReporter: Compat change id reported: 135634846; UID 10254; state: DISABLED
07-13 01:43:23.286  1750  2497 D CompatibilityChangeReporter: Compat change id reported: 177438394; UID 10254; state: DISABLED
07-13 01:43:23.286  1750  2497 D CompatibilityChangeReporter: Compat change id reported: 135772972; UID 10254; state: DISABLED
07-13 01:43:23.286  1750  2497 D CompatibilityChangeReporter: Compat change id reported: 135754954; UID 10254; state: DISABLED
07-13 01:43:23.286  1750  2069 D CompatibilityChangeReporter: Compat change id reported: 143937733; UID 10254; state: DISABLED
07-13 01:43:23.301  1750  2069 I ActivityManager: Start proc 32428:com.google.android.permissioncontroller/u0a254 for service {com.google.android.permissioncontroller/com.android.permissioncontroller.permission.service.LocationAccessCheck$LocationAccessCheckJobService}
07-13 01:43:23.315  1750  2497 D CompatibilityChangeReporter: Compat change id reported: 135634846; UID 10449; state: DISABLED
07-13 01:43:23.315  1750  2497 D CompatibilityChangeReporter: Compat change id reported: 177438394; UID 10449; state: DISABLED
07-13 01:43:23.315  1750  2497 D CompatibilityChangeReporter: Compat change id reported: 135772972; UID 10449; state: DISABLED
07-13 01:43:23.315  1750  2497 D CompatibilityChangeReporter: Compat change id reported: 135754954; UID 10449; state: ENABLED
07-13 01:43:23.315  1750  2069 D CompatibilityChangeReporter: Compat change id reported: 143937733; UID 10449; state: ENABLED
07-13 01:43:23.323  1750  2069 I ActivityManager: Start proc 32441:com.google.android.apps.youtube.creator/u0a449 for service {com.google.android.apps.youtube.creator/androidx.work.impl.background.systemjob.SystemJobService}
07-13 01:43:23.329  1750  4057 D CompatibilityChangeReporter: Compat change id reported: 168419799; UID 10254; state: DISABLED
07-13 01:43:23.371  1750  4231 D CompatibilityChangeReporter: Compat change id reported: 171306433; UID 10263; state: DISABLED
07-13 01:43:23.386  1750  4057 D CompatibilityChangeReporter: Compat change id reported: 168419799; UID 10449; state: DISABLED
07-13 01:43:23.394  1750  1750 D CompatibilityChangeReporter: Compat change id reported: 135634846; UID 10585; state: DISABLED
07-13 01:43:23.394  1750  1750 D CompatibilityChangeReporter: Compat change id reported: 177438394; UID 10585; state: DISABLED
07-13 01:43:23.396  1750  1750 D CompatibilityChangeReporter: Compat change id reported: 135772972; UID 10585; state: DISABLED
07-13 01:43:23.396  1750  1750 D CompatibilityChangeReporter: Compat change id reported: 135754954; UID 10585; state: ENABLED
07-13 01:43:23.397  1750  2069 D CompatibilityChangeReporter: Compat change id reported: 143937733; UID 10585; state: ENABLED
07-13 01:43:23.422  1750  2069 I ActivityManager: Start proc 32461:com.cbs.app/u0a585 for service {com.cbs.app/androidx.work.impl.background.systemjob.SystemJobService}
07-13 01:43:23.479  1750  2497 I ActivityManager: Process com.google.android.apps.subscriptions.red (pid 29785) has died: cch+85 CEM 
07-13 01:43:23.531  1750  2497 D CompatibilityChangeReporter: Compat change id reported: 168419799; UID 10585; state: DISABLED
07-13 01:43:23.764  1750  2497 D CompatibilityChangeReporter: Compat change id reported: 135634846; UID 10585; state: DISABLED
07-13 01:43:23.764  1750  2497 D CompatibilityChangeReporter: Compat change id reported: 177438394; UID 10585; state: DISABLED
07-13 01:43:23.764  1750  2497 D CompatibilityChangeReporter: Compat change id reported: 135772972; UID 10585; state: DISABLED
07-13 01:43:23.764  1750  2497 D CompatibilityChangeReporter: Compat change id reported: 135754954; UID 10585; state: ENABLED
07-13 01:43:23.764  1750  2069 D CompatibilityChangeReporter: Compat change id reported: 143937733; UID 10585; state: ENABLED
07-13 01:43:23.778  1750  2069 I ActivityManager: Start proc 32550:com.cbs.app:provider/u0a585 for content provider {com.cbs.app/com.cbs.downloader.impl.CBSContentProvider}
07-13 01:43:23.846  1750  2497 W ProcessStats: Tracking association SourceState{584cdb3 system/1000 BTopFgs #1939898} whose proc state 2 is better than process ProcessState{baa4f70 net.dinglisch.android.taskerm/10289 pkg=net.dinglisch.android.taskerm} proc state 3 (223 skipped)
07-13 01:43:23.932  1750  2497 I ActivityManager: Process com.google.android.keep (pid 29778) has died: cch+85 CEM 
07-13 01:43:24.144  1750  2504 D CompatibilityChangeReporter: Compat change id reported: 168419799; UID 10188; state: DISABLED
07-13 01:43:24.176  1750  4246 I ActivityTaskManager: START u0 {flg=0x10018000 cmp=com.google.android.googlequicksearchbox/com.google.android.apps.search.soundsearch.SoundSearchActivity (has extras)} from uid 10170
07-13 01:43:24.178  1750  4246 W ActivityTaskManager: Can't find TaskDisplayArea to determine support for multi window. Task id=48998 attached=false
07-13 01:43:24.268  1750  2487 I ActivityManager: Process com.google.android.webview:sandboxed_process0:org.chromium.content.app.SandboxedProcessService0:0 (pid 30738) has died: cch+75 CEM 
07-13 01:43:24.268  1750  2487 W ActivityManager: Scheduling restart of crashed service com.tmobile.pr.mytmobile/org.chromium.content.app.SandboxedProcessService0:0 in 1000ms for connection
07-13 01:43:24.293  1750  4099 W ActivityTaskManager: Tried to set launchTime (0) < mLastActivityLaunchTime (344023384)
07-13 01:43:24.299  1750  2096 E KernelCpuUidActiveTimeReader: Negative delta from active time for uid: 10229, delta: -12
07-13 01:43:24.299  1750  2096 E KernelCpuUidActiveTimeReader: Negative delta from active time for uid: 10151, delta: -22
07-13 01:43:24.299  1750  2096 E KernelCpuUidActiveTimeReader: Negative delta from active time for uid: 10167, delta: -11
07-13 01:43:24.299  1750  2096 E KernelCpuUidActiveTimeReader: Negative delta from active time for uid: 10157, delta: -17
07-13 01:43:24.299  1750  2096 E KernelCpuUidActiveTimeReader: Negative delta from active time for uid: 10521, delta: -19
07-13 01:43:24.299  1750  2096 E KernelCpuUidActiveTimeReader: Negative delta from active time for uid: 10343, delta: -33
07-13 01:43:24.299  1750  2096 E KernelCpuUidActiveTimeReader: Negative delta from active time for uid: 10105, delta: -12
07-13 01:43:24.299  1750  2096 E KernelCpuUidActiveTimeReader: Negative delta from active time for uid: 10236, delta: -2
07-13 01:43:24.299  1750  2096 E KernelCpuUidActiveTimeReader: Negative delta from active time for uid: 10184, delta: -30
07-13 01:43:24.299  1750  2096 E KernelCpuUidActiveTimeReader: Negative delta from active time for uid: 10404, delta: -24
07-13 01:43:24.299  1750  2096 E KernelCpuUidActiveTimeReader: Negative delta from active time for uid: 10281, delta: -44
07-13 01:43:24.559  1750  2487 D CompatibilityChangeReporter: Compat change id reported: 135634846; UID 10150; state: DISABLED
07-13 01:43:24.559  1750  2487 D CompatibilityChangeReporter: Compat change id reported: 177438394; UID 10150; state: DISABLED
07-13 01:43:24.559  1750  2487 D CompatibilityChangeReporter: Compat change id reported: 135772972; UID 10150; state: DISABLED
07-13 01:43:24.559  1750  2487 D CompatibilityChangeReporter: Compat change id reported: 135754954; UID 10150; state: ENABLED
07-13 01:43:24.560  1750  2069 D CompatibilityChangeReporter: Compat change id reported: 143937733; UID 10150; state: ENABLED
07-13 01:43:24.571  1750  2069 I ActivityManager: Start proc 340:com.google.android.apps.gcs/u0a150 for service {com.google.android.apps.gcs/androidx.work.impl.background.systemjob.SystemJobService}
07-13 01:43:24.613  1750  4099 D CompatibilityChangeReporter: Compat change id reported: 168419799; UID 10150; state: DISABLED
07-13 01:43:24.685  1750  2285 D CompatibilityChangeReporter: Compat change id reported: 168419799; UID 10160; state: DISABLED
07-13 01:43:25.401  1750  2487 I DropBoxManagerService: add tag=event_data isTagEnabled=true flags=0x2
07-13 01:43:25.401  1750  2487 W DropBoxManagerService: Dropping: event_data (39 > 0 bytes)
07-13 01:43:25.423  1750  2487 I DropBoxManagerService: add tag=dumpsys:account isTagEnabled=true flags=0x2
07-13 01:43:25.428  1750  2487 W DropBoxManagerService: Dropping: dumpsys:account (447 > 0 bytes)
07-13 01:43:25.494  1750  4231 D CompatibilityChangeReporter: Compat change id reported: 168419799; UID 10449; state: DISABLED
07-13 01:43:25.526  1750  2487 I DropBoxManagerService: add tag=platform_stats_bookmark isTagEnabled=true flags=0x2
07-13 01:43:25.527  1750  2487 W DropBoxManagerService: Dropping: platform_stats_bookmark (13 > 0 bytes)
07-13 01:43:25.670  1750  2042 D CompanionDeviceManagerService: onPackageModified(packageName = com.cbs.app)
07-13 01:43:25.694  1750  2285 I DropBoxManagerService: add tag=platform_stats_bookmark isTagEnabled=true flags=0x2
07-13 01:43:25.699  1750  4099 D CompatibilityChangeReporter: Compat change id reported: 135634846; UID 10163; state: DISABLED
07-13 01:43:25.700  1750  4099 D CompatibilityChangeReporter: Compat change id reported: 177438394; UID 10163; state: DISABLED
07-13 01:43:25.700  1750  4099 D CompatibilityChangeReporter: Compat change id reported: 135772972; UID 10163; state: DISABLED
07-13 01:43:25.700  1750  4099 D CompatibilityChangeReporter: Compat change id reported: 135754954; UID 10163; state: ENABLED
07-13 01:43:25.700  1750  2069 D CompatibilityChangeReporter: Compat change id reported: 143937733; UID 10163; state: ENABLED
07-13 01:43:25.704  1750  2285 W DropBoxManagerService: Dropping: platform_stats_bookmark (13 > 0 bytes)
07-13 01:43:25.709  1750  1750 I Telecom : DefaultDialerCache: Refreshing default dialer for user 0: now com.google.android.dialer: DDC.oR@8Vw
07-13 01:43:25.709  1750  1750 I Telecom : DefaultDialerCache: Refreshing default dialer for user 11: now com.google.android.dialer: DDC.oR@8Vw
07-13 01:43:25.724  1750  2042 D CompatibilityChangeReporter: Compat change id reported: 168419799; UID 10254; state: DISABLED
07-13 01:43:25.733  1750  2069 I ActivityManager: Start proc 732:com.google.android.apps.wellbeing/u0a163 for service {com.google.android.apps.wellbeing/androidx.work.impl.background.systemjob.SystemJobService}
07-13 01:43:25.792  1750  4308 D CompatibilityChangeReporter: Compat change id reported: 135634846; UID 10182; state: DISABLED
07-13 01:43:25.792  1750  4308 D CompatibilityChangeReporter: Compat change id reported: 177438394; UID 10182; state: DISABLED
07-13 01:43:25.792  1750  4308 D CompatibilityChangeReporter: Compat change id reported: 135772972; UID 10182; state: DISABLED
07-13 01:43:25.792  1750  4308 D CompatibilityChangeReporter: Compat change id reported: 135754954; UID 10182; state: ENABLED
07-13 01:43:25.793  1750  2069 D CompatibilityChangeReporter: Compat change id reported: 143937733; UID 10182; state: ENABLED
07-13 01:43:25.810  1750  2285 D CompatibilityChangeReporter: Compat change id reported: 168419799; UID 10163; state: DISABLED
07-13 01:43:25.829  1750  2069 I ActivityManager: Start proc 770:com.google.android.euicc/u0a182 for service {com.google.android.euicc/com.android.euicc.service.EuiccServiceImpl}
07-13 01:43:25.885  1750  4848 D CompatibilityChangeReporter: Compat change id reported: 168419799; UID 10182; state: DISABLED
07-13 01:43:25.960  1750  4848 D CompatibilityChangeReporter: Compat change id reported: 171306433; UID 10190; state: ENABLED
07-13 01:43:26.088  1750  4848 I ActivityManager: Process com.tmobile.pr.mytmobile (pid 30609) has died: cch+75 CEM 
07-13 01:43:26.951  1750  4309 D CompatibilityChangeReporter: Compat change id reported: 157233955; UID 10263; state: DISABLED
07-13 01:43:27.408  1750  3029 D CompatibilityChangeReporter: Compat change id reported: 168419799; UID 10205; state: DISABLED
07-13 01:43:27.483  1750  3029 W AppOps  : Noting op not finished: uid 10202 pkg com.google.android.apps.maps code 79 startTime of in progress event=1657691007477
07-13 01:43:27.512  1750  4230 D CompatibilityChangeReporter: Compat change id reported: 135634846; UID 10107; state: DISABLED
07-13 01:43:27.512  1750  4230 D CompatibilityChangeReporter: Compat change id reported: 177438394; UID 10107; state: DISABLED
07-13 01:43:27.512  1750  4230 D CompatibilityChangeReporter: Compat change id reported: 135772972; UID 10107; state: DISABLED
07-13 01:43:27.512  1750  4230 D CompatibilityChangeReporter: Compat change id reported: 135754954; UID 10107; state: ENABLED
07-13 01:43:27.512  1750  2069 D CompatibilityChangeReporter: Compat change id reported: 143937733; UID 10107; state: ENABLED
07-13 01:43:27.520  1750  2069 I ActivityManager: Start proc 1010:com.android.providers.calendar/u0a107 for content provider {com.android.providers.calendar/com.android.providers.calendar.CalendarProvider2}
07-13 01:43:27.549  1750  4848 D CompatibilityChangeReporter: Compat change id reported: 168419799; UID 10107; state: DISABLED
07-13 01:43:27.564  1750  1786 D CompatibilityChangeReporter: Compat change id reported: 135634846; UID 10303; state: DISABLED
07-13 01:43:27.564  1750  1786 D CompatibilityChangeReporter: Compat change id reported: 177438394; UID 10303; state: DISABLED
07-13 01:43:27.564  1750  1786 D CompatibilityChangeReporter: Compat change id reported: 135772972; UID 10303; state: DISABLED
07-13 01:43:27.564  1750  1786 D CompatibilityChangeReporter: Compat change id reported: 135754954; UID 10303; state: ENABLED
07-13 01:43:27.564  1750  2069 D CompatibilityChangeReporter: Compat change id reported: 143937733; UID 10303; state: ENABLED
07-13 01:43:27.569  1750  1750 D CompatibilityChangeReporter: Compat change id reported: 168419799; UID 10189; state: DISABLED
07-13 01:43:27.595  1750  2069 I ActivityManager: Start proc 1081:com.nstudio.weatherhere/u0a303 for service {com.nstudio.weatherhere/com.nstudio.weatherhere.widget.WidgetUpdateJobService}
07-13 01:43:27.639  1750  4309 D CompatibilityChangeReporter: Compat change id reported: 168419799; UID 10303; state: DISABLED
07-13 01:43:27.779  1750  4848 I ContentCaptureManagerService: Data share request accepted by Content Capture service
07-13 01:43:27.885  1750  4059 I ActivityTaskManager: START u0 {act=com.google.android.googlequicksearchbox.GOOGLE_SEARCH cmp=com.google.android.googlequicksearchbox/.GoogleSearchGatewayInternal (has extras)} from uid 10170
07-13 01:43:27.923  1750  4059 W ActivityTaskManager: Tried to set launchTime (0) < mLastActivityLaunchTime (344026392)
07-13 01:43:28.004  1750  4309 D CompatibilityChangeReporter: Compat change id reported: 143231523; UID 10107; state: DISABLED
07-13 01:43:28.008  1750  4309 I ActivityTaskManager: START u0 {act=com.google.android.googlequicksearchbox.GOOGLE_SEARCH dat=ga:/data?tab_type=2&go_back_to_discover_feed_from_srp=false&ga_query_options=ChdSaWJpbiBSaWNoYXJkIENoZWt1dGhhbiJdCgVzdGljaxJUSDRzSUFBQUFBQUFBQU9OZ1Z1TFZUOWMzTkN3cUtVLXhxREJQWDhRcUhwU1psSm1uRUpTWm5KRllsS0xnbkpHYVhWcVNrWmdIQUUtc09TRXJBQUFBKAA= flg=0x10008000 cmp=com.google.android.googlequicksearchbox/com.google.android.apps.search.googleapp.activity.GoogleAppActivity (has extras)} from uid 10170
07-13 01:43:28.120  1750  4848 I ActivityManager: Process com.google.android.apps.fitness (pid 26578) has died: cch+95 CEM 
07-13 01:43:28.133  1750  1786 W AppOps  : Noting op not finished: uid 10202 pkg com.google.android.apps.maps code 79 startTime of in progress event=1657691008125
07-13 01:43:28.171  1750  4230 W ActivityTaskManager: Tried to set launchTime (0) < mLastActivityLaunchTime (344030022)
07-13 01:43:28.839  1750  2490 I CompanionDeviceManagerService: Updating associations: {Association { userId = 0, deviceMacAddress = D0:1B:49:3F:0E:CB, packageName = com.samsung.android.waterplugin, deviceProfile = null, notifyOnDeviceNearby = false, timeApprovedMs = Thu Jul 07 14:43:08 EDT 2022 }, Association { userId = 0, deviceMacAddress = 08:BF:A0:F6:23:8D, packageName = com.samsung.android.gearnplugin, deviceProfile = null, notifyOnDeviceNearby = false, timeApprovedMs = Wed Dec 31 19:00:00 EST 1969 }}  -->  {Association { userId = 0, deviceMacAddress = D0:1B:49:3F:0E:CB, packageName = com.samsung.android.waterplugin, deviceProfile = null, notifyOnDeviceNearby = false, timeApprovedMs = Thu Jul 07 14:43:08 EDT 2022 }, Association { userId = 0, deviceMacAddress = 08:BF:A0:F6:23:8D, packageName = com.samsung.android.gearnplugin, deviceProfile = null, notifyOnDeviceNearby = false, timeApprovedMs = Wed Dec 31 19:00:00 EST 1969 }}
07-13 01:43:28.842  1750  4848 D CompatibilityChangeReporter: Compat change id reported: 135634846; UID 10334; state: DISABLED
07-13 01:43:28.842  1750  4848 D CompatibilityChangeReporter: Compat change id reported: 177438394; UID 10334; state: DISABLED
07-13 01:43:28.842  1750  4848 D CompatibilityChangeReporter: Compat change id reported: 135772972; UID 10334; state: DISABLED
07-13 01:43:28.842  1750  4848 D CompatibilityChangeReporter: Compat change id reported: 135754954; UID 10334; state: ENABLED
07-13 01:43:28.843  1750  2069 D CompatibilityChangeReporter: Compat change id reported: 143937733; UID 10334; state: ENABLED
07-13 01:43:28.844  1750  2490 I CompanionDeviceManagerService: startBleScan()
07-13 01:43:28.844  1750  4059 I CompanionDeviceManagerService: Updating associations: {Association { userId = 0, deviceMacAddress = D0:1B:49:3F:0E:CB, packageName = com.samsung.android.waterplugin, deviceProfile = null, notifyOnDeviceNearby = false, timeApprovedMs = Thu Jul 07 14:43:08 EDT 2022 }, Association { userId = 0, deviceMacAddress = 08:BF:A0:F6:23:8D, packageName = com.samsung.android.gearnplugin, deviceProfile = null, notifyOnDeviceNearby = false, timeApprovedMs = Wed Dec 31 19:00:00 EST 1969 }}  -->  {Association { userId = 0, deviceMacAddress = D0:1B:49:3F:0E:CB, packageName = com.samsung.android.waterplugin, deviceProfile = null, notifyOnDeviceNearby = false, timeApprovedMs = Thu Jul 07 14:43:08 EDT 2022 }, Association { userId = 0, deviceMacAddress = 08:BF:A0:F6:23:8D, packageName = com.samsung.android.gearnplugin, deviceProfile = null, notifyOnDeviceNearby = false, timeApprovedMs = Wed Dec 31 19:00:00 EST 1969 }}
07-13 01:43:28.845  1750  4059 I CompanionDeviceManagerService: startBleScan()
07-13 01:43:28.855  1750  2069 I ActivityManager: Start proc 1295:com.samsung.android.app.watchmanager:contentprovider/u0a334 for content provider {com.samsung.android.app.watchmanager/com.samsung.android.app.twatchmanager.contentprovider.BaseContentProvider}
07-13 01:43:28.926  1750  2490 D CompatibilityChangeReporter: Compat change id reported: 135634846; UID 10585; state: DISABLED
07-13 01:43:28.926  1750  2490 D CompatibilityChangeReporter: Compat change id reported: 177438394; UID 10585; state: DISABLED
07-13 01:43:28.926  1750  2490 D CompatibilityChangeReporter: Compat change id reported: 135772972; UID 10585; state: DISABLED
07-13 01:43:28.926  1750  2490 D CompatibilityChangeReporter: Compat change id reported: 135754954; UID 10585; state: ENABLED
07-13 01:43:28.926  1750  2069 D CompatibilityChangeReporter: Compat change id reported: 143937733; UID 10585; state: ENABLED
07-13 01:43:28.946  1750  2069 I ActivityManager: Start proc 1332:com.cbs.app:vservice/u0a585 for broadcast {com.cbs.app/com.penthera.virtuososdk.service.VirtuosoService$ServiceMessageReceiver}
07-13 01:43:28.951  1750  4059 I ActivityManager: Process com.android.vending:background (pid 30263) has died: cch+85 CEM 
07-13 01:43:29.020  1750  4055 D CompatibilityChangeReporter: Compat change id reported: 168419799; UID 10585; state: DISABLED
07-13 01:43:29.034  1750  4446 I ActivityManager: Process com.sec.android.app.shealth (pid 32152) has died: cch+85 CEM 
07-13 01:43:29.065  1750  4230 I ActivityManager: Process com.google.android.cellbroadcastreceiver (pid 25922) has died: cch+85 CEM 
07-13 01:43:29.094 20179 20179 E ActivityThread: Failed to find provider info for com.samsung.android.wms
07-13 01:43:29.105 20179 20179 E ActivityThread: Failed to find provider info for com.samsung.android.wms
07-13 01:43:29.458  1750  4230 I ActivityManager: Process com.google.android.webview:webview_service (pid 25326) has died: cch+75 CEM 
07-13 01:43:29.478  1750  2490 I ActivityManager: Process com.cbs.app:provider (pid 32550) has died: cch+65 CEM 
07-13 01:43:29.515  1750  2490 I ActivityManager: Process com.codecandy.androidapp.fooddiary (pid 29851) has died: cch+75 CEM 
07-13 01:43:29.517  1750  2046 W ActivityTaskManager: Can't find TaskDisplayArea to determine support for multi window. Task id=48998 attached=false
07-13 01:43:29.517  1750  2046 W ActivityTaskManager: Can't find TaskDisplayArea to determine support for multi window. Task id=48998 attached=false
07-13 01:43:29.548  1750  4085 I ActivityManager: Process com.google.ar.core (pid 31275) has died: cch+35 CEM 
07-13 01:43:29.570  1750  4085 I ActivityManager: Process com.google.android.turboadapter (pid 20920) has died: cch+65 CEM 
07-13 01:43:29.598  1750  4365 I ActivityManager: Process com.android.chrome (pid 32362) has died: cch+50 CACC
07-13 01:43:29.601  1750  4365 W ActivityManager: Scheduling restart of crashed service com.android.chrome/org.chromium.chrome.browser.customtabs.CustomTabsConnectionService in 1000ms for connection
07-13 01:43:29.688  1750  2975 I ActivityManager: Process com.google.android.apps.turbo:aab (pid 32137) has died: cch+65 CEM 
07-13 01:43:29.844  1750  4085 I ActivityManager: Process com.google.android.gm (pid 14049) has died: cch+40 CAC 
07-13 01:43:29.848  1750  4232 I WindowManager: WIN DEATH: Window{be129b7 u0 com.google.android.gm/com.google.android.gm.ConversationListActivityGmail}
07-13 01:43:29.871  1750  2045 W ActivityManager: setHasOverlayUi called on unknown pid: 14049
