07-10 23:46:16.309  1750  2497 W AppOps  : Noting op not finished: uid 10447 pkg com.urbandroid.sleep code 79 startTime of in progress event=1657511172855
07-10 23:46:22.814  1750  2211 W ProcessStats: Tracking association SourceState{584cdb3 system/1000 BTopFgs #1302679} whose proc state 2 is better than process ProcessState{baa4f70 net.dinglisch.android.taskerm/10289 pkg=net.dinglisch.android.taskerm} proc state 3 (22 skipped)
07-10 23:46:22.898  1750  2062 I ProcessStatsService: Pruning old procstats: /data/system/procstats/state-2022-07-09-17-10-23.bin
07-10 23:46:36.364  1750  2211 W ProcessStats: Tracking association SourceState{584cdb3 system/1000 BTopFgs #1302687} whose proc state 2 is better than process ProcessState{baa4f70 net.dinglisch.android.taskerm/10289 pkg=net.dinglisch.android.taskerm} proc state 3 (7 skipped)
07-10 23:46:47.821  1750  2497 W ProcessStats: Tracking association SourceState{584cdb3 system/1000 BTopFgs #1302692} whose proc state 2 is better than process ProcessState{baa4f70 net.dinglisch.android.taskerm/10289 pkg=net.dinglisch.android.taskerm} proc state 3 (4 skipped)
07-10 23:47:02.893  1750  4264 W ProcessStats: Tracking association SourceState{584cdb3 system/1000 BTopFgs #1302696} whose proc state 2 is better than process ProcessState{baa4f70 net.dinglisch.android.taskerm/10289 pkg=net.dinglisch.android.taskerm} proc state 3 (3 skipped)
07-10 23:47:03.209  2380  3536 D PowerUI : can't show warning due to - plugged: true status unknown: false
07-10 23:47:04.539  1750  1750 V SoundTriggerService: 9f6ad62a-1f0b-11e7-87c5-40a8f03d3f15: Generic sound trigger event: GenericRecognitionEvent ::RecognitionEvent [status=0, soundModelHandle=5, captureAvailable=true, captureSession=1786505, captureDelayMs=0, capturePreambleMs=0, triggerInData=false, sampleRate=16000, encoding=2, channelMask=16, data=19]
07-10 23:47:04.548  1750  1750 V SoundTriggerService: 9f6ad62a-1f0b-11e7-87c5-40a8f03d3f15: onServiceConnected(android.os.BinderProxy@139e960)
07-10 23:47:04.549  1750  1750 V SoundTriggerService: 9f6ad62a-1f0b-11e7-87c5-40a8f03d3f15: runOp 0
07-10 23:47:05.957  1750  4057 V SoundTriggerService: 9f6ad62a-1f0b-11e7-87c5-40a8f03d3f15: destroy
07-10 23:47:05.958  1750  2200 I SoundTriggerService: startRecognition(): id = 9f6ad62a-1f0b-11e7-87c5-40a8f03d3f15
07-10 23:47:05.958  1750  2200 W SoundTriggerHelper: Canceling previous recognition for model id: 9f6ad62a-1f0b-11e7-87c5-40a8f03d3f15
07-10 23:47:05.958  1750  2200 V SoundTriggerService: 9f6ad62a-1f0b-11e7-87c5-40a8f03d3f15: onError: -2147483648
07-10 23:47:05.961  1750  2200 W SoundTriggerService: 9f6ad62a-1f0b-11e7-87c5-40a8f03d3f15: Dropped operation as already destroyed or marked for destruction
07-10 23:47:06.010  1750  2200 I SoundTriggerHelper: startRecognition successful.
07-10 23:47:06.010  1750  2200 W SoundTriggerService: error onStart(): Model 9f6ad62a-1f0b-11e7-87c5-40a8f03d3f15 already started
07-10 23:47:06.012  1750  2200 I SoundTriggerService: deleteSoundModel(): id = 12caddb1-acdb-4dce-8cb0-2e95a2313aee
07-10 23:47:06.012  1750  2200 W SoundTriggerHelper: Unload error: Attempting unload invalid generic model with id:12caddb1-acdb-4dce-8cb0-2e95a2313aee
07-10 23:47:06.012  1750  2200 W SoundTriggerService: error onStop(): Model 12caddb1-acdb-4dce-8cb0-2e95a2313aee has no stats available
07-10 23:47:19.491  1750  2068 W ProcessStats: Tracking association SourceState{584cdb3 system/1000 BTopFgs #1302707} whose proc state 2 is better than process ProcessState{baa4f70 net.dinglisch.android.taskerm/10289 pkg=net.dinglisch.android.taskerm} proc state 3 (6 skipped)
07-10 23:47:24.865  1750  2226 D ActivityManager: freezing 22676 com.android.settings
07-10 23:47:24.867  1750  2226 D ActivityManager: froze 22676 com.android.settings
07-10 23:47:24.873  1750  2226 D ActivityManager: freezing 22702 com.google.android.apps.security.securityhub
07-10 23:47:24.874  1750  2226 D ActivityManager: froze 22702 com.google.android.apps.security.securityhub
07-10 23:47:29.538  1750  2211 W ProcessStats: Tracking association SourceState{584cdb3 system/1000 BTopFgs #1302716} whose proc state 2 is better than process ProcessState{baa4f70 net.dinglisch.android.taskerm/10289 pkg=net.dinglisch.android.taskerm} proc state 3 (8 skipped)
07-10 23:47:47.561  1750  2068 W ProcessStats: Tracking association SourceState{584cdb3 system/1000 BTopFgs #1302746} whose proc state 2 is better than process ProcessState{baa4f70 net.dinglisch.android.taskerm/10289 pkg=net.dinglisch.android.taskerm} proc state 3 (28 skipped)
07-10 23:47:50.247  1750  2226 D ActivityManager: freezing 11377 com.android.chrome:sandboxed_process0:org.chromium.content.app.SandboxedProcessService0:42
07-10 23:47:50.250  1750  2226 D ActivityManager: froze 11377 com.android.chrome:sandboxed_process0:org.chromium.content.app.SandboxedProcessService0:42
07-10 23:47:50.387  1750  2226 D ActivityManager: freezing 24614 com.google.android.webview:sandboxed_process0:org.chromium.content.app.SandboxedProcessService0:0
07-10 23:47:50.388  1750  2226 D ActivityManager: froze 24614 com.google.android.webview:sandboxed_process0:org.chromium.content.app.SandboxedProcessService0:0
07-10 23:47:50.398  1750  2226 D ActivityManager: freezing 26038 com.google.android.webview:sandboxed_process0:org.chromium.content.app.SandboxedProcessService0:0
07-10 23:47:50.399  1750  2226 D ActivityManager: froze 26038 com.google.android.webview:sandboxed_process0:org.chromium.content.app.SandboxedProcessService0:0
07-10 23:48:00.009  1750  2228 W ProcessStats: Tracking association SourceState{584cdb3 system/1000 BTopFgs #1302752} whose proc state 2 is better than process ProcessState{baa4f70 net.dinglisch.android.taskerm/10289 pkg=net.dinglisch.android.taskerm} proc state 3 (5 skipped)
07-10 23:48:00.024  1750  1750 D CompatibilityChangeReporter: Compat change id reported: 135634846; UID 10276; state: DISABLED
07-10 23:48:00.024  1750  1750 D CompatibilityChangeReporter: Compat change id reported: 177438394; UID 10276; state: DISABLED
07-10 23:48:00.024  1750  1750 D CompatibilityChangeReporter: Compat change id reported: 135772972; UID 10276; state: DISABLED
07-10 23:48:00.024  1750  1750 D CompatibilityChangeReporter: Compat change id reported: 135754954; UID 10276; state: ENABLED
07-10 23:48:00.026  1750  2069 D CompatibilityChangeReporter: Compat change id reported: 143937733; UID 10276; state: ENABLED
07-10 23:48:00.038  1750  1750 D CompatibilityChangeReporter: Compat change id reported: 135634846; UID 10209; state: DISABLED
07-10 23:48:00.038  1750  1750 D CompatibilityChangeReporter: Compat change id reported: 177438394; UID 10209; state: DISABLED
07-10 23:48:00.038  1750  1750 D CompatibilityChangeReporter: Compat change id reported: 135772972; UID 10209; state: DISABLED
07-10 23:48:00.038  1750  1750 D CompatibilityChangeReporter: Compat change id reported: 135754954; UID 10209; state: ENABLED
07-10 23:48:00.039  1750  2069 I ActivityManager: Start proc 27952:com.ebay.mobile/u0a276 for service {com.ebay.mobile/com.ebay.mobile.experimentation.ExperimentationJobService}
07-10 23:48:00.039  1750  2069 D CompatibilityChangeReporter: Compat change id reported: 143937733; UID 10209; state: ENABLED
07-10 23:48:00.047  1750  2069 I ActivityManager: Start proc 27954:com.google.android.apps.youtube.music/u0a209 for service {com.google.android.apps.youtube.music/androidx.work.impl.background.systemjob.SystemJobService}
07-10 23:48:00.080  1750  4264 D CompatibilityChangeReporter: Compat change id reported: 168419799; UID 10209; state: DISABLED
07-10 23:48:00.089  1750  2285 D CompatibilityChangeReporter: Compat change id reported: 168419799; UID 10276; state: DISABLED
07-10 23:48:00.620  1750  2497 D CompatibilityChangeReporter: Compat change id reported: 135634846; UID 10258; state: DISABLED
07-10 23:48:00.620  1750  2497 D CompatibilityChangeReporter: Compat change id reported: 177438394; UID 10258; state: DISABLED
07-10 23:48:00.620  1750  2497 D CompatibilityChangeReporter: Compat change id reported: 135772972; UID 10258; state: DISABLED
07-10 23:48:00.620  1750  2497 D CompatibilityChangeReporter: Compat change id reported: 135754954; UID 10258; state: ENABLED
07-10 23:48:00.621  1750  2069 D CompatibilityChangeReporter: Compat change id reported: 143937733; UID 10258; state: ENABLED
07-10 23:48:00.630  1750  2069 I ActivityManager: Start proc 28135:com.facebook.katana/u0a258 for content provider {com.facebook.katana/com.facebook.platform.common.provider.PlatformProviderBase}
07-10 23:48:00.653  1750  2497 D CompatibilityChangeReporter: Compat change id reported: 168419799; UID 10258; state: DISABLED
07-10 23:48:01.000  1750  2200 D CompatibilityChangeReporter: Compat change id reported: 183164979; UID 10209; state: ENABLED
07-10 23:48:01.595  1750  2133 E VerityUtils: Failed to measure fs-verity, errno 1: /data/app/~~3wUre6YjMBacywn_HHs_hQ==/com.google.android.apps.youtube.music-sESOdwpjEs5UWUtVnxIm0Q==/base.apk
07-10 23:48:01.689  1750  2200 D CompatibilityChangeReporter: Compat change id reported: 149924527; UID 10276; state: ENABLED
07-10 23:48:01.689  1750  2200 D CompatibilityChangeReporter: Compat change id reported: 132649864; UID 10276; state: DISABLED
07-10 23:48:01.690  1750  2200 D CompatibilityChangeReporter: Compat change id reported: 182734110; UID 10276; state: ENABLED
07-10 23:48:01.877  1750  4308 I ActivityManager: Killing 24614:com.google.android.webview:sandboxed_process0:org.chromium.content.app.SandboxedProcessService0:0/u0a390i520 (adj 975): empty #33
07-10 23:48:01.877  1750  4308 I ActivityManager: Killing 21899:com.google.android.cellbroadcastreceiver/u0a252 (adj 975): empty #34
07-10 23:48:01.877  1750  4308 I ActivityManager: Killing 25752:com.instagram.android:mqtt/u0a297 (adj 975): empty #35
07-10 23:48:01.963  1750  2200 W ActivityManager: Scheduling restart of crashed service com.bestbuy.android/org.chromium.content.app.SandboxedProcessService0:0 in 1000ms for connection
07-10 23:48:01.989  1750  2096 E KernelCpuUidActiveTimeReader: Negative delta from active time for uid: 10229, delta: -12
07-10 23:48:01.989  1750  2096 E KernelCpuUidActiveTimeReader: Negative delta from active time for uid: 10114, delta: -16
07-10 23:48:01.989  1750  2096 E KernelCpuUidActiveTimeReader: Negative delta from active time for uid: 10151, delta: -22
07-10 23:48:01.989  1750  2096 E KernelCpuUidActiveTimeReader: Negative delta from active time for uid: 10290, delta: -30
07-10 23:48:01.989  1750  2096 E KernelCpuUidActiveTimeReader: Negative delta from active time for uid: 10167, delta: -11
07-10 23:48:01.989  1750  2096 E KernelCpuUidActiveTimeReader: Negative delta from active time for uid: 10157, delta: -17
07-10 23:48:01.990  1750  2096 E KernelCpuUidActiveTimeReader: Negative delta from active time for uid: 10521, delta: -19
07-10 23:48:01.990  1750  2096 E KernelCpuUidActiveTimeReader: Negative delta from active time for uid: 10343, delta: -33
07-10 23:48:01.990  1750  2096 E KernelCpuUidActiveTimeReader: Negative delta from active time for uid: 10105, delta: -12
07-10 23:48:01.990  1750  2096 E KernelCpuUidActiveTimeReader: Negative delta from active time for uid: 10236, delta: -2
07-10 23:48:01.990  1750  2096 E KernelCpuUidActiveTimeReader: Negative delta from active time for uid: 10184, delta: -30
07-10 23:48:01.990  1750  2096 E KernelCpuUidActiveTimeReader: Negative delta from active time for uid: 10404, delta: -24
07-10 23:48:01.990  1750  2096 E KernelCpuUidActiveTimeReader: Negative delta from active time for uid: 10281, delta: -44
07-10 23:48:03.179  2380  3014 D PowerUI : can't show warning due to - plugged: true status unknown: false
07-10 23:48:06.677  1750  4232 D CompatibilityChangeReporter: Compat change id reported: 171306433; UID 10258; state: DISABLED
07-10 23:48:06.778  1750  2200 W ActivityManager: Background start not allowed: service Intent { act=Orca.START cmp=com.facebook.katana/com.facebook.mqttlite.MqttService (has extras) } to com.facebook.katana/com.facebook.mqttlite.MqttService from pid=28135 uid=10258 pkg=com.facebook.katana startFg?=false
07-10 23:48:07.750  1750  2258 W NetworkPolicy: shared quota unsupported; generating rule for each iface
07-10 23:48:08.237  1750  2068 W BroadcastQueue: Permission Denial: broadcasting Intent { act=android.net.conn.CONNECTIVITY_CHANGE flg=0x4200010 (has extras) } from null (pid=-1, uid=-1) requires com.facebook.permission.prod.FB_APP_COMMUNICATION due to registered receiver BroadcastFilter{f9e84b1 10258/u0 ReceiverList{bb97b58 28135 com.facebook.katana/10258/u0 remote:377183b}}
07-10 23:48:08.635 28135 28277 E ActivityThread: Failed to find provider info for com.facebook.appmanager.firstparty.crashreporter
07-10 23:48:08.663 28135 28275 E ActivityThread: Failed to find provider info for com.android.launcher3.cornermark.unreadbadge
07-10 23:48:10.650  1750  4264 W ProcessStats: Tracking association SourceState{584cdb3 system/1000 BTopFgs #1302863} whose proc state 2 is better than process ProcessState{baa4f70 net.dinglisch.android.taskerm/10289 pkg=net.dinglisch.android.taskerm} proc state 3 (85 skipped)
07-10 23:48:10.762  1750  2226 D ActivityManager: freezing 26333 com.google.android.apps.turbo:aab
07-10 23:48:10.763  1750  2226 D ActivityManager: froze 26333 com.google.android.apps.turbo:aab
07-10 23:48:22.481  1750  4264 W ProcessStats: Tracking association SourceState{584cdb3 system/1000 BTopFgs #1302873} whose proc state 2 is better than process ProcessState{baa4f70 net.dinglisch.android.taskerm/10289 pkg=net.dinglisch.android.taskerm} proc state 3 (9 skipped)
07-10 23:48:35.592  1750  1750 V SoundTriggerService: 9f6ad62a-1f0b-11e7-87c5-40a8f03d3f15: Generic sound trigger event: GenericRecognitionEvent ::RecognitionEvent [status=0, soundModelHandle=5, captureAvailable=true, captureSession=1786505, captureDelayMs=0, capturePreambleMs=0, triggerInData=false, sampleRate=16000, encoding=2, channelMask=16, data=19]
07-10 23:48:35.602  1750  1750 W ProcessStats: Tracking association SourceState{584cdb3 system/1000 BTopFgs #1302885} whose proc state 2 is better than process ProcessState{baa4f70 net.dinglisch.android.taskerm/10289 pkg=net.dinglisch.android.taskerm} proc state 3 (10 skipped)
07-10 23:48:35.606  1750  1750 V SoundTriggerService: 9f6ad62a-1f0b-11e7-87c5-40a8f03d3f15: onServiceConnected(android.os.BinderProxy@1ab45c4)
07-10 23:48:35.607  1750  1750 V SoundTriggerService: 9f6ad62a-1f0b-11e7-87c5-40a8f03d3f15: runOp 0
07-10 23:48:37.211  1750  2200 V SoundTriggerService: 9f6ad62a-1f0b-11e7-87c5-40a8f03d3f15: destroy
07-10 23:48:37.212  1750  4308 I SoundTriggerService: startRecognition(): id = 9f6ad62a-1f0b-11e7-87c5-40a8f03d3f15
07-10 23:48:37.212  1750  4308 W SoundTriggerHelper: Canceling previous recognition for model id: 9f6ad62a-1f0b-11e7-87c5-40a8f03d3f15
07-10 23:48:37.212  1750  4308 V SoundTriggerService: 9f6ad62a-1f0b-11e7-87c5-40a8f03d3f15: onError: -2147483648
07-10 23:48:37.214  1750  4308 W SoundTriggerService: 9f6ad62a-1f0b-11e7-87c5-40a8f03d3f15: Dropped operation as already destroyed or marked for destruction
07-10 23:48:37.268  1750  4308 I SoundTriggerHelper: startRecognition successful.
07-10 23:48:37.268  1750  4308 W SoundTriggerService: error onStart(): Model 9f6ad62a-1f0b-11e7-87c5-40a8f03d3f15 already started
07-10 23:48:37.272  1750  4308 I SoundTriggerService: deleteSoundModel(): id = 12caddb1-acdb-4dce-8cb0-2e95a2313aee
07-10 23:48:37.273  1750  4308 W SoundTriggerHelper: Unload error: Attempting unload invalid generic model with id:12caddb1-acdb-4dce-8cb0-2e95a2313aee
07-10 23:48:37.273  1750  4308 W SoundTriggerService: error onStop(): Model 12caddb1-acdb-4dce-8cb0-2e95a2313aee has no stats available
07-10 23:48:38.122  1750  2258 W NetworkPolicy: shared quota unsupported; generating rule for each iface
07-10 23:48:47.873  1750  4232 W ProcessStats: Tracking association SourceState{584cdb3 system/1000 BTopFgs #1302892} whose proc state 2 is better than process ProcessState{baa4f70 net.dinglisch.android.taskerm/10289 pkg=net.dinglisch.android.taskerm} proc state 3 (4 skipped)
07-10 23:49:00.295  1750  2226 D ActivityManager: freezing 26489 com.google.android.apps.authenticator2
07-10 23:49:00.297  1750  2226 D ActivityManager: froze 26489 com.google.android.apps.authenticator2
07-10 23:49:02.917  1750  4232 W ProcessStats: Tracking association SourceState{584cdb3 system/1000 BTopFgs #1302898} whose proc state 2 is better than process ProcessState{baa4f70 net.dinglisch.android.taskerm/10289 pkg=net.dinglisch.android.taskerm} proc state 3 (5 skipped)
07-10 23:49:03.212  2380  3910 D PowerUI : can't show warning due to - plugged: true status unknown: false
07-10 23:49:18.251  1750  2258 W NetworkPolicy: shared quota unsupported; generating rule for each iface
07-10 23:49:23.306  1750  4264 W ProcessStats: Tracking association SourceState{584cdb3 system/1000 BTopFgs #1302904} whose proc state 2 is better than process ProcessState{baa4f70 net.dinglisch.android.taskerm/10289 pkg=net.dinglisch.android.taskerm} proc state 3 (4 skipped)
07-10 23:49:30.800  1750  4264 D CompatibilityChangeReporter: Compat change id reported: 135634846; UID 10190; state: DISABLED
07-10 23:49:30.800  1750  4264 D CompatibilityChangeReporter: Compat change id reported: 177438394; UID 10190; state: DISABLED
07-10 23:49:30.800  1750  4264 D CompatibilityChangeReporter: Compat change id reported: 135772972; UID 10190; state: DISABLED
07-10 23:49:30.800  1750  4264 D CompatibilityChangeReporter: Compat change id reported: 135754954; UID 10190; state: ENABLED
07-10 23:49:30.800  1750  2069 D CompatibilityChangeReporter: Compat change id reported: 143937733; UID 10190; state: ENABLED
07-10 23:49:30.810  1750  2069 I ActivityManager: Start proc 28631:com.google.process.gapps/u0a190 for content provider {com.google.android.gsf/com.google.android.gsf.settings.GoogleSettingsProvider}
07-10 23:49:31.174  1750  2200 D CompatibilityChangeReporter: Compat change id reported: 135634846; UID 10107; state: DISABLED
07-10 23:49:31.174  1750  2200 D CompatibilityChangeReporter: Compat change id reported: 177438394; UID 10107; state: DISABLED
07-10 23:49:31.175  1750  2200 D CompatibilityChangeReporter: Compat change id reported: 135772972; UID 10107; state: DISABLED
07-10 23:49:31.175  1750  2200 D CompatibilityChangeReporter: Compat change id reported: 135754954; UID 10107; state: ENABLED
07-10 23:49:31.175  1750  2069 D CompatibilityChangeReporter: Compat change id reported: 143937733; UID 10107; state: ENABLED
07-10 23:49:31.186  1750  2069 I ActivityManager: Start proc 28654:com.android.providers.calendar/u0a107 for content provider {com.android.providers.calendar/com.android.providers.calendar.CalendarProvider2}
07-10 23:49:31.209  1750  4232 D CompatibilityChangeReporter: Compat change id reported: 168419799; UID 10107; state: DISABLED
07-10 23:49:31.292  1750  4264 D CompatibilityChangeReporter: Compat change id reported: 143231523; UID 10107; state: DISABLED
07-10 23:49:31.328  1750  4264 I ContentCaptureManagerService: Data share request accepted by Content Capture service
07-10 23:49:38.374  1750  4264 W ProcessStats: Tracking association SourceState{584cdb3 system/1000 BTopFgs #1302930} whose proc state 2 is better than process ProcessState{baa4f70 net.dinglisch.android.taskerm/10289 pkg=net.dinglisch.android.taskerm} proc state 3 (19 skipped)
07-10 23:49:38.834  2380 12694 D PowerUI : can't show warning due to - plugged: true status unknown: false
07-10 23:49:51.313  1750  2068 W ProcessStats: Tracking association SourceState{584cdb3 system/1000 BTopFgs #1302940} whose proc state 2 is better than process ProcessState{baa4f70 net.dinglisch.android.taskerm/10289 pkg=net.dinglisch.android.taskerm} proc state 3 (8 skipped)
07-10 23:49:51.336  1750  1750 D CompatibilityChangeReporter: Compat change id reported: 177438394; UID 10208; state: DISABLED
07-10 23:49:51.336  1750  1750 D CompatibilityChangeReporter: Compat change id reported: 135772972; UID 10208; state: DISABLED
07-10 23:49:51.336  1750  1750 D CompatibilityChangeReporter: Compat change id reported: 135754954; UID 10208; state: ENABLED
07-10 23:49:51.337  1750  2069 D CompatibilityChangeReporter: Compat change id reported: 143937733; UID 10208; state: ENABLED
07-10 23:49:51.348  1750  2069 I ActivityManager: Start proc 28691:com.google.android.youtube/u0a208 for service {com.google.android.youtube/androidx.work.impl.background.systemjob.SystemJobService}
07-10 23:49:51.956  1750  4264 D CompatibilityChangeReporter: Compat change id reported: 135634846; UID 10190; state: DISABLED
07-10 23:49:51.956  1750  4264 D CompatibilityChangeReporter: Compat change id reported: 177438394; UID 10190; state: DISABLED
07-10 23:49:51.956  1750  4264 D CompatibilityChangeReporter: Compat change id reported: 135772972; UID 10190; state: DISABLED
07-10 23:49:51.956  1750  4264 D CompatibilityChangeReporter: Compat change id reported: 135754954; UID 10190; state: ENABLED
07-10 23:49:51.957  1750  2069 D CompatibilityChangeReporter: Compat change id reported: 143937733; UID 10190; state: ENABLED
07-10 23:49:51.965  1750  2069 I ActivityManager: Start proc 28773:com.google.android.gms.unstable/u0a190 for service {com.google.android.gms/com.google.android.gms.droidguard.DroidGuardService}
07-10 23:49:52.134  1750  4264 I ActivityManager: Killing 24462:com.bestbuy.android/u0a390 (adj 915): empty #33
07-10 23:49:52.281  1750  4231 D CompatibilityChangeReporter: Compat change id reported: 183164979; UID 10208; state: ENABLED
07-10 23:49:52.372  1750  2133 E VerityUtils: Failed to measure fs-verity, errno 1: /data/app/~~E-7-VlKT6XOJdNm5eGEO1Q==/com.google.android.youtube-298N0QPD1JXfRRRwXtqJVA==/base.apk
07-10 23:49:53.592  1750  4264 D CompatibilityChangeReporter: Compat change id reported: 135634846; UID 10163; state: DISABLED
07-10 23:49:53.593  1750  4264 D CompatibilityChangeReporter: Compat change id reported: 177438394; UID 10163; state: DISABLED
07-10 23:49:53.593  1750  4264 D CompatibilityChangeReporter: Compat change id reported: 135772972; UID 10163; state: DISABLED
07-10 23:49:53.593  1750  4264 D CompatibilityChangeReporter: Compat change id reported: 135754954; UID 10163; state: ENABLED
07-10 23:49:53.593  1750  2069 D CompatibilityChangeReporter: Compat change id reported: 143937733; UID 10163; state: ENABLED
07-10 23:49:53.603  1750  2069 I ActivityManager: Start proc 28859:com.google.android.apps.wellbeing/u0a163 for content provider {com.google.android.apps.wellbeing/com.google.android.apps.wellbeing.api.impl.WellbeingSettingsProvider}
07-10 23:49:53.626  1750  2394 D CompatibilityChangeReporter: Compat change id reported: 168419799; UID 10163; state: DISABLED
07-10 23:49:53.631  1750  4264 D CompatibilityChangeReporter: Compat change id reported: 135634846; UID 10205; state: DISABLED
07-10 23:49:53.631  1750  4264 D CompatibilityChangeReporter: Compat change id reported: 177438394; UID 10205; state: DISABLED
07-10 23:49:53.631  1750  4264 D CompatibilityChangeReporter: Compat change id reported: 135772972; UID 10205; state: DISABLED
07-10 23:49:53.631  1750  4264 D CompatibilityChangeReporter: Compat change id reported: 135754954; UID 10205; state: ENABLED
07-10 23:49:53.631  1750  2069 D CompatibilityChangeReporter: Compat change id reported: 143937733; UID 10205; state: ENABLED
07-10 23:49:53.638  1750  2069 I ActivityManager: Start proc 28875:com.android.chrome:privileged_process1/u0a205 for service {com.android.chrome/org.chromium.content.app.PrivilegedProcessService1}
07-10 23:49:53.662  1750  4264 D CompatibilityChangeReporter: Compat change id reported: 135634846; UID 10205; state: DISABLED
07-10 23:49:53.662  1750  4264 D CompatibilityChangeReporter: Compat change id reported: 177438394; UID 10205; state: DISABLED
07-10 23:49:53.662  1750  4264 D CompatibilityChangeReporter: Compat change id reported: 135772972; UID 10205; state: DISABLED
07-10 23:49:53.662  1750  4264 D CompatibilityChangeReporter: Compat change id reported: 135754954; UID 10205; state: ENABLED
07-10 23:49:53.662  1750  2069 D CompatibilityChangeReporter: Compat change id reported: 143937733; UID 10205; state: ENABLED
07-10 23:49:53.663  1750  4231 I ActivityManager: Killing 26038:com.google.android.webview:sandboxed_process0:org.chromium.content.app.SandboxedProcessService0:0/u0a323i521 (adj 975): empty #33
07-10 23:49:53.679  1750  2069 I ActivityManager: Start proc 28894:com.android.chrome:sandboxed_process0:org.chromium.content.app.SandboxedProcessService0:54/u0ai54 for  {com.android.chrome/org.chromium.content.app.SandboxedProcessService0:54}
07-10 23:49:53.710  1750  4264 W ActivityManager: Scheduling restart of crashed service com.pandora.android/org.chromium.content.app.SandboxedProcessService0:0 in 1000ms for connection
07-10 23:49:53.749  1750  2096 E KernelCpuUidActiveTimeReader: Negative delta from active time for uid: 10229, delta: -12
07-10 23:49:53.749  1750  2096 E KernelCpuUidActiveTimeReader: Negative delta from active time for uid: 10114, delta: -16
07-10 23:49:53.749  1750  2096 E KernelCpuUidActiveTimeReader: Negative delta from active time for uid: 10151, delta: -22
07-10 23:49:53.749  1750  2096 E KernelCpuUidActiveTimeReader: Negative delta from active time for uid: 10290, delta: -30
07-10 23:49:53.749  1750  2096 E KernelCpuUidActiveTimeReader: Negative delta from active time for uid: 10167, delta: -11
07-10 23:49:53.749  1750  2096 E KernelCpuUidActiveTimeReader: Negative delta from active time for uid: 10157, delta: -17
07-10 23:49:53.750  1750  2096 E KernelCpuUidActiveTimeReader: Negative delta from active time for uid: 10521, delta: -19
07-10 23:49:53.750  1750  2096 E KernelCpuUidActiveTimeReader: Negative delta from active time for uid: 10343, delta: -33
07-10 23:49:53.750  1750  2096 E KernelCpuUidActiveTimeReader: Negative delta from active time for uid: 10105, delta: -12
07-10 23:49:53.750  1750  2096 E KernelCpuUidActiveTimeReader: Negative delta from active time for uid: 10236, delta: -2
07-10 23:49:53.750  1750  2096 E KernelCpuUidActiveTimeReader: Negative delta from active time for uid: 10184, delta: -30
07-10 23:49:53.750  1750  2096 E KernelCpuUidActiveTimeReader: Negative delta from active time for uid: 10404, delta: -24
07-10 23:49:53.750  1750  2096 E KernelCpuUidActiveTimeReader: Negative delta from active time for uid: 10281, delta: -44
07-10 23:49:56.322  1750  1750 I JobServiceContext: Letting d48ba1e #u0a584/1007 com.nytimes.crossword/androidx.work.impl.background.systemjob.SystemJobService continue to run past min execution time
07-10 23:49:58.884  1750  4264 I ActivityManager: Killing 24896:com.pandora.android/u0a323 (adj 975): empty #33
07-10 23:49:58.948  1750  2394 I ActivityManager: Killing 22702:com.google.android.apps.security.securityhub/u0a518 (adj 985): empty #33
07-10 23:50:01.287  1750  2975 D CompatibilityChangeReporter: Compat change id reported: 171306433; UID 10190; state: ENABLED
07-10 23:50:01.324  1750  2975 W ProcessStats: Tracking association SourceState{584cdb3 system/1000 BTopFgs #1303041} whose proc state 2 is better than process ProcessState{baa4f70 net.dinglisch.android.taskerm/10289 pkg=net.dinglisch.android.taskerm} proc state 3 (80 skipped)
07-10 23:50:01.602  1750  2975 I ContentCaptureManagerService: Data share request accepted by Content Capture service
07-10 23:50:03.198  2380 14871 D PowerUI : can't show warning due to - plugged: true status unknown: false
07-10 23:50:06.658  1750  1750 V SoundTriggerService: 9f6ad62a-1f0b-11e7-87c5-40a8f03d3f15: Generic sound trigger event: GenericRecognitionEvent ::RecognitionEvent [status=0, soundModelHandle=5, captureAvailable=true, captureSession=1786505, captureDelayMs=0, capturePreambleMs=0, triggerInData=false, sampleRate=16000, encoding=2, channelMask=16, data=19]
07-10 23:50:06.675  1750  1750 V SoundTriggerService: 9f6ad62a-1f0b-11e7-87c5-40a8f03d3f15: onServiceConnected(android.os.BinderProxy@eff836)
07-10 23:50:06.675  1750  1750 V SoundTriggerService: 9f6ad62a-1f0b-11e7-87c5-40a8f03d3f15: runOp 0
07-10 23:50:08.243  1750  2975 V SoundTriggerService: 9f6ad62a-1f0b-11e7-87c5-40a8f03d3f15: destroy
07-10 23:50:08.244  1750  4264 I SoundTriggerService: startRecognition(): id = 9f6ad62a-1f0b-11e7-87c5-40a8f03d3f15
07-10 23:50:08.244  1750  4264 W SoundTriggerHelper: Canceling previous recognition for model id: 9f6ad62a-1f0b-11e7-87c5-40a8f03d3f15
07-10 23:50:08.244  1750  4264 V SoundTriggerService: 9f6ad62a-1f0b-11e7-87c5-40a8f03d3f15: onError: -2147483648
07-10 23:50:08.247  1750  4264 W SoundTriggerService: 9f6ad62a-1f0b-11e7-87c5-40a8f03d3f15: Dropped operation as already destroyed or marked for destruction
07-10 23:50:08.310  1750  4264 I SoundTriggerHelper: startRecognition successful.
07-10 23:50:08.311  1750  4264 W SoundTriggerService: error onStart(): Model 9f6ad62a-1f0b-11e7-87c5-40a8f03d3f15 already started
07-10 23:50:08.313  1750  4264 I SoundTriggerService: deleteSoundModel(): id = 12caddb1-acdb-4dce-8cb0-2e95a2313aee
07-10 23:50:08.314  1750  4264 W SoundTriggerHelper: Unload error: Attempting unload invalid generic model with id:12caddb1-acdb-4dce-8cb0-2e95a2313aee
07-10 23:50:08.314  1750  4264 W SoundTriggerService: error onStop(): Model 12caddb1-acdb-4dce-8cb0-2e95a2313aee has no stats available
07-10 23:50:10.132  2380  9009 D PowerUI : can't show warning due to - plugged: true status unknown: false
07-10 23:50:10.153  1750  2096 E KernelCpuUidActiveTimeReader: Negative delta from active time for uid: 10229, delta: -12
07-10 23:50:10.153  1750  2096 E KernelCpuUidActiveTimeReader: Negative delta from active time for uid: 10114, delta: -16
07-10 23:50:10.154  1750  2096 E KernelCpuUidActiveTimeReader: Negative delta from active time for uid: 10151, delta: -22
07-10 23:50:10.154  1750  2096 E KernelCpuUidActiveTimeReader: Negative delta from active time for uid: 10290, delta: -30
07-10 23:50:10.154  1750  2096 E KernelCpuUidActiveTimeReader: Negative delta from active time for uid: 10167, delta: -11
07-10 23:50:10.154  1750  2096 E KernelCpuUidActiveTimeReader: Negative delta from active time for uid: 10157, delta: -17
07-10 23:50:10.154  1750  2096 E KernelCpuUidActiveTimeReader: Negative delta from active time for uid: 10521, delta: -19
07-10 23:50:10.154  1750  2096 E KernelCpuUidActiveTimeReader: Negative delta from active time for uid: 10343, delta: -33
07-10 23:50:10.154  1750  2096 E KernelCpuUidActiveTimeReader: Negative delta from active time for uid: 10105, delta: -12
07-10 23:50:10.154  1750  2096 E KernelCpuUidActiveTimeReader: Negative delta from active time for uid: 10236, delta: -2
07-10 23:50:10.155  1750  2096 E KernelCpuUidActiveTimeReader: Negative delta from active time for uid: 10184, delta: -30
07-10 23:50:10.155  1750  2096 E KernelCpuUidActiveTimeReader: Negative delta from active time for uid: 10404, delta: -24
07-10 23:50:10.155  1750  2096 E KernelCpuUidActiveTimeReader: Negative delta from active time for uid: 10281, delta: -44
07-10 23:50:11.941  1750  2068 W ProcessStats: Tracking association SourceState{584cdb3 system/1000 BTopFgs #1303118} whose proc state 2 is better than process ProcessState{baa4f70 net.dinglisch.android.taskerm/10289 pkg=net.dinglisch.android.taskerm} proc state 3 (58 skipped)
07-10 23:50:22.421  1750  4232 W ProcessStats: Tracking association SourceState{584cdb3 system/1000 BTopFgs #1303128} whose proc state 2 is better than process ProcessState{baa4f70 net.dinglisch.android.taskerm/10289 pkg=net.dinglisch.android.taskerm} proc state 3 (9 skipped)
07-10 23:50:30.276  1750  3029 W AlarmManager: Window length 333766908ms too long; limiting to 1 day
07-10 23:50:30.287  1750  1750 D CompatibilityChangeReporter: Compat change id reported: 135634846; UID 10390; state: DISABLED
07-10 23:50:30.287  1750  1750 D CompatibilityChangeReporter: Compat change id reported: 177438394; UID 10390; state: DISABLED
07-10 23:50:30.287  1750  1750 D CompatibilityChangeReporter: Compat change id reported: 135772972; UID 10390; state: DISABLED
07-10 23:50:30.288  1750  1750 D CompatibilityChangeReporter: Compat change id reported: 135754954; UID 10390; state: ENABLED
07-10 23:50:30.288  1750  2069 D CompatibilityChangeReporter: Compat change id reported: 143937733; UID 10390; state: ENABLED
07-10 23:50:30.304  1750  2069 I ActivityManager: Start proc 29017:com.bestbuy.android/u0a390 for service {com.bestbuy.android/com.optimizely.ab.android.shared.ScheduledJobService}
07-10 23:50:30.973  1750  3117 D CompatibilityChangeReporter: Compat change id reported: 135634846; UID 10218; state: DISABLED
07-10 23:50:30.973  1750  3117 D CompatibilityChangeReporter: Compat change id reported: 177438394; UID 10218; state: DISABLED
07-10 23:50:30.973  1750  3117 D CompatibilityChangeReporter: Compat change id reported: 135772972; UID 10218; state: DISABLED
07-10 23:50:30.974  1750  3117 D CompatibilityChangeReporter: Compat change id reported: 135754954; UID 10218; state: ENABLED
07-10 23:50:30.974  1750  2069 D CompatibilityChangeReporter: Compat change id reported: 143937733; UID 10218; state: ENABLED
07-10 23:50:30.983  1750  2069 I ActivityManager: Start proc 29114:com.google.ar.core/u0a218 for content provider {com.google.ar.core/com.google.ar.core.services.ArCoreContentProvider}
07-10 23:50:31.010  1750  3117 D CompatibilityChangeReporter: Compat change id reported: 168419799; UID 10218; state: DISABLED
07-10 23:50:31.398  1750  3029 D CompatibilityChangeReporter: Compat change id reported: 135634846; UID 10390; state: DISABLED
07-10 23:50:31.398  1750  3029 D CompatibilityChangeReporter: Compat change id reported: 177438394; UID 10390; state: DISABLED
07-10 23:50:31.398  1750  3029 D CompatibilityChangeReporter: Compat change id reported: 135772972; UID 10390; state: DISABLED
07-10 23:50:31.398  1750  3029 D CompatibilityChangeReporter: Compat change id reported: 135754954; UID 10390; state: ENABLED
07-10 23:50:31.398  1750  2069 D CompatibilityChangeReporter: Compat change id reported: 143937733; UID 10390; state: ENABLED
07-10 23:50:31.414  1750  2069 I ActivityManager: Start proc 29146:com.google.android.webview:sandboxed_process0:org.chromium.content.app.SandboxedProcessService0:0/u0i522 for  {com.bestbuy.android/org.chromium.content.app.SandboxedProcessService0:0}
07-10 23:50:31.571  1750  2975 I ActivityManager: Killing 21111:com.google.android.settings.intelligence/u0a160 (adj 975): empty #33
07-10 23:50:31.572  1750  2975 I ActivityManager: Killing 22676:com.android.settings/1000 (adj 925): empty #34
07-10 23:50:31.636  1750  4232 I ActivityManager: Killing 26333:com.google.android.apps.turbo:aab/u0a188 (adj 985): empty #33
07-10 23:50:31.637  1750  4232 I ActivityManager: Killing 26117:com.google.android.dialer/u0a180 (adj 985): empty #34
07-10 23:50:32.019  1750  4232 D BiometricService: canAuthenticate: User=0, Caller=0, Authenticators=255
07-10 23:50:32.019  1750  4232 D BiometricService/PreAuthInfo: Package: com.bestbuy.android Sensor ID: 0 Modality: 2 Status: 1
07-10 23:50:32.019  1750  4232 D BiometricService/PreAuthInfo: getCanAuthenticateInternal Modality: 2 AuthenticatorStatus: 1
07-10 23:50:32.019  1750  4232 D AuthService: canAuthenticate, userId: 0, callingUserId: 0, authenticators: 255, result: 0
07-10 23:50:32.573  1750  2068 W ProcessStats: Tracking association SourceState{584cdb3 system/1000 BTopFgs #1303189} whose proc state 2 is better than process ProcessState{baa4f70 net.dinglisch.android.taskerm/10289 pkg=net.dinglisch.android.taskerm} proc state 3 (43 skipped)
07-10 23:50:38.316  1750  2258 W NetworkPolicy: shared quota unsupported; generating rule for each iface
07-10 23:50:42.243  1750  2096 E KernelCpuUidActiveTimeReader: Negative delta from active time for uid: 10229, delta: -12
07-10 23:50:42.243  1750  2096 E KernelCpuUidActiveTimeReader: Negative delta from active time for uid: 10114, delta: -16
07-10 23:50:42.243  1750  2096 E KernelCpuUidActiveTimeReader: Negative delta from active time for uid: 10151, delta: -22
07-10 23:50:42.243  1750  2096 E KernelCpuUidActiveTimeReader: Negative delta from active time for uid: 10290, delta: -30
07-10 23:50:42.244  1750  2096 E KernelCpuUidActiveTimeReader: Negative delta from active time for uid: 10167, delta: -11
07-10 23:50:42.244  1750  2096 E KernelCpuUidActiveTimeReader: Negative delta from active time for uid: 10157, delta: -17
07-10 23:50:42.244  1750  2096 E KernelCpuUidActiveTimeReader: Negative delta from active time for uid: 10521, delta: -19
07-10 23:50:42.244  1750  2096 E KernelCpuUidActiveTimeReader: Negative delta from active time for uid: 10343, delta: -33
07-10 23:50:42.244  1750  2096 E KernelCpuUidActiveTimeReader: Negative delta from active time for uid: 10105, delta: -12
07-10 23:50:42.244  1750  2096 E KernelCpuUidActiveTimeReader: Negative delta from active time for uid: 10236, delta: -2
07-10 23:50:42.245  1750  2096 E KernelCpuUidActiveTimeReader: Negative delta from active time for uid: 10184, delta: -30
07-10 23:50:42.245  1750  2096 E KernelCpuUidActiveTimeReader: Negative delta from active time for uid: 10404, delta: -24
07-10 23:50:42.245  1750  2096 E KernelCpuUidActiveTimeReader: Negative delta from active time for uid: 10281, delta: -44
07-10 23:50:45.881  1750  4232 W ProcessStats: Tracking association SourceState{584cdb3 system/1000 BTopFgs #1303195} whose proc state 2 is better than process ProcessState{baa4f70 net.dinglisch.android.taskerm/10289 pkg=net.dinglisch.android.taskerm} proc state 3 (4 skipped)
07-10 23:50:55.926  1750  2226 D ActivityManager: freezing 26854 com.google.android.apps.fireball
07-10 23:50:55.928  1750  2226 D ActivityManager: froze 26854 com.google.android.apps.fireball
07-10 23:51:01.977  1750  3029 W ProcessStats: Tracking association SourceState{584cdb3 system/1000 BTopFgs #1303216} whose proc state 2 is better than process ProcessState{baa4f70 net.dinglisch.android.taskerm/10289 pkg=net.dinglisch.android.taskerm} proc state 3 (19 skipped)
07-10 23:51:03.198  2380 16206 D PowerUI : can't show warning due to - plugged: true status unknown: false
07-10 23:51:13.790  1750  2068 W ProcessStats: Tracking association SourceState{584cdb3 system/1000 BTopFgs #1303222} whose proc state 2 is better than process ProcessState{baa4f70 net.dinglisch.android.taskerm/10289 pkg=net.dinglisch.android.taskerm} proc state 3 (4 skipped)
07-10 23:51:24.474  1750  4232 W ProcessStats: Tracking association SourceState{584cdb3 system/1000 BTopFgs #1303228} whose proc state 2 is better than process ProcessState{baa4f70 net.dinglisch.android.taskerm/10289 pkg=net.dinglisch.android.taskerm} proc state 3 (5 skipped)
07-10 23:51:34.431  1750  1750 D CompatibilityChangeReporter: Compat change id reported: 135634846; UID 10180; state: DISABLED
07-10 23:51:34.431  1750  1750 D CompatibilityChangeReporter: Compat change id reported: 177438394; UID 10180; state: DISABLED
07-10 23:51:34.431  1750  1750 D CompatibilityChangeReporter: Compat change id reported: 135772972; UID 10180; state: DISABLED
07-10 23:51:34.431  1750  1750 D CompatibilityChangeReporter: Compat change id reported: 135754954; UID 10180; state: ENABLED
07-10 23:51:34.432  1750  2069 D CompatibilityChangeReporter: Compat change id reported: 143937733; UID 10180; state: ENABLED
07-10 23:51:34.443  1750  2069 I ActivityManager: Start proc 29365:com.google.android.dialer/u0a180 for service {com.google.android.dialer/androidx.work.impl.background.systemjob.SystemJobService}
07-10 23:51:34.464  1750  4232 D CompatibilityChangeReporter: Compat change id reported: 168419799; UID 10180; state: DISABLED
07-10 23:51:34.754  1750  4232 W ProcessStats: Tracking association SourceState{584cdb3 system/1000 BTopFgs #1303234} whose proc state 2 is better than process ProcessState{baa4f70 net.dinglisch.android.taskerm/10289 pkg=net.dinglisch.android.taskerm} proc state 3 (2 skipped)
07-10 23:51:34.783  1750  4246 D CompatibilityChangeReporter: Compat change id reported: 169887240; UID 10180; state: ENABLED
07-10 23:51:34.783  1750  4246 D CompatibilityChangeReporter: Compat change id reported: 168936375; UID 10180; state: ENABLED
07-10 23:51:34.784  1750  4246 D CompatibilityChangeReporter: Compat change id reported: 73144566; UID 10180; state: ENABLED
07-10 23:51:42.847  1750  1750 V SoundTriggerService: 9f6ad62a-1f0b-11e7-87c5-40a8f03d3f15: Generic sound trigger event: GenericRecognitionEvent ::RecognitionEvent [status=0, soundModelHandle=5, captureAvailable=true, captureSession=1786505, captureDelayMs=0, capturePreambleMs=0, triggerInData=false, sampleRate=16000, encoding=2, channelMask=16, data=19]
07-10 23:51:42.862  1750  1750 V SoundTriggerService: 9f6ad62a-1f0b-11e7-87c5-40a8f03d3f15: onServiceConnected(android.os.BinderProxy@b93a817)
07-10 23:51:42.863  1750  1750 V SoundTriggerService: 9f6ad62a-1f0b-11e7-87c5-40a8f03d3f15: runOp 0
07-10 23:51:44.424  1750  1786 V SoundTriggerService: 9f6ad62a-1f0b-11e7-87c5-40a8f03d3f15: destroy
07-10 23:51:44.426  1750  4848 I SoundTriggerService: startRecognition(): id = 9f6ad62a-1f0b-11e7-87c5-40a8f03d3f15
07-10 23:51:44.426  1750  4848 W SoundTriggerHelper: Canceling previous recognition for model id: 9f6ad62a-1f0b-11e7-87c5-40a8f03d3f15
07-10 23:51:44.426  1750  4848 V SoundTriggerService: 9f6ad62a-1f0b-11e7-87c5-40a8f03d3f15: onError: -2147483648
07-10 23:51:44.429  1750  4848 W SoundTriggerService: 9f6ad62a-1f0b-11e7-87c5-40a8f03d3f15: Dropped operation as already destroyed or marked for destruction
07-10 23:51:44.486  1750  4848 I SoundTriggerHelper: startRecognition successful.
07-10 23:51:44.487  1750  4848 W SoundTriggerService: error onStart(): Model 9f6ad62a-1f0b-11e7-87c5-40a8f03d3f15 already started
07-10 23:51:44.489  1750  4848 I SoundTriggerService: deleteSoundModel(): id = 12caddb1-acdb-4dce-8cb0-2e95a2313aee
07-10 23:51:44.490  1750  4848 W SoundTriggerHelper: Unload error: Attempting unload invalid generic model with id:12caddb1-acdb-4dce-8cb0-2e95a2313aee
07-10 23:51:44.490  1750  4848 W SoundTriggerService: error onStop(): Model 12caddb1-acdb-4dce-8cb0-2e95a2313aee has no stats available
07-10 23:51:45.594  1750  2211 W ProcessStats: Tracking association SourceState{584cdb3 system/1000 BTopFgs #1303258} whose proc state 2 is better than process ProcessState{baa4f70 net.dinglisch.android.taskerm/10289 pkg=net.dinglisch.android.taskerm} proc state 3 (17 skipped)
07-10 23:51:56.822  1750  1786 W ProcessStats: Tracking association SourceState{584cdb3 system/1000 BTopFgs #1303267} whose proc state 2 is better than process ProcessState{baa4f70 net.dinglisch.android.taskerm/10289 pkg=net.dinglisch.android.taskerm} proc state 3 (7 skipped)
07-10 23:52:03.194  2380 12345 D PowerUI : can't show warning due to - plugged: true status unknown: false
07-10 23:52:08.443  1750  4057 W ProcessStats: Tracking association SourceState{584cdb3 system/1000 BTopFgs #1303273} whose proc state 2 is better than process ProcessState{baa4f70 net.dinglisch.android.taskerm/10289 pkg=net.dinglisch.android.taskerm} proc state 3 (4 skipped)
07-10 23:52:11.694  1750  4230 W AppOps  : Noting op not finished: uid 10447 pkg com.urbandroid.sleep code 79 startTime of in progress event=1657511176352
07-10 23:52:11.701  1750  4230 W AppOps  : Noting op not finished: uid 10202 pkg com.google.android.apps.maps code 79 startTime of in progress event=1657511172862
07-10 23:52:11.707  1750  4230 W AppOps  : Noting op not finished: uid 10190 pkg com.google.android.gms code 113 startTime of in progress event=1657510066126
07-10 23:52:11.715  1750  4848 W AppOps  : Noting op not finished: uid 10190 pkg com.google.android.gms code 113 startTime of in progress event=1657510047200
07-10 23:52:11.724  1750  4848 D CompatibilityChangeReporter: Compat change id reported: 168419799; UID 10190; state: DISABLED
07-10 23:52:11.726  1750  4848 W AppOps  : Noting op not finished: uid 10223 pkg com.google.android.gms.location.history code 79 startTime of in progress event=1657509937610
07-10 23:52:11.733  1750  4848 W AppOps  : Noting op not finished: uid 10190 pkg com.google.android.gms code 113 startTime of in progress event=1657510047200
07-10 23:52:15.153  1750  4246 W AppOps  : Noting op not finished: uid 10447 pkg com.urbandroid.sleep code 79 startTime of in progress event=1657511531711
07-10 23:52:18.754  1750  4230 W ProcessStats: Tracking association SourceState{584cdb3 system/1000 BTopFgs #1303299} whose proc state 2 is better than process ProcessState{baa4f70 net.dinglisch.android.taskerm/10289 pkg=net.dinglisch.android.taskerm} proc state 3 (23 skipped)
07-10 23:52:35.179  1750  2211 W ProcessStats: Tracking association SourceState{584cdb3 system/1000 BTopFgs #1303307} whose proc state 2 is better than process ProcessState{baa4f70 net.dinglisch.android.taskerm/10289 pkg=net.dinglisch.android.taskerm} proc state 3 (7 skipped)
07-10 23:52:47.973  1750  4848 W ProcessStats: Tracking association SourceState{584cdb3 system/1000 BTopFgs #1303318} whose proc state 2 is better than process ProcessState{baa4f70 net.dinglisch.android.taskerm/10289 pkg=net.dinglisch.android.taskerm} proc state 3 (9 skipped)
07-10 23:52:59.215  1750  2062 I UsageStatsService: User[0] Flushing usage stats to disk
07-10 23:53:03.024  1750  4246 W ProcessStats: Tracking association SourceState{584cdb3 system/1000 BTopFgs #1303325} whose proc state 2 is better than process ProcessState{baa4f70 net.dinglisch.android.taskerm/10289 pkg=net.dinglisch.android.taskerm} proc state 3 (6 skipped)
07-10 23:53:03.197  2380  3536 D PowerUI : can't show warning due to - plugged: true status unknown: false
07-10 23:53:17.505  1750  2068 W ProcessStats: Tracking association SourceState{584cdb3 system/1000 BTopFgs #1303329} whose proc state 2 is better than process ProcessState{baa4f70 net.dinglisch.android.taskerm/10289 pkg=net.dinglisch.android.taskerm} proc state 3 (2 skipped)
07-10 23:53:18.641  1750  2258 W NetworkPolicy: shared quota unsupported; generating rule for each iface
07-10 23:53:32.293  1750  4230 W ProcessStats: Tracking association SourceState{584cdb3 system/1000 BTopFgs #1303335} whose proc state 2 is better than process ProcessState{baa4f70 net.dinglisch.android.taskerm/10289 pkg=net.dinglisch.android.taskerm} proc state 3 (5 skipped)
07-10 23:53:32.295  1750  4057 I ActivityManager: Killing 26358:com.google.android.apps.fitness/u0a322 (adj 975): empty #33
07-10 23:53:38.390  1750  1786 D CompatibilityChangeReporter: Compat change id reported: 149924527; UID 10190; state: ENABLED
07-10 23:53:38.390  1750  1786 D CompatibilityChangeReporter: Compat change id reported: 132649864; UID 10190; state: DISABLED
07-10 23:53:38.392  1750  1786 D CompatibilityChangeReporter: Compat change id reported: 182734110; UID 10190; state: ENABLED
07-10 23:53:44.297  1750  2062 W ProcessStats: Tracking association SourceState{584cdb3 system/1000 BTopFgs #1303404} whose proc state 2 is better than process ProcessState{baa4f70 net.dinglisch.android.taskerm/10289 pkg=net.dinglisch.android.taskerm} proc state 3 (62 skipped)
07-10 23:53:44.565  1750  4230 D CompatibilityChangeReporter: Compat change id reported: 135634846; UID 10103; state: DISABLED
07-10 23:53:44.565  1750  4230 D CompatibilityChangeReporter: Compat change id reported: 177438394; UID 10103; state: DISABLED
07-10 23:53:44.565  1750  4230 D CompatibilityChangeReporter: Compat change id reported: 135772972; UID 10103; state: DISABLED
07-10 23:53:44.565  1750  4230 D CompatibilityChangeReporter: Compat change id reported: 135754954; UID 10103; state: ENABLED
07-10 23:53:44.566  1750  2069 D CompatibilityChangeReporter: Compat change id reported: 143937733; UID 10103; state: ENABLED
07-10 23:53:44.577  1750  2069 I ActivityManager: Start proc 29535:android.process.acore/u0a103 for content provider {com.android.providers.contacts/com.android.providers.contacts.ContactsProvider2}
07-10 23:53:44.606  1750  4057 D CompatibilityChangeReporter: Compat change id reported: 168419799; UID 10103; state: DISABLED
07-10 23:53:55.445  1750  1786 W ProcessStats: Tracking association SourceState{584cdb3 system/1000 BTopFgs #1303438} whose proc state 2 is better than process ProcessState{baa4f70 net.dinglisch.android.taskerm/10289 pkg=net.dinglisch.android.taskerm} proc state 3 (32 skipped)
07-10 23:54:03.198  2380  3014 D PowerUI : can't show warning due to - plugged: true status unknown: false
07-10 23:54:06.969  2380  3910 D PowerUI : can't show warning due to - plugged: true status unknown: false
07-10 23:54:06.969  1750  4057 W ProcessStats: Tracking association SourceState{584cdb3 system/1000 BTopFgs #1303450} whose proc state 2 is better than process ProcessState{baa4f70 net.dinglisch.android.taskerm/10289 pkg=net.dinglisch.android.taskerm} proc state 3 (10 skipped)
07-10 23:54:19.036  1750  4231 W ProcessStats: Tracking association SourceState{584cdb3 system/1000 BTopFgs #1303453} whose proc state 2 is better than process ProcessState{baa4f70 net.dinglisch.android.taskerm/10289 pkg=net.dinglisch.android.taskerm} proc state 3 (1 skipped)
07-10 23:54:21.876  1750  1750 V SoundTriggerService: 9f6ad62a-1f0b-11e7-87c5-40a8f03d3f15: Generic sound trigger event: GenericRecognitionEvent ::RecognitionEvent [status=0, soundModelHandle=5, captureAvailable=true, captureSession=1786505, captureDelayMs=0, capturePreambleMs=0, triggerInData=false, sampleRate=16000, encoding=2, channelMask=16, data=19]
07-10 23:54:21.889  1750  1750 V SoundTriggerService: 9f6ad62a-1f0b-11e7-87c5-40a8f03d3f15: onServiceConnected(android.os.BinderProxy@5e27177)
07-10 23:54:21.890  1750  1750 V SoundTriggerService: 9f6ad62a-1f0b-11e7-87c5-40a8f03d3f15: runOp 0
07-10 23:54:23.839  1750  4057 V SoundTriggerService: 9f6ad62a-1f0b-11e7-87c5-40a8f03d3f15: destroy
07-10 23:54:23.849  1750  4057 I SoundTriggerService: loadGenericSoundModel(): id = 9f6ad62a-1f0b-11e7-87c5-40a8f03d3f15
07-10 23:54:23.851  1750  4057 I SoundTriggerService: loadGenericSoundModel(): id = 9f6ad62a-1f0b-11e7-87c5-40a8f03d3f15
