07-13 00:01:38.876  1750  4230 D CompatibilityChangeReporter: Compat change id reported: 135754954; UID 10210; state: ENABLED
07-13 00:01:38.877  1750  2069 D CompatibilityChangeReporter: Compat change id reported: 143937733; UID 10210; state: ENABLED
07-13 00:01:38.885  1750  2069 I ActivityManager: Start proc 26383:com.google.android.apps.photos/u0a210 for broadcast {com.google.android.apps.photos/com.google.android.libraries.notifications.entrypoints.gcm.GcmBroadcastReceiver}
07-13 00:01:39.246  1750  2258 W NetworkPolicy: shared quota unsupported; generating rule for each iface
07-13 00:01:39.463  1750  4230 I DropBoxManagerService: add tag=platform_stats_bookmark isTagEnabled=true flags=0x2
07-13 00:01:39.464  1750  4230 W DropBoxManagerService: Dropping: platform_stats_bookmark (13 > 0 bytes)
07-13 00:01:39.496  1750  2258 W NetworkPolicy: shared quota unsupported; generating rule for each iface
07-13 00:01:39.957  1750  1787 D CompatibilityChangeReporter: Compat change id reported: 168419799; UID 10226; state: DISABLED
07-13 00:01:40.073  1750  1750 D CompatibilityChangeReporter: Compat change id reported: 135634846; UID 10163; state: DISABLED
07-13 00:01:40.073  1750  1750 D CompatibilityChangeReporter: Compat change id reported: 177438394; UID 10163; state: DISABLED
07-13 00:01:40.074  1750  1750 D CompatibilityChangeReporter: Compat change id reported: 135772972; UID 10163; state: DISABLED
07-13 00:01:40.074  1750  1750 D CompatibilityChangeReporter: Compat change id reported: 135754954; UID 10163; state: ENABLED
07-13 00:01:40.074  1750  2069 D CompatibilityChangeReporter: Compat change id reported: 143937733; UID 10163; state: ENABLED
07-13 00:01:40.087  1750  2069 I ActivityManager: Start proc 26459:com.google.android.apps.wellbeing/u0a163 for service {com.google.android.apps.wellbeing/androidx.work.impl.background.systemjob.SystemJobService}
07-13 00:01:40.094  1750  2497 W BroadcastQueue: Background execution not allowed: receiving Intent { act=android.intent.action.DROPBOX_ENTRY_ADDED flg=0x10 (has extras) } to com.google.android.gms/.stats.service.DropBoxEntryAddedReceiver
07-13 00:01:40.096  1750  2068 W BroadcastQueue: Background execution not allowed: receiving Intent { act=android.intent.action.DROPBOX_ENTRY_ADDED flg=0x10 (has extras) } to com.google.android.gms/.chimera.GmsIntentOperationService$PersistentTrustedReceiver
07-13 00:01:40.111  1750  2497 W AppOps  : Noting op not finished: uid 10202 pkg com.google.android.apps.maps code 79 startTime of in progress event=1657684717887
07-13 00:01:40.129  1750  1787 W AppOps  : Noting op not finished: uid 10190 pkg com.google.android.gms code 113 startTime of in progress event=1657679667890
07-13 00:01:40.139  1750  2497 W AppOps  : Noting op not finished: uid 10223 pkg com.google.android.gms.location.history code 79 startTime of in progress event=1657600184482
07-13 00:01:40.146  1750  2497 W AppOps  : Noting op not finished: uid 10190 pkg com.google.android.gms code 113 startTime of in progress event=1657679667890
07-13 00:01:40.156  1750  2996 W AppOps  : Noting op not finished: uid 10190 pkg com.google.android.gms code 113 startTime of in progress event=1657680060991
07-13 00:01:40.166  1750  2497 W AppOps  : Noting op not finished: uid 10447 pkg com.urbandroid.sleep code 79 startTime of in progress event=1657684717923
07-13 00:01:45.208  1750  1786 W AppOps  : Noting op not finished: uid 10202 pkg com.google.android.apps.maps code 79 startTime of in progress event=1657684900139
07-13 00:01:45.211  1750  1786 W AppOps  : Noting op not finished: uid 10190 pkg com.google.android.gms code 113 startTime of in progress event=1657679667890
07-13 00:01:45.216  1750  2497 W AppOps  : Noting op not finished: uid 10223 pkg com.google.android.gms.location.history code 79 startTime of in progress event=1657600184482
07-13 00:01:45.222  1750  1786 W AppOps  : Noting op not finished: uid 10190 pkg com.google.android.gms code 113 startTime of in progress event=1657679667890
07-13 00:01:45.227  1750  2497 W AppOps  : Noting op not finished: uid 10190 pkg com.google.android.gms code 113 startTime of in progress event=1657680060991
07-13 00:01:45.233  1750  2497 W AppOps  : Noting op not finished: uid 10447 pkg com.urbandroid.sleep code 79 startTime of in progress event=1657684900180
07-13 00:01:48.682  1750  4230 W AppOps  : Noting op not finished: uid 10447 pkg com.urbandroid.sleep code 79 startTime of in progress event=1657684905241
07-13 00:01:48.700  1750  2068 W ProcessStats: Tracking association SourceState{584cdb3 system/1000 BTopFgs #1934222} whose proc state 2 is better than process ProcessState{baa4f70 net.dinglisch.android.taskerm/10289 pkg=net.dinglisch.android.taskerm} proc state 3 (97 skipped)
07-13 00:04:05.113  1750  1750 I SoundTriggerHelper: Recognition success
07-13 00:04:05.113  4002  9276 I AlwaysOnHotwordDetector: onDetected
07-13 00:04:05.227  1750  2062 E DiscreteRegistry: Deleting file 1657597773502tl
07-13 00:04:05.397  1750  1787 I ContentCaptureManagerService: Data share request accepted by Content Capture service
07-13 00:04:06.517  1750  4365 I SoundTriggerHelper: startRecognition successful.
07-13 00:04:08.434  1750  5782 W ProcessStats: Tracking association SourceState{584cdb3 system/1000 BTopFgs #1934264} whose proc state 2 is better than process ProcessState{baa4f70 net.dinglisch.android.taskerm/10289 pkg=net.dinglisch.android.taskerm} proc state 3 (31 skipped)
07-13 00:04:08.443  1018  1018 I vendor.google.wifi_ext@1.0-service-vendor: Wifi: Setting SAR Scenario to 3
07-13 00:04:27.761  1018  1018 I vendor.google.wifi_ext@1.0-service-vendor: Wifi: Reseting SAR Scenario to default
07-13 00:07:33.458  1018  1018 I vendor.google.wifi_ext@1.0-service-vendor: Wifi: Setting SAR Scenario to 3
07-13 00:07:44.882  1750  4365 W AppOps  : Noting op not finished: uid 10202 pkg com.google.android.apps.maps code 79 startTime of in progress event=1657684905217
07-13 00:07:44.886  1750  4365 W AppOps  : Noting op not finished: uid 10190 pkg com.google.android.gms code 113 startTime of in progress event=1657679667890
07-13 00:07:44.892  1750  4365 W AppOps  : Noting op not finished: uid 10223 pkg com.google.android.gms.location.history code 79 startTime of in progress event=1657600184482
07-13 00:07:44.898  1750  1787 W AppOps  : Noting op not finished: uid 10190 pkg com.google.android.gms code 113 startTime of in progress event=1657679667890
07-13 00:07:44.905  1750  1786 W AppOps  : Noting op not finished: uid 10190 pkg com.google.android.gms code 113 startTime of in progress event=1657680060991
07-13 00:07:44.912  1750  1786 W AppOps  : Noting op not finished: uid 10447 pkg com.urbandroid.sleep code 79 startTime of in progress event=1657684908736
07-13 00:07:48.100  1750  1786 W AppOps  : Noting op not finished: uid 10447 pkg com.urbandroid.sleep code 79 startTime of in progress event=1657685264921
07-13 00:07:48.106  1750  1786 W ProcessStats: Tracking association SourceState{584cdb3 system/1000 BTopFgs #1934299} whose proc state 2 is better than process ProcessState{baa4f70 net.dinglisch.android.taskerm/10289 pkg=net.dinglisch.android.taskerm} proc state 3 (26 skipped)
07-13 00:07:52.686  1018  1018 I vendor.google.wifi_ext@1.0-service-vendor: Wifi: Reseting SAR Scenario to default
07-13 00:10:22.834  1750  2068 D CompatibilityChangeReporter: Compat change id reported: 135634846; UID 10322; state: DISABLED
07-13 00:10:22.834  1750  2068 D CompatibilityChangeReporter: Compat change id reported: 177438394; UID 10322; state: DISABLED
07-13 00:10:22.834  1750  2068 D CompatibilityChangeReporter: Compat change id reported: 135772972; UID 10322; state: DISABLED
07-13 00:10:22.834  1750  2068 D CompatibilityChangeReporter: Compat change id reported: 135754954; UID 10322; state: ENABLED
07-13 00:10:22.834  1750  2069 D CompatibilityChangeReporter: Compat change id reported: 143937733; UID 10322; state: ENABLED
07-13 00:10:22.846  1750  2069 I ActivityManager: Start proc 26578:com.google.android.apps.fitness/u0a322 for broadcast {com.google.android.apps.fitness/com.google.android.apps.fitness.goal.sync.DailyProgressMidnightResetReceiver_Receiver}
07-13 00:10:23.469  1750  1786 W AlarmManager: Window length 507760101ms too long; limiting to 1 day
07-13 00:10:23.553  1750  2258 W NetworkPolicy: shared quota unsupported; generating rule for each iface
07-13 00:13:43.895  1750  4365 W AppOps  : Noting op not finished: uid 10202 pkg com.google.android.apps.maps code 79 startTime of in progress event=1657685264893
07-13 00:13:43.901  1750  4365 W AppOps  : Noting op not finished: uid 10190 pkg com.google.android.gms code 113 startTime of in progress event=1657679667890
07-13 00:13:43.910  1750  4365 W AppOps  : Noting op not finished: uid 10223 pkg com.google.android.gms.location.history code 79 startTime of in progress event=1657600184482
07-13 00:13:43.917  1750  2497 W AppOps  : Noting op not finished: uid 10190 pkg com.google.android.gms code 113 startTime of in progress event=1657679667890
07-13 00:13:43.925  1750  4230 W AppOps  : Noting op not finished: uid 10190 pkg com.google.android.gms code 113 startTime of in progress event=1657680060991
07-13 00:13:43.932  1750  4230 W AppOps  : Noting op not finished: uid 10447 pkg com.urbandroid.sleep code 79 startTime of in progress event=1657685268119
07-13 00:13:46.942  1750  2062 W ProcessStats: Tracking association SourceState{584cdb3 system/1000 BTopFgs #1934392} whose proc state 2 is better than process ProcessState{baa4f70 net.dinglisch.android.taskerm/10289 pkg=net.dinglisch.android.taskerm} proc state 3 (61 skipped)
07-13 00:13:47.349  1750  4365 W AppOps  : Noting op not finished: uid 10447 pkg com.urbandroid.sleep code 79 startTime of in progress event=1657685623942
07-13 00:13:53.383  1750  2096 E KernelCpuUidActiveTimeReader: Negative delta from active time for uid: 10229, delta: -12
07-13 00:13:53.383  1750  2096 E KernelCpuUidActiveTimeReader: Negative delta from active time for uid: 10151, delta: -22
07-13 00:13:53.384  1750  2096 E KernelCpuUidActiveTimeReader: Negative delta from active time for uid: 10167, delta: -11
07-13 00:13:53.384  1750  2096 E KernelCpuUidActiveTimeReader: Negative delta from active time for uid: 10157, delta: -17
07-13 00:13:53.384  1750  2096 E KernelCpuUidActiveTimeReader: Negative delta from active time for uid: 10521, delta: -19
07-13 00:13:53.384  1750  2096 E KernelCpuUidActiveTimeReader: Negative delta from active time for uid: 10343, delta: -33
07-13 00:13:53.384  1750  2096 E KernelCpuUidActiveTimeReader: Negative delta from active time for uid: 10105, delta: -12
07-13 00:13:53.384  1750  2096 E KernelCpuUidActiveTimeReader: Negative delta from active time for uid: 10236, delta: -2
07-13 00:13:53.385  1750  2096 E KernelCpuUidActiveTimeReader: Negative delta from active time for uid: 10184, delta: -30
07-13 00:13:53.385  1750  2096 E KernelCpuUidActiveTimeReader: Negative delta from active time for uid: 10404, delta: -24
07-13 00:13:53.385  1750  2096 E KernelCpuUidActiveTimeReader: Negative delta from active time for uid: 10281, delta: -44
07-13 00:13:54.121  1750  1786 I ContentCaptureManagerService: Data share request accepted by Content Capture service
07-13 00:16:00.915  1750  4365 W ProcessStats: Tracking association SourceState{584cdb3 system/1000 BTopFgs #1934490} whose proc state 2 is better than process ProcessState{baa4f70 net.dinglisch.android.taskerm/10289 pkg=net.dinglisch.android.taskerm} proc state 3 (68 skipped)
07-13 00:18:36.944  1750  1750 W NotificationHistory: Attempted to add notif for locked/gone/disabled user 0
07-13 00:19:00.913  1750  2045 I DisplayDeviceRepository: Display device changed state: "Built-in Screen", ON
07-13 00:19:01.042  1750  2096 E KernelCpuUidActiveTimeReader: Negative delta from active time for uid: 10229, delta: -12
07-13 00:19:01.043  1750  2096 E KernelCpuUidActiveTimeReader: Negative delta from active time for uid: 10151, delta: -22
07-13 00:19:01.043  1750  2096 E KernelCpuUidActiveTimeReader: Negative delta from active time for uid: 10167, delta: -11
07-13 00:19:01.043  1750  2096 E KernelCpuUidActiveTimeReader: Negative delta from active time for uid: 10157, delta: -17
07-13 00:19:01.043  1750  2096 E KernelCpuUidActiveTimeReader: Negative delta from active time for uid: 10521, delta: -19
07-13 00:19:01.043  1750  2096 E KernelCpuUidActiveTimeReader: Negative delta from active time for uid: 10343, delta: -33
07-13 00:19:01.043  1750  2096 E KernelCpuUidActiveTimeReader: Negative delta from active time for uid: 10105, delta: -12
07-13 00:19:01.044  1750  2096 E KernelCpuUidActiveTimeReader: Negative delta from active time for uid: 10236, delta: -2
07-13 00:19:01.044  1750  2096 E KernelCpuUidActiveTimeReader: Negative delta from active time for uid: 10184, delta: -30
07-13 00:19:01.044  1750  2096 E KernelCpuUidActiveTimeReader: Negative delta from active time for uid: 10404, delta: -24
07-13 00:19:01.044  1750  2096 E KernelCpuUidActiveTimeReader: Negative delta from active time for uid: 10281, delta: -44
07-13 00:19:01.120  1750  3029 W ContextImpl: Calling a method in the system process without a qualified user: android.app.ContextImpl.sendBroadcastMultiplePermissions:1214 com.android.server.TelephonyRegistry.broadcastServiceStateChanged:2911 com.android.server.TelephonyRegistry.notifyServiceStateForPhoneId:1613 com.android.internal.telephony.ITelephonyRegistry$Stub.onTransact:455 android.os.Binder.execTransactInternal:1179 
07-13 00:19:01.120  1750  2068 W BroadcastQueue: Permission Denial: receiving Intent { act=android.intent.action.SERVICE_STATE flg=0x1000010 (has extras) } to ProcessRecord{b767ac8 2380:com.android.systemui/u0a245} (pid=2380, uid=10245) requires android.permission.READ_PHONE_STATE due to sender android (uid 1001)
07-13 00:19:01.121  1750  3029 W ContextImpl: Calling a method in the system process without a qualified user: android.app.ContextImpl.sendBroadcastMultiplePermissions:1264 com.android.server.TelephonyRegistry.broadcastServiceStateChanged:2914 com.android.server.TelephonyRegistry.notifyServiceStateForPhoneId:1613 com.android.internal.telephony.ITelephonyRegistry$Stub.onTransact:455 android.os.Binder.execTransactInternal:1179 
07-13 00:19:01.121  1750  2068 W BroadcastQueue: Permission Denial: receiving Intent { act=android.intent.action.SERVICE_STATE flg=0x1000010 (has extras) } to ProcessRecord{9c88137 5094:com.google.android.wearable.app:background/u0a552} (pid=5094, uid=10552) requires android.permission.READ_PHONE_STATE due to sender android (uid 1001)
07-13 00:19:01.121  1750  2068 W BroadcastQueue: Permission Denial: receiving Intent { act=android.intent.action.SERVICE_STATE flg=0x1000010 (has extras) } to com.google.android.cellbroadcastreceiver/com.android.cellbroadcastreceiver.CellBroadcastReceiver requires android.permission.READ_PHONE_STATE due to sender android (uid 1001)
07-13 00:19:01.123  1750  2068 W BroadcastQueue: Permission Denial: receiving Intent { act=android.intent.action.SERVICE_STATE flg=0x1000010 (has extras) } to ProcessRecord{b767ac8 2380:com.android.systemui/u0a245} (pid=2380, uid=10245) requires android.permission.ACCESS_FINE_LOCATION due to sender android (uid 1001)
07-13 00:19:01.123  1750  3029 W ContextImpl: Calling a method in the system process without a qualified user: android.app.ContextImpl.sendBroadcastMultiplePermissions:1264 com.android.server.TelephonyRegistry.broadcastServiceStateChanged:2923 com.android.server.TelephonyRegistry.notifyServiceStateForPhoneId:1613 com.android.internal.telephony.ITelephonyRegistry$Stub.onTransact:455 android.os.Binder.execTransactInternal:1179 
07-13 00:19:01.123  1750  2068 W BroadcastQueue: Permission Denial: receiving Intent { act=android.intent.action.SERVICE_STATE flg=0x1000010 (has extras) } to ProcessRecord{9c88137 5094:com.google.android.wearable.app:background/u0a552} (pid=5094, uid=10552) requires android.permission.READ_PRIVILEGED_PHONE_STATE due to sender android (uid 1001)
07-13 00:19:01.123  1750  2068 W BroadcastQueue: Permission Denial: receiving Intent { act=android.intent.action.SERVICE_STATE flg=0x1000010 (has extras) } to com.google.android.cellbroadcastreceiver/com.android.cellbroadcastreceiver.CellBroadcastReceiver requires android.permission.ACCESS_FINE_LOCATION due to sender android (uid 1001)
07-13 00:19:01.124  1750  2068 W BroadcastQueue: Permission Denial: receiving Intent { act=android.intent.action.SERVICE_STATE flg=0x1000010 (has extras) } to ProcessRecord{b767ac8 2380:com.android.systemui/u0a245} (pid=2380, uid=10245) requires android.permission.READ_PHONE_STATE due to sender android (uid 1001)
07-13 00:19:01.124  1750  3029 W ContextImpl: Calling a method in the system process without a qualified user: android.app.ContextImpl.sendBroadcastMultiplePermissions:1264 com.android.server.TelephonyRegistry.broadcastServiceStateChanged:2926 com.android.server.TelephonyRegistry.notifyServiceStateForPhoneId:1613 com.android.internal.telephony.ITelephonyRegistry$Stub.onTransact:455 android.os.Binder.execTransactInternal:1179 
07-13 00:19:01.124  1750  2068 W BroadcastQueue: Permission Denial: receiving Intent { act=android.intent.action.SERVICE_STATE flg=0x1000010 (has extras) } to ProcessRecord{9c88137 5094:com.google.android.wearable.app:background/u0a552} (pid=5094, uid=10552) requires android.permission.READ_PHONE_STATE due to sender android (uid 1001)
07-13 00:19:01.125  1750  2068 W BroadcastQueue: Permission Denial: receiving Intent { act=android.intent.action.SERVICE_STATE flg=0x1000010 (has extras) } to com.google.android.cellbroadcastreceiver/com.android.cellbroadcastreceiver.CellBroadcastReceiver requires android.permission.READ_PHONE_STATE due to sender android (uid 1001)
07-13 00:19:01.126  1750  2068 W BroadcastQueue: Permission Denial: receiving Intent { act=android.intent.action.SERVICE_STATE flg=0x1000010 (has extras) } to ProcessRecord{9c88137 5094:com.google.android.wearable.app:background/u0a552} (pid=5094, uid=10552) requires android.permission.READ_PRIVILEGED_PHONE_STATE due to sender android (uid 1001)
07-13 00:19:01.129  1750  2068 D CompatibilityChangeReporter: Compat change id reported: 168419799; UID 10252; state: DISABLED
07-13 00:19:06.694  1750  2062 E DiscreteRegistry: Deleting file 1657598675048tl
07-13 00:19:08.478  1750  2068 W ProcessStats: Tracking association SourceState{584cdb3 system/1000 BTopFgs #1934519} whose proc state 2 is better than process ProcessState{baa4f70 net.dinglisch.android.taskerm/10289 pkg=net.dinglisch.android.taskerm} proc state 3 (22 skipped)
07-13 00:19:10.359  1750  2062 I ActivityManager: Killing 23412:com.google.android.webview:sandboxed_process0:org.chromium.content.app.SandboxedProcessService0:0/u0a390i773 (adj 985): empty #33
07-13 00:19:10.386  1750  3117 W ActivityManager: Scheduling restart of crashed service com.bestbuy.android/org.chromium.content.app.SandboxedProcessService0:0 in 1000ms for connection
07-13 00:19:10.417  1750  2096 E KernelCpuUidActiveTimeReader: Negative delta from active time for uid: 10229, delta: -12
07-13 00:19:10.418  1750  2096 E KernelCpuUidActiveTimeReader: Negative delta from active time for uid: 10151, delta: -22
07-13 00:19:10.418  1750  2096 E KernelCpuUidActiveTimeReader: Negative delta from active time for uid: 10167, delta: -11
07-13 00:19:10.418  1750  2096 E KernelCpuUidActiveTimeReader: Negative delta from active time for uid: 10157, delta: -17
07-13 00:19:10.418  1750  2096 E KernelCpuUidActiveTimeReader: Negative delta from active time for uid: 10521, delta: -19
07-13 00:19:10.418  1750  2096 E KernelCpuUidActiveTimeReader: Negative delta from active time for uid: 10343, delta: -33
07-13 00:19:10.419  1750  2096 E KernelCpuUidActiveTimeReader: Negative delta from active time for uid: 10105, delta: -12
07-13 00:19:10.419  1750  2096 E KernelCpuUidActiveTimeReader: Negative delta from active time for uid: 10236, delta: -2
07-13 00:19:10.419  1750  2096 E KernelCpuUidActiveTimeReader: Negative delta from active time for uid: 10184, delta: -30
07-13 00:19:10.419  1750  2096 E KernelCpuUidActiveTimeReader: Negative delta from active time for uid: 10404, delta: -24
07-13 00:19:10.419  1750  2096 E KernelCpuUidActiveTimeReader: Negative delta from active time for uid: 10281, delta: -44
07-13 00:19:10.621  1750  2045 I DisplayDeviceRepository: Display device changed state: "Built-in Screen", DOZE
07-13 00:19:44.018  1750  3117 W AppOps  : Noting op not finished: uid 10202 pkg com.google.android.apps.maps code 79 startTime of in progress event=1657685623909
07-13 00:19:44.029  1750  3117 W AppOps  : Noting op not finished: uid 10190 pkg com.google.android.gms code 113 startTime of in progress event=1657679667890
07-13 00:19:44.061  1750  1787 W AppOps  : Noting op not finished: uid 10223 pkg com.google.android.gms.location.history code 79 startTime of in progress event=1657600184482
07-13 00:19:44.078  1750  1787 W AppOps  : Noting op not finished: uid 10190 pkg com.google.android.gms code 113 startTime of in progress event=1657679667890
07-13 00:19:44.101  1750  1787 W AppOps  : Noting op not finished: uid 10190 pkg com.google.android.gms code 113 startTime of in progress event=1657680060991
07-13 00:19:44.118  1750  4058 W AppOps  : Noting op not finished: uid 10447 pkg com.urbandroid.sleep code 79 startTime of in progress event=1657685633516
07-13 00:19:47.474  1750  4058 W AppOps  : Noting op not finished: uid 10447 pkg com.urbandroid.sleep code 79 startTime of in progress event=1657685984160
07-13 00:19:47.488  1750  2068 I ActivityManager: Killing 24067:com.google.android.apps.authenticator2/u0a337 (adj 985): empty #33
07-13 00:22:18.725  1750  1787 W ProcessStats: Tracking association SourceState{584cdb3 system/1000 BTopFgs #1934573} whose proc state 2 is better than process ProcessState{baa4f70 net.dinglisch.android.taskerm/10289 pkg=net.dinglisch.android.taskerm} proc state 3 (33 skipped)
07-13 00:22:41.486  1018  1018 I vendor.google.wifi_ext@1.0-service-vendor: Wifi: Setting SAR Scenario to 3
07-13 00:22:43.028  1750  2236 I PowerManagerService: Powering on display group fromDozing (groupId=0, uid=1000, reason=WAKE_REASON_POWER_BUTTON, details=android.policy:POWER)...
07-13 00:22:43.028  1750  2236 I PowerManagerService: Waking up from Dozing (uid=1000, reason=WAKE_REASON_POWER_BUTTON, details=android.policy:POWER)...
07-13 00:22:43.030  1750  2043 D CompatibilityChangeReporter: Compat change id reported: 173031413; UID 1000; state: ENABLED
07-13 00:22:43.049  1750  2128 V DisplayPowerController[0]: Brightness [0.14205346] reason changing to: 'manual', previous reason: 'doze'.
07-13 00:22:43.050  1750  2045 I DisplayDeviceRepository: Display device changed state: "Built-in Screen", ON
07-13 00:22:43.061  1750  2128 V DisplayPowerController[0]: Brightness [0.2480243] reason changing to: 'automatic', previous reason: 'manual'.
07-13 00:22:43.069  1750  1750 D WindowManager: powerPress: eventTime=343369774 interactive=true count=0 beganFromNonInteractive=true mShortPressOnPowerBehavior=1
07-13 00:22:43.119  1750  2128 W PowerManagerService: Screen on took 209 ms
07-13 00:22:43.119  1750  2128 I DreamManagerService: Gently waking up from dream.
07-13 00:22:43.119  1750  2042 I DreamManagerService: Performing gentle wake from dream.
07-13 00:22:43.122  1750  2096 E KernelCpuUidActiveTimeReader: Negative delta from active time for uid: 10229, delta: -12
07-13 00:22:43.124  1750  2096 E KernelCpuUidActiveTimeReader: Negative delta from active time for uid: 10151, delta: -22
07-13 00:22:43.124  1750  2096 E KernelCpuUidActiveTimeReader: Negative delta from active time for uid: 10167, delta: -11
07-13 00:22:43.125  1750  2096 E KernelCpuUidActiveTimeReader: Negative delta from active time for uid: 10157, delta: -17
07-13 00:22:43.125  1750  2096 E KernelCpuUidActiveTimeReader: Negative delta from active time for uid: 10521, delta: -19
07-13 00:22:43.125  1750  2096 E KernelCpuUidActiveTimeReader: Negative delta from active time for uid: 10343, delta: -33
07-13 00:22:43.126  1750  2096 E KernelCpuUidActiveTimeReader: Negative delta from active time for uid: 10105, delta: -12
07-13 00:22:43.126  1750  2096 E KernelCpuUidActiveTimeReader: Negative delta from active time for uid: 10236, delta: -2
07-13 00:22:43.126  1750  2096 E KernelCpuUidActiveTimeReader: Negative delta from active time for uid: 10184, delta: -30
07-13 00:22:43.126  1750  2096 E KernelCpuUidActiveTimeReader: Negative delta from active time for uid: 10404, delta: -24
07-13 00:22:43.126  1750  2096 E KernelCpuUidActiveTimeReader: Negative delta from active time for uid: 10281, delta: -44
07-13 00:22:43.194  1750  4246 W ActivityManager: Background start not allowed: service Intent { act=Orca.PERSISTENT_KICK_SKIP_PING cmp=com.facebook.katana/com.facebook.mqttlite.MqttService (has extras) } to com.facebook.katana/com.facebook.mqttlite.MqttService from pid=24669 uid=10258 pkg=com.facebook.katana startFg?=false
07-13 00:22:43.199  1750  1786 I DreamManagerService: Leaving dreamland.
07-13 00:22:43.200  1750  2042 I DreamManagerService: Performing gentle wake from dream.
07-13 00:22:43.200  1750  2042 I DreamController: Stopping dream: name=ComponentInfo{com.android.systemui/com.android.systemui.doze.DozeService}, isTest=false, canDoze=true, userId=0, reason='finished self'(from 'requested stopDream')
07-13 00:22:43.236  1750  4232 W ActivityManager: Background start not allowed: service Intent { act=Orca.PERSISTENT_KICK_SKIP_PING cmp=com.facebook.orca/com.facebook.mqttlite.MqttService (has extras) } to com.facebook.orca/com.facebook.mqttlite.MqttService from pid=25122 uid=10263 pkg=com.facebook.orca startFg?=false
07-13 00:22:43.409  1750  2497 I SoundTriggerService: getModelState(): id = 9f6ad62a-1f0b-11e7-87c5-40a8f03d3f15
07-13 00:22:43.487  1750  5782 W AppOps  : Noting op not finished: uid 10186 pkg com.google.android.as code 102 startTime of in progress event=1657639043969
07-13 00:22:43.488  1750  1750 V SoundTriggerService: 9f6ad62a-1f0b-11e7-87c5-40a8f03d3f15: Generic sound trigger event: GenericRecognitionEvent ::RecognitionEvent [status=3, soundModelHandle=7, captureAvailable=true, captureSession=2677449, captureDelayMs=0, capturePreambleMs=0, triggerInData=false, sampleRate=16000, encoding=2, channelMask=16, data=17]
07-13 00:22:43.560  1750  1750 V SoundTriggerService: 9f6ad62a-1f0b-11e7-87c5-40a8f03d3f15: onServiceConnected(android.os.BinderProxy@5cba424)
07-13 00:22:43.560  1750  1750 V SoundTriggerService: 9f6ad62a-1f0b-11e7-87c5-40a8f03d3f15: runOp 0
07-13 00:22:44.274  1750  4232 V SoundTriggerService: 9f6ad62a-1f0b-11e7-87c5-40a8f03d3f15: destroy
07-13 00:22:44.275  1750  4246 I SoundTriggerService: startRecognition(): id = 9f6ad62a-1f0b-11e7-87c5-40a8f03d3f15
07-13 00:22:44.275  1750  4246 W SoundTriggerHelper: Canceling previous recognition for model id: 9f6ad62a-1f0b-11e7-87c5-40a8f03d3f15
07-13 00:22:44.275  1750  4246 V SoundTriggerService: 9f6ad62a-1f0b-11e7-87c5-40a8f03d3f15: onError: -2147483648
07-13 00:22:44.278  1750  4246 W SoundTriggerService: 9f6ad62a-1f0b-11e7-87c5-40a8f03d3f15: Dropped operation as already destroyed or marked for destruction
07-13 00:22:44.339  1750  4246 I SoundTriggerHelper: startRecognition successful.
07-13 00:22:44.339  1750  4246 W SoundTriggerService: error onStart(): Model 9f6ad62a-1f0b-11e7-87c5-40a8f03d3f15 already started
07-13 00:22:44.341  1750  4246 I SoundTriggerService: deleteSoundModel(): id = 12caddb1-acdb-4dce-8cb0-2e95a2313aee
07-13 00:22:44.341  1750  4246 W SoundTriggerHelper: Unload error: Attempting unload invalid generic model with id:12caddb1-acdb-4dce-8cb0-2e95a2313aee
07-13 00:22:44.341  1750  4246 W SoundTriggerService: error onStop(): Model 12caddb1-acdb-4dce-8cb0-2e95a2313aee has no stats available
07-13 00:22:44.546  1750  1750 V Biometrics/AcquisitionClient: Acquired: 7 0, shouldSend: true
07-13 00:22:44.704  1750  1750 V Biometrics/AcquisitionClient: Acquired: 0 0, shouldSend: true
07-13 00:22:44.705  1750  1750 V Biometrics/LoggableMonitor: Authentication latency: 160
07-13 00:22:44.706  1750  1750 V Biometrics/AuthenticationClient: onAuthenticated(true), ID:2053871005, Owner: com.android.systemui, isBP: false, listener: com.android.server.biometrics.sensors.ClientMonitorCallbackConverter@afe546d, requireConfirmation: false, user: 0, clientMonitor: {[1061] com.android.server.biometrics.sensors.fingerprint.hidl.FingerprintAuthenticationClient, proto=3, owner=com.android.systemui, cookie=0, requestId=504, userId=0}
07-13 00:22:44.706  1750  1750 W Biometrics/AuthenticationClient: Allowing background authentication, this is allowed only for platform or test invocations
07-13 00:22:44.706  1750  1750 D Biometrics/ClientMonitor: marking operation as done: {[1061] com.android.server.biometrics.sensors.fingerprint.hidl.FingerprintAuthenticationClient, proto=3, owner=com.android.systemui, cookie=0, requestId=504, userId=0}
07-13 00:22:44.716  1750  1750 D Biometrics/AuthenticationClient: addAuthToken: 0
07-13 00:22:44.717  1750  1750 D FingerprintService: Client finished, fps state updated to 0, client {[1061] com.android.server.biometrics.sensors.fingerprint.hidl.FingerprintAuthenticationClient, proto=3, owner=com.android.systemui, cookie=0, requestId=504, userId=0}
07-13 00:22:44.717  1750  1750 D BiometricSchedulerOperation: [Finished / destroy]: {[1061] com.android.server.biometrics.sensors.fingerprint.hidl.FingerprintAuthenticationClient, proto=3, owner=com.android.systemui, cookie=0, requestId=504, userId=0}
07-13 00:22:44.718  1750  1750 D BiometricScheduler/Fingerprint21: [Finishing] {[1061] com.android.server.biometrics.sensors.fingerprint.hidl.FingerprintAuthenticationClient, proto=3, owner=com.android.systemui, cookie=0, requestId=504, userId=0}, success: true
07-13 00:22:44.718  1750  1750 D BiometricCoexCoordinator: removeAuthenticationClient(OtherFp), client: {[1061] com.android.server.biometrics.sensors.fingerprint.hidl.FingerprintAuthenticationClient, proto=3, owner=com.android.systemui, cookie=0, requestId=504, userId=0}
07-13 00:22:44.718  1750  1750 D GestureAvailabilityTracker: Notifying gesture availability, active=true
07-13 00:22:44.718  1750  1750 D BiometricScheduler/Fingerprint21: No operations, returning to idle
07-13 00:22:44.723  1750  2497 D ActivityTaskManager: Top Process State changed to PROCESS_STATE_TOP
07-13 00:22:44.860  1750  1750 W Looper  : Slow dispatch took 142ms main h=com.android.server.trust.TrustManagerService$2 c=null m=14
07-13 00:22:45.469  1750  2068 W BroadcastQueue: Background execution not allowed: receiving Intent { act=android.intent.action.USER_PRESENT flg=0x24200010 } to com.android.chrome/org.chromium.chrome.browser.sharing.click_to_call.ClickToCallMessageHandler$PhoneUnlockedReceiver
07-13 00:22:45.485  1750  2068 W BroadcastQueue: Background execution not allowed: receiving Intent { act=android.intent.action.USER_PRESENT flg=0x24200010 } to com.google.android.gms/.auth.setup.devicesignals.LockScreenReceiver
07-13 00:22:45.488  1750  2068 W BroadcastQueue: Background execution not allowed: receiving Intent { act=android.intent.action.USER_PRESENT flg=0x24200010 } to com.google.android.gms/.chimera.GmsIntentOperationService$PersistentTrustedReceiver
07-13 00:22:45.488  1750  2068 W BroadcastQueue: Background execution not allowed: receiving Intent { act=android.intent.action.USER_PRESENT flg=0x24200010 } to com.asus.aihome/com.baidu.android.pushservice.PushServiceReceiver
07-13 00:22:45.488  1750  2068 W BroadcastQueue: Background execution not allowed: receiving Intent { act=android.intent.action.USER_PRESENT flg=0x24200010 } to com.instagram.android/com.instagram.push.FbnsInitBroadcastReceiver
07-13 00:22:45.489  1750  2068 W BroadcastQueue: Background execution not allowed: receiving Intent { act=android.intent.action.USER_PRESENT flg=0x24200010 } to com.zhiliaoapp.musically/com.ss.android.push.window.oppo.ScreenReceiver
07-13 00:22:45.489  1750  2068 W BroadcastQueue: Background execution not allowed: receiving Intent { act=android.intent.action.USER_PRESENT flg=0x24200010 } to de.android.telnet2/.MyWidgetProviderMobile11
07-13 00:22:45.489  1750  2068 W BroadcastQueue: Background execution not allowed: receiving Intent { act=android.intent.action.USER_PRESENT flg=0x24200010 } to de.android.telnet2/.MyWidgetProviderMobile21
07-13 00:22:45.489  1750  2068 W BroadcastQueue: Background execution not allowed: receiving Intent { act=android.intent.action.USER_PRESENT flg=0x24200010 } to de.android.telnet2/.MyWidgetProviderMobile22
07-13 00:22:45.489  1750  2068 W BroadcastQueue: Background execution not allowed: receiving Intent { act=android.intent.action.USER_PRESENT flg=0x24200010 } to de.android.telnet2/.MyWidgetProviderWifi11
07-13 00:22:45.489  1750  2068 W BroadcastQueue: Background execution not allowed: receiving Intent { act=android.intent.action.USER_PRESENT flg=0x24200010 } to de.android.telnet2/.MyWidgetProviderWifi21
07-13 00:22:45.489  1750  2068 W BroadcastQueue: Background execution not allowed: receiving Intent { act=android.intent.action.USER_PRESENT flg=0x24200010 } to de.android.telnet2/.MyWidgetProviderWifi22
07-13 00:22:45.508  1750  2497 W ActivityManager: Background start not allowed: service Intent { act=Orca.START cmp=com.instagram.android/com.facebook.rti.push.service.FbnsService (has extras) } to com.instagram.android/com.facebook.rti.push.service.FbnsService from pid=20998 uid=10297 pkg=com.instagram.android startFg?=false
07-13 00:22:45.796  1750  2068 D CompatibilityChangeReporter: Compat change id reported: 168419799; UID 10322; state: DISABLED
07-13 00:22:45.859  1750  1750 W Looper  : Slow dispatch took 410ms main h=android.app.ActivityThread$H c=android.app.LoadedApk$ReceiverDispatcher$Args$$ExternalSyntheticLambda0@3965d3b m=0
07-13 00:22:45.860  1750  1750 W Looper  : Slow delivery took 411ms main h=android.app.ActivityThread$H c=android.app.LoadedApk$ReceiverDispatcher$Args$$ExternalSyntheticLambda0@e0fdc58 m=0
07-13 00:22:45.890  1750  2043 W Looper  : Slow delivery took 214ms android.ui h=android.view.GestureDetector$GestureHandler c=null m=1
07-13 00:22:45.890  1750  2043 W Looper  : Drained
07-13 00:22:45.955  1750  4232 I DropBoxManagerService: add tag=event_data isTagEnabled=true flags=0x2
07-13 00:22:45.955  1750  4232 W DropBoxManagerService: Dropping: event_data (39 > 0 bytes)
07-13 00:22:45.958  1750  1750 W Looper  : Drained
07-13 00:22:46.081  1750  4848 I DropBoxManagerService: add tag=dumpsys:account isTagEnabled=true flags=0x2
07-13 00:22:46.099  1750  4848 W DropBoxManagerService: Dropping: dumpsys:account (447 > 0 bytes)
07-13 00:22:46.143  1750  4848 I DropBoxManagerService: add tag=platform_stats_bookmark isTagEnabled=true flags=0x2
07-13 00:22:46.146  1750  4848 W DropBoxManagerService: Dropping: platform_stats_bookmark (13 > 0 bytes)
07-13 00:22:46.500  1750  1787 W BroadcastQueue: Background execution not allowed: receiving Intent { act=android.intent.action.DROPBOX_ENTRY_ADDED flg=0x10 (has extras) } to com.google.android.gms/.stats.service.DropBoxEntryAddedReceiver
07-13 00:22:46.506  1750  2068 W BroadcastQueue: Background execution not allowed: receiving Intent { act=android.intent.action.DROPBOX_ENTRY_ADDED flg=0x10 (has extras) } to com.google.android.gms/.chimera.GmsIntentOperationService$PersistentTrustedReceiver
07-13 00:22:46.506  1750  2068 W BroadcastQueue: Background execution not allowed: receiving Intent { act=android.intent.action.DROPBOX_ENTRY_ADDED flg=0x10 (has extras) } to com.google.android.gms/.stats.service.DropBoxEntryAddedReceiver
07-13 00:22:46.506  1750  2068 W BroadcastQueue: Background execution not allowed: receiving Intent { act=android.intent.action.DROPBOX_ENTRY_ADDED flg=0x10 (has extras) } to com.google.android.gms/.chimera.GmsIntentOperationService$PersistentTrustedReceiver
07-13 00:22:46.506  1750  2068 W BroadcastQueue: Background execution not allowed: receiving Intent { act=android.intent.action.DROPBOX_ENTRY_ADDED flg=0x10 (has extras) } to com.google.android.gms/.stats.service.DropBoxEntryAddedReceiver
07-13 00:22:46.506  1750  2068 W BroadcastQueue: Background execution not allowed: receiving Intent { act=android.intent.action.DROPBOX_ENTRY_ADDED flg=0x10 (has extras) } to com.google.android.gms/.chimera.GmsIntentOperationService$PersistentTrustedReceiver
07-13 00:22:47.008  1750  4246 I ActivityTaskManager: START u0 {act=com.facebook.intent.action.prod.VIEW_PERMALINK flg=0x18000000 pkg=com.facebook.katana cmp=com.facebook.katana/.activity.ImmersiveActivity (has extras)} from uid 10258
07-13 00:22:47.016  1750  4246 W ActivityTaskManager: Can't find TaskDisplayArea to determine support for multi window. Task id=48995 attached=false
07-13 00:22:47.019  1750  4246 D CompatibilityChangeReporter: Compat change id reported: 174042980; UID 10258; state: DISABLED
07-13 00:22:47.020  1750  4246 D CompatibilityChangeReporter: Compat change id reported: 184838306; UID 10258; state: DISABLED
07-13 00:22:47.020  1750  4246 D CompatibilityChangeReporter: Compat change id reported: 185004937; UID 10258; state: DISABLED
07-13 00:22:47.021  1750  4246 D CompatibilityChangeReporter: Compat change id reported: 181136395; UID 10258; state: DISABLED
07-13 00:22:47.021  1750  4246 D CompatibilityChangeReporter: Compat change id reported: 174042936; UID 10258; state: DISABLED
07-13 00:22:47.024  1750  4246 D CompatibilityChangeReporter: Compat change id reported: 197654537; UID 10258; state: DISABLED
07-13 00:22:47.058  1750  1750 D CompatibilityChangeReporter: Compat change id reported: 168419799; UID 10210; state: DISABLED
07-13 00:22:47.064  1750  1750 D CompatibilityChangeReporter: Compat change id reported: 175319604; UID 1000; state: ENABLED
07-13 00:22:47.065  1750  1750 D CompatibilityChangeReporter: Compat change id reported: 175319604; UID 10170; state: ENABLED
07-13 00:22:47.073  1750  1750 D CompatibilityChangeReporter: Compat change id reported: 175319604; UID 10334; state: DISABLED
07-13 00:22:47.073  1750  1750 D CompatibilityChangeReporter: Compat change id reported: 175319604; UID 10334; state: ENABLED
07-13 00:22:47.491  1750  4058 D CompatibilityChangeReporter: Compat change id reported: 174664365; UID 10258; state: DISABLED
07-13 00:22:47.492  1750  4058 D CompatibilityChangeReporter: Compat change id reported: 174664120; UID 10258; state: ENABLED
07-13 00:22:47.492  1750  4058 E ActivityTaskManager: Permission Denial: android.intent.action.CLOSE_SYSTEM_DIALOGS broadcast from com.facebook.katana (pid=24669, uid=10258) requires android.permission.BROADCAST_CLOSE_SYSTEM_DIALOGS, dropping broadcast.
07-13 00:22:47.532  1750  1787 I ActivityManager: Process com.bestbuy.android (pid 23265) has died: cch+95 CEM 
07-13 00:22:47.642  1750  4059 I ActivityManager: Process com.amazon.avod.thirdpartyclient (pid 24336) has died: cch+95 CEM 
07-13 00:22:47.808  1750  4059 I ActivityManager: Process com.google.android.apps.gcs (pid 24715) has died: cch+85 CEM 
07-13 00:22:47.998  1750  3117 I ActivityManager: Process com.google.process.gapps (pid 19776) has died: cch+85 CEM 
07-13 00:22:48.182  1750  3117 W ActivityTaskManager: Request to remove task ignored for non-existent task 48994
07-13 00:22:48.188  1750  3117 W ActivityTaskManager: Request to remove task ignored for non-existent task 48964
07-13 00:22:48.200  1750  2046 W ActivityTaskManager: Can't find TaskDisplayArea to determine support for multi window. Task id=48965 attached=false
07-13 00:22:48.200  1750  2046 W ActivityTaskManager: Can't find TaskDisplayArea to determine support for multi window. Task id=48965 attached=false
07-13 00:22:48.200  1750  2046 W ActivityTaskManager: Can't find TaskDisplayArea to determine support for multi window. Task id=48956 attached=false
07-13 00:22:48.200  1750  2046 W ActivityTaskManager: Can't find TaskDisplayArea to determine support for multi window. Task id=48956 attached=false
07-13 00:22:48.201  1750  2046 W ActivityTaskManager: Can't find TaskDisplayArea to determine support for multi window. Task id=48963 attached=false
07-13 00:22:48.201  1750  2046 W ActivityTaskManager: Can't find TaskDisplayArea to determine support for multi window. Task id=48963 attached=false
07-13 00:22:48.201  1750  2046 W ActivityTaskManager: Can't find TaskDisplayArea to determine support for multi window. Task id=48955 attached=false
07-13 00:22:48.201  1750  2046 W ActivityTaskManager: Can't find TaskDisplayArea to determine support for multi window. Task id=48955 attached=false
07-13 00:22:48.201  1750  2046 W ActivityTaskManager: Can't find TaskDisplayArea to determine support for multi window. Task id=48954 attached=false
07-13 00:22:48.201  1750  2046 W ActivityTaskManager: Can't find TaskDisplayArea to determine support for multi window. Task id=48954 attached=false
07-13 00:22:48.207  1750  2062 W UsageStatsService: Unexpected activity event reported! (com.android.settings/com.android.settings.Settings$ConnectedDeviceDashboardActivity event : 23 instanceId : 109922241)
07-13 00:22:48.207  1750  2062 W UsageStatsService: Unexpected activity event reported! (com.facebook.katana/com.facebook.katana.activity.FbMainTabActivity event : 23 instanceId : 178798874)
07-13 00:22:48.208  1750  2062 W UsageStatsService: Unexpected activity event reported! (com.philips.lighting.hue2/com.philips.lighting.hue2.ContentActivity event : 23 instanceId : 167989884)
07-13 00:22:48.209  1750  2062 W UsageStatsService: Unexpected activity event reported! (com.nstudio.weatherhere/com.nstudio.weatherhere.WeatherActivity event : 23 instanceId : 184720227)
07-13 00:22:48.212  1750  2062 W UsageStatsService: Unexpected activity event reported! (kr.ftlab.radon_eye_v2/kr.ftlab.radon_eye_v2.ActivityDetail event : 23 instanceId : 235741018)
07-13 00:22:48.333  1750  2042 W Looper  : Slow dispatch took 228ms android.fg h=android.os.Handler c=com.android.server.wm.ActivityMetricsLogger$$ExternalSyntheticLambda1@bb833d3 m=0
07-13 00:22:48.333  1750  2042 W Looper  : Slow delivery took 228ms android.fg h=android.os.Handler c=com.android.server.wm.ActivityMetricsLogger$$ExternalSyntheticLambda2@56a8b10 m=0
07-13 00:22:48.377  1750  2042 W Looper  : Drained
07-13 00:22:49.153  1750  2258 W NetworkPolicy: shared quota unsupported; generating rule for each iface
07-13 00:22:50.819  1750  2200 D CompatibilityChangeReporter: Compat change id reported: 149924527; UID 10258; state: ENABLED
07-13 00:22:50.819  1750  2200 D CompatibilityChangeReporter: Compat change id reported: 132649864; UID 10258; state: DISABLED
07-13 00:22:50.820  1750  2200 D CompatibilityChangeReporter: Compat change id reported: 182734110; UID 10258; state: DISABLED
07-13 00:22:50.867  1750  1787 I ActivityTaskManager: START u0 {cmp=com.facebook.katana/.activity.FbMainTabActivity (has extras)} from uid 10258
07-13 00:22:50.887  1750  1787 I ActivityTaskManager: START u0 {cmp=com.facebook.katana/.activity.FbMainTabActivity (has extras)} from uid 10258
07-13 00:22:50.887  1750  1787 W ActivityTaskManager: startActivity called from finishing ActivityRecord{41dcbb u0 com.facebook.katana/.activity.ImmersiveActivity t48995 f}}; forcing Intent.FLAG_ACTIVITY_NEW_TASK for: Intent { cmp=com.facebook.katana/.activity.FbMainTabActivity (has extras) }
07-13 00:22:50.900  1750  1787 W ActivityTaskManager: Duplicate finish request for r=ActivityRecord{41dcbb u0 com.facebook.katana/.activity.ImmersiveActivity t48995 f}}
07-13 00:22:50.927  1750  1787 W ActivityTaskManager: Tried to set launchTime (0) < mLastActivityLaunchTime (343373900)
07-13 00:22:50.930  1750  1787 W ActivityTaskManager: Duplicate finish request for r=ActivityRecord{41dcbb u0 com.facebook.katana/.activity.ImmersiveActivity t48995 f}}
07-13 00:22:51.326  1750  2258 W NetworkPolicy: shared quota unsupported; generating rule for each iface
07-13 00:22:52.033  1750  2062 W ProcessStats: Tracking association SourceState{584cdb3 system/1000 BTopFgs #1934931} whose proc state 2 is better than process ProcessState{baa4f70 net.dinglisch.android.taskerm/10289 pkg=net.dinglisch.android.taskerm} proc state 3 (256 skipped)
07-13 00:22:52.386  1750  1750 D CompatibilityChangeReporter: Compat change id reported: 135634846; UID 10227; state: DISABLED
07-13 00:22:52.386  1750  1750 D CompatibilityChangeReporter: Compat change id reported: 177438394; UID 10227; state: DISABLED
07-13 00:22:52.387  1750  1750 D CompatibilityChangeReporter: Compat change id reported: 135772972; UID 10227; state: DISABLED
07-13 00:22:52.387  1750  1750 D CompatibilityChangeReporter: Compat change id reported: 135754954; UID 10227; state: ENABLED
07-13 00:22:52.387  1750  2069 D CompatibilityChangeReporter: Compat change id reported: 143937733; UID 10227; state: ENABLED
07-13 00:22:52.397  1750  2069 I ActivityManager: Start proc 27174:com.google.android.videos/u0a227 for service {com.google.android.videos/androidx.work.impl.background.systemjob.SystemJobService}
07-13 00:22:52.516  1750  2200 D CompatibilityChangeReporter: Compat change id reported: 168419799; UID 10227; state: DISABLED
07-13 00:22:52.861  1750  2200 D CompatibilityChangeReporter: Compat change id reported: 135634846; UID 10190; state: DISABLED
07-13 00:22:52.861  1750  2200 D CompatibilityChangeReporter: Compat change id reported: 177438394; UID 10190; state: DISABLED
07-13 00:22:52.861  1750  2200 D CompatibilityChangeReporter: Compat change id reported: 135772972; UID 10190; state: DISABLED
07-13 00:22:52.862  1750  2200 D CompatibilityChangeReporter: Compat change id reported: 135754954; UID 10190; state: ENABLED
07-13 00:22:52.862  1750  2069 D CompatibilityChangeReporter: Compat change id reported: 143937733; UID 10190; state: ENABLED
07-13 00:22:52.869  1750  2069 I ActivityManager: Start proc 27228:com.google.process.gapps/u0a190 for content provider {com.google.android.gsf/com.google.android.gsf.settings.GoogleSettingsProvider}
07-13 00:22:54.265  1750  2258 W NetworkPolicy: shared quota unsupported; generating rule for each iface
07-13 00:22:54.291  1750  4059 W AppOps  : Noting op not finished: uid 10170 pkg com.google.android.googlequicksearchbox code 79 startTime of in progress event=1657677139960
07-13 00:22:54.295  1750  4059 W AppOps  : Noting op not finished: uid 10152 pkg com.google.android.apps.scone code 79 startTime of in progress event=1657650727613
07-13 00:22:54.300  1750  4059 W AppOps  : Noting op not finished: uid 10202 pkg com.google.android.apps.maps code 79 startTime of in progress event=1657685984054
07-13 00:22:54.303  1750  4059 W AppOps  : Noting op not finished: uid 10447 pkg com.urbandroid.sleep code 79 startTime of in progress event=1657686166019
07-13 00:22:54.542  1750  2200 D CompatibilityChangeReporter: Compat change id reported: 171306433; UID 10190; state: ENABLED
07-13 00:22:54.582  1750  2200 W AppOps  : Noting op not finished: uid 10202 pkg com.google.android.apps.maps code 79 startTime of in progress event=1657686174574
07-13 00:22:56.387  1750  2043 I ActivityTaskManager: START u0 {act=android.intent.action.MAIN cat=[android.intent.category.HOME] flg=0x10000100 cmp=com.teslacoilsw.launcher/.NovaLauncher (has extras)} from uid 0
07-13 00:22:57.305  1750  2258 W NetworkPolicy: shared quota unsupported; generating rule for each iface
07-13 00:22:57.436  1750  3029 W AppOps  : Noting op not finished: uid 10170 pkg com.google.android.googlequicksearchbox code 79 startTime of in progress event=1657677139960
07-13 00:22:57.437  1750  3029 W AppOps  : Noting op not finished: uid 10152 pkg com.google.android.apps.scone code 79 startTime of in progress event=1657650727613
07-13 00:22:57.441  1750  3029 W AppOps  : Noting op not finished: uid 10202 pkg com.google.android.apps.maps code 79 startTime of in progress event=1657686174644
07-13 00:22:57.445  1750  2200 W AppOps  : Noting op not finished: uid 10447 pkg com.urbandroid.sleep code 79 startTime of in progress event=1657686174626
07-13 00:22:57.496  1750  4059 W AppOps  : Noting op not finished: uid 10202 pkg com.google.android.apps.maps code 79 startTime of in progress event=1657686177493
07-13 00:22:57.646  1750  1750 D WindowManager: powerPress: eventTime=343384377 interactive=true count=0 beganFromNonInteractive=false mShortPressOnPowerBehavior=1
07-13 00:22:57.647  1750  1750 I PowerManagerService: Powering off display group due to power_button (groupId= 0, uid= 1000)...
07-13 00:22:57.647  1750  1750 I PowerManagerService: Going to sleep due to power_button (uid 1000)...
07-13 00:22:57.648  1750  2128 I DreamManagerService: Entering dreamland.
07-13 00:22:57.649  1750  2128 I PowerManagerService: Dozing...
07-13 00:22:57.654  1750  2042 I DreamController: Starting dream: name=ComponentInfo{com.android.systemui/com.android.systemui.doze.DozeService}, isTest=false, canDoze=true, userId=0
07-13 00:22:57.659  1750  1787 D BiometricUtils: isEncrypted: false isLockdown: false
07-13 00:22:57.659  1750  1750 D BiometricScheduler/Fingerprint21: [Added] {[1062] com.android.server.biometrics.sensors.fingerprint.hidl.FingerprintUpdateActiveUserClient, proto=1, owner=android, cookie=0, requestId=-1, userId=0}, new queue size: 1
07-13 00:22:57.659  1750  1750 D BiometricScheduler/Fingerprint21: [Polled] {[1062] com.android.server.biometrics.sensors.fingerprint.hidl.FingerprintUpdateActiveUserClient, proto=1, owner=android, cookie=0, requestId=-1, userId=0}, State: 0
07-13 00:22:57.659  1750  1750 D BiometricScheduler/Fingerprint21: [Started] {[1062] com.android.server.biometrics.sensors.fingerprint.hidl.FingerprintUpdateActiveUserClient, proto=1, owner=android, cookie=0, requestId=-1, userId=0}
07-13 00:22:57.659  1750  1750 D FingerprintUpdateActiveUserClient: Already user: com.android.server.biometrics.sensors.fingerprint.hidl.Fingerprint21$$ExternalSyntheticLambda17@f6268a8, returning
