--------- beginning of crash
07-08 06:09:15.204 21270 21338 F libc    : Fatal signal 6 (SIGABRT), code -1 (SI_QUEUE) in tid 21338 (bgExecutor #2), pid 21270 (android.vending)
07-08 06:09:18.823 26813 26813 F DEBUG   : *** *** *** *** *** *** *** *** *** *** *** *** *** *** *** ***
07-08 06:09:18.823 26813 26813 F DEBUG   : Build fingerprint: 'google/redfin/redfin:12/SQ3A.220605.009.A1/8643238:user/release-keys'
07-08 06:09:18.823 26813 26813 F DEBUG   : Revision: 'MP1.0'
07-08 06:09:18.823 26813 26813 F DEBUG   : ABI: 'arm64'
07-08 06:09:18.823 26813 26813 F DEBUG   : Timestamp: 2022-07-08 06:09:15.741296605-0400
07-08 06:09:18.823 26813 26813 F DEBUG   : Process uptime: 0s
07-08 06:09:18.823 26813 26813 F DEBUG   : Cmdline: com.android.vending
07-08 06:09:18.824 26813 26813 F DEBUG   : pid: 21270, tid: 21338, name: bgExecutor #2  >>> com.android.vending <<<
07-08 06:09:18.824 26813 26813 F DEBUG   : uid: 10189
07-08 06:09:18.824 26813 26813 F DEBUG   : signal 6 (SIGABRT), code -1 (SI_QUEUE), fault addr --------
07-08 06:09:18.824 26813 26813 F DEBUG   : Abort message: 'Scudo ERROR: invalid chunk state when deallocating address 0x2000077a34fe2c0
07-08 06:09:18.824 26813 26813 F DEBUG   : '
07-08 06:09:18.824 26813 26813 F DEBUG   :     x0  0000000000000000  x1  000000000000535a  x2  0000000000000006  x3  000000769d28fba0
07-08 06:09:18.824 26813 26813 F DEBUG   :     x4  0000000000808080  x5  0000000000808080  x6  0000000000808080  x7  8080800000000000
07-08 06:09:18.824 26813 26813 F DEBUG   :     x8  00000000000000f0  x9  51ed91cb13448e91  x10 0000000000000000  x11 ffffff80fffffbdf
07-08 06:09:18.824 26813 26813 F DEBUG   :     x12 0000000000000001  x13 0000000000000030  x14 0000000000000030  x15 0000000000000070
07-08 06:09:18.824 26813 26813 F DEBUG   :     x16 00000079ca2f6050  x17 00000079ca2d2db0  x18 000000769c7f2000  x19 0000000000005316
07-08 06:09:18.824 26813 26813 F DEBUG   :     x20 000000000000535a  x21 00000000ffffffff  x22 0000000000000000  x23 000000769d28ff70
07-08 06:09:18.824 26813 26813 F DEBUG   :     x24 000000769d291000  x25 000000769d28fd78  x26 000000769d291000  x27 0000000000000070
07-08 06:09:18.824 26813 26813 F DEBUG   :     x28 b40000790347ad08  x29 000000769d28fc20
07-08 06:09:18.824 26813 26813 F DEBUG   :     lr  00000079ca285aa0  sp  000000769d28fb80  pc  00000079ca285acc  pst 0000000000000000
07-08 06:09:18.824 26813 26813 F DEBUG   : backtrace:
07-08 06:09:18.824 26813 26813 F DEBUG   :       #00 pc 000000000004facc  /apex/com.android.runtime/lib64/bionic/libc.so (abort+164) (BuildId: cd7952cb40d1a2deca6420c2da7910be)
07-08 06:09:18.824 26813 26813 F DEBUG   :       #01 pc 0000000000040364  /apex/com.android.runtime/lib64/bionic/libc.so (scudo::die()+8) (BuildId: cd7952cb40d1a2deca6420c2da7910be)
07-08 06:09:18.824 26813 26813 F DEBUG   :       #02 pc 0000000000040a10  /apex/com.android.runtime/lib64/bionic/libc.so (scudo::ScopedErrorReport::~ScopedErrorReport()+32) (BuildId: cd7952cb40d1a2deca6420c2da7910be)
07-08 06:09:18.824 26813 26813 F DEBUG   :       #03 pc 0000000000040c44  /apex/com.android.runtime/lib64/bionic/libc.so (scudo::reportInvalidChunkState(scudo::AllocatorAction, void*)+76) (BuildId: cd7952cb40d1a2deca6420c2da7910be)
07-08 06:09:18.824 26813 26813 F DEBUG   :       #04 pc 0000000000042244  /apex/com.android.runtime/lib64/bionic/libc.so (scudo::Allocator<scudo::AndroidConfig, &(scudo_malloc_postinit)>::deallocate(void*, scudo::Chunk::Origin, unsigned long, unsigned long)+308) (BuildId: cd7952cb40d1a2deca6420c2da7910be)
07-08 06:09:18.824 26813 26813 F DEBUG   :       #05 pc 0000000000069f40  /data/app/~~FkTHyIaRRJdS6ypqFQabJQ==/com.android.vending-Ey4WbQwUZVdFLcWcjBRWKw==/split_config.arm64_v8a.apk!libtensorflowlite_jni.so (BuildId: 9642c9ebd405d0b78e237d014da56e73)
07-08 06:09:18.824 26813 26813 F DEBUG   :       #06 pc 0000000000037d34  /data/app/~~FkTHyIaRRJdS6ypqFQabJQ==/com.android.vending-Ey4WbQwUZVdFLcWcjBRWKw==/split_config.arm64_v8a.apk!libtensorflowlite_jni.so (BuildId: 9642c9ebd405d0b78e237d014da56e73)
07-08 06:09:18.824 26813 26813 F DEBUG   :       #07 pc 0000000000037790  /data/app/~~FkTHyIaRRJdS6ypqFQabJQ==/com.android.vending-Ey4WbQwUZVdFLcWcjBRWKw==/split_config.arm64_v8a.apk!libtensorflowlite_jni.so (BuildId: 9642c9ebd405d0b78e237d014da56e73)
07-08 06:09:18.824 26813 26813 F DEBUG   :       #08 pc 0000000000036ff4  /data/app/~~FkTHyIaRRJdS6ypqFQabJQ==/com.android.vending-Ey4WbQwUZVdFLcWcjBRWKw==/split_config.arm64_v8a.apk!libtensorflowlite_jni.so (BuildId: 9642c9ebd405d0b78e237d014da56e73)
07-08 06:09:18.824 26813 26813 F DEBUG   :       #09 pc 0000000000034510  /data/app/~~FkTHyIaRRJdS6ypqFQabJQ==/com.android.vending-Ey4WbQwUZVdFLcWcjBRWKw==/split_config.arm64_v8a.apk!libtensorflowlite_jni.so (BuildId: 9642c9ebd405d0b78e237d014da56e73)
07-08 06:09:18.824 26813 26813 F DEBUG   :       #10 pc 0000000000032354  /data/app/~~FkTHyIaRRJdS6ypqFQabJQ==/com.android.vending-Ey4WbQwUZVdFLcWcjBRWKw==/split_config.arm64_v8a.apk!libtensorflowlite_jni.so (BuildId: 9642c9ebd405d0b78e237d014da56e73)
07-08 06:09:18.824 26813 26813 F DEBUG   :       #11 pc 000000000004f874  /data/app/~~FkTHyIaRRJdS6ypqFQabJQ==/com.android.vending-Ey4WbQwUZVdFLcWcjBRWKw==/split_config.arm64_v8a.apk!libtensorflowlite_jni.so (BuildId: 9642c9ebd405d0b78e237d014da56e73)
07-08 06:09:18.824 26813 26813 F DEBUG   :       #12 pc 0000000000051db0  /data/app/~~FkTHyIaRRJdS6ypqFQabJQ==/com.android.vending-Ey4WbQwUZVdFLcWcjBRWKw==/split_config.arm64_v8a.apk!libtensorflowlite_jni.so (BuildId: 9642c9ebd405d0b78e237d014da56e73)
07-08 06:09:18.824 26813 26813 F DEBUG   :       #13 pc 000000000001da64  /data/app/~~FkTHyIaRRJdS6ypqFQabJQ==/com.android.vending-Ey4WbQwUZVdFLcWcjBRWKw==/split_config.arm64_v8a.apk!libtensorflowlite_jni.so (Java_org_tensorflow_lite_NativeInterpreterWrapper_run+88) (BuildId: 9642c9ebd405d0b78e237d014da56e73)
07-08 06:09:18.824 26813 26813 F DEBUG   :       #14 pc 00000000002d4044  /apex/com.android.art/lib64/libart.so (art_quick_generic_jni_trampoline+148) (BuildId: 46df93bc978921840e5b428398c66a57)
07-08 06:09:18.824 26813 26813 F DEBUG   :       #15 pc 000000000020988c  /apex/com.android.art/lib64/libart.so (nterp_helper+1948) (BuildId: 46df93bc978921840e5b428398c66a57)
07-08 06:09:18.824 26813 26813 F DEBUG   :       #16 pc 0000000001bb0edc  /data/app/~~FkTHyIaRRJdS6ypqFQabJQ==/com.android.vending-Ey4WbQwUZVdFLcWcjBRWKw==/oat/arm64/base.vdex (deleted)
07-08 06:09:18.824 26813 26813 F DEBUG   :       #17 pc 000000000020a044  /apex/com.android.art/lib64/libart.so (nterp_helper+3924) (BuildId: 46df93bc978921840e5b428398c66a57)
07-08 06:09:18.824 26813 26813 F DEBUG   :       #18 pc 00000000018fcfe8  /data/app/~~FkTHyIaRRJdS6ypqFQabJQ==/com.android.vending-Ey4WbQwUZVdFLcWcjBRWKw==/oat/arm64/base.vdex (deleted)
07-08 06:09:18.824 26813 26813 F DEBUG   :       #19 pc 000000000020ae64  /apex/com.android.art/lib64/libart.so (nterp_helper+7540) (BuildId: 46df93bc978921840e5b428398c66a57)
07-08 06:09:18.824 26813 26813 F DEBUG   :       #20 pc 000000000053b0a0  /data/app/~~FkTHyIaRRJdS6ypqFQabJQ==/com.android.vending-Ey4WbQwUZVdFLcWcjBRWKw==/oat/arm64/base.vdex (deleted)
07-08 06:09:18.824 26813 26813 F DEBUG   :       #21 pc 000000000207f468  /memfd:jit-cache (deleted) (ageg.run+280)
07-08 06:09:18.824 26813 26813 F DEBUG   :       #22 pc 00000000020c004c  /memfd:jit-cache (deleted) (agfc.run+140)
07-08 06:09:18.824 26813 26813 F DEBUG   :       #23 pc 000000000037b4ec  /apex/com.android.art/javalib/arm64/boot.oat (java.util.concurrent.ThreadPoolExecutor.runWorker+988) (BuildId: ad9ee401645a5135206a62ff86fc2ef5cdc29120)
07-08 06:09:18.825 26813 26813 F DEBUG   :       #24 pc 0000000000374d14  /apex/com.android.art/javalib/arm64/boot.oat (java.util.concurrent.ThreadPoolExecutor$Worker.run+68) (BuildId: ad9ee401645a5135206a62ff86fc2ef5cdc29120)
07-08 06:09:18.825 26813 26813 F DEBUG   :       #25 pc 000000000020aec4  /apex/com.android.art/lib64/libart.so (nterp_helper+7636) (BuildId: 46df93bc978921840e5b428398c66a57)
07-08 06:09:18.825 26813 26813 F DEBUG   :       #26 pc 0000000000d8aff2  /data/app/~~FkTHyIaRRJdS6ypqFQabJQ==/com.android.vending-Ey4WbQwUZVdFLcWcjBRWKw==/oat/arm64/base.vdex (deleted)
07-08 06:09:18.825 26813 26813 F DEBUG   :       #27 pc 00000000001bf19c  /apex/com.android.art/javalib/arm64/boot.oat (java.lang.Thread.run+76) (BuildId: ad9ee401645a5135206a62ff86fc2ef5cdc29120)
07-08 06:09:18.825 26813 26813 F DEBUG   :       #28 pc 00000000002ca764  /apex/com.android.art/lib64/libart.so (art_quick_invoke_stub+548) (BuildId: 46df93bc978921840e5b428398c66a57)
07-08 06:09:18.825 26813 26813 F DEBUG   :       #29 pc 000000000030e980  /apex/com.android.art/lib64/libart.so (art::ArtMethod::Invoke(art::Thread*, unsigned int*, unsigned int, art::JValue*, char const*)+156) (BuildId: 46df93bc978921840e5b428398c66a57)
07-08 06:09:18.825 26813 26813 F DEBUG   :       #30 pc 00000000003c1db4  /apex/com.android.art/lib64/libart.so (art::JValue art::InvokeVirtualOrInterfaceWithJValues<art::ArtMethod*>(art::ScopedObjectAccessAlreadyRunnable const&, _jobject*, art::ArtMethod*, jvalue const*)+380) (BuildId: 46df93bc978921840e5b428398c66a57)
07-08 06:09:18.825 26813 26813 F DEBUG   :       #31 pc 00000000004578ec  /apex/com.android.art/lib64/libart.so (art::Thread::CreateCallback(void*)+992) (BuildId: 46df93bc978921840e5b428398c66a57)
07-08 06:09:18.825 26813 26813 F DEBUG   :       #32 pc 00000000000b1810  /apex/com.android.runtime/lib64/bionic/libc.so (__pthread_start(void*)+264) (BuildId: cd7952cb40d1a2deca6420c2da7910be)
07-08 06:09:18.825 26813 26813 F DEBUG   :       #33 pc 00000000000512f0  /apex/com.android.runtime/lib64/bionic/libc.so (__start_thread+64) (BuildId: cd7952cb40d1a2deca6420c2da7910be)
07-08 13:58:42.213 23819 23819 E AndroidRuntime: FATAL EXCEPTION: main
07-08 13:58:42.213 23819 23819 E AndroidRuntime: Process: com.google.android.apps.nexuslauncher, PID: 23819
07-08 13:58:42.213 23819 23819 E AndroidRuntime: java.lang.NullPointerException: Attempt to get length of null array
07-08 13:58:42.213 23819 23819 E AndroidRuntime: 	at com.android.quickstep.TaskViewUtils.createRecentsWindowAnimator(SourceFile:52)
07-08 13:58:42.213 23819 23819 E AndroidRuntime: 	at com.android.quickstep.TaskViewUtils.composeRecentsLaunchAnimator(SourceFile:3)
07-08 13:58:42.213 23819 23819 E AndroidRuntime: 	at com.android.quickstep.views.RecentsView.launchSideTaskInLiveTileMode(SourceFile:7)
07-08 13:58:42.213 23819 23819 E AndroidRuntime: 	at com.android.quickstep.TaskAnimationManager$2.onTasksAppeared(SourceFile:15)
07-08 13:58:42.213 23819 23819 E AndroidRuntime: 	at com.android.quickstep.RecentsAnimationCallbacks.lambda$onTasksAppeared$4(SourceFile:2)
07-08 13:58:42.213 23819 23819 E AndroidRuntime: 	at com.android.quickstep.RecentsAnimationCallbacks.f(Unknown Source:0)
07-08 13:58:42.213 23819 23819 E AndroidRuntime: 	at u1.Y0.run(Unknown Source:4)
07-08 13:58:42.213 23819 23819 E AndroidRuntime: 	at android.os.Handler.handleCallback(Handler.java:938)
07-08 13:58:42.213 23819 23819 E AndroidRuntime: 	at android.os.Handler.dispatchMessage(Handler.java:99)
07-08 13:58:42.213 23819 23819 E AndroidRuntime: 	at android.os.Looper.loopOnce(Looper.java:201)
07-08 13:58:42.213 23819 23819 E AndroidRuntime: 	at android.os.Looper.loop(Looper.java:288)
07-08 13:58:42.213 23819 23819 E AndroidRuntime: 	at android.app.ActivityThread.main(ActivityThread.java:7870)
07-08 13:58:42.213 23819 23819 E AndroidRuntime: 	at java.lang.reflect.Method.invoke(Native Method)
07-08 13:58:42.213 23819 23819 E AndroidRuntime: 	at com.android.internal.os.RuntimeInit$MethodAndArgsCaller.run(RuntimeInit.java:548)
07-08 13:58:42.213 23819 23819 E AndroidRuntime: 	at com.android.internal.os.ZygoteInit.main(ZygoteInit.java:1003)
07-08 16:22:49.488 31467 31467 E AndroidRuntime: FATAL EXCEPTION: main
07-08 16:22:49.488 31467 31467 E AndroidRuntime: Process: com.google.android.apps.nexuslauncher, PID: 31467
07-08 16:22:49.488 31467 31467 E AndroidRuntime: java.lang.NullPointerException: Attempt to get length of null array
07-08 16:22:49.488 31467 31467 E AndroidRuntime: 	at com.android.quickstep.TaskViewUtils.createRecentsWindowAnimator(SourceFile:52)
07-08 16:22:49.488 31467 31467 E AndroidRuntime: 	at com.android.quickstep.TaskViewUtils.composeRecentsLaunchAnimator(SourceFile:3)
07-08 16:22:49.488 31467 31467 E AndroidRuntime: 	at com.android.quickstep.views.RecentsView.launchSideTaskInLiveTileMode(SourceFile:7)
07-08 16:22:49.488 31467 31467 E AndroidRuntime: 	at com.android.quickstep.TaskAnimationManager$2.onTasksAppeared(SourceFile:15)
07-08 16:22:49.488 31467 31467 E AndroidRuntime: 	at com.android.quickstep.RecentsAnimationCallbacks.lambda$onTasksAppeared$4(SourceFile:2)
07-08 16:22:49.488 31467 31467 E AndroidRuntime: 	at com.android.quickstep.RecentsAnimationCallbacks.f(Unknown Source:0)
07-08 16:22:49.488 31467 31467 E AndroidRuntime: 	at u1.Y0.run(Unknown Source:4)
07-08 16:22:49.488 31467 31467 E AndroidRuntime: 	at android.os.Handler.handleCallback(Handler.java:938)
07-08 16:22:49.488 31467 31467 E AndroidRuntime: 	at android.os.Handler.dispatchMessage(Handler.java:99)
07-08 16:22:49.488 31467 31467 E AndroidRuntime: 	at android.os.Looper.loopOnce(Looper.java:201)
07-08 16:22:49.488 31467 31467 E AndroidRuntime: 	at android.os.Looper.loop(Looper.java:288)
07-08 16:22:49.488 31467 31467 E AndroidRuntime: 	at android.app.ActivityThread.main(ActivityThread.java:7870)
07-08 16:22:49.488 31467 31467 E AndroidRuntime: 	at java.lang.reflect.Method.invoke(Native Method)
07-08 16:22:49.488 31467 31467 E AndroidRuntime: 	at com.android.internal.os.RuntimeInit$MethodAndArgsCaller.run(RuntimeInit.java:548)
07-08 16:22:49.488 31467 31467 E AndroidRuntime: 	at com.android.internal.os.ZygoteInit.main(ZygoteInit.java:1003)
07-09 01:29:30.589 12094 12094 E AndroidRuntime: FATAL EXCEPTION: main
07-09 01:29:30.589 12094 12094 E AndroidRuntime: Process: com.google.android.apps.nexuslauncher, PID: 12094
07-09 01:29:30.589 12094 12094 E AndroidRuntime: java.lang.NullPointerException: Attempt to get length of null array
07-09 01:29:30.589 12094 12094 E AndroidRuntime: 	at com.android.quickstep.TaskViewUtils.createRecentsWindowAnimator(SourceFile:52)
07-09 01:29:30.589 12094 12094 E AndroidRuntime: 	at com.android.quickstep.TaskViewUtils.composeRecentsLaunchAnimator(SourceFile:3)
07-09 01:29:30.589 12094 12094 E AndroidRuntime: 	at com.android.quickstep.views.RecentsView.launchSideTaskInLiveTileMode(SourceFile:7)
07-09 01:29:30.589 12094 12094 E AndroidRuntime: 	at com.android.quickstep.TaskAnimationManager$2.onTasksAppeared(SourceFile:15)
07-09 01:29:30.589 12094 12094 E AndroidRuntime: 	at com.android.quickstep.RecentsAnimationCallbacks.lambda$onTasksAppeared$4(SourceFile:2)
07-09 01:29:30.589 12094 12094 E AndroidRuntime: 	at com.android.quickstep.RecentsAnimationCallbacks.f(Unknown Source:0)
07-09 01:29:30.589 12094 12094 E AndroidRuntime: 	at u1.Y0.run(Unknown Source:4)
07-09 01:29:30.589 12094 12094 E AndroidRuntime: 	at android.os.Handler.handleCallback(Handler.java:938)
07-09 01:29:30.589 12094 12094 E AndroidRuntime: 	at android.os.Handler.dispatchMessage(Handler.java:99)
07-09 01:29:30.589 12094 12094 E AndroidRuntime: 	at android.os.Looper.loopOnce(Looper.java:201)
07-09 01:29:30.589 12094 12094 E AndroidRuntime: 	at android.os.Looper.loop(Looper.java:288)
07-09 01:29:30.589 12094 12094 E AndroidRuntime: 	at android.app.ActivityThread.main(ActivityThread.java:7870)
07-09 01:29:30.589 12094 12094 E AndroidRuntime: 	at java.lang.reflect.Method.invoke(Native Method)
07-09 01:29:30.589 12094 12094 E AndroidRuntime: 	at com.android.internal.os.RuntimeInit$MethodAndArgsCaller.run(RuntimeInit.java:548)
07-09 01:29:30.589 12094 12094 E AndroidRuntime: 	at com.android.internal.os.ZygoteInit.main(ZygoteInit.java:1003)
07-10 03:41:16.066 24308 24458 E AndroidRuntime: FATAL EXCEPTION: OkHttp Dispatcher
07-10 03:41:16.066 24308 24458 E AndroidRuntime: Process: com.amazon.dee.app, PID: 24308
07-10 03:41:16.066 24308 24458 E AndroidRuntime: java.lang.RuntimeException: com.amazon.alexa.identity.AccountException: Account error 2
07-10 03:41:16.066 24308 24458 E AndroidRuntime: 	at rx.exceptions.Exceptions.propagate(Exceptions.java:4)
07-10 03:41:16.066 24308 24458 E AndroidRuntime: 	at rx.observables.BlockingObservable.blockForSingle(BlockingObservable.java:7)
07-10 03:41:16.066 24308 24458 E AndroidRuntime: 	at rx.observables.BlockingObservable.singleOrDefault(BlockingObservable.java:1)
07-10 03:41:16.066 24308 24458 E AndroidRuntime: 	at com.amazon.commscore.commsidentity.common.MAPAuthenticationInterceptor.getAuthCookie(MAPAuthenticationInterceptor.java:5)
07-10 03:41:16.066 24308 24458 E AndroidRuntime: 	at com.amazon.commscore.commsidentity.common.MAPAuthenticationInterceptor.intercept(MAPAuthenticationInterceptor.java:2)
07-10 03:41:16.066 24308 24458 E AndroidRuntime: 	at okhttp3.internal.http.RealInterceptorChain.proceed(RealInterceptorChain.kt:10)
07-10 03:41:16.066 24308 24458 E AndroidRuntime: 	at okhttp3.internal.http.RealInterceptorChain.proceed(RealInterceptorChain.kt:1)
07-10 03:41:16.066 24308 24458 E AndroidRuntime: 	at okhttp3.logging.HttpLoggingInterceptor.intercept(HttpLoggingInterceptor.kt:40)
07-10 03:41:16.066 24308 24458 E AndroidRuntime: 	at okhttp3.internal.http.RealInterceptorChain.proceed(RealInterceptorChain.kt:10)
07-10 03:41:16.066 24308 24458 E AndroidRuntime: 	at okhttp3.internal.http.RealInterceptorChain.proceed(RealInterceptorChain.kt:1)
07-10 03:41:16.066 24308 24458 E AndroidRuntime: 	at okhttp3.RealCall.getResponseWithInterceptorChain(RealCall.kt:13)
07-10 03:41:16.066 24308 24458 E AndroidRuntime: 	at okhttp3.RealCall$AsyncCall.run(RealCall.kt:6)
07-10 03:41:16.066 24308 24458 E AndroidRuntime: 	at java.util.concurrent.ThreadPoolExecutor.runWorker(ThreadPoolExecutor.java:1167)
07-10 03:41:16.066 24308 24458 E AndroidRuntime: 	at java.util.concurrent.ThreadPoolExecutor$Worker.run(ThreadPoolExecutor.java:641)
07-10 03:41:16.066 24308 24458 E AndroidRuntime: 	at java.lang.Thread.run(Thread.java:920)
07-10 03:41:16.066 24308 24458 E AndroidRuntime: Caused by: com.amazon.alexa.identity.AccountException: Account error 2
07-10 03:41:16.066 24308 24458 E AndroidRuntime: 	at com.amazon.alexa.identity.MAPCookiesCallback.onError(MAPCookiesCallback.java:32)
07-10 03:41:16.066 24308 24458 E AndroidRuntime: 	at com.amazon.identity.auth.device.mq$2.onError(DCP:14)
07-10 03:41:16.066 24308 24458 E AndroidRuntime: 	at com.amazon.identity.auth.device.bl.a(DCP:18)
07-10 03:41:16.066 24308 24458 E AndroidRuntime: 	at com.amazon.identity.auth.device.bl.a(DCP:16)
07-10 03:41:16.066 24308 24458 E AndroidRuntime: 	at com.amazon.identity.auth.device.bl.onError(DCP:1)
07-10 03:41:16.066 24308 24458 E AndroidRuntime: 	at com.amazon.identity.auth.device.hg$c$1.onError(DCP:5)
07-10 03:41:16.066 24308 24458 E AndroidRuntime: 	at com.amazon.identity.auth.device.hj.i(DCP:4)
07-10 03:41:16.066 24308 24458 E AndroidRuntime: 	at com.amazon.identity.auth.device.hj$3.g(DCP:1)
07-10 03:41:16.066 24308 24458 E AndroidRuntime: 	at com.amazon.identity.auth.device.hg$c$2.run(DCP:3)
07-10 03:41:16.066 24308 24458 E AndroidRuntime: 	... 3 more
07-10 10:58:11.912 12740 12740 E AndroidRuntime: FATAL EXCEPTION: main
07-10 10:58:11.912 12740 12740 E AndroidRuntime: Process: kr.ftlab.radon_eye_v2, PID: 12740
07-10 10:58:11.912 12740 12740 E AndroidRuntime: java.lang.NullPointerException: Attempt to get length of null array
07-10 10:58:11.912 12740 12740 E AndroidRuntime: 	at kr.ftlab.radon_eye_v2.BLE.RD200ViewModel.onLogStateChanged(RD200ViewModel.java:261)
07-10 10:58:11.912 12740 12740 E AndroidRuntime: 	at kr.ftlab.radon_eye_v2.BLE.RD200Manager$2.onLogStateChanged(RD200Manager.java:182)
07-10 10:58:11.912 12740 12740 E AndroidRuntime: 	at kr.ftlab.radon_eye_v2.BLE.callBack.FTLabLogDataCallBack.onDataReceived(FTLabLogDataCallBack.java:115)
07-10 10:58:11.912 12740 12740 E AndroidRuntime: 	at no.nordicsemi.android.ble.ValueChangedCallback.notifyValueChanged(ValueChangedCallback.java:123)
07-10 10:58:11.912 12740 12740 E AndroidRuntime: 	at no.nordicsemi.android.ble.BleManager$BleManagerGattCallback.onCharacteristicChangedSafe(BleManager.java:2884)
07-10 10:58:11.912 12740 12740 E AndroidRuntime: 	at no.nordicsemi.android.ble.MainThreadBluetoothGattCallback.lambda$onCharacteristicChanged$4$MainThreadBluetoothGattCallback(MainThreadBluetoothGattCallback.java:135)
07-10 10:58:11.912 12740 12740 E AndroidRuntime: 	at no.nordicsemi.android.ble.-$$Lambda$MainThreadBluetoothGattCallback$7AU42XLOqZKSRIMVuifw3eecBbw.run(Unknown Source:8)
07-10 10:58:11.912 12740 12740 E AndroidRuntime: 	at android.os.Handler.handleCallback(Handler.java:938)
07-10 10:58:11.912 12740 12740 E AndroidRuntime: 	at android.os.Handler.dispatchMessage(Handler.java:99)
07-10 10:58:11.912 12740 12740 E AndroidRuntime: 	at android.os.Looper.loopOnce(Looper.java:201)
07-10 10:58:11.912 12740 12740 E AndroidRuntime: 	at android.os.Looper.loop(Looper.java:288)
07-10 10:58:11.912 12740 12740 E AndroidRuntime: 	at android.app.ActivityThread.main(ActivityThread.java:7870)
07-10 10:58:11.912 12740 12740 E AndroidRuntime: 	at java.lang.reflect.Method.invoke(Native Method)
07-10 10:58:11.912 12740 12740 E AndroidRuntime: 	at com.android.internal.os.RuntimeInit$MethodAndArgsCaller.run(RuntimeInit.java:548)
07-10 10:58:11.912 12740 12740 E AndroidRuntime: 	at com.android.internal.os.ZygoteInit.main(ZygoteInit.java:1003)
--------- beginning of system
07-10 23:29:46.619  1750  2285 D CompatibilityChangeReporter: Compat change id reported: 135634846; UID 10104; state: DISABLED
07-10 23:29:46.619  1750  2285 D CompatibilityChangeReporter: Compat change id reported: 177438394; UID 10104; state: DISABLED
07-10 23:29:46.619  1750  2285 D CompatibilityChangeReporter: Compat change id reported: 135772972; UID 10104; state: DISABLED
07-10 23:29:46.619  1750  2285 D CompatibilityChangeReporter: Compat change id reported: 135754954; UID 10104; state: ENABLED
07-10 23:29:46.619  1750  2069 D CompatibilityChangeReporter: Compat change id reported: 143937733; UID 10104; state: ENABLED
07-10 23:29:46.631  1750  2069 I ActivityManager: Start proc 24410:android.process.media/u0a104 for content provider {com.android.providers.downloads/com.android.providers.downloads.DownloadProvider}
07-10 23:29:46.668  1750  4085 D CompatibilityChangeReporter: Compat change id reported: 168419799; UID 10104; state: DISABLED
07-10 23:29:46.670  1750  2497 I ActivityManager: Killing 21150:com.pandora.android/u0a323 (adj 975): empty #33
07-10 23:29:49.410  1750  2258 W NetworkPolicy: shared quota unsupported; generating rule for each iface
07-10 23:29:56.356  1750  2487 W ProcessStats: Tracking association SourceState{584cdb3 system/1000 BTopFgs #1300129} whose proc state 2 is better than process ProcessState{baa4f70 net.dinglisch.android.taskerm/10289 pkg=net.dinglisch.android.taskerm} proc state 3 (117 skipped)
07-10 23:30:03.195  2380 12345 D PowerUI : can't show warning due to - plugged: true status unknown: false
07-10 23:30:07.547  1750  2487 W ProcessStats: Tracking association SourceState{584cdb3 system/1000 BTopFgs #1300142} whose proc state 2 is better than process ProcessState{baa4f70 net.dinglisch.android.taskerm/10289 pkg=net.dinglisch.android.taskerm} proc state 3 (11 skipped)
07-10 23:30:19.772  1750  2228 W ProcessStats: Tracking association SourceState{584cdb3 system/1000 BTopFgs #1300160} whose proc state 2 is better than process ProcessState{baa4f70 net.dinglisch.android.taskerm/10289 pkg=net.dinglisch.android.taskerm} proc state 3 (17 skipped)
07-10 23:30:19.795  1750  1750 D CompatibilityChangeReporter: Compat change id reported: 135634846; UID 10390; state: DISABLED
07-10 23:30:19.796  1750  1750 D CompatibilityChangeReporter: Compat change id reported: 177438394; UID 10390; state: DISABLED
07-10 23:30:19.797  1750  1750 D CompatibilityChangeReporter: Compat change id reported: 135772972; UID 10390; state: DISABLED
07-10 23:30:19.797  1750  1750 D CompatibilityChangeReporter: Compat change id reported: 135754954; UID 10390; state: ENABLED
07-10 23:30:19.799  1750  2069 D CompatibilityChangeReporter: Compat change id reported: 143937733; UID 10390; state: ENABLED
07-10 23:30:19.818  1750  2069 I ActivityManager: Start proc 24462:com.bestbuy.android/u0a390 for service {com.bestbuy.android/com.optimizely.ab.android.shared.ScheduledJobService}
07-10 23:30:20.468  1750  4059 D CompatibilityChangeReporter: Compat change id reported: 135634846; UID 10218; state: DISABLED
07-10 23:30:20.469  1750  4059 D CompatibilityChangeReporter: Compat change id reported: 177438394; UID 10218; state: DISABLED
07-10 23:30:20.469  1750  4059 D CompatibilityChangeReporter: Compat change id reported: 135772972; UID 10218; state: DISABLED
07-10 23:30:20.469  1750  4059 D CompatibilityChangeReporter: Compat change id reported: 135754954; UID 10218; state: ENABLED
07-10 23:30:20.469  1750  2069 D CompatibilityChangeReporter: Compat change id reported: 143937733; UID 10218; state: ENABLED
07-10 23:30:20.477  1750  2069 I ActivityManager: Start proc 24580:com.google.ar.core/u0a218 for content provider {com.google.ar.core/com.google.ar.core.services.ArCoreContentProvider}
07-10 23:30:20.507  1750  4085 D CompatibilityChangeReporter: Compat change id reported: 168419799; UID 10218; state: DISABLED
07-10 23:30:20.886  1750  4059 D CompatibilityChangeReporter: Compat change id reported: 135634846; UID 10390; state: DISABLED
07-10 23:30:20.886  1750  4059 D CompatibilityChangeReporter: Compat change id reported: 177438394; UID 10390; state: DISABLED
07-10 23:30:20.886  1750  4059 D CompatibilityChangeReporter: Compat change id reported: 135772972; UID 10390; state: DISABLED
07-10 23:30:20.887  1750  4059 D CompatibilityChangeReporter: Compat change id reported: 135754954; UID 10390; state: ENABLED
07-10 23:30:20.887  1750  2069 D CompatibilityChangeReporter: Compat change id reported: 143937733; UID 10390; state: ENABLED
07-10 23:30:20.904  1750  2069 I ActivityManager: Start proc 24614:com.google.android.webview:sandboxed_process0:org.chromium.content.app.SandboxedProcessService0:0/u0i520 for  {com.bestbuy.android/org.chromium.content.app.SandboxedProcessService0:0}
07-10 23:30:21.056  1750  4059 I ActivityManager: Killing 20892:com.google.android.projection.gearhead:car/u0a144 (adj 975): empty #33
07-10 23:30:21.056  1750  4059 I ActivityManager: Killing 20737:com.google.android.apps.wearables.maestro.companion/u0a169 (adj 975): empty #34
07-10 23:30:21.056  1750  4059 I ActivityManager: Killing 21166:com.microsoft.office.onenote/u0a279 (adj 975): empty #35
07-10 23:30:21.084  1750  4059 W ActivityManager: Scheduling restart of crashed service com.google.android.projection.gearhead/com.google.android.apps.auto.carservice.service.impl.GearheadCarStartupService in 1000ms for connection
07-10 23:30:21.096  1750  4059 D CompatibilityChangeReporter: Compat change id reported: 177438394; UID 10144; state: DISABLED
07-10 23:30:21.096  1750  4059 D CompatibilityChangeReporter: Compat change id reported: 135772972; UID 10144; state: DISABLED
07-10 23:30:21.096  1750  4059 D CompatibilityChangeReporter: Compat change id reported: 135754954; UID 10144; state: ENABLED
07-10 23:30:21.098  1750  2069 D CompatibilityChangeReporter: Compat change id reported: 143937733; UID 10144; state: ENABLED
07-10 23:30:21.109  1750  2069 I ActivityManager: Start proc 24684:com.google.android.projection.gearhead:car/u0a144 for service {com.google.android.projection.gearhead/com.google.android.apps.auto.carservice.service.impl.GearheadCarStartupService}
07-10 23:30:21.562  1750  4085 D BiometricService: canAuthenticate: User=0, Caller=0, Authenticators=255
07-10 23:30:21.562  1750  4085 D BiometricService/PreAuthInfo: Package: com.bestbuy.android Sensor ID: 0 Modality: 2 Status: 1
07-10 23:30:21.562  1750  4085 D BiometricService/PreAuthInfo: getCanAuthenticateInternal Modality: 2 AuthenticatorStatus: 1
07-10 23:30:21.562  1750  4085 D AuthService: canAuthenticate, userId: 0, callingUserId: 0, authenticators: 255, result: 0
07-10 23:30:26.285  1750  3117 D CompatibilityChangeReporter: Compat change id reported: 171306433; UID 10190; state: ENABLED
07-10 23:30:32.284  1750  2211 W ProcessStats: Tracking association SourceState{584cdb3 system/1000 BTopFgs #1300234} whose proc state 2 is better than process ProcessState{baa4f70 net.dinglisch.android.taskerm/10289 pkg=net.dinglisch.android.taskerm} proc state 3 (52 skipped)
07-10 23:30:34.585  1750  1750 I ContentCaptureManagerService: Content capture data sharing session terminated successfully for package 'com.google.android.googlequicksearchbox'
07-10 23:30:34.587  1750  1750 I ContentCaptureManagerService: Content capture data sharing session terminated successfully for package 'com.google.android.googlequicksearchbox'
07-10 23:30:37.654  1750  1786 W AppOps  : Noting op not finished: uid 10447 pkg com.urbandroid.sleep code 79 startTime of in progress event=1657510068140
07-10 23:30:37.659  1750  1786 W AppOps  : Noting op not finished: uid 10202 pkg com.google.android.apps.maps code 79 startTime of in progress event=1657510068750
07-10 23:30:37.663  1750  2068 D CompatibilityChangeReporter: Compat change id reported: 168419799; UID 10447; state: DISABLED
07-10 23:30:37.664  1750  1786 W AppOps  : Noting op not finished: uid 10190 pkg com.google.android.gms code 113 startTime of in progress event=1657510066126
07-10 23:30:37.669  1750  1786 D CompatibilityChangeReporter: Compat change id reported: 168419799; UID 10202; state: DISABLED
07-10 23:30:37.672  1750  4085 W AppOps  : Noting op not finished: uid 10190 pkg com.google.android.gms code 113 startTime of in progress event=1657510047200
07-10 23:30:37.681  1750  4059 W AppOps  : Noting op not finished: uid 10223 pkg com.google.android.gms.location.history code 79 startTime of in progress event=1657509937610
07-10 23:30:37.691  1750  4059 W AppOps  : Noting op not finished: uid 10190 pkg com.google.android.gms code 113 startTime of in progress event=1657510047200
07-10 23:30:40.686  1750  1750 I SoundTriggerHelper: Recognition success
07-10 23:30:40.686  4002  4098 I AlwaysOnHotwordDetector: onDetected
07-10 23:30:42.155  1750  3117 I SoundTriggerHelper: startRecognition successful.
07-10 23:30:43.339  1750  4059 W ProcessStats: Tracking association SourceState{584cdb3 system/1000 BTopFgs #1300267} whose proc state 2 is better than process ProcessState{baa4f70 net.dinglisch.android.taskerm/10289 pkg=net.dinglisch.android.taskerm} proc state 3 (30 skipped)
07-10 23:30:47.873  1750  1750 I ContentCaptureManagerService: Content capture data sharing session terminated successfully for package 'com.google.android.googlequicksearchbox'
07-10 23:30:47.902  1750  1750 I ContentCaptureManagerService: Content capture data sharing session terminated successfully for package 'com.google.android.googlequicksearchbox'
07-10 23:30:57.199  1750  4059 W ProcessStats: Tracking association SourceState{584cdb3 system/1000 BTopFgs #1300280} whose proc state 2 is better than process ProcessState{baa4f70 net.dinglisch.android.taskerm/10289 pkg=net.dinglisch.android.taskerm} proc state 3 (12 skipped)
07-10 23:31:01.020  1750  2258 W NetworkPolicy: shared quota unsupported; generating rule for each iface
07-10 23:31:03.190  2380  3536 D PowerUI : can't show warning due to - plugged: true status unknown: false
07-10 23:31:06.814  2380  3014 D PowerUI : can't show warning due to - plugged: true status unknown: false
07-10 23:31:07.619  1750  1786 W ProcessStats: Tracking association SourceState{584cdb3 system/1000 BTopFgs #1300288} whose proc state 2 is better than process ProcessState{baa4f70 net.dinglisch.android.taskerm/10289 pkg=net.dinglisch.android.taskerm} proc state 3 (5 skipped)
07-10 23:31:19.439  1750  1786 W ProcessStats: Tracking association SourceState{584cdb3 system/1000 BTopFgs #1300289} whose proc state 2 is better than process ProcessState{baa4f70 net.dinglisch.android.taskerm/10289 pkg=net.dinglisch.android.taskerm} proc state 3 (0 skipped)
07-10 23:31:21.673  1750  1750 D CompatibilityChangeReporter: Compat change id reported: 135634846; UID 10209; state: DISABLED
07-10 23:31:21.673  1750  1750 D CompatibilityChangeReporter: Compat change id reported: 177438394; UID 10209; state: DISABLED
07-10 23:31:21.673  1750  1750 D CompatibilityChangeReporter: Compat change id reported: 135772972; UID 10209; state: DISABLED
07-10 23:31:21.673  1750  1750 D CompatibilityChangeReporter: Compat change id reported: 135754954; UID 10209; state: ENABLED
07-10 23:31:21.674  1750  2069 D CompatibilityChangeReporter: Compat change id reported: 143937733; UID 10209; state: ENABLED
07-10 23:31:21.675  1750  1750 D CompatibilityChangeReporter: Compat change id reported: 135634846; UID 10323; state: DISABLED
07-10 23:31:21.675  1750  1750 D CompatibilityChangeReporter: Compat change id reported: 177438394; UID 10323; state: DISABLED
07-10 23:31:21.675  1750  1750 D CompatibilityChangeReporter: Compat change id reported: 135772972; UID 10323; state: DISABLED
07-10 23:31:21.675  1750  1750 D CompatibilityChangeReporter: Compat change id reported: 135754954; UID 10323; state: ENABLED
07-10 23:31:21.693  1750  2069 I ActivityManager: Start proc 24894:com.google.android.apps.youtube.music/u0a209 for service {com.google.android.apps.youtube.music/androidx.work.impl.background.systemjob.SystemJobService}
07-10 23:31:21.693  1750  2069 D CompatibilityChangeReporter: Compat change id reported: 143937733; UID 10323; state: ENABLED
07-10 23:31:21.701  1750  1750 D CompatibilityChangeReporter: Compat change id reported: 168419799; UID 10332; state: DISABLED
07-10 23:31:21.703  1750  2069 I ActivityManager: Start proc 24896:com.pandora.android/u0a323 for service {com.pandora.android/com.evernote.android.job.v21.PlatformJobService}
07-10 23:31:21.731  1750  1786 D CompatibilityChangeReporter: Compat change id reported: 168419799; UID 10209; state: DISABLED
07-10 23:31:22.466  1750  4309 D CompatibilityChangeReporter: Compat change id reported: 157233955; UID 10323; state: DISABLED
07-10 23:31:22.863  1750  1786 D CompatibilityChangeReporter: Compat change id reported: 183164979; UID 10209; state: ENABLED
07-10 23:31:23.150  1750  2133 E VerityUtils: Failed to measure fs-verity, errno 1: /data/app/~~3wUre6YjMBacywn_HHs_hQ==/com.google.android.apps.youtube.music-sESOdwpjEs5UWUtVnxIm0Q==/base.apk
07-10 23:31:23.308  1750  2042 D CompanionDeviceManagerService: onPackageModified(packageName = com.pandora.android)
07-10 23:31:23.354  1750  1750 I Telecom : DefaultDialerCache: Refreshing default dialer for user 0: now com.google.android.dialer: DDC.oR@mzs
07-10 23:31:23.355  1750  1750 I Telecom : DefaultDialerCache: Refreshing default dialer for user 11: now com.google.android.dialer: DDC.oR@mzs
07-10 23:31:23.390  1750  4085 D CompatibilityChangeReporter: Compat change id reported: 135634846; UID 10182; state: DISABLED
07-10 23:31:23.390  1750  4085 D CompatibilityChangeReporter: Compat change id reported: 177438394; UID 10182; state: DISABLED
07-10 23:31:23.390  1750  4085 D CompatibilityChangeReporter: Compat change id reported: 135772972; UID 10182; state: DISABLED
07-10 23:31:23.390  1750  4085 D CompatibilityChangeReporter: Compat change id reported: 135754954; UID 10182; state: ENABLED
07-10 23:31:23.390  1750  2069 D CompatibilityChangeReporter: Compat change id reported: 143937733; UID 10182; state: ENABLED
07-10 23:31:23.408  1750  2069 I ActivityManager: Start proc 25245:com.google.android.euicc/u0a182 for service {com.google.android.euicc/com.android.euicc.service.EuiccServiceImpl}
07-10 23:31:29.596  1750  2062 W ProcessStats: Tracking association SourceState{584cdb3 system/1000 BTopFgs #1300480} whose proc state 2 is better than process ProcessState{baa4f70 net.dinglisch.android.taskerm/10289 pkg=net.dinglisch.android.taskerm} proc state 3 (157 skipped)
07-10 23:31:29.770  1750  1750 I ContentCaptureManagerService: Content capture data sharing session terminated successfully for package 'com.google.android.googlequicksearchbox'
07-10 23:31:42.279  1750  2068 W ProcessStats: Tracking association SourceState{584cdb3 system/1000 BTopFgs #1300523} whose proc state 2 is better than process ProcessState{baa4f70 net.dinglisch.android.taskerm/10289 pkg=net.dinglisch.android.taskerm} proc state 3 (40 skipped)
07-10 23:31:52.611  1750  4057 W ProcessStats: Tracking association SourceState{584cdb3 system/1000 BTopFgs #1300530} whose proc state 2 is better than process ProcessState{baa4f70 net.dinglisch.android.taskerm/10289 pkg=net.dinglisch.android.taskerm} proc state 3 (6 skipped)
07-10 23:32:02.908  1750  2068 W ProcessStats: Tracking association SourceState{584cdb3 system/1000 BTopFgs #1300536} whose proc state 2 is better than process ProcessState{baa4f70 net.dinglisch.android.taskerm/10289 pkg=net.dinglisch.android.taskerm} proc state 3 (5 skipped)
07-10 23:32:03.195  2380  3910 D PowerUI : can't show warning due to - plugged: true status unknown: false
07-10 23:32:08.089  2380 12694 D PowerUI : can't show warning due to - plugged: true status unknown: false
07-10 23:32:08.102  1750  4055 D CompatibilityChangeReporter: Compat change id reported: 135634846; UID 10237; state: DISABLED
07-10 23:32:08.102  1750  4055 D CompatibilityChangeReporter: Compat change id reported: 177438394; UID 10237; state: DISABLED
07-10 23:32:08.102  1750  4055 D CompatibilityChangeReporter: Compat change id reported: 135772972; UID 10237; state: DISABLED
07-10 23:32:08.102  1750  4055 D CompatibilityChangeReporter: Compat change id reported: 135754954; UID 10237; state: ENABLED
07-10 23:32:08.103  1750  2069 D CompatibilityChangeReporter: Compat change id reported: 143937733; UID 10237; state: ENABLED
07-10 23:32:08.115  1750  2096 E KernelCpuUidActiveTimeReader: Negative delta from active time for uid: 10229, delta: -12
07-10 23:32:08.116  1750  2096 E KernelCpuUidActiveTimeReader: Negative delta from active time for uid: 10114, delta: -16
07-10 23:32:08.116  1750  2069 I ActivityManager: Start proc 25331:com.google.android.turboadapter/u0a237 for service {com.google.android.turboadapter/com.google.android.turboadapter.GoogleBatteryService}
07-10 23:32:08.116  1750  2096 E KernelCpuUidActiveTimeReader: Negative delta from active time for uid: 10151, delta: -22
07-10 23:32:08.116  1750  2096 E KernelCpuUidActiveTimeReader: Negative delta from active time for uid: 10290, delta: -30
07-10 23:32:08.116  1750  2096 E KernelCpuUidActiveTimeReader: Negative delta from active time for uid: 10167, delta: -11
07-10 23:32:08.117  1750  2096 E KernelCpuUidActiveTimeReader: Negative delta from active time for uid: 10157, delta: -17
07-10 23:32:08.117  1750  2096 E KernelCpuUidActiveTimeReader: Negative delta from active time for uid: 10521, delta: -19
07-10 23:32:08.117  1750  2096 E KernelCpuUidActiveTimeReader: Negative delta from active time for uid: 10343, delta: -33
07-10 23:32:08.117  1750  2096 E KernelCpuUidActiveTimeReader: Negative delta from active time for uid: 10105, delta: -12
07-10 23:32:08.117  1750  2096 E KernelCpuUidActiveTimeReader: Negative delta from active time for uid: 10236, delta: -2
07-10 23:32:08.117  1750  2096 E KernelCpuUidActiveTimeReader: Negative delta from active time for uid: 10184, delta: -30
07-10 23:32:08.118  1750  2096 E KernelCpuUidActiveTimeReader: Negative delta from active time for uid: 10404, delta: -24
07-10 23:32:08.118  1750  2096 E KernelCpuUidActiveTimeReader: Negative delta from active time for uid: 10281, delta: -44
07-10 23:32:08.121  1750  2096 D KernelCpuUidUserSysTimeReader: Removing uids 99517-99517
07-10 23:32:08.122  1750  2096 D KernelCpuUidUserSysTimeReader: Removing uids 99516-99516
07-10 23:32:08.136  1750  4848 D CompatibilityChangeReporter: Compat change id reported: 168419799; UID 10237; state: DISABLED
07-10 23:32:08.201  1750  4231 I ActivityManager: Killing 20954:com.spotify.music/u0a321 (adj 999): empty #33
07-10 23:32:08.233  1750  4058 I ActivityManager: Killing 19769:com.sec.android.app.shealth/u0a398 (adj 985): empty #33
07-10 23:32:08.615  1750  1750 I ContentCaptureManagerService: Content capture data sharing session terminated successfully for package 'com.google.android.googlequicksearchbox'
07-10 23:32:14.154  1750  2062 W ProcessStats: Tracking association SourceState{584cdb3 system/1000 BTopFgs #1300578} whose proc state 2 is better than process ProcessState{baa4f70 net.dinglisch.android.taskerm/10289 pkg=net.dinglisch.android.taskerm} proc state 3 (23 skipped)
07-10 23:32:23.827  1750  4059 I ActivityManager: Killing 20865:com.samsung.android.app.watchmanager:contentprovider/u0a334 (adj 975): empty #33
07-10 23:32:30.852  1750  2490 W ProcessStats: Tracking association SourceState{584cdb3 system/1000 BTopFgs #1300592} whose proc state 2 is better than process ProcessState{baa4f70 net.dinglisch.android.taskerm/10289 pkg=net.dinglisch.android.taskerm} proc state 3 (13 skipped)
07-10 23:32:33.052  1750  1750 V SoundTriggerService: 9f6ad62a-1f0b-11e7-87c5-40a8f03d3f15: Generic sound trigger event: GenericRecognitionEvent ::RecognitionEvent [status=0, soundModelHandle=4, captureAvailable=true, captureSession=1786185, captureDelayMs=0, capturePreambleMs=0, triggerInData=false, sampleRate=16000, encoding=2, channelMask=16, data=19]
07-10 23:32:33.075  1750  1750 V SoundTriggerService: 9f6ad62a-1f0b-11e7-87c5-40a8f03d3f15: onServiceConnected(android.os.BinderProxy@64ee554)
07-10 23:32:33.076  1750  1750 V SoundTriggerService: 9f6ad62a-1f0b-11e7-87c5-40a8f03d3f15: runOp 0
07-10 23:32:36.176  1750  4230 V SoundTriggerService: 9f6ad62a-1f0b-11e7-87c5-40a8f03d3f15: destroy
07-10 23:32:36.178  1750  4058 I SoundTriggerService: startRecognition(): id = 9f6ad62a-1f0b-11e7-87c5-40a8f03d3f15
07-10 23:32:36.179  1750  4058 W SoundTriggerHelper: Canceling previous recognition for model id: 9f6ad62a-1f0b-11e7-87c5-40a8f03d3f15
07-10 23:32:36.179  1750  4058 V SoundTriggerService: 9f6ad62a-1f0b-11e7-87c5-40a8f03d3f15: onError: -2147483648
07-10 23:32:36.184  1750  4058 W SoundTriggerService: 9f6ad62a-1f0b-11e7-87c5-40a8f03d3f15: Dropped operation as already destroyed or marked for destruction
07-10 23:32:36.238  1750  4058 I SoundTriggerHelper: startRecognition successful.
07-10 23:32:36.239  1750  4058 W SoundTriggerService: error onStart(): Model 9f6ad62a-1f0b-11e7-87c5-40a8f03d3f15 already started
07-10 23:32:36.240  1750  4058 I SoundTriggerService: deleteSoundModel(): id = 12caddb1-acdb-4dce-8cb0-2e95a2313aee
07-10 23:32:36.240  1750  4058 W SoundTriggerHelper: Unload error: Attempting unload invalid generic model with id:12caddb1-acdb-4dce-8cb0-2e95a2313aee
07-10 23:32:36.240  1750  4058 W SoundTriggerService: error onStop(): Model 12caddb1-acdb-4dce-8cb0-2e95a2313aee has no stats available
07-10 23:32:37.739  1750  4230 W AppOps  : Noting op not finished: uid 10447 pkg com.urbandroid.sleep code 79 startTime of in progress event=1657510237668
07-10 23:32:37.753  1750  4059 W AppOps  : Noting op not finished: uid 10202 pkg com.google.android.apps.maps code 79 startTime of in progress event=1657510237673
07-10 23:32:37.758  1750  4230 W AppOps  : Noting op not finished: uid 10190 pkg com.google.android.gms code 113 startTime of in progress event=1657510066126
07-10 23:32:37.766  1750  4230 W AppOps  : Noting op not finished: uid 10190 pkg com.google.android.gms code 113 startTime of in progress event=1657510047200
07-10 23:32:37.772  1750  4059 D CompatibilityChangeReporter: Compat change id reported: 168419799; UID 10190; state: DISABLED
07-10 23:32:37.773  1750  4059 W AppOps  : Noting op not finished: uid 10223 pkg com.google.android.gms.location.history code 79 startTime of in progress event=1657509937610
07-10 23:32:37.779  1750  4058 W AppOps  : Noting op not finished: uid 10190 pkg com.google.android.gms code 113 startTime of in progress event=1657510047200
07-10 23:32:44.174  1750  2068 W ProcessStats: Tracking association SourceState{584cdb3 system/1000 BTopFgs #1300628} whose proc state 2 is better than process ProcessState{baa4f70 net.dinglisch.android.taskerm/10289 pkg=net.dinglisch.android.taskerm} proc state 3 (27 skipped)
07-10 23:32:46.380  1750  4230 D CompatibilityChangeReporter: Compat change id reported: 168419799; UID 10104; state: DISABLED
07-10 23:32:46.434  1750  1750 W NotificationHistory: Attempted to add notif for locked/gone/disabled user 0
07-10 23:32:46.528  1750  2045 I DisplayDeviceRepository: Display device changed state: "Built-in Screen", ON
07-10 23:32:46.537  1750  2096 E KernelCpuUidActiveTimeReader: Negative delta from active time for uid: 10229, delta: -12
07-10 23:32:46.537  1750  2096 E KernelCpuUidActiveTimeReader: Negative delta from active time for uid: 10114, delta: -16
07-10 23:32:46.537  1750  2096 E KernelCpuUidActiveTimeReader: Negative delta from active time for uid: 10151, delta: -22
07-10 23:32:46.537  1750  2096 E KernelCpuUidActiveTimeReader: Negative delta from active time for uid: 10290, delta: -30
07-10 23:32:46.537  1750  2096 E KernelCpuUidActiveTimeReader: Negative delta from active time for uid: 10167, delta: -11
07-10 23:32:46.537  1750  2096 E KernelCpuUidActiveTimeReader: Negative delta from active time for uid: 10157, delta: -17
07-10 23:32:46.537  1750  2096 E KernelCpuUidActiveTimeReader: Negative delta from active time for uid: 10521, delta: -19
07-10 23:32:46.537  1750  2096 E KernelCpuUidActiveTimeReader: Negative delta from active time for uid: 10343, delta: -33
07-10 23:32:46.537  1750  2096 E KernelCpuUidActiveTimeReader: Negative delta from active time for uid: 10105, delta: -12
07-10 23:32:46.537  1750  2096 E KernelCpuUidActiveTimeReader: Negative delta from active time for uid: 10236, delta: -2
07-10 23:32:46.537  1750  2096 E KernelCpuUidActiveTimeReader: Negative delta from active time for uid: 10184, delta: -30
07-10 23:32:46.537  1750  2096 E KernelCpuUidActiveTimeReader: Negative delta from active time for uid: 10404, delta: -24
07-10 23:32:46.537  1750  2096 E KernelCpuUidActiveTimeReader: Negative delta from active time for uid: 10281, delta: -44
07-10 23:32:46.963  1018  1018 I vendor.google.wifi_ext@1.0-service-vendor: Wifi: Setting SAR Scenario to 3
07-10 23:32:49.939  1750  4264 I PowerManagerService: Powering on display group fromDozing (groupId=0, uid=10245, reason=WAKE_REASON_GESTURE, details=com.android.systemui:PULSEDRAG)...
07-10 23:32:49.939  1750  4264 I PowerManagerService: Waking up from Dozing (uid=10245, reason=WAKE_REASON_GESTURE, details=com.android.systemui:PULSEDRAG)...
07-10 23:32:49.944  1750  2128 V DisplayPowerController[0]: Brightness [0.14376438] reason changing to: 'manual', previous reason: 'doze'.
07-10 23:32:49.944  1750  2128 V DisplayPowerController[0]: Brightness [0.14376438] reason changing to: 'automatic', previous reason: 'manual'.
07-10 23:32:49.944  1750  2128 I DreamManagerService: Gently waking up from dream.
07-10 23:32:49.947  1750  2042 I DreamManagerService: Performing gentle wake from dream.
07-10 23:32:50.048  1750  4231 W ActivityManager: Background start not allowed: service Intent { act=Orca.PERSISTENT_KICK_SKIP_PING cmp=com.facebook.katana/com.facebook.mqttlite.MqttService (has extras) } to com.facebook.katana/com.facebook.mqttlite.MqttService from pid=23807 uid=10258 pkg=com.facebook.katana startFg?=false
07-10 23:32:50.086  1750  4264 I DreamManagerService: Leaving dreamland.
07-10 23:32:50.086  1750  2042 I DreamManagerService: Performing gentle wake from dream.
07-10 23:32:50.087  1750  2042 I DreamController: Stopping dream: name=ComponentInfo{com.android.systemui/com.android.systemui.doze.DozeService}, isTest=false, canDoze=true, userId=0, reason='finished self'(from 'requested stopDream')
07-10 23:32:50.088  1750  4055 W ActivityManager: Background start not allowed: service Intent { act=Orca.PERSISTENT_KICK_SKIP_PING cmp=com.facebook.orca/com.facebook.mqttlite.MqttService (has extras) } to com.facebook.orca/com.facebook.mqttlite.MqttService from pid=18866 uid=10263 pkg=com.facebook.orca startFg?=false
07-10 23:32:50.223  1750  4085 I SoundTriggerService: getModelState(): id = 9f6ad62a-1f0b-11e7-87c5-40a8f03d3f15
07-10 23:32:50.250  1750  1750 V SoundTriggerService: 9f6ad62a-1f0b-11e7-87c5-40a8f03d3f15: Generic sound trigger event: GenericRecognitionEvent ::RecognitionEvent [status=3, soundModelHandle=4, captureAvailable=true, captureSession=1786185, captureDelayMs=0, capturePreambleMs=0, triggerInData=false, sampleRate=16000, encoding=2, channelMask=16, data=19]
07-10 23:32:50.262  1750  1750 V SoundTriggerService: 9f6ad62a-1f0b-11e7-87c5-40a8f03d3f15: onServiceConnected(android.os.BinderProxy@766e659)
07-10 23:32:50.262  1750  1750 V SoundTriggerService: 9f6ad62a-1f0b-11e7-87c5-40a8f03d3f15: runOp 0
07-10 23:32:52.175  1750  2285 V SoundTriggerService: 9f6ad62a-1f0b-11e7-87c5-40a8f03d3f15: destroy
07-10 23:32:52.176  1750  4085 I SoundTriggerService: startRecognition(): id = 9f6ad62a-1f0b-11e7-87c5-40a8f03d3f15
07-10 23:32:52.176  1750  4085 W SoundTriggerHelper: Canceling previous recognition for model id: 9f6ad62a-1f0b-11e7-87c5-40a8f03d3f15
07-10 23:32:52.176  1750  4085 V SoundTriggerService: 9f6ad62a-1f0b-11e7-87c5-40a8f03d3f15: onError: -2147483648
07-10 23:32:52.178  1750  4085 W SoundTriggerService: 9f6ad62a-1f0b-11e7-87c5-40a8f03d3f15: Dropped operation as already destroyed or marked for destruction
07-10 23:32:52.237  1750  4085 I SoundTriggerHelper: startRecognition successful.
07-10 23:32:52.238  1750  4085 W SoundTriggerService: error onStart(): Model 9f6ad62a-1f0b-11e7-87c5-40a8f03d3f15 already started
07-10 23:32:52.239  1750  4085 I SoundTriggerService: deleteSoundModel(): id = 12caddb1-acdb-4dce-8cb0-2e95a2313aee
07-10 23:32:52.240  1750  4085 W SoundTriggerHelper: Unload error: Attempting unload invalid generic model with id:12caddb1-acdb-4dce-8cb0-2e95a2313aee
